Archive member included to satisfy reference by file (symbol)

/opt/TrueSTUDIO/ARMTools/bin/../lib/gcc/arm-atollic-eabi/6.3.1/../../../../arm-atollic-eabi/lib/armv7-m/libstdc++.a(si_class_type_info.o)
                              Core/Src/main.o (vtable for __cxxabiv1::__si_class_type_info)
/opt/TrueSTUDIO/ARMTools/bin/../lib/gcc/arm-atollic-eabi/6.3.1/../../../../arm-atollic-eabi/lib/armv7-m/libstdc++.a(del_ops.o)
                              /opt/TrueSTUDIO/ARMTools/bin/../lib/gcc/arm-atollic-eabi/6.3.1/../../../../arm-atollic-eabi/lib/armv7-m/libstdc++.a(si_class_type_info.o) (operator delete(void*, unsigned int))
/opt/TrueSTUDIO/ARMTools/bin/../lib/gcc/arm-atollic-eabi/6.3.1/../../../../arm-atollic-eabi/lib/armv7-m/libstdc++.a(class_type_info.o)
                              /opt/TrueSTUDIO/ARMTools/bin/../lib/gcc/arm-atollic-eabi/6.3.1/../../../../arm-atollic-eabi/lib/armv7-m/libstdc++.a(si_class_type_info.o) (__cxxabiv1::__class_type_info::__do_upcast(__cxxabiv1::__class_type_info const*, void**) const)
/opt/TrueSTUDIO/ARMTools/bin/../lib/gcc/arm-atollic-eabi/6.3.1/../../../../arm-atollic-eabi/lib/armv7-m/libstdc++.a(tinfo.o)
                              /opt/TrueSTUDIO/ARMTools/bin/../lib/gcc/arm-atollic-eabi/6.3.1/../../../../arm-atollic-eabi/lib/armv7-m/libstdc++.a(class_type_info.o) (std::type_info::~type_info())
/opt/TrueSTUDIO/ARMTools/bin/../lib/gcc/arm-atollic-eabi/6.3.1/../../../../arm-atollic-eabi/lib/armv7-m/libstdc++.a(del_op.o)
                              /opt/TrueSTUDIO/ARMTools/bin/../lib/gcc/arm-atollic-eabi/6.3.1/../../../../arm-atollic-eabi/lib/armv7-m/libstdc++.a(del_ops.o) (operator delete(void*))
/opt/TrueSTUDIO/ARMTools/bin/../lib/gcc/arm-atollic-eabi/6.3.1/../../../../arm-atollic-eabi/lib/armv7-m/libm.a(lib_a-w_sqrt.o)
                              Core/Src/stepper_position_ctrl.o (sqrt)
/opt/TrueSTUDIO/ARMTools/bin/../lib/gcc/arm-atollic-eabi/6.3.1/../../../../arm-atollic-eabi/lib/armv7-m/libm.a(lib_a-e_sqrt.o)
                              /opt/TrueSTUDIO/ARMTools/bin/../lib/gcc/arm-atollic-eabi/6.3.1/../../../../arm-atollic-eabi/lib/armv7-m/libm.a(lib_a-w_sqrt.o) (__ieee754_sqrt)
/opt/TrueSTUDIO/ARMTools/bin/../lib/gcc/arm-atollic-eabi/6.3.1/../../../../arm-atollic-eabi/lib/armv7-m/libm.a(lib_a-s_lib_ver.o)
                              /opt/TrueSTUDIO/ARMTools/bin/../lib/gcc/arm-atollic-eabi/6.3.1/../../../../arm-atollic-eabi/lib/armv7-m/libm.a(lib_a-w_sqrt.o) (__fdlib_version)
/opt/TrueSTUDIO/ARMTools/bin/../lib/gcc/arm-atollic-eabi/6.3.1/../../../../arm-atollic-eabi/lib/armv7-m/libm.a(lib_a-s_matherr.o)
                              /opt/TrueSTUDIO/ARMTools/bin/../lib/gcc/arm-atollic-eabi/6.3.1/../../../../arm-atollic-eabi/lib/armv7-m/libm.a(lib_a-w_sqrt.o) (matherr)
/opt/TrueSTUDIO/ARMTools/bin/../lib/gcc/arm-atollic-eabi/6.3.1/../../../../arm-atollic-eabi/lib/armv7-m/libc.a(lib_a-errno.o)
                              /opt/TrueSTUDIO/ARMTools/bin/../lib/gcc/arm-atollic-eabi/6.3.1/../../../../arm-atollic-eabi/lib/armv7-m/libm.a(lib_a-w_sqrt.o) (__errno)
/opt/TrueSTUDIO/ARMTools/bin/../lib/gcc/arm-atollic-eabi/6.3.1/../../../../arm-atollic-eabi/lib/armv7-m/libc.a(lib_a-impure.o)
                              /opt/TrueSTUDIO/ARMTools/bin/../lib/gcc/arm-atollic-eabi/6.3.1/../../../../arm-atollic-eabi/lib/armv7-m/libc.a(lib_a-errno.o) (_impure_ptr)
/opt/TrueSTUDIO/ARMTools/bin/../lib/gcc/arm-atollic-eabi/6.3.1/../../../../arm-atollic-eabi/lib/armv7-m/libc.a(lib_a-init.o)
                              startup/startup_stm32f103xb.o (__libc_init_array)
/opt/TrueSTUDIO/ARMTools/bin/../lib/gcc/arm-atollic-eabi/6.3.1/../../../../arm-atollic-eabi/lib/armv7-m/libc.a(lib_a-malloc.o)
                              /opt/TrueSTUDIO/ARMTools/bin/../lib/gcc/arm-atollic-eabi/6.3.1/../../../../arm-atollic-eabi/lib/armv7-m/libstdc++.a(del_op.o) (free)
/opt/TrueSTUDIO/ARMTools/bin/../lib/gcc/arm-atollic-eabi/6.3.1/../../../../arm-atollic-eabi/lib/armv7-m/libc.a(lib_a-mallocr.o)
                              /opt/TrueSTUDIO/ARMTools/bin/../lib/gcc/arm-atollic-eabi/6.3.1/../../../../arm-atollic-eabi/lib/armv7-m/libc.a(lib_a-malloc.o) (_malloc_r)
/opt/TrueSTUDIO/ARMTools/bin/../lib/gcc/arm-atollic-eabi/6.3.1/../../../../arm-atollic-eabi/lib/armv7-m/libc.a(lib_a-memcpy-stub.o)
                              Core/Src/main.o (memcpy)
/opt/TrueSTUDIO/ARMTools/bin/../lib/gcc/arm-atollic-eabi/6.3.1/../../../../arm-atollic-eabi/lib/armv7-m/libc.a(lib_a-memset.o)
                              Core/Src/stepper_position_ctrl.o (memset)
/opt/TrueSTUDIO/ARMTools/bin/../lib/gcc/arm-atollic-eabi/6.3.1/../../../../arm-atollic-eabi/lib/armv7-m/libc.a(lib_a-mlock.o)
                              /opt/TrueSTUDIO/ARMTools/bin/../lib/gcc/arm-atollic-eabi/6.3.1/../../../../arm-atollic-eabi/lib/armv7-m/libc.a(lib_a-mallocr.o) (__malloc_lock)
/opt/TrueSTUDIO/ARMTools/bin/../lib/gcc/arm-atollic-eabi/6.3.1/../../../../arm-atollic-eabi/lib/armv7-m/libc.a(lib_a-realloc.o)
[...]
Memory Configuration

Name             Origin             Length             Attributes
RAM              0x0000000020000000 0x0000000000005000 xrw
FLASH            0x0000000008000000 0x0000000000010000 xr
*default*        0x0000000000000000 0xffffffffffffffff

Linker script and memory map

LOAD /opt/TrueSTUDIO/ARMTools/bin/../lib/gcc/arm-atollic-eabi/6.3.1/armv7-m/crti.o
LOAD /opt/TrueSTUDIO/ARMTools/bin/../lib/gcc/arm-atollic-eabi/6.3.1/armv7-m/crtbegin.o
LOAD Core/Src/main.o
LOAD Core/Src/stepper_position_ctrl.o
LOAD Core/Src/stepper_velocity_ctrl.o
LOAD Core/Src/stm32f1xx_hal_msp.o
LOAD Core/Src/stm32f1xx_it.o
LOAD Core/Src/system_stm32f1xx.o
LOAD Drivers/STM32F1xx_HAL_Driver/Src/stm32f1xx_hal.o
LOAD Drivers/STM32F1xx_HAL_Driver/Src/stm32f1xx_hal_cortex.o
LOAD Drivers/STM32F1xx_HAL_Driver/Src/stm32f1xx_hal_dma.o
LOAD Drivers/STM32F1xx_HAL_Driver/Src/stm32f1xx_hal_flash.o
LOAD Drivers/STM32F1xx_HAL_Driver/Src/stm32f1xx_hal_flash_ex.o
LOAD Drivers/STM32F1xx_HAL_Driver/Src/stm32f1xx_hal_gpio.o
LOAD Drivers/STM32F1xx_HAL_Driver/Src/stm32f1xx_hal_gpio_ex.o
LOAD Drivers/STM32F1xx_HAL_Driver/Src/stm32f1xx_hal_pwr.o
LOAD Drivers/STM32F1xx_HAL_Driver/Src/stm32f1xx_hal_rcc.o
LOAD Drivers/STM32F1xx_HAL_Driver/Src/stm32f1xx_hal_rcc_ex.o
LOAD Drivers/STM32F1xx_HAL_Driver/Src/stm32f1xx_hal_tim.o
LOAD Drivers/STM32F1xx_HAL_Driver/Src/stm32f1xx_hal_tim_ex.o
LOAD Drivers/STM32F1xx_HAL_Driver/Src/stm32f1xx_hal_uart.o
LOAD Drivers/ros_lib/duration.o
LOAD Drivers/ros_lib/time.o
LOAD startup/startup_stm32f103xb.o
                0x0000000000001000                malloc_getpagesize_P = 0x1000
START GROUP
LOAD /opt/TrueSTUDIO/ARMTools/bin/../lib/gcc/arm-atollic-eabi/6.3.1/../../../../arm-atollic-eabi/lib/armv7-m/libstdc++.a
LOAD /opt/TrueSTUDIO/ARMTools/bin/../lib/gcc/arm-atollic-eabi/6.3.1/../../../../arm-atollic-eabi/lib/armv7-m/libsupc++.a
END GROUP
LOAD /opt/TrueSTUDIO/ARMTools/bin/../lib/gcc/arm-atollic-eabi/6.3.1/../../../../arm-atollic-eabi/lib/armv7-m/libstdc++.a
LOAD /opt/TrueSTUDIO/ARMTools/bin/../lib/gcc/arm-atollic-eabi/6.3.1/../../../../arm-atollic-eabi/lib/armv7-m/libm.a
LOAD /opt/TrueSTUDIO/ARMTools/bin/../lib/gcc/arm-atollic-eabi/6.3.1/../../../../arm-atollic-eabi/lib/armv7-m/libc.a
START GROUP
LOAD /opt/TrueSTUDIO/ARMTools/bin/../lib/gcc/arm-atollic-eabi/6.3.1/armv7-m/libgcc.a
LOAD /opt/TrueSTUDIO/ARMTools/bin/../lib/gcc/arm-atollic-eabi/6.3.1/../../../../arm-atollic-eabi/lib/armv7-m/libc.a
END GROUP
START GROUP
LOAD /opt/TrueSTUDIO/ARMTools/bin/../lib/gcc/arm-atollic-eabi/6.3.1/armv7-m/libgcc.a
LOAD /opt/TrueSTUDIO/ARMTools/bin/../lib/gcc/arm-atollic-eabi/6.3.1/../../../../arm-atollic-eabi/lib/armv7-m/libc.a
LOAD /opt/TrueSTUDIO/ARMTools/bin/../lib/gcc/arm-atollic-eabi/6.3.1/../../../../arm-atollic-eabi/lib/armv7-m/libnosys.a
END GROUP
LOAD /opt/TrueSTUDIO/ARMTools/bin/../lib/gcc/arm-atollic-eabi/6.3.1/armv7-m/crtend.o
LOAD /opt/TrueSTUDIO/ARMTools/bin/../lib/gcc/arm-atollic-eabi/6.3.1/armv7-m/crtn.o
                0x0000000020005000                _estack = 0x20005000
                0x0000000000000200                _Min_Heap_Size = 0x200
                0x0000000000000400                _Min_Stack_Size = 0x400

.isr_vector     0x0000000008000000      0x10c
                0x0000000008000000                . = ALIGN (0x4)
 *(.isr_vector)
 .isr_vector    0x0000000008000000      0x10c startup/startup_stm32f103xb.o
                0x0000000008000000                g_pfnVectors
                0x000000000800010c                . = ALIGN (0x4)

.text           0x0000000008000110     0xb820
                0x0000000008000110                . = ALIGN (0x4)
 *(.text)
 .text          0x0000000008000110        0x0 /opt/TrueSTUDIO/ARMTools/bin/../lib/gcc/arm-atollic-eabi/6.3.1/armv7-m/crti.o
 .text          0x0000000008000110       0x40 /opt/TrueSTUDIO/ARMTools/bin/../lib/gcc/arm-atollic-eabi/6.3.1/armv7-m/crtbegin.o
 .text          0x0000000008000150      0xd74 Core/Src/main.o
                0x0000000008000220                lift_position_callback(std_msgs::Int32 const&)
                0x0000000008000230                feet_velocity_callback(std_msgs::Float32MultiArray const&)
                0x0000000008000454                HAL_UART_TxCpltCallback
                0x0000000008000474                act_enable_callback(std_msgs::Bool const&)
                0x00000000080004a4                _Error_Handler
                0x0000000008000638                SystemClock_Config()
                0x00000000080006c0                main
 *fill*         0x0000000008000ec4        0x4 
 .text          0x0000000008000ec8      0x2d8 Core/Src/stepper_position_ctrl.o
                0x0000000008000ec8                StepperPositionCtrl::StepperPositionCtrl(GPIO_TypeDef*, unsigned short, GPIO_TypeDef*, unsigned short)
                0x0000000008000ec8                StepperPositionCtrl::StepperPositionCtrl(GPIO_TypeDef*, unsigned short, GPIO_TypeDef*, unsigned short)
                0x0000000008000f54                StepperPositionCtrl::reset_position()
                0x0000000008000f60                StepperPositionCtrl::calculate_profile()
                0x000000000800118c                StepperPositionCtrl::set_target_position(int)
 .text          0x00000000080011a0      0x1ac Core/Src/stepper_velocity_ctrl.o
                0x00000000080011a0                StepperVelocityCtrl::StepperVelocityCtrl(GPIO_TypeDef*, unsigned short, GPIO_TypeDef*, unsigned short)
                0x00000000080011a0                StepperVelocityCtrl::StepperVelocityCtrl(GPIO_TypeDef*, unsigned short, GPIO_TypeDef*, unsigned short)
                0x0000000008001224                StepperVelocityCtrl::reset_position()
                0x000000000800122a                StepperVelocityCtrl::calculate_profile()
                0x00000000080012e8                StepperVelocityCtrl::set_target(float)
 .text          0x000000000800134c      0x284 Core/Src/stm32f1xx_hal_msp.o
                0x000000000800134c                HAL_MspInit
                0x00000000080013ec                HAL_TIM_Base_MspInit
                0x000000000800145c                HAL_TIM_Base_MspDeInit
                0x00000000080014a0                HAL_UART_MspInit
                0x000000000800158c                HAL_UART_MspDeInit
 .text          0x00000000080015d0      0x2fc Core/Src/stm32f1xx_it.o
                0x00000000080015d0                NMI_Handler
                0x00000000080015d2                HardFault_Handler
                0x00000000080015d4                MemManage_Handler
                0x00000000080015d6                BusFault_Handler
                0x00000000080015d8                UsageFault_Handler
                0x00000000080015da                SVC_Handler
                0x00000000080015dc                DebugMon_Handler
                0x00000000080015de                PendSV_Handler
                0x00000000080015e0                SysTick_Handler
                0x00000000080015ec                DMA1_Channel4_IRQHandler
                0x00000000080015fc                DMA1_Channel5_IRQHandler
                0x000000000800160c                TIM3_IRQHandler
                0x0000000008001650                TIM4_IRQHandler
                0x00000000080018bc                USART1_IRQHandler
 .text          0x00000000080018cc       0xe0 Core/Src/system_stm32f1xx.o
                0x00000000080018cc                SystemInit
                0x0000000008001918                SystemCoreClockUpdate
 .text          0x00000000080019ac      0x1d8 Drivers/STM32F1xx_HAL_Driver/Src/stm32f1xx_hal.o
                0x00000000080019ae                HAL_MspDeInit
                0x00000000080019b0                HAL_DeInit
                0x00000000080019d0                HAL_InitTick
                0x0000000008001a18                HAL_Init
                0x0000000008001a3c                HAL_IncTick
                0x0000000008001a54                HAL_GetTick
                0x0000000008001a60                HAL_GetTickPrio
                0x0000000008001a6c                HAL_SetTickFreq
                0x0000000008001a8c                HAL_GetTickFreq
                0x0000000008001a98                HAL_Delay
                0x0000000008001ac0                HAL_SuspendTick
                0x0000000008001ad0                HAL_ResumeTick
                0x0000000008001ae0                HAL_GetHalVersion
                0x0000000008001ae8                HAL_GetREVID
                0x0000000008001af4                HAL_GetDEVID
                0x0000000008001b04                HAL_DBGMCU_EnableDBGSleepMode
                0x0000000008001b14                HAL_DBGMCU_DisableDBGSleepMode
                0x0000000008001b24                HAL_DBGMCU_EnableDBGStopMode
                0x0000000008001b34                HAL_DBGMCU_DisableDBGStopMode
                0x0000000008001b44                HAL_DBGMCU_EnableDBGStandbyMode
                0x0000000008001b54                HAL_DBGMCU_DisableDBGStandbyMode
                0x0000000008001b64                HAL_GetUID
 .text          0x0000000008001b84      0x214 Drivers/STM32F1xx_HAL_Driver/Src/stm32f1xx_hal_cortex.o
                0x0000000008001b84                HAL_NVIC_SetPriorityGrouping
                0x0000000008001ba8                HAL_NVIC_SetPriority
                0x0000000008001c0c                HAL_NVIC_EnableIRQ
                0x0000000008001c24                HAL_NVIC_DisableIRQ
                0x0000000008001c40                HAL_NVIC_SystemReset
                0x0000000008001c64                HAL_SYSTICK_Config
                0x0000000008001c90                HAL_NVIC_GetPriorityGrouping
                0x0000000008001ca0                HAL_NVIC_GetPriority
                0x0000000008001cfc                HAL_NVIC_SetPendingIRQ
                0x0000000008001d18                HAL_NVIC_GetPendingIRQ
                0x0000000008001d34                HAL_NVIC_ClearPendingIRQ
                0x0000000008001d50                HAL_NVIC_GetActive
                0x0000000008001d6c                HAL_SYSTICK_CLKSourceConfig
                0x0000000008001d8c                HAL_SYSTICK_Callback
                0x0000000008001d8e                HAL_SYSTICK_IRQHandler
 .text          0x0000000008001d98      0x6b4 Drivers/STM32F1xx_HAL_Driver/Src/stm32f1xx_hal_dma.o
                0x0000000008001dc4                HAL_DMA_Init
                0x0000000008001e3c                HAL_DMA_DeInit
                0x0000000008001e9c                HAL_DMA_Start
                0x0000000008001eec                HAL_DMA_Start_IT
                0x0000000008001f60                HAL_DMA_Abort
                0x0000000008001f8e                HAL_DMA_Abort_IT
                0x0000000008002024                HAL_DMA_PollForTransfer
                0x0000000008002254                HAL_DMA_IRQHandler
                0x0000000008002398                HAL_DMA_RegisterCallback
                0x00000000080023e6                HAL_DMA_UnRegisterCallback
                0x0000000008002442                HAL_DMA_GetState
                0x0000000008002448                HAL_DMA_GetError
 .text          0x000000000800244c      0x3ec Drivers/STM32F1xx_HAL_Driver/Src/stm32f1xx_hal_flash.o
                0x00000000080024dc                HAL_FLASH_Program_IT
                0x0000000008002540                HAL_FLASH_EndOfOperationCallback
                0x0000000008002542                HAL_FLASH_OperationErrorCallback
                0x0000000008002544                HAL_FLASH_IRQHandler
                0x0000000008002698                HAL_FLASH_Unlock
                0x00000000080026cc                HAL_FLASH_Lock
                0x00000000080026e0                HAL_FLASH_OB_Unlock
                0x0000000008002708                HAL_FLASH_OB_Lock
                0x000000000800271c                HAL_FLASH_OB_Launch
                0x0000000008002724                HAL_FLASH_GetError
                0x0000000008002730                FLASH_WaitForLastOperation
                0x000000000800279c                HAL_FLASH_Program
 .text          0x0000000008002838      0x538 Drivers/STM32F1xx_HAL_Driver/Src/stm32f1xx_hal_flash_ex.o
                0x0000000008002994                HAL_FLASHEx_OBErase
                0x0000000008002b64                HAL_FLASHEx_OBProgram
                0x0000000008002c0c                HAL_FLASHEx_OBGetConfig
                0x0000000008002c28                HAL_FLASHEx_OBGetUserData
                0x0000000008002c4c                FLASH_PageErase
                0x0000000008002c70                HAL_FLASHEx_Erase
                0x0000000008002d14                HAL_FLASHEx_Erase_IT
 .text          0x0000000008002d70      0x348 Drivers/STM32F1xx_HAL_Driver/Src/stm32f1xx_hal_gpio.o
                0x0000000008002d70                HAL_GPIO_Init
                0x0000000008002f5c                HAL_GPIO_DeInit
                0x000000000800304c                HAL_GPIO_ReadPin
                0x000000000800305a                HAL_GPIO_WritePin
                0x0000000008003066                HAL_GPIO_TogglePin
                0x000000000800306e                HAL_GPIO_LockPin
                0x000000000800309c                HAL_GPIO_EXTI_Callback
                0x000000000800309e                HAL_GPIO_EXTI_IRQHandler
 .text          0x00000000080030b8       0x34 Drivers/STM32F1xx_HAL_Driver/Src/stm32f1xx_hal_gpio_ex.o
                0x00000000080030b8                HAL_GPIOEx_ConfigEventout
                0x00000000080030cc                HAL_GPIOEx_EnableEventout
                0x00000000080030dc                HAL_GPIOEx_DisableEventout
 .text          0x00000000080030ec      0x1f0 Drivers/STM32F1xx_HAL_Driver/Src/stm32f1xx_hal_pwr.o
                0x00000000080030f2                HAL_PWR_DeInit
                0x000000000800310c                HAL_PWR_EnableBkUpAccess
                0x0000000008003118                HAL_PWR_DisableBkUpAccess
                0x0000000008003124                HAL_PWR_ConfigPVD
                0x00000000080031a8                HAL_PWR_EnablePVD
                0x00000000080031b4                HAL_PWR_DisablePVD
                0x00000000080031c0                HAL_PWR_EnableWakeUpPin
                0x00000000080031d8                HAL_PWR_DisableWakeUpPin
                0x00000000080031f0                HAL_PWR_EnterSLEEPMode
                0x0000000008003210                HAL_PWR_EnterSTOPMode
                0x0000000008003258                HAL_PWR_EnterSTANDBYMode
                0x0000000008003278                HAL_PWR_EnableSleepOnExit
                0x0000000008003288                HAL_PWR_DisableSleepOnExit
                0x0000000008003298                HAL_PWR_EnableSEVOnPend
                0x00000000080032a8                HAL_PWR_DisableSEVOnPend
                0x00000000080032b8                HAL_PWR_PVDCallback
                0x00000000080032ba                HAL_PWR_PVD_IRQHandler
 .text          0x00000000080032dc      0x8a0 Drivers/STM32F1xx_HAL_Driver/Src/stm32f1xx_hal_rcc.o
                0x0000000008003308                HAL_RCC_DeInit
                0x00000000080033f4                HAL_RCC_OscConfig
                0x00000000080037d4                HAL_RCC_MCOConfig
                0x0000000008003820                HAL_RCC_EnableCSS
                0x000000000800382c                HAL_RCC_DisableCSS
                0x0000000008003838                HAL_RCC_GetSysClockFreq
                0x00000000080038a4                HAL_RCC_ClockConfig
                0x0000000008003a1c                HAL_RCC_GetHCLKFreq
                0x0000000008003a28                HAL_RCC_GetPCLK1Freq
                0x0000000008003a48                HAL_RCC_GetPCLK2Freq
                0x0000000008003a68                HAL_RCC_GetOscConfig
                0x0000000008003b1c                HAL_RCC_GetClockConfig
                0x0000000008003b58                HAL_RCC_CSSCallback
                0x0000000008003b5a                HAL_RCC_NMI_IRQHandler
 .text          0x0000000008003b7c      0x23c Drivers/STM32F1xx_HAL_Driver/Src/stm32f1xx_hal_rcc_ex.o
                0x0000000008003b7c                HAL_RCCEx_PeriphCLKConfig
                0x0000000008003c90                HAL_RCCEx_GetPeriphCLKConfig
                0x0000000008003cbc                HAL_RCCEx_GetPeriphCLKFreq
 .text          0x0000000008003db8     0x21d8 Drivers/STM32F1xx_HAL_Driver/Src/stm32f1xx_hal_tim.o
                0x0000000008004044                HAL_TIM_Base_DeInit
                0x000000000800407e                HAL_TIM_Base_Start
                0x0000000008004098                HAL_TIM_Base_Stop
                0x00000000080040c6                HAL_TIM_Base_Start_IT
                0x00000000080040de                HAL_TIM_Base_Stop_IT
                0x000000000800410a                HAL_TIM_Base_Start_DMA
                0x0000000008004170                HAL_TIM_Base_Stop_DMA
                0x00000000080041a2                HAL_TIM_OC_MspInit
                0x00000000080041a4                HAL_TIM_OC_MspDeInit
                0x00000000080041a6                HAL_TIM_OC_DeInit
                0x00000000080041e0                HAL_TIM_PWM_MspInit
                0x00000000080041e2                HAL_TIM_PWM_MspDeInit
                0x00000000080041e4                HAL_TIM_PWM_DeInit
                0x000000000800421e                HAL_TIM_IC_MspInit
                0x0000000008004220                HAL_TIM_IC_MspDeInit
                0x0000000008004222                HAL_TIM_IC_DeInit
                0x000000000800425c                HAL_TIM_OnePulse_MspInit
                0x000000000800425e                HAL_TIM_OnePulse_MspDeInit
                0x0000000008004260                HAL_TIM_OnePulse_DeInit
                0x000000000800429a                HAL_TIM_Encoder_MspInit
                0x000000000800429c                HAL_TIM_Encoder_MspDeInit
                0x000000000800429e                HAL_TIM_Encoder_DeInit
                0x00000000080042d8                HAL_TIM_DMABurst_WriteStart
                0x0000000008004444                HAL_TIM_DMABurst_WriteStop
                0x00000000080044ba                HAL_TIM_DMABurst_ReadStart
                0x0000000008004624                HAL_TIM_DMABurst_ReadStop
                0x000000000800469a                HAL_TIM_GenerateEvent
                0x00000000080046c0                HAL_TIM_ConfigOCrefClear
                0x0000000008004790                HAL_TIM_ConfigClockSource
                0x0000000008004898                HAL_TIM_ConfigTI1Input
                0x00000000080048a8                HAL_TIM_SlaveConfigSynchronization
                0x00000000080048e8                HAL_TIM_SlaveConfigSynchronization_IT
                0x0000000008004928                HAL_TIM_ReadCapturedValue
                0x0000000008004974                HAL_TIM_PeriodElapsedCallback
                0x0000000008004986                HAL_TIM_OC_DelayElapsedCallback
                0x0000000008004988                HAL_TIM_IC_CaptureCallback
                0x000000000800498a                TIM_DMACaptureCplt
                0x00000000080049d0                HAL_TIM_PWM_PulseFinishedCallback
                0x00000000080049d2                TIM_DMADelayPulseCplt
                0x0000000008004a18                HAL_TIM_TriggerCallback
                0x0000000008004a1a                HAL_TIM_IRQHandler
                0x0000000008004ba4                HAL_TIM_ErrorCallback
                0x0000000008004ba6                TIM_DMAError
                0x0000000008004bb6                HAL_TIM_Base_GetState
                0x0000000008004bbc                HAL_TIM_OC_GetState
                0x0000000008004bc2                HAL_TIM_PWM_GetState
                0x0000000008004bc8                HAL_TIM_IC_GetState
                0x0000000008004bce                HAL_TIM_OnePulse_GetState
                0x0000000008004bd4                HAL_TIM_Encoder_GetState
                0x0000000008004bda                TIM_Base_SetConfig
                0x0000000008004c50                HAL_TIM_Base_Init
                0x0000000008004c82                HAL_TIM_OC_Init
                0x0000000008004cb4                HAL_TIM_PWM_Init
                0x0000000008004ce6                HAL_TIM_IC_Init
                0x0000000008004d18                HAL_TIM_OnePulse_Init
                0x0000000008004d5e                HAL_TIM_Encoder_Init
                0x0000000008004df6                TIM_OC2_SetConfig
                0x0000000008004e5c                HAL_TIM_OC_ConfigChannel
                0x0000000008004eba                HAL_TIM_PWM_ConfigChannel
                0x0000000008004f96                TIM_TI1_SetConfig
                0x0000000008005000                HAL_TIM_IC_ConfigChannel
                0x00000000080050c0                HAL_TIM_OnePulse_ConfigChannel
                0x00000000080051b2                TIM_CCxChannelCmd
                0x00000000080051ce                HAL_TIM_OC_Start
                0x0000000008005200                HAL_TIM_OC_Stop
                0x0000000008005258                HAL_TIM_OC_Start_IT
                0x00000000080052cc                HAL_TIM_OC_Stop_IT
                0x0000000008005368                HAL_TIM_OC_Start_DMA
                0x0000000008005474                HAL_TIM_OC_Stop_DMA
                0x0000000008005518                HAL_TIM_PWM_Start
                0x0000000008005548                HAL_TIM_PWM_Stop
                0x00000000080055a8                HAL_TIM_PWM_Start_IT
                0x000000000800561c                HAL_TIM_PWM_Stop_IT
                0x00000000080056b8                HAL_TIM_PWM_Start_DMA
                0x00000000080057c4                HAL_TIM_PWM_Stop_DMA
                0x0000000008005868                HAL_TIM_IC_Start
                0x0000000008005882                HAL_TIM_IC_Stop
                0x00000000080058b0                HAL_TIM_IC_Start_IT
                0x000000000800590e                HAL_TIM_IC_Stop_IT
                0x0000000008005980                HAL_TIM_IC_Start_DMA
                0x0000000008005a6c                HAL_TIM_IC_Stop_DMA
                0x0000000008005ae4                HAL_TIM_OnePulse_Start
                0x0000000008005b18                HAL_TIM_OnePulse_Stop
                0x0000000008005b7c                HAL_TIM_OnePulse_Start_IT
                0x0000000008005bc4                HAL_TIM_OnePulse_Stop_IT
                0x0000000008005c3c                HAL_TIM_Encoder_Start
                0x0000000008005c80                HAL_TIM_Encoder_Stop
                0x0000000008005cd8                HAL_TIM_Encoder_Start_IT
                0x0000000008005d44                HAL_TIM_Encoder_Stop_IT
                0x0000000008005dca                HAL_TIM_Encoder_Start_DMA
                0x0000000008005f08                HAL_TIM_Encoder_Stop_DMA
 .text          0x0000000008005f90      0xac4 Drivers/STM32F1xx_HAL_Driver/Src/stm32f1xx_hal_tim_ex.o
                0x0000000008005fac                HAL_TIMEx_HallSensor_MspInit
                0x0000000008005fae                HAL_TIMEx_HallSensor_Init
                0x000000000800606c                HAL_TIMEx_HallSensor_MspDeInit
                0x000000000800606e                HAL_TIMEx_HallSensor_DeInit
                0x00000000080060a8                HAL_TIMEx_HallSensor_Start
                0x00000000080060c4                HAL_TIMEx_HallSensor_Stop
                0x00000000080060f4                HAL_TIMEx_HallSensor_Start_IT
                0x000000000800611a                HAL_TIMEx_HallSensor_Stop_IT
                0x0000000008006154                HAL_TIMEx_HallSensor_Start_DMA
                0x00000000080061c8                HAL_TIMEx_HallSensor_Stop_DMA
                0x0000000008006202                HAL_TIMEx_OCN_Start
                0x0000000008006226                HAL_TIMEx_OCN_Stop
                0x0000000008006272                HAL_TIMEx_OCN_Start_IT
                0x00000000080062ce                HAL_TIMEx_OCN_Stop_IT
                0x000000000800635e                HAL_TIMEx_OCN_Start_DMA
                0x0000000008006430                HAL_TIMEx_OCN_Stop_DMA
                0x00000000080064b0                HAL_TIMEx_PWMN_Start
                0x00000000080064d4                HAL_TIMEx_PWMN_Stop
                0x0000000008006520                HAL_TIMEx_PWMN_Start_IT
                0x000000000800657c                HAL_TIMEx_PWMN_Stop_IT
                0x000000000800660c                HAL_TIMEx_PWMN_Start_DMA
                0x00000000080066e0                HAL_TIMEx_PWMN_Stop_DMA
                0x0000000008006760                HAL_TIMEx_OnePulseN_Start
                0x000000000800677a                HAL_TIMEx_OnePulseN_Stop
                0x00000000080067c6                HAL_TIMEx_OnePulseN_Start_IT
                0x00000000080067f4                HAL_TIMEx_OnePulseN_Stop_IT
                0x0000000008006854                HAL_TIMEx_ConfigCommutationEvent
                0x00000000080068b0                HAL_TIMEx_ConfigCommutationEvent_IT
                0x0000000008006916                HAL_TIMEx_ConfigCommutationEvent_DMA
                0x0000000008006990                HAL_TIMEx_ConfigBreakDeadTime
                0x00000000080069e8                HAL_TIMEx_MasterConfigSynchronization
                0x0000000008006a3a                HAL_TIMEx_CommutationCallback
                0x0000000008006a3c                TIMEx_DMACommutationCplt
                0x0000000008006a4c                HAL_TIMEx_BreakCallback
                0x0000000008006a4e                HAL_TIMEx_HallSensor_GetState
 .text          0x0000000008006a54     0x1068 Drivers/STM32F1xx_HAL_Driver/Src/stm32f1xx_hal_uart.o
                0x0000000008006d02                HAL_UART_Init
                0x0000000008006d60                HAL_HalfDuplex_Init
                0x0000000008006dca                HAL_LIN_Init
                0x0000000008006e44                HAL_MultiProcessor_Init
                0x0000000008006ec4                HAL_UART_DeInit
                0x0000000008006eea                HAL_UART_Transmit
                0x0000000008006fcc                HAL_UART_Receive
                0x00000000080070b2                HAL_UART_Transmit_IT
                0x00000000080070fa                HAL_UART_Receive_IT
                0x0000000008007156                HAL_UART_Transmit_DMA
                0x00000000080071e4                HAL_UART_Receive_DMA
                0x000000000800728c                HAL_UART_DMAPause
                0x00000000080072fc                HAL_UART_DMAResume
                0x0000000008007372                HAL_UART_DMAStop
                0x00000000080073d6                HAL_UART_Abort
                0x0000000008007442                HAL_UART_AbortTransmit
                0x000000000800747c                HAL_UART_AbortReceive
                0x000000000800750c                HAL_UART_TxHalfCpltCallback
                0x0000000008007518                HAL_UART_RxCpltCallback
                0x00000000080075f6                HAL_UART_RxHalfCpltCallback
                0x0000000008007602                HAL_UART_ErrorCallback
                0x000000000800765c                HAL_UART_IRQHandler
                0x000000000800778c                HAL_UART_AbortCpltCallback
                0x000000000800778e                HAL_UART_Abort_IT
                0x00000000080078b0                HAL_UART_AbortTransmitCpltCallback
                0x00000000080078b2                HAL_UART_AbortTransmit_IT
                0x0000000008007928                HAL_UART_AbortReceiveCpltCallback
                0x000000000800792a                HAL_UART_AbortReceive_IT
                0x00000000080079a8                HAL_LIN_SendBreak
                0x00000000080079da                HAL_MultiProcessor_EnterMuteMode
                0x0000000008007a0c                HAL_MultiProcessor_ExitMuteMode
                0x0000000008007a3e                HAL_HalfDuplex_EnableTransmitter
                0x0000000008007a74                HAL_HalfDuplex_EnableReceiver
                0x0000000008007aaa                HAL_UART_GetState
                0x0000000008007ab6                HAL_UART_GetError
 .text          0x0000000008007abc       0xbc Drivers/ros_lib/duration.o
                0x0000000008007abc                ros::normalizeSecNSecSigned(long&, long&)
                0x0000000008007af8                ros::Duration::operator+=(ros::Duration const&)
                0x0000000008007b18                ros::Duration::operator-=(ros::Duration const&)
                0x0000000008007b38                ros::Duration::operator*=(double)
 .text          0x0000000008007b78       0x9c Drivers/ros_lib/time.o
                0x0000000008007b78                ros::normalizeSecNSec(unsigned long&, unsigned long&)
                0x0000000008007ba4                ros::Time::fromNSec(long)
                0x0000000008007bd4                ros::Time::operator+=(ros::Duration const&)
                0x0000000008007bf4                ros::Time::operator-=(ros::Duration const&)
 .text          0x0000000008007c14       0x14 startup/startup_stm32f103xb.o
 .text          0x0000000008007c28        0x0 /opt/TrueSTUDIO/ARMTools/bin/../lib/gcc/arm-atollic-eabi/6.3.1/../../../../arm-atollic-eabi/lib/armv7-m/libstdc++.a(si_class_type_info.o)
 .text          0x0000000008007c28        0x0 /opt/TrueSTUDIO/ARMTools/bin/../lib/gcc/arm-atollic-eabi/6.3.1/../../../../arm-atollic-eabi/lib/armv7-m/libstdc++.a(del_ops.o)
 .text          0x0000000008007c28        0x0 /opt/TrueSTUDIO/ARMTools/bin/../lib/gcc/arm-atollic-eabi/6.3.1/../../../../arm-atollic-eabi/lib/armv7-m/libstdc++.a(class_type_info.o)
 .text          0x0000000008007c28        0x0 /opt/TrueSTUDIO/ARMTools/bin/../lib/gcc/arm-atollic-eabi/6.3.1/../../../../arm-atollic-eabi/lib/armv7-m/libstdc++.a(tinfo.o)
 .text          0x0000000008007c28        0x0 /opt/TrueSTUDIO/ARMTools/bin/../lib/gcc/arm-atollic-eabi/6.3.1/../../../../arm-atollic-eabi/lib/armv7-m/libstdc++.a(del_op.o)
 .text          0x0000000008007c28        0x0 /opt/TrueSTUDIO/ARMTools/bin/../lib/gcc/arm-atollic-eabi/6.3.1/../../../../arm-atollic-eabi/lib/armv7-m/libm.a(lib_a-w_sqrt.o)
 .text          0x0000000008007c28        0x0 /opt/TrueSTUDIO/ARMTools/bin/../lib/gcc/arm-atollic-eabi/6.3.1/../../../../arm-atollic-eabi/lib/armv7-m/libm.a(lib_a-e_sqrt.o)
 .text          0x0000000008007c28        0x0 /opt/TrueSTUDIO/ARMTools/bin/../lib/gcc/arm-atollic-eabi/6.3.1/../../../../arm-atollic-eabi/lib/armv7-m/libm.a(lib_a-s_lib_ver.o)
 .text          0x0000000008007c28        0x0 /opt/TrueSTUDIO/ARMTools/bin/../lib/gcc/arm-atollic-eabi/6.3.1/../../../../arm-atollic-eabi/lib/armv7-m/libm.a(lib_a-s_matherr.o)
 .text          0x0000000008007c28        0x0 /opt/TrueSTUDIO/ARMTools/bin/../lib/gcc/arm-atollic-eabi/6.3.1/../../../../arm-atollic-eabi/lib/armv7-m/libc.a(lib_a-errno.o)
 .text          0x0000000008007c28        0x0 /opt/TrueSTUDIO/ARMTools/bin/../lib/gcc/arm-atollic-eabi/6.3.1/../../../../arm-atollic-eabi/lib/armv7-m/libc.a(lib_a-impure.o)
 .text          0x0000000008007c28        0x0 /opt/TrueSTUDIO/ARMTools/bin/../lib/gcc/arm-atollic-eabi/6.3.1/../../../../arm-atollic-eabi/lib/armv7-m/libc.a(lib_a-init.o)
 .text          0x0000000008007c28        0x0 /opt/TrueSTUDIO/ARMTools/bin/../lib/gcc/arm-atollic-eabi/6.3.1/../../../../arm-atollic-eabi/lib/armv7-m/libc.a(lib_a-malloc.o)
 .text          0x0000000008007c28        0x0 /opt/TrueSTUDIO/ARMTools/bin/../lib/gcc/arm-atollic-eabi/6.3.1/../../../../arm-atollic-eabi/lib/armv7-m/libc.a(lib_a-mallocr.o)
 .text          0x0000000008007c28        0x0 /opt/TrueSTUDIO/ARMTools/bin/../lib/gcc/arm-atollic-eabi/6.3.1/../../../../arm-atollic-eabi/lib/armv7-m/libc.a(lib_a-memcpy-stub.o)
 .text          0x0000000008007c28        0x0 /opt/TrueSTUDIO/ARMTools/bin/../lib/gcc/arm-atollic-eabi/6.3.1/../../../../arm-atollic-eabi/lib/armv7-m/libc.a(lib_a-memset.o)
 .text          0x0000000008007c28        0x0 /opt/TrueSTUDIO/ARMTools/bin/../lib/gcc/arm-atollic-eabi/6.3.1/../../../../arm-atollic-eabi/lib/armv7-m/libc.a(lib_a-mlock.o)
 .text          0x0000000008007c28        0x0 /opt/TrueSTUDIO/ARMTools/bin/../lib/gcc/arm-atollic-eabi/6.3.1/../../../../arm-atollic-eabi/lib/armv7-m/libc.a(lib_a-realloc.o)
 .text          0x0000000008007c28        0x0 /opt/TrueSTUDIO/ARMTools/bin/../lib/gcc/arm-atollic-eabi/6.3.1/../../../../arm-atollic-eabi/lib/armv7-m/libc.a(lib_a-reallocr.o)
 .text          0x0000000008007c28        0x0 /opt/TrueSTUDIO/ARMTools/bin/../lib/gcc/arm-atollic-eabi/6.3.1/../../../../arm-atollic-eabi/lib/armv7-m/libc.a(lib_a-sbrkr.o)
 .text          0x0000000008007c28       0x14 /opt/TrueSTUDIO/ARMTools/bin/../lib/gcc/arm-atollic-eabi/6.3.1/../../../../arm-atollic-eabi/lib/armv7-m/libc.a(lib_a-strcmp.o)
                0x0000000008007c28                strcmp
 .text          0x0000000008007c3c       0x10 /opt/TrueSTUDIO/ARMTools/bin/../lib/gcc/arm-atollic-eabi/6.3.1/../../../../arm-atollic-eabi/lib/armv7-m/libc.a(lib_a-strlen.o)
                0x0000000008007c3c                strlen
 .text          0x0000000008007c4c        0x0 /opt/TrueSTUDIO/ARMTools/bin/../lib/gcc/arm-atollic-eabi/6.3.1/../../../../arm-atollic-eabi/lib/armv7-m/libc.a(lib_a-freer.o)
 .text          0x0000000008007c4c        0x0 /opt/TrueSTUDIO/ARMTools/bin/../lib/gcc/arm-atollic-eabi/6.3.1/../../../../arm-atollic-eabi/lib/armv7-m/libc.a(lib_a-lock.o)
 .text          0x0000000008007c4c        0x0 /opt/TrueSTUDIO/ARMTools/bin/../lib/gcc/arm-atollic-eabi/6.3.1/../../../../arm-atollic-eabi/lib/armv7-m/libc.a(lib_a-memmove.o)
 .text          0x0000000008007c4c        0x0 /opt/TrueSTUDIO/ARMTools/bin/../lib/gcc/arm-atollic-eabi/6.3.1/../../../../arm-atollic-eabi/lib/armv7-m/libc.a(lib_a-reent.o)
 .text          0x0000000008007c4c      0x370 /opt/TrueSTUDIO/ARMTools/bin/../lib/gcc/arm-atollic-eabi/6.3.1/armv7-m/libgcc.a(_arm_addsubdf3.o)
                0x0000000008007c4c                __aeabi_drsub
                0x0000000008007c54                __aeabi_dsub
                0x0000000008007c54                __subdf3
                0x0000000008007c58                __adddf3
                0x0000000008007c58                __aeabi_dadd
                0x0000000008007ed0                __aeabi_ui2d
                0x0000000008007ed0                __floatunsidf
                0x0000000008007ef0                __floatsidf
                0x0000000008007ef0                __aeabi_i2d
                0x0000000008007f14                __extendsfdf2
                0x0000000008007f14                __aeabi_f2d
                0x0000000008007f50                __aeabi_ul2d
                0x0000000008007f50                __floatundidf
                0x0000000008007f60                __floatdidf
                0x0000000008007f60                __aeabi_l2d
 .text          0x0000000008007fbc      0x424 /opt/TrueSTUDIO/ARMTools/bin/../lib/gcc/arm-atollic-eabi/6.3.1/armv7-m/libgcc.a(_arm_muldivdf3.o)
                0x0000000008007fbc                __aeabi_dmul
                0x0000000008007fbc                __muldf3
                0x0000000008008210                __aeabi_ddiv
                0x0000000008008210                __divdf3
 .text          0x00000000080083e0      0x110 /opt/TrueSTUDIO/ARMTools/bin/../lib/gcc/arm-atollic-eabi/6.3.1/armv7-m/libgcc.a(_arm_cmpdf2.o)
                0x00000000080083e0                __gtdf2
                0x00000000080083e0                __gedf2
                0x00000000080083e8                __ltdf2
                0x00000000080083e8                __ledf2
                0x00000000080083f0                __cmpdf2
                0x00000000080083f0                __eqdf2
                0x00000000080083f0                __nedf2
                0x000000000800846c                __aeabi_cdrcmple
                0x000000000800847c                __aeabi_cdcmple
                0x000000000800847c                __aeabi_cdcmpeq
                0x000000000800848c                __aeabi_dcmpeq
                0x00000000080084a0                __aeabi_dcmplt
                0x00000000080084b4                __aeabi_dcmple
                0x00000000080084c8                __aeabi_dcmpge
                0x00000000080084dc                __aeabi_dcmpgt
 .text          0x00000000080084f0       0x2c /opt/TrueSTUDIO/ARMTools/bin/../lib/gcc/arm-atollic-eabi/6.3.1/armv7-m/libgcc.a(_arm_unorddf2.o)
                0x00000000080084f0                __aeabi_dcmpun
                0x00000000080084f0                __unorddf2
 .text          0x000000000800851c       0x50 /opt/TrueSTUDIO/ARMTools/bin/../lib/gcc/arm-atollic-eabi/6.3.1/armv7-m/libgcc.a(_arm_fixdfsi.o)
                0x000000000800851c                __fixdfsi
                0x000000000800851c                __aeabi_d2iz
 .text          0x000000000800856c      0x9dc /opt/TrueSTUDIO/ARMTools/bin/../lib/gcc/arm-atollic-eabi/6.3.1/armv7-m/libgcc.a(unwind-arm.o)
                0x0000000008008830                _Unwind_GetCFA
                0x0000000008008834                __gnu_Unwind_RaiseException
                0x0000000008008894                __gnu_Unwind_ForcedUnwind
                0x00000000080088a8                __gnu_Unwind_Resume
                0x00000000080088ec                __gnu_Unwind_Resume_or_Rethrow
                0x0000000008008900                _Unwind_Complete
                0x0000000008008904                _Unwind_DeleteException
                0x0000000008008910                _Unwind_VRS_Get
                0x000000000800895c                _Unwind_VRS_Set
                0x00000000080089ac                __gnu_Unwind_Backtrace
                0x0000000008008cf0                __aeabi_unwind_cpp_pr0
                0x0000000008008cf4                __aeabi_unwind_cpp_pr1
                0x0000000008008cf8                __aeabi_unwind_cpp_pr2
                0x0000000008008cfc                _Unwind_VRS_Pop
 .text          0x0000000008008f48      0x1ac /opt/TrueSTUDIO/ARMTools/bin/../lib/gcc/arm-atollic-eabi/6.3.1/armv7-m/libgcc.a(libunwind.o)
                0x0000000008008f48                __restore_core_regs
                0x0000000008008f48                restore_core_regs
                0x0000000008008f60                __gnu_Unwind_Restore_VFP
                0x0000000008008f68                __gnu_Unwind_Save_VFP
                0x0000000008008f70                __gnu_Unwind_Restore_VFP_D
                0x0000000008008f78                __gnu_Unwind_Save_VFP_D
                0x0000000008008f80                __gnu_Unwind_Restore_VFP_D_16_to_31
                0x0000000008008f88                __gnu_Unwind_Save_VFP_D_16_to_31
                0x0000000008008f90                __gnu_Unwind_Restore_WMMXD
                0x0000000008008fd4                __gnu_Unwind_Save_WMMXD
                0x0000000008009018                __gnu_Unwind_Restore_WMMXC
                0x000000000800902c                __gnu_Unwind_Save_WMMXC
                0x0000000008009040                ___Unwind_RaiseException
                0x0000000008009040                _Unwind_RaiseException
                0x0000000008009064                ___Unwind_Resume
                0x0000000008009064                _Unwind_Resume
                0x0000000008009088                _Unwind_Resume_or_Rethrow
                0x0000000008009088                ___Unwind_Resume_or_Rethrow
                0x00000000080090ac                ___Unwind_ForcedUnwind
                0x00000000080090ac                _Unwind_ForcedUnwind
                0x00000000080090d0                _Unwind_Backtrace
                0x00000000080090d0                ___Unwind_Backtrace
 .text          0x00000000080090f4      0x384 /opt/TrueSTUDIO/ARMTools/bin/../lib/gcc/arm-atollic-eabi/6.3.1/armv7-m/libgcc.a(pr-support.o)
                0x000000000800914c                __gnu_unwind_execute
                0x000000000800941c                __gnu_unwind_frame
                0x0000000008009448                _Unwind_GetRegionStart
                0x0000000008009454                _Unwind_GetLanguageSpecificData
                0x0000000008009468                _Unwind_GetTextRelBase
                0x0000000008009470                _Unwind_GetDataRelBase
 .text          0x0000000008009478        0x0 /opt/TrueSTUDIO/ARMTools/bin/../lib/gcc/arm-atollic-eabi/6.3.1/../../../../arm-atollic-eabi/lib/armv7-m/libc.a(lib_a-abort.o)
 .text          0x0000000008009478        0x0 /opt/TrueSTUDIO/ARMTools/bin/../lib/gcc/arm-atollic-eabi/6.3.1/../../../../arm-atollic-eabi/lib/armv7-m/libc.a(lib_a-signal.o)
 .text          0x0000000008009478        0x0 /opt/TrueSTUDIO/ARMTools/bin/../lib/gcc/arm-atollic-eabi/6.3.1/../../../../arm-atollic-eabi/lib/armv7-m/libc.a(lib_a-signalr.o)
 .text          0x0000000008009478        0x0 /opt/TrueSTUDIO/ARMTools/bin/../lib/gcc/arm-atollic-eabi/6.3.1/../../../../arm-atollic-eabi/lib/armv7-m/libnosys.a(getpid.o)
 .text          0x0000000008009478        0x0 /opt/TrueSTUDIO/ARMTools/bin/../lib/gcc/arm-atollic-eabi/6.3.1/../../../../arm-atollic-eabi/lib/armv7-m/libnosys.a(kill.o)
 .text          0x0000000008009478        0x0 /opt/TrueSTUDIO/ARMTools/bin/../lib/gcc/arm-atollic-eabi/6.3.1/../../../../arm-atollic-eabi/lib/armv7-m/libnosys.a(sbrk.o)
 .text          0x0000000008009478        0x0 /opt/TrueSTUDIO/ARMTools/bin/../lib/gcc/arm-atollic-eabi/6.3.1/../../../../arm-atollic-eabi/lib/armv7-m/libnosys.a(_exit.o)
 .text          0x0000000008009478        0x0 /opt/TrueSTUDIO/ARMTools/bin/../lib/gcc/arm-atollic-eabi/6.3.1/armv7-m/crtend.o
 .text          0x0000000008009478        0x0 /opt/TrueSTUDIO/ARMTools/bin/../lib/gcc/arm-atollic-eabi/6.3.1/armv7-m/crtn.o
 *(.text*)
 .text._ZNK8std_msgs4Time9serializeEPh
                0x0000000008009478       0x24 Core/Src/main.o
                0x0000000008009478                std_msgs::Time::serialize(unsigned char*) const
 .text._ZN8std_msgs4Time11deserializeEPh
                0x000000000800949c       0x3c Core/Src/main.o
                0x000000000800949c                std_msgs::Time::deserialize(unsigned char*)
 .text._ZN8std_msgs4Time7getTypeEv
                0x00000000080094d8        0x8 Core/Src/main.o
                0x00000000080094d8                std_msgs::Time::getType()
 .text._ZN8std_msgs4Time6getMD5Ev
                0x00000000080094e0        0x8 Core/Src/main.o
                0x00000000080094e0                std_msgs::Time::getMD5()
 .text._ZN14rosserial_msgs9TopicInfo11deserializeEPh
                0x00000000080094e8       0xca Core/Src/main.o
                0x00000000080094e8                rosserial_msgs::TopicInfo::deserialize(unsigned char*)
 *fill*         0x00000000080095b2        0x2 
 .text._ZN14rosserial_msgs9TopicInfo7getTypeEv
                0x00000000080095b4        0x8 Core/Src/main.o
                0x00000000080095b4                rosserial_msgs::TopicInfo::getType()
 .text._ZN14rosserial_msgs9TopicInfo6getMD5Ev
                0x00000000080095bc        0x8 Core/Src/main.o
                0x00000000080095bc                rosserial_msgs::TopicInfo::getMD5()
 .text._ZN14rosserial_msgs3Log11deserializeEPh
                0x00000000080095c4       0x40 Core/Src/main.o
                0x00000000080095c4                rosserial_msgs::Log::deserialize(unsigned char*)
 .text._ZN14rosserial_msgs3Log7getTypeEv
                0x0000000008009604        0x8 Core/Src/main.o
                0x0000000008009604                rosserial_msgs::Log::getType()
 .text._ZN14rosserial_msgs3Log6getMD5Ev
                0x000000000800960c        0x8 Core/Src/main.o
                0x000000000800960c                rosserial_msgs::Log::getMD5()
 .text._ZN14rosserial_msgs20RequestParamResponse7getTypeEv
                0x0000000008009614        0x8 Core/Src/main.o
                0x0000000008009614                rosserial_msgs::RequestParamResponse::getType()
 .text._ZN14rosserial_msgs20RequestParamResponse6getMD5Ev
                0x000000000800961c        0x8 Core/Src/main.o
                0x000000000800961c                rosserial_msgs::RequestParamResponse::getMD5()
 .text._ZN8std_msgs6String11deserializeEPh
                0x0000000008009624       0x38 Core/Src/main.o
                0x0000000008009624                std_msgs::String::deserialize(unsigned char*)
 .text._ZN8std_msgs6String7getTypeEv
                0x000000000800965c        0x8 Core/Src/main.o
                0x000000000800965c                std_msgs::String::getType()
 .text._ZN8std_msgs6String6getMD5Ev
                0x0000000008009664        0x8 Core/Src/main.o
                0x0000000008009664                std_msgs::String::getMD5()
 .text._ZNK8std_msgs5Int329serializeEPh
                0x000000000800966c       0x18 Core/Src/main.o
                0x000000000800966c                std_msgs::Int32::serialize(unsigned char*) const
 .text._ZN8std_msgs5Int3211deserializeEPh
                0x0000000008009684       0x1a Core/Src/main.o
                0x0000000008009684                std_msgs::Int32::deserialize(unsigned char*)
 *fill*         0x000000000800969e        0x2 
 .text._ZN8std_msgs5Int327getTypeEv
                0x00000000080096a0        0x8 Core/Src/main.o
                0x00000000080096a0                std_msgs::Int32::getType()
 .text._ZN8std_msgs5Int326getMD5Ev
                0x00000000080096a8        0x8 Core/Src/main.o
                0x00000000080096a8                std_msgs::Int32::getMD5()
 .text._ZN8std_msgs19MultiArrayDimension11deserializeEPh
                0x00000000080096b0       0x88 Core/Src/main.o
                0x00000000080096b0                std_msgs::MultiArrayDimension::deserialize(unsigned char*)
 .text._ZN8std_msgs19MultiArrayDimension7getTypeEv
                0x0000000008009738        0x8 Core/Src/main.o
                0x0000000008009738                std_msgs::MultiArrayDimension::getType()
 .text._ZN8std_msgs19MultiArrayDimension6getMD5Ev
                0x0000000008009740        0x8 Core/Src/main.o
                0x0000000008009740                std_msgs::MultiArrayDimension::getMD5()
 .text._ZNK8std_msgs16MultiArrayLayout9serializeEPh
                0x0000000008009748       0x4e Core/Src/main.o
                0x0000000008009748                std_msgs::MultiArrayLayout::serialize(unsigned char*) const
 *fill*         0x0000000008009796        0x2 
 .text._ZN8std_msgs16MultiArrayLayout7getTypeEv
                0x0000000008009798        0x8 Core/Src/main.o
                0x0000000008009798                std_msgs::MultiArrayLayout::getType()
 .text._ZN8std_msgs16MultiArrayLayout6getMD5Ev
                0x00000000080097a0        0x8 Core/Src/main.o
                0x00000000080097a0                std_msgs::MultiArrayLayout::getMD5()
 .text._ZN8std_msgs17Float32MultiArray7getTypeEv
                0x00000000080097a8        0x8 Core/Src/main.o
                0x00000000080097a8                std_msgs::Float32MultiArray::getType()
 .text._ZN8std_msgs17Float32MultiArray6getMD5Ev
                0x00000000080097b0        0x8 Core/Src/main.o
                0x00000000080097b0                std_msgs::Float32MultiArray::getMD5()
 .text._ZN3ros11NodeHandle_I13STM32HardwareLi25ELi25ELi1024ELi1024EE9connectedEv
                0x00000000080097b8        0x6 Core/Src/main.o
                0x00000000080097b8                ros::NodeHandle_<STM32Hardware, 25, 25, 1024, 1024>::connected()
 .text._ZN3ros10SubscriberIN8std_msgs17Float32MultiArrayEvE15getEndpointTypeEv
                0x00000000080097be        0x4 Core/Src/main.o
                0x00000000080097be                ros::Subscriber<std_msgs::Float32MultiArray, void>::getEndpointType()
 *fill*         0x00000000080097c2        0x2 
 .text._ZN3ros10SubscriberIN8std_msgs17Float32MultiArrayEvE10getMsgTypeEv
                0x00000000080097c4        0x8 Core/Src/main.o
                0x00000000080097c4                ros::Subscriber<std_msgs::Float32MultiArray, void>::getMsgType()
 .text._ZN3ros10SubscriberIN8std_msgs17Float32MultiArrayEvE9getMsgMD5Ev
                0x00000000080097cc        0x8 Core/Src/main.o
                0x00000000080097cc                ros::Subscriber<std_msgs::Float32MultiArray, void>::getMsgMD5()
 .text._ZN3ros10SubscriberIN8std_msgs5Int32EvE8callbackEPh
                0x00000000080097d4       0x20 Core/Src/main.o
                0x00000000080097d4                ros::Subscriber<std_msgs::Int32, void>::callback(unsigned char*)
 .text._ZN3ros10SubscriberIN8std_msgs5Int32EvE15getEndpointTypeEv
                0x00000000080097f4        0x4 Core/Src/main.o
                0x00000000080097f4                ros::Subscriber<std_msgs::Int32, void>::getEndpointType()
 .text._ZN3ros10SubscriberIN8std_msgs5Int32EvE10getMsgTypeEv
                0x00000000080097f8        0x8 Core/Src/main.o
                0x00000000080097f8                ros::Subscriber<std_msgs::Int32, void>::getMsgType()
 .text._ZN3ros10SubscriberIN8std_msgs5Int32EvE9getMsgMD5Ev
                0x0000000008009800        0x8 Core/Src/main.o
                0x0000000008009800                ros::Subscriber<std_msgs::Int32, void>::getMsgMD5()
 .text._ZNK14rosserial_msgs9TopicInfo9serializeEPh
                0x0000000008009808       0xaa Core/Src/main.o
                0x0000000008009808                rosserial_msgs::TopicInfo::serialize(unsigned char*) const
 .text._ZNK14rosserial_msgs3Log9serializeEPh
                0x00000000080098b2       0x34 Core/Src/main.o
                0x00000000080098b2                rosserial_msgs::Log::serialize(unsigned char*) const
 .text._ZNK14rosserial_msgs20RequestParamResponse9serializeEPh
                0x00000000080098e6       0xf0 Core/Src/main.o
                0x00000000080098e6                rosserial_msgs::RequestParamResponse::serialize(unsigned char*) const
 .text._ZNK8std_msgs6String9serializeEPh
                0x00000000080099d6       0x2e Core/Src/main.o
                0x00000000080099d6                std_msgs::String::serialize(unsigned char*) const
 .text._ZNK8std_msgs19MultiArrayDimension9serializeEPh
                0x0000000008009a04       0x68 Core/Src/main.o
                0x0000000008009a04                std_msgs::MultiArrayDimension::serialize(unsigned char*) const
 .text._ZN14rosserial_msgs20RequestParamResponse11deserializeEPh
                0x0000000008009a6c      0x144 Core/Src/main.o
                0x0000000008009a6c                rosserial_msgs::RequestParamResponse::deserialize(unsigned char*)
 .text._ZN3ros11NodeHandle_I13STM32HardwareLi25ELi25ELi1024ELi1024EE7publishEiPKNS_3MsgE
                0x0000000008009bb0       0xf0 Core/Src/main.o
                0x0000000008009bb0                ros::NodeHandle_<STM32Hardware, 25, 25, 1024, 1024>::publish(int, ros::Msg const*)
 .text._ZN8std_msgs16MultiArrayLayout11deserializeEPh
                0x0000000008009ca0      0x128 Core/Src/main.o
                0x0000000008009ca0                std_msgs::MultiArrayLayout::deserialize(unsigned char*)
 .text._ZNK8std_msgs17Float32MultiArray9serializeEPh
                0x0000000008009dc8       0xb6 Core/Src/main.o
                0x0000000008009dc8                std_msgs::Float32MultiArray::serialize(unsigned char*) const
 .text._ZN3ros10SubscriberIN8std_msgs17Float32MultiArrayEvE8callbackEPh
                0x0000000008009e7e      0x1c4 Core/Src/main.o
                0x0000000008009e7e                ros::Subscriber<std_msgs::Float32MultiArray, void>::callback(unsigned char*)
 .text._ZN8std_msgs17Float32MultiArray11deserializeEPh
                0x000000000800a042      0x1a2 Core/Src/main.o
                0x000000000800a042                std_msgs::Float32MultiArray::deserialize(unsigned char*)
 .text._ZN3ros11NodeHandle_I13STM32HardwareLi25ELi25ELi1024ELi1024EE8spinOnceEv
                0x000000000800a1e4      0x568 Core/Src/main.o
                0x000000000800a1e4                ros::NodeHandle_<STM32Hardware, 25, 25, 1024, 1024>::spinOnce()
 .text.Reset_Handler
                0x000000000800a74c       0x48 startup/startup_stm32f103xb.o
                0x000000000800a74c                Reset_Handler
 .text.Default_Handler
                0x000000000800a794        0x2 startup/startup_stm32f103xb.o
                0x000000000800a794                RTC_Alarm_IRQHandler
                0x000000000800a794                EXTI2_IRQHandler
                0x000000000800a794                TIM1_CC_IRQHandler
                0x000000000800a794                PVD_IRQHandler
                0x000000000800a794                EXTI3_IRQHandler
                0x000000000800a794                EXTI0_IRQHandler
                0x000000000800a794                I2C2_EV_IRQHandler
                0x000000000800a794                ADC1_2_IRQHandler
                0x000000000800a794                SPI1_IRQHandler
                0x000000000800a794                TAMPER_IRQHandler
                0x000000000800a794                USART3_IRQHandler
                0x000000000800a794                RTC_IRQHandler
                0x000000000800a794                DMA1_Channel7_IRQHandler
                0x000000000800a794                CAN1_RX1_IRQHandler
                0x000000000800a794                I2C1_EV_IRQHandler
                0x000000000800a794                DMA1_Channel6_IRQHandler
                0x000000000800a794                RCC_IRQHandler
                0x000000000800a794                TIM1_TRG_COM_IRQHandler
                0x000000000800a794                DMA1_Channel1_IRQHandler
                0x000000000800a794                Default_Handler
                0x000000000800a794                EXTI15_10_IRQHandler
                0x000000000800a794                EXTI9_5_IRQHandler
                0x000000000800a794                SPI2_IRQHandler
                0x000000000800a794                EXTI4_IRQHandler
                0x000000000800a794                USB_LP_CAN1_RX0_IRQHandler
                0x000000000800a794                USB_HP_CAN1_TX_IRQHandler
                0x000000000800a794                DMA1_Channel3_IRQHandler
                0x000000000800a794                TIM1_UP_IRQHandler
                0x000000000800a794                WWDG_IRQHandler
                0x000000000800a794                TIM2_IRQHandler
                0x000000000800a794                TIM1_BRK_IRQHandler
                0x000000000800a794                EXTI1_IRQHandler
                0x000000000800a794                USART2_IRQHandler
                0x000000000800a794                I2C2_ER_IRQHandler
                0x000000000800a794                DMA1_Channel2_IRQHandler
                0x000000000800a794                CAN1_SCE_IRQHandler
                0x000000000800a794                FLASH_IRQHandler
                0x000000000800a794                I2C1_ER_IRQHandler
                0x000000000800a794                USBWakeUp_IRQHandler
 *fill*         0x000000000800a796        0x2 
 .text._ZN10__cxxabiv120__si_class_type_infoD2Ev
                0x000000000800a798       0x14 /opt/TrueSTUDIO/ARMTools/bin/../lib/gcc/arm-atollic-eabi/6.3.1/../../../../arm-atollic-eabi/lib/armv7-m/libstdc++.a(si_class_type_info.o)
                0x000000000800a798                __cxxabiv1::__si_class_type_info::~__si_class_type_info()
                0x000000000800a798                __cxxabiv1::__si_class_type_info::~__si_class_type_info()
 .text._ZN10__cxxabiv120__si_class_type_infoD0Ev
                0x000000000800a7ac       0x1c /opt/TrueSTUDIO/ARMTools/bin/../lib/gcc/arm-atollic-eabi/6.3.1/../../../../arm-atollic-eabi/lib/armv7-m/libstdc++.a(si_class_type_info.o)
                0x000000000800a7ac                __cxxabiv1::__si_class_type_info::~__si_class_type_info()
 .text._ZNK10__cxxabiv120__si_class_type_info20__do_find_public_srcEiPKvPKNS_17__class_type_infoES2_
                0x000000000800a7c8       0x3c /opt/TrueSTUDIO/ARMTools/bin/../lib/gcc/arm-atollic-eabi/6.3.1/../../../../arm-atollic-eabi/lib/armv7-m/libstdc++.a(si_class_type_info.o)
                0x000000000800a7c8                __cxxabiv1::__si_class_type_info::__do_find_public_src(int, void const*, __cxxabiv1::__class_type_info const*, void const*) const
 .text._ZNK10__cxxabiv120__si_class_type_info12__do_dyncastEiNS_17__class_type_info10__sub_kindEPKS1_PKvS4_S6_RNS1_16__dyncast_resultE
                0x000000000800a804       0x98 /opt/TrueSTUDIO/ARMTools/bin/../lib/gcc/arm-atollic-eabi/6.3.1/../../../../arm-atollic-eabi/lib/armv7-m/libstdc++.a(si_class_type_info.o)
                0x000000000800a804                __cxxabiv1::__si_class_type_info::__do_dyncast(int, __cxxabiv1::__class_type_info::__sub_kind, __cxxabiv1::__class_type_info const*, void const*, __cxxabiv1::__class_type_info const*, void const*, __cxxabiv1::__class_type_info::__dyncast_result&) const
 .text._ZNK10__cxxabiv120__si_class_type_info11__do_upcastEPKNS_17__class_type_infoEPKvRNS1_15__upcast_resultE
                0x000000000800a89c       0x2c /opt/TrueSTUDIO/ARMTools/bin/../lib/gcc/arm-atollic-eabi/6.3.1/../../../../arm-atollic-eabi/lib/armv7-m/libstdc++.a(si_class_type_info.o)
                0x000000000800a89c                __cxxabiv1::__si_class_type_info::__do_upcast(__cxxabiv1::__class_type_info const*, void const*, __cxxabiv1::__class_type_info::__upcast_result&) const
 .text._ZdlPvj  0x000000000800a8c8        0x4 /opt/TrueSTUDIO/ARMTools/bin/../lib/gcc/arm-atollic-eabi/6.3.1/../../../../arm-atollic-eabi/lib/armv7-m/libstdc++.a(del_ops.o)
                0x000000000800a8c8                operator delete(void*, unsigned int)
 .text._ZNK10__cxxabiv117__class_type_info11__do_upcastEPKS0_PPv
                0x000000000800a8cc       0x38 /opt/TrueSTUDIO/ARMTools/bin/../lib/gcc/arm-atollic-eabi/6.3.1/../../../../arm-atollic-eabi/lib/armv7-m/libstdc++.a(class_type_info.o)
                0x000000000800a8cc                __cxxabiv1::__class_type_info::__do_upcast(__cxxabiv1::__class_type_info const*, void**) const
 .text._ZNK10__cxxabiv117__class_type_info20__do_find_public_srcEiPKvPKS0_S2_
                0x000000000800a904        0xc /opt/TrueSTUDIO/ARMTools/bin/../lib/gcc/arm-atollic-eabi/6.3.1/../../../../arm-atollic-eabi/lib/armv7-m/libstdc++.a(class_type_info.o)
                0x000000000800a904                __cxxabiv1::__class_type_info::__do_find_public_src(int, void const*, __cxxabiv1::__class_type_info const*, void const*) const
 .text._ZN10__cxxabiv117__class_type_infoD2Ev
                0x000000000800a910       0x14 /opt/TrueSTUDIO/ARMTools/bin/../lib/gcc/arm-atollic-eabi/6.3.1/../../../../arm-atollic-eabi/lib/armv7-m/libstdc++.a(class_type_info.o)
                0x000000000800a910                __cxxabiv1::__class_type_info::~__class_type_info()
                0x000000000800a910                __cxxabiv1::__class_type_info::~__class_type_info()
 .text._ZN10__cxxabiv117__class_type_infoD0Ev
                0x000000000800a924       0x1c /opt/TrueSTUDIO/ARMTools/bin/../lib/gcc/arm-atollic-eabi/6.3.1/../../../../arm-atollic-eabi/lib/armv7-m/libstdc++.a(class_type_info.o)
                0x000000000800a924                __cxxabiv1::__class_type_info::~__class_type_info()
 .text._ZNK10__cxxabiv117__class_type_info11__do_upcastEPKS0_PKvRNS0_15__upcast_resultE
                0x000000000800a940       0x18 /opt/TrueSTUDIO/ARMTools/bin/../lib/gcc/arm-atollic-eabi/6.3.1/../../../../arm-atollic-eabi/lib/armv7-m/libstdc++.a(class_type_info.o)
                0x000000000800a940                __cxxabiv1::__class_type_info::__do_upcast(__cxxabiv1::__class_type_info const*, void const*, __cxxabiv1::__class_type_info::__upcast_result&) const
 .text._ZNK10__cxxabiv117__class_type_info10__do_catchEPKSt9type_infoPPvj
                0x000000000800a958       0x2c /opt/TrueSTUDIO/ARMTools/bin/../lib/gcc/arm-atollic-eabi/6.3.1/../../../../arm-atollic-eabi/lib/armv7-m/libstdc++.a(class_type_info.o)
                0x000000000800a958                __cxxabiv1::__class_type_info::__do_catch(std::type_info const*, void**, unsigned int) const
 .text._ZNK10__cxxabiv117__class_type_info12__do_dyncastEiNS0_10__sub_kindEPKS0_PKvS3_S5_RNS0_16__dyncast_resultE
                0x000000000800a984       0x40 /opt/TrueSTUDIO/ARMTools/bin/../lib/gcc/arm-atollic-eabi/6.3.1/../../../../arm-atollic-eabi/lib/armv7-m/libstdc++.a(class_type_info.o)
                0x000000000800a984                __cxxabiv1::__class_type_info::__do_dyncast(int, __cxxabiv1::__class_type_info::__sub_kind, __cxxabiv1::__class_type_info const*, void const*, __cxxabiv1::__class_type_info const*, void const*, __cxxabiv1::__class_type_info::__dyncast_result&) const
 .text._ZNSt9type_infoD2Ev
                0x000000000800a9c4        0x4 /opt/TrueSTUDIO/ARMTools/bin/../lib/gcc/arm-atollic-eabi/6.3.1/../../../../arm-atollic-eabi/lib/armv7-m/libstdc++.a(tinfo.o)
                0x000000000800a9c4                std::type_info::~type_info()
                0x000000000800a9c4                std::type_info::~type_info()
 .text._ZNKSt9type_info15__is_function_pEv
                0x000000000800a9c8        0x4 /opt/TrueSTUDIO/ARMTools/bin/../lib/gcc/arm-atollic-eabi/6.3.1/../../../../arm-atollic-eabi/lib/armv7-m/libstdc++.a(tinfo.o)
                0x000000000800a9c8                std::type_info::__is_function_p() const
                0x000000000800a9c8                std::type_info::__is_pointer_p() const
 .text._ZNKSt9type_info11__do_upcastEPKN10__cxxabiv117__class_type_infoEPPv
                0x000000000800a9cc        0x4 /opt/TrueSTUDIO/ARMTools/bin/../lib/gcc/arm-atollic-eabi/6.3.1/../../../../arm-atollic-eabi/lib/armv7-m/libstdc++.a(tinfo.o)
                0x000000000800a9cc                std::type_info::__do_upcast(__cxxabiv1::__class_type_info const*, void**) const
 .text._ZNSt9type_infoD0Ev
                0x000000000800a9d0       0x10 /opt/TrueSTUDIO/ARMTools/bin/../lib/gcc/arm-atollic-eabi/6.3.1/../../../../arm-atollic-eabi/lib/armv7-m/libstdc++.a(tinfo.o)
                0x000000000800a9d0                std::type_info::~type_info()
 .text._ZNKSt9type_infoeqERKS_
                0x000000000800a9e0       0x2c /opt/TrueSTUDIO/ARMTools/bin/../lib/gcc/arm-atollic-eabi/6.3.1/../../../../arm-atollic-eabi/lib/armv7-m/libstdc++.a(tinfo.o)
                0x000000000800a9e0                std::type_info::operator==(std::type_info const&) const
 .text._ZNKSt9type_info10__do_catchEPKS_PPvj
                0x000000000800aa0c        0x4 /opt/TrueSTUDIO/ARMTools/bin/../lib/gcc/arm-atollic-eabi/6.3.1/../../../../arm-atollic-eabi/lib/armv7-m/libstdc++.a(tinfo.o)
                0x000000000800aa0c                std::type_info::__do_catch(std::type_info const*, void**, unsigned int) const
 .text._ZdlPv   0x000000000800aa10        0x4 /opt/TrueSTUDIO/ARMTools/bin/../lib/gcc/arm-atollic-eabi/6.3.1/../../../../arm-atollic-eabi/lib/armv7-m/libstdc++.a(del_op.o)
                0x000000000800aa10                operator delete(void*)
 .text.sqrt     0x000000000800aa14       0xa8 /opt/TrueSTUDIO/ARMTools/bin/../lib/gcc/arm-atollic-eabi/6.3.1/../../../../arm-atollic-eabi/lib/armv7-m/libm.a(lib_a-w_sqrt.o)
                0x000000000800aa14                sqrt
 .text.__ieee754_sqrt
                0x000000000800aabc      0x158 /opt/TrueSTUDIO/ARMTools/bin/../lib/gcc/arm-atollic-eabi/6.3.1/../../../../arm-atollic-eabi/lib/armv7-m/libm.a(lib_a-e_sqrt.o)
                0x000000000800aabc                __ieee754_sqrt
 .text.matherr  0x000000000800ac14        0x4 /opt/TrueSTUDIO/ARMTools/bin/../lib/gcc/arm-atollic-eabi/6.3.1/../../../../arm-atollic-eabi/lib/armv7-m/libm.a(lib_a-s_matherr.o)
                0x000000000800ac14                matherr
 .text.__errno  0x000000000800ac18        0xc /opt/TrueSTUDIO/ARMTools/bin/../lib/gcc/arm-atollic-eabi/6.3.1/../../../../arm-atollic-eabi/lib/armv7-m/libc.a(lib_a-errno.o)
                0x000000000800ac18                __errno
 .text.__libc_init_array
                0x000000000800ac24       0x48 /opt/TrueSTUDIO/ARMTools/bin/../lib/gcc/arm-atollic-eabi/6.3.1/../../../../arm-atollic-eabi/lib/armv7-m/libc.a(lib_a-init.o)
                0x000000000800ac24                __libc_init_array
 .text.malloc   0x000000000800ac6c       0x10 /opt/TrueSTUDIO/ARMTools/bin/../lib/gcc/arm-atollic-eabi/6.3.1/../../../../arm-atollic-eabi/lib/armv7-m/libc.a(lib_a-malloc.o)
                0x000000000800ac6c                malloc
 .text.free     0x000000000800ac7c       0x10 /opt/TrueSTUDIO/ARMTools/bin/../lib/gcc/arm-atollic-eabi/6.3.1/../../../../arm-atollic-eabi/lib/armv7-m/libc.a(lib_a-malloc.o)
                0x000000000800ac7c                free
 .text._malloc_r
                0x000000000800ac8c      0x418 /opt/TrueSTUDIO/ARMTools/bin/../lib/gcc/arm-atollic-eabi/6.3.1/../../../../arm-atollic-eabi/lib/armv7-m/libc.a(lib_a-mallocr.o)
                0x000000000800ac8c                _malloc_r
 .text.memcpy   0x000000000800b0a4       0x16 /opt/TrueSTUDIO/ARMTools/bin/../lib/gcc/arm-atollic-eabi/6.3.1/../../../../arm-atollic-eabi/lib/armv7-m/libc.a(lib_a-memcpy-stub.o)
                0x000000000800b0a4                memcpy
 .text.memset   0x000000000800b0ba       0x10 /opt/TrueSTUDIO/ARMTools/bin/../lib/gcc/arm-atollic-eabi/6.3.1/../../../../arm-atollic-eabi/lib/armv7-m/libc.a(lib_a-memset.o)
                0x000000000800b0ba                memset
 *fill*         0x000000000800b0ca        0x2 
 .text.__malloc_lock
                0x000000000800b0cc        0xc /opt/TrueSTUDIO/ARMTools/bin/../lib/gcc/arm-atollic-eabi/6.3.1/../../../../arm-atollic-eabi/lib/armv7-m/libc.a(lib_a-mlock.o)
                0x000000000800b0cc                __malloc_lock
 .text.__malloc_unlock
                0x000000000800b0d8        0xc /opt/TrueSTUDIO/ARMTools/bin/../lib/gcc/arm-atollic-eabi/6.3.1/../../../../arm-atollic-eabi/lib/armv7-m/libc.a(lib_a-mlock.o)
                0x000000000800b0d8                __malloc_unlock
 .text.realloc  0x000000000800b0e4       0x10 /opt/TrueSTUDIO/ARMTools/bin/../lib/gcc/arm-atollic-eabi/6.3.1/../../../../arm-atollic-eabi/lib/armv7-m/libc.a(lib_a-realloc.o)
                0x000000000800b0e4                realloc
 .text._realloc_r
                0x000000000800b0f4      0x304 /opt/TrueSTUDIO/ARMTools/bin/../lib/gcc/arm-atollic-eabi/6.3.1/../../../../arm-atollic-eabi/lib/armv7-m/libc.a(lib_a-reallocr.o)
                0x000000000800b0f4                _realloc_r
 .text._sbrk_r  0x000000000800b3f8       0x20 /opt/TrueSTUDIO/ARMTools/bin/../lib/gcc/arm-atollic-eabi/6.3.1/../../../../arm-atollic-eabi/lib/armv7-m/libc.a(lib_a-sbrkr.o)
                0x000000000800b3f8                _sbrk_r
 .text._malloc_trim_r
                0x000000000800b418       0xac /opt/TrueSTUDIO/ARMTools/bin/../lib/gcc/arm-atollic-eabi/6.3.1/../../../../arm-atollic-eabi/lib/armv7-m/libc.a(lib_a-freer.o)
                0x000000000800b418                _malloc_trim_r
 .text._free_r  0x000000000800b4c4      0x178 /opt/TrueSTUDIO/ARMTools/bin/../lib/gcc/arm-atollic-eabi/6.3.1/../../../../arm-atollic-eabi/lib/armv7-m/libc.a(lib_a-freer.o)
                0x000000000800b4c4                _free_r
 .text.__retarget_lock_init
                0x000000000800b63c        0x2 /opt/TrueSTUDIO/ARMTools/bin/../lib/gcc/arm-atollic-eabi/6.3.1/../../../../arm-atollic-eabi/lib/armv7-m/libc.a(lib_a-lock.o)
                0x000000000800b63c                __retarget_lock_init
 .text.__retarget_lock_init_recursive
                0x000000000800b63e        0x2 /opt/TrueSTUDIO/ARMTools/bin/../lib/gcc/arm-atollic-eabi/6.3.1/../../../../arm-atollic-eabi/lib/armv7-m/libc.a(lib_a-lock.o)
                0x000000000800b63e                __retarget_lock_init_recursive
 .text.__retarget_lock_close
                0x000000000800b640        0x2 /opt/TrueSTUDIO/ARMTools/bin/../lib/gcc/arm-atollic-eabi/6.3.1/../../../../arm-atollic-eabi/lib/armv7-m/libc.a(lib_a-lock.o)
                0x000000000800b640                __retarget_lock_close
 .text.__retarget_lock_close_recursive
                0x000000000800b642        0x2 /opt/TrueSTUDIO/ARMTools/bin/../lib/gcc/arm-atollic-eabi/6.3.1/../../../../arm-atollic-eabi/lib/armv7-m/libc.a(lib_a-lock.o)
                0x000000000800b642                __retarget_lock_close_recursive
 .text.__retarget_lock_acquire
                0x000000000800b644        0x2 /opt/TrueSTUDIO/ARMTools/bin/../lib/gcc/arm-atollic-eabi/6.3.1/../../../../arm-atollic-eabi/lib/armv7-m/libc.a(lib_a-lock.o)
                0x000000000800b644                __retarget_lock_acquire
 .text.__retarget_lock_acquire_recursive
                0x000000000800b646        0x2 /opt/TrueSTUDIO/ARMTools/bin/../lib/gcc/arm-atollic-eabi/6.3.1/../../../../arm-atollic-eabi/lib/armv7-m/libc.a(lib_a-lock.o)
                0x000000000800b646                __retarget_lock_acquire_recursive
 .text.__retarget_lock_try_acquire
                0x000000000800b648        0x4 /opt/TrueSTUDIO/ARMTools/bin/../lib/gcc/arm-atollic-eabi/6.3.1/../../../../arm-atollic-eabi/lib/armv7-m/libc.a(lib_a-lock.o)
                0x000000000800b648                __retarget_lock_try_acquire
 .text.__retarget_lock_try_acquire_recursive
                0x000000000800b64c        0x4 /opt/TrueSTUDIO/ARMTools/bin/../lib/gcc/arm-atollic-eabi/6.3.1/../../../../arm-atollic-eabi/lib/armv7-m/libc.a(lib_a-lock.o)
                0x000000000800b64c                __retarget_lock_try_acquire_recursive
 .text.__retarget_lock_release
                0x000000000800b650        0x2 /opt/TrueSTUDIO/ARMTools/bin/../lib/gcc/arm-atollic-eabi/6.3.1/../../../../arm-atollic-eabi/lib/armv7-m/libc.a(lib_a-lock.o)
                0x000000000800b650                __retarget_lock_release
 .text.__retarget_lock_release_recursive
                0x000000000800b652        0x2 /opt/TrueSTUDIO/ARMTools/bin/../lib/gcc/arm-atollic-eabi/6.3.1/../../../../arm-atollic-eabi/lib/armv7-m/libc.a(lib_a-lock.o)
                0x000000000800b652                __retarget_lock_release_recursive
 .text.memmove  0x000000000800b654       0x34 /opt/TrueSTUDIO/ARMTools/bin/../lib/gcc/arm-atollic-eabi/6.3.1/../../../../arm-atollic-eabi/lib/armv7-m/libc.a(lib_a-memmove.o)
                0x000000000800b654                memmove
 .text.cleanup_glue
                0x000000000800b688       0x1a /opt/TrueSTUDIO/ARMTools/bin/../lib/gcc/arm-atollic-eabi/6.3.1/../../../../arm-atollic-eabi/lib/armv7-m/libc.a(lib_a-reent.o)
                0x000000000800b688                cleanup_glue
 *fill*         0x000000000800b6a2        0x2 
 .text._reclaim_reent
                0x000000000800b6a4       0xcc /opt/TrueSTUDIO/ARMTools/bin/../lib/gcc/arm-atollic-eabi/6.3.1/../../../../arm-atollic-eabi/lib/armv7-m/libc.a(lib_a-reent.o)
                0x000000000800b6a4                _reclaim_reent
 .text.abort    0x000000000800b770        0xe /opt/TrueSTUDIO/ARMTools/bin/../lib/gcc/arm-atollic-eabi/6.3.1/../../../../arm-atollic-eabi/lib/armv7-m/libc.a(lib_a-abort.o)
                0x000000000800b770                abort
 .text._init_signal_r
                0x000000000800b77e       0x2a /opt/TrueSTUDIO/ARMTools/bin/../lib/gcc/arm-atollic-eabi/6.3.1/../../../../arm-atollic-eabi/lib/armv7-m/libc.a(lib_a-signal.o)
                0x000000000800b77e                _init_signal_r
 .text._signal_r
                0x000000000800b7a8       0x30 /opt/TrueSTUDIO/ARMTools/bin/../lib/gcc/arm-atollic-eabi/6.3.1/../../../../arm-atollic-eabi/lib/armv7-m/libc.a(lib_a-signal.o)
                0x000000000800b7a8                _signal_r
 .text._raise_r
                0x000000000800b7d8       0x50 /opt/TrueSTUDIO/ARMTools/bin/../lib/gcc/arm-atollic-eabi/6.3.1/../../../../arm-atollic-eabi/lib/armv7-m/libc.a(lib_a-signal.o)
                0x000000000800b7d8                _raise_r
 .text.__sigtramp_r
                0x000000000800b828       0x48 /opt/TrueSTUDIO/ARMTools/bin/../lib/gcc/arm-atollic-eabi/6.3.1/../../../../arm-atollic-eabi/lib/armv7-m/libc.a(lib_a-signal.o)
                0x000000000800b828                __sigtramp_r
 .text.raise    0x000000000800b870       0x10 /opt/TrueSTUDIO/ARMTools/bin/../lib/gcc/arm-atollic-eabi/6.3.1/../../../../arm-atollic-eabi/lib/armv7-m/libc.a(lib_a-signal.o)
                0x000000000800b870                raise
 .text.signal   0x000000000800b880       0x10 /opt/TrueSTUDIO/ARMTools/bin/../lib/gcc/arm-atollic-eabi/6.3.1/../../../../arm-atollic-eabi/lib/armv7-m/libc.a(lib_a-signal.o)
                0x000000000800b880                signal
 .text._init_signal
                0x000000000800b890        0xc /opt/TrueSTUDIO/ARMTools/bin/../lib/gcc/arm-atollic-eabi/6.3.1/../../../../arm-atollic-eabi/lib/armv7-m/libc.a(lib_a-signal.o)
                0x000000000800b890                _init_signal
 .text.__sigtramp
                0x000000000800b89c       0x10 /opt/TrueSTUDIO/ARMTools/bin/../lib/gcc/arm-atollic-eabi/6.3.1/../../../../arm-atollic-eabi/lib/armv7-m/libc.a(lib_a-signal.o)
                0x000000000800b89c                __sigtramp
 .text._kill_r  0x000000000800b8ac       0x24 /opt/TrueSTUDIO/ARMTools/bin/../lib/gcc/arm-atollic-eabi/6.3.1/../../../../arm-atollic-eabi/lib/armv7-m/libc.a(lib_a-signalr.o)
                0x000000000800b8ac                _kill_r
 .text._getpid_r
                0x000000000800b8d0        0x4 /opt/TrueSTUDIO/ARMTools/bin/../lib/gcc/arm-atollic-eabi/6.3.1/../../../../arm-atollic-eabi/lib/armv7-m/libc.a(lib_a-signalr.o)
                0x000000000800b8d0                _getpid_r
 .text._getpid  0x000000000800b8d4       0x10 /opt/TrueSTUDIO/ARMTools/bin/../lib/gcc/arm-atollic-eabi/6.3.1/../../../../arm-atollic-eabi/lib/armv7-m/libnosys.a(getpid.o)
                0x000000000800b8d4                _getpid
 .text._kill    0x000000000800b8e4       0x10 /opt/TrueSTUDIO/ARMTools/bin/../lib/gcc/arm-atollic-eabi/6.3.1/../../../../arm-atollic-eabi/lib/armv7-m/libnosys.a(kill.o)
                0x000000000800b8e4                _kill
 .text._sbrk    0x000000000800b8f4       0x1c /opt/TrueSTUDIO/ARMTools/bin/../lib/gcc/arm-atollic-eabi/6.3.1/../../../../arm-atollic-eabi/lib/armv7-m/libnosys.a(sbrk.o)
                0x000000000800b8f4                _sbrk
 .text._exit    0x000000000800b910        0x2 /opt/TrueSTUDIO/ARMTools/bin/../lib/gcc/arm-atollic-eabi/6.3.1/../../../../arm-atollic-eabi/lib/armv7-m/libnosys.a(_exit.o)
                0x000000000800b910                _exit
 *(.glue_7)
 .glue_7        0x000000000800b912        0x0 linker stubs
 *(.glue_7t)
 .glue_7t       0x000000000800b912        0x0 linker stubs
 *(.eh_frame)
 *fill*         0x000000000800b912        0x2 
 .eh_frame      0x000000000800b914        0x0 /opt/TrueSTUDIO/ARMTools/bin/../lib/gcc/arm-atollic-eabi/6.3.1/armv7-m/crtbegin.o
 .eh_frame      0x000000000800b914        0x4 /opt/TrueSTUDIO/ARMTools/bin/../lib/gcc/arm-atollic-eabi/6.3.1/armv7-m/crtend.o
 *(.init)
 .init          0x000000000800b918        0x4 /opt/TrueSTUDIO/ARMTools/bin/../lib/gcc/arm-atollic-eabi/6.3.1/armv7-m/crti.o
                0x000000000800b918                _init
 .init          0x000000000800b91c        0x8 /opt/TrueSTUDIO/ARMTools/bin/../lib/gcc/arm-atollic-eabi/6.3.1/armv7-m/crtn.o
 *(.fini)
 .fini          0x000000000800b924        0x4 /opt/TrueSTUDIO/ARMTools/bin/../lib/gcc/arm-atollic-eabi/6.3.1/armv7-m/crti.o
                0x000000000800b924                _fini
 .fini          0x000000000800b928        0x8 /opt/TrueSTUDIO/ARMTools/bin/../lib/gcc/arm-atollic-eabi/6.3.1/armv7-m/crtn.o
                0x000000000800b930                . = ALIGN (0x4)
                0x000000000800b930                _etext = .

.vfp11_veneer   0x000000000800b930        0x0
 .vfp11_veneer  0x000000000800b930        0x0 linker stubs

.v4_bx          0x000000000800b930        0x0
 .v4_bx         0x000000000800b930        0x0 linker stubs

.iplt           0x000000000800b930        0x0
 .iplt          0x000000000800b930        0x0 /opt/TrueSTUDIO/ARMTools/bin/../lib/gcc/arm-atollic-eabi/6.3.1/armv7-m/crtbegin.o

.rodata         0x000000000800b930      0x7a4
                0x000000000800b930                . = ALIGN (0x4)
 *(.rodata)
 .rodata        0x000000000800b930       0x1c Core/Src/main.o
 .rodata        0x000000000800b94c       0x18 Core/Src/system_stm32f1xx.o
                0x000000000800b94c                AHBPrescTable
                0x000000000800b95c                APBPrescTable
 .rodata        0x000000000800b964       0x12 Drivers/STM32F1xx_HAL_Driver/Src/stm32f1xx_hal_rcc.o
 *fill*         0x000000000800b976        0x2 
 .rodata        0x000000000800b978       0x12 Drivers/STM32F1xx_HAL_Driver/Src/stm32f1xx_hal_rcc_ex.o
 *(.rodata*)
 *fill*         0x000000000800b98a        0x2 
 .rodata._ZTSN3ros3MsgE
                0x000000000800b98c        0xb Core/Src/main.o
                0x000000000800b98c                typeinfo name for ros::Msg
 *fill*         0x000000000800b997        0x1 
 .rodata._ZTIN3ros3MsgE
                0x000000000800b998        0x8 Core/Src/main.o
                0x000000000800b998                typeinfo for ros::Msg
 .rodata._ZTSN8std_msgs4TimeE
                0x000000000800b9a0       0x11 Core/Src/main.o
                0x000000000800b9a0                typeinfo name for std_msgs::Time
 *fill*         0x000000000800b9b1        0x3 
 .rodata._ZTIN8std_msgs4TimeE
                0x000000000800b9b4        0xc Core/Src/main.o
                0x000000000800b9b4                typeinfo for std_msgs::Time
 .rodata._ZTSN14rosserial_msgs9TopicInfoE
                0x000000000800b9c0       0x1d Core/Src/main.o
                0x000000000800b9c0                typeinfo name for rosserial_msgs::TopicInfo
 *fill*         0x000000000800b9dd        0x3 
 .rodata._ZTIN14rosserial_msgs9TopicInfoE
                0x000000000800b9e0        0xc Core/Src/main.o
                0x000000000800b9e0                typeinfo for rosserial_msgs::TopicInfo
 .rodata._ZTSN14rosserial_msgs3LogE
                0x000000000800b9ec       0x17 Core/Src/main.o
                0x000000000800b9ec                typeinfo name for rosserial_msgs::Log
 *fill*         0x000000000800ba03        0x1 
 .rodata._ZTIN14rosserial_msgs3LogE
                0x000000000800ba04        0xc Core/Src/main.o
                0x000000000800ba04                typeinfo for rosserial_msgs::Log
 .rodata._ZTSN14rosserial_msgs20RequestParamResponseE
                0x000000000800ba10       0x29 Core/Src/main.o
                0x000000000800ba10                typeinfo name for rosserial_msgs::RequestParamResponse
 *fill*         0x000000000800ba39        0x3 
 .rodata._ZTIN14rosserial_msgs20RequestParamResponseE
                0x000000000800ba3c        0xc Core/Src/main.o
                0x000000000800ba3c                typeinfo for rosserial_msgs::RequestParamResponse
 .rodata._ZTSN3ros15NodeHandleBase_E
                0x000000000800ba48       0x18 Core/Src/main.o
                0x000000000800ba48                typeinfo name for ros::NodeHandleBase_
 .rodata._ZTIN3ros15NodeHandleBase_E
                0x000000000800ba60        0x8 Core/Src/main.o
                0x000000000800ba60                typeinfo for ros::NodeHandleBase_
 .rodata._ZTSN3ros11Subscriber_E
                0x000000000800ba68       0x14 Core/Src/main.o
                0x000000000800ba68                typeinfo name for ros::Subscriber_
 .rodata._ZTIN3ros11Subscriber_E
                0x000000000800ba7c        0x8 Core/Src/main.o
                0x000000000800ba7c                typeinfo for ros::Subscriber_
 .rodata._ZTSN8std_msgs6StringE
                0x000000000800ba84       0x13 Core/Src/main.o
                0x000000000800ba84                typeinfo name for std_msgs::String
 *fill*         0x000000000800ba97        0x1 
 .rodata._ZTIN8std_msgs6StringE
                0x000000000800ba98        0xc Core/Src/main.o
                0x000000000800ba98                typeinfo for std_msgs::String
 .rodata._ZTSN8std_msgs5Int32E
                0x000000000800baa4       0x12 Core/Src/main.o
                0x000000000800baa4                typeinfo name for std_msgs::Int32
 *fill*         0x000000000800bab6        0x2 
 .rodata._ZTIN8std_msgs5Int32E
                0x000000000800bab8        0xc Core/Src/main.o
                0x000000000800bab8                typeinfo for std_msgs::Int32
 .rodata._ZTSN8std_msgs19MultiArrayDimensionE
                0x000000000800bac4       0x21 Core/Src/main.o
                0x000000000800bac4                typeinfo name for std_msgs::MultiArrayDimension
 *fill*         0x000000000800bae5        0x3 
 .rodata._ZTIN8std_msgs19MultiArrayDimensionE
                0x000000000800bae8        0xc Core/Src/main.o
                0x000000000800bae8                typeinfo for std_msgs::MultiArrayDimension
 .rodata._ZTSN8std_msgs16MultiArrayLayoutE
                0x000000000800baf4       0x1e Core/Src/main.o
                0x000000000800baf4                typeinfo name for std_msgs::MultiArrayLayout
 *fill*         0x000000000800bb12        0x2 
 .rodata._ZTIN8std_msgs16MultiArrayLayoutE
                0x000000000800bb14        0xc Core/Src/main.o
                0x000000000800bb14                typeinfo for std_msgs::MultiArrayLayout
 .rodata._ZTSN8std_msgs17Float32MultiArrayE
                0x000000000800bb20       0x1f Core/Src/main.o
                0x000000000800bb20                typeinfo name for std_msgs::Float32MultiArray
 *fill*         0x000000000800bb3f        0x1 
 .rodata._ZTIN8std_msgs17Float32MultiArrayE
                0x000000000800bb40        0xc Core/Src/main.o
                0x000000000800bb40                typeinfo for std_msgs::Float32MultiArray
 .rodata._ZTSN3ros11NodeHandle_I13STM32HardwareLi25ELi25ELi1024ELi1024EEE
                0x000000000800bb4c       0x3d Core/Src/main.o
                0x000000000800bb4c                typeinfo name for ros::NodeHandle_<STM32Hardware, 25, 25, 1024, 1024>
 *fill*         0x000000000800bb89        0x3 
 .rodata._ZTIN3ros11NodeHandle_I13STM32HardwareLi25ELi25ELi1024ELi1024EEE
                0x000000000800bb8c        0xc Core/Src/main.o
                0x000000000800bb8c                typeinfo for ros::NodeHandle_<STM32Hardware, 25, 25, 1024, 1024>
 .rodata._ZTSN3ros10SubscriberIN8std_msgs5Int32EvEE
                0x000000000800bb98       0x27 Core/Src/main.o
                0x000000000800bb98                typeinfo name for ros::Subscriber<std_msgs::Int32, void>
 *fill*         0x000000000800bbbf        0x1 
 .rodata._ZTIN3ros10SubscriberIN8std_msgs5Int32EvEE
                0x000000000800bbc0        0xc Core/Src/main.o
                0x000000000800bbc0                typeinfo for ros::Subscriber<std_msgs::Int32, void>
 .rodata._ZTSN3ros10SubscriberIN8std_msgs17Float32MultiArrayEvEE
                0x000000000800bbcc       0x34 Core/Src/main.o
                0x000000000800bbcc                typeinfo name for ros::Subscriber<std_msgs::Float32MultiArray, void>
 .rodata._ZTIN3ros10SubscriberIN8std_msgs17Float32MultiArrayEvEE
                0x000000000800bc00        0xc Core/Src/main.o
                0x000000000800bc00                typeinfo for ros::Subscriber<std_msgs::Float32MultiArray, void>
 .rodata._ZTVN8std_msgs4TimeE
                0x000000000800bc0c       0x18 Core/Src/main.o
                0x000000000800bc0c                vtable for std_msgs::Time
 .rodata._ZTVN14rosserial_msgs9TopicInfoE
                0x000000000800bc24       0x18 Core/Src/main.o
                0x000000000800bc24                vtable for rosserial_msgs::TopicInfo
 .rodata._ZTVN14rosserial_msgs3LogE
                0x000000000800bc3c       0x18 Core/Src/main.o
                0x000000000800bc3c                vtable for rosserial_msgs::Log
 .rodata._ZTVN14rosserial_msgs20RequestParamResponseE
                0x000000000800bc54       0x18 Core/Src/main.o
                0x000000000800bc54                vtable for rosserial_msgs::RequestParamResponse
 .rodata._ZTVN8std_msgs6StringE
                0x000000000800bc6c       0x18 Core/Src/main.o
                0x000000000800bc6c                vtable for std_msgs::String
 .rodata._ZTVN8std_msgs5Int32E
                0x000000000800bc84       0x18 Core/Src/main.o
                0x000000000800bc84                vtable for std_msgs::Int32
 .rodata._ZTVN8std_msgs19MultiArrayDimensionE
                0x000000000800bc9c       0x18 Core/Src/main.o
                0x000000000800bc9c                vtable for std_msgs::MultiArrayDimension
 .rodata._ZTVN8std_msgs16MultiArrayLayoutE
                0x000000000800bcb4       0x18 Core/Src/main.o
                0x000000000800bcb4                vtable for std_msgs::MultiArrayLayout
 .rodata._ZTVN8std_msgs17Float32MultiArrayE
                0x000000000800bccc       0x18 Core/Src/main.o
                0x000000000800bccc                vtable for std_msgs::Float32MultiArray
 .rodata._ZTVN3ros11NodeHandle_I13STM32HardwareLi25ELi25ELi1024ELi1024EEE
                0x000000000800bce4       0x14 Core/Src/main.o
                0x000000000800bce4                vtable for ros::NodeHandle_<STM32Hardware, 25, 25, 1024, 1024>
 .rodata._ZTVN3ros10SubscriberIN8std_msgs5Int32EvEE
                0x000000000800bcf8       0x18 Core/Src/main.o
                0x000000000800bcf8                vtable for ros::Subscriber<std_msgs::Int32, void>
 .rodata._ZTVN3ros10SubscriberIN8std_msgs17Float32MultiArrayEvEE
                0x000000000800bd10       0x18 Core/Src/main.o
                0x000000000800bd10                vtable for ros::Subscriber<std_msgs::Float32MultiArray, void>
 .rodata._ZN14rosserial_msgs20RequestParamResponse6getMD5Ev.str1.4
                0x000000000800bd28       0x21 Core/Src/main.o
 *fill*         0x000000000800bd49        0x3 
 .rodata._ZN14rosserial_msgs3Log6getMD5Ev.str1.4
                0x000000000800bd4c       0x21 Core/Src/main.o
 *fill*         0x000000000800bd6d        0x3 
 .rodata._ZN14rosserial_msgs3Log7getTypeEv.str1.4
                0x000000000800bd70       0x13 Core/Src/main.o
 *fill*         0x000000000800bd83        0x1 
 .rodata._ZN14rosserial_msgs9TopicInfo6getMD5Ev.str1.4
                0x000000000800bd84       0x21 Core/Src/main.o
 *fill*         0x000000000800bda5        0x3 
 .rodata._ZN14rosserial_msgs9TopicInfo7getTypeEv.str1.4
                0x000000000800bda8       0x19 Core/Src/main.o
 *fill*         0x000000000800bdc1        0x3 
 .rodata._ZN3ros11NodeHandle_I13STM32HardwareLi25ELi25ELi1024ELi1024EE7publishEiPKNS_3MsgE.str1.4
                0x000000000800bdc4       0x39 Core/Src/main.o
 *fill*         0x000000000800bdfd        0x3 
 .rodata._ZN8std_msgs16MultiArrayLayout6getMD5Ev.str1.4
                0x000000000800be00       0x21 Core/Src/main.o
 *fill*         0x000000000800be21        0x3 
 .rodata._ZN8std_msgs16MultiArrayLayout7getTypeEv.str1.4
                0x000000000800be24       0x1a Core/Src/main.o
 *fill*         0x000000000800be3e        0x2 
 .rodata._ZN8std_msgs17Float32MultiArray6getMD5Ev.str1.4
                0x000000000800be40       0x21 Core/Src/main.o
 *fill*         0x000000000800be61        0x3 
 .rodata._ZN8std_msgs17Float32MultiArray7getTypeEv.str1.4
                0x000000000800be64       0x1b Core/Src/main.o
 *fill*         0x000000000800be7f        0x1 
 .rodata._ZN8std_msgs19MultiArrayDimension6getMD5Ev.str1.4
                0x000000000800be80       0x21 Core/Src/main.o
 *fill*         0x000000000800bea1        0x3 
 .rodata._ZN8std_msgs19MultiArrayDimension7getTypeEv.str1.4
                0x000000000800bea4       0x1d Core/Src/main.o
 *fill*         0x000000000800bec1        0x3 
 .rodata._ZN8std_msgs4Time6getMD5Ev.str1.4
                0x000000000800bec4       0x21 Core/Src/main.o
 *fill*         0x000000000800bee5        0x3 
 .rodata._ZN8std_msgs4Time7getTypeEv.str1.4
                0x000000000800bee8        0xe Core/Src/main.o
 *fill*         0x000000000800bef6        0x2 
 .rodata._ZN8std_msgs5Int326getMD5Ev.str1.4
                0x000000000800bef8       0x21 Core/Src/main.o
 *fill*         0x000000000800bf19        0x3 
 .rodata._ZN8std_msgs5Int327getTypeEv.str1.4
                0x000000000800bf1c        0xf Core/Src/main.o
 *fill*         0x000000000800bf2b        0x1 
 .rodata._ZN8std_msgs6String6getMD5Ev.str1.4
                0x000000000800bf2c       0x21 Core/Src/main.o
 *fill*         0x000000000800bf4d        0x3 
 .rodata._ZN8std_msgs6String7getTypeEv.str1.4
                0x000000000800bf50       0x10 Core/Src/main.o
 .rodata.str1.4
                0x000000000800bf60       0x4e Core/Src/main.o
                                         0x52 (size before relaxing)
 *fill*         0x000000000800bfae        0x2 
 .rodata.str1.4
                0x000000000800bfb0       0x24 Core/Src/stm32f1xx_hal_msp.o
                                         0x22 (size before relaxing)
 .rodata._ZTIN10__cxxabiv120__si_class_type_infoE
                0x000000000800bfd4        0xc /opt/TrueSTUDIO/ARMTools/bin/../lib/gcc/arm-atollic-eabi/6.3.1/../../../../arm-atollic-eabi/lib/armv7-m/libstdc++.a(si_class_type_info.o)
                0x000000000800bfd4                typeinfo for __cxxabiv1::__si_class_type_info
 .rodata._ZTSN10__cxxabiv120__si_class_type_infoE
                0x000000000800bfe0       0x25 /opt/TrueSTUDIO/ARMTools/bin/../lib/gcc/arm-atollic-eabi/6.3.1/../../../../arm-atollic-eabi/lib/armv7-m/libstdc++.a(si_class_type_info.o)
                0x000000000800bfe0                typeinfo name for __cxxabiv1::__si_class_type_info
 *fill*         0x000000000800c005        0x3 
 .rodata._ZTVN10__cxxabiv120__si_class_type_infoE
                0x000000000800c008       0x2c /opt/TrueSTUDIO/ARMTools/bin/../lib/gcc/arm-atollic-eabi/6.3.1/../../../../arm-atollic-eabi/lib/armv7-m/libstdc++.a(si_class_type_info.o)
                0x000000000800c008                vtable for __cxxabiv1::__si_class_type_info
 .rodata._ZTIN10__cxxabiv117__class_type_infoE
                0x000000000800c034        0xc /opt/TrueSTUDIO/ARMTools/bin/../lib/gcc/arm-atollic-eabi/6.3.1/../../../../arm-atollic-eabi/lib/armv7-m/libstdc++.a(class_type_info.o)
                0x000000000800c034                typeinfo for __cxxabiv1::__class_type_info
 .rodata._ZTSN10__cxxabiv117__class_type_infoE
                0x000000000800c040       0x22 /opt/TrueSTUDIO/ARMTools/bin/../lib/gcc/arm-atollic-eabi/6.3.1/../../../../arm-atollic-eabi/lib/armv7-m/libstdc++.a(class_type_info.o)
                0x000000000800c040                typeinfo name for __cxxabiv1::__class_type_info
 *fill*         0x000000000800c062        0x2 
 .rodata._ZTVN10__cxxabiv117__class_type_infoE
                0x000000000800c064       0x2c /opt/TrueSTUDIO/ARMTools/bin/../lib/gcc/arm-atollic-eabi/6.3.1/../../../../arm-atollic-eabi/lib/armv7-m/libstdc++.a(class_type_info.o)
                0x000000000800c064                vtable for __cxxabiv1::__class_type_info
 .rodata._ZTISt9type_info
                0x000000000800c090        0x8 /opt/TrueSTUDIO/ARMTools/bin/../lib/gcc/arm-atollic-eabi/6.3.1/../../../../arm-atollic-eabi/lib/armv7-m/libstdc++.a(tinfo.o)
                0x000000000800c090                typeinfo for std::type_info
 .rodata._ZTSSt9type_info
                0x000000000800c098        0xd /opt/TrueSTUDIO/ARMTools/bin/../lib/gcc/arm-atollic-eabi/6.3.1/../../../../arm-atollic-eabi/lib/armv7-m/libstdc++.a(tinfo.o)
                0x000000000800c098                typeinfo name for std::type_info
 *fill*         0x000000000800c0a5        0x3 
 .rodata._ZTVSt9type_info
                0x000000000800c0a8       0x20 /opt/TrueSTUDIO/ARMTools/bin/../lib/gcc/arm-atollic-eabi/6.3.1/../../../../arm-atollic-eabi/lib/armv7-m/libstdc++.a(tinfo.o)
                0x000000000800c0a8                vtable for std::type_info
 .rodata.sqrt.str1.1
                0x000000000800c0c8        0x5 /opt/TrueSTUDIO/ARMTools/bin/../lib/gcc/arm-atollic-eabi/6.3.1/../../../../arm-atollic-eabi/lib/armv7-m/libm.a(lib_a-w_sqrt.o)
 *fill*         0x000000000800c0cd        0x3 
 .rodata._global_impure_ptr
                0x000000000800c0d0        0x4 /opt/TrueSTUDIO/ARMTools/bin/../lib/gcc/arm-atollic-eabi/6.3.1/../../../../arm-atollic-eabi/lib/armv7-m/libc.a(lib_a-impure.o)
                0x000000000800c0d0                _global_impure_ptr
                0x000000000800c0d4                . = ALIGN (0x4)

.ARM.extab      0x000000000800c0d4       0x84
 *(.ARM.extab* .gnu.linkonce.armextab.*)
 .ARM.extab.text._ZNK8std_msgs4Time9serializeEPh
                0x000000000800c0d4        0x0 Core/Src/main.o
 .ARM.extab.text._ZN8std_msgs4Time11deserializeEPh
                0x000000000800c0d4        0x0 Core/Src/main.o
 .ARM.extab.text._ZN8std_msgs4Time7getTypeEv
                0x000000000800c0d4        0x0 Core/Src/main.o
 .ARM.extab.text._ZN8std_msgs4Time6getMD5Ev
                0x000000000800c0d4        0x0 Core/Src/main.o
 .ARM.extab.text._ZN14rosserial_msgs9TopicInfo11deserializeEPh
                0x000000000800c0d4        0x0 Core/Src/main.o
 .ARM.extab.text._ZN14rosserial_msgs9TopicInfo7getTypeEv
                0x000000000800c0d4        0x0 Core/Src/main.o
 .ARM.extab.text._ZN14rosserial_msgs9TopicInfo6getMD5Ev
                0x000000000800c0d4        0x0 Core/Src/main.o
 .ARM.extab.text._ZN14rosserial_msgs3Log11deserializeEPh
                0x000000000800c0d4        0x0 Core/Src/main.o
 .ARM.extab.text._ZN14rosserial_msgs3Log7getTypeEv
                0x000000000800c0d4        0x0 Core/Src/main.o
 .ARM.extab.text._ZN14rosserial_msgs3Log6getMD5Ev
                0x000000000800c0d4        0x0 Core/Src/main.o
 .ARM.extab.text._ZN14rosserial_msgs20RequestParamResponse7getTypeEv
                0x000000000800c0d4        0x0 Core/Src/main.o
 .ARM.extab.text._ZN14rosserial_msgs20RequestParamResponse6getMD5Ev
                0x000000000800c0d4        0x0 Core/Src/main.o
 .ARM.extab.text._ZN8std_msgs6String11deserializeEPh
                0x000000000800c0d4        0x0 Core/Src/main.o
 .ARM.extab.text._ZN8std_msgs6String7getTypeEv
                0x000000000800c0d4        0x0 Core/Src/main.o
 .ARM.extab.text._ZN8std_msgs6String6getMD5Ev
                0x000000000800c0d4        0x0 Core/Src/main.o
 .ARM.extab.text._ZNK8std_msgs5Int329serializeEPh
                0x000000000800c0d4        0x0 Core/Src/main.o
 .ARM.extab.text._ZN8std_msgs5Int3211deserializeEPh
                0x000000000800c0d4        0x0 Core/Src/main.o
 .ARM.extab.text._ZN8std_msgs5Int327getTypeEv
                0x000000000800c0d4        0x0 Core/Src/main.o