Archive member included to satisfy reference by file (symbol)

/opt/TrueSTUDIO/ARMTools/bin/../lib/gcc/arm-atollic-eabi/6.3.1/../../../../arm-atollic-eabi/lib/armv7-m/libstdc++.a(si_class_type_info.o)
                              Core/Src/main.o (vtable for __cxxabiv1::__si_class_type_info)
/opt/TrueSTUDIO/ARMTools/bin/../lib/gcc/arm-atollic-eabi/6.3.1/../../../../arm-atollic-eabi/lib/armv7-m/libstdc++.a(del_ops.o)
                              /opt/TrueSTUDIO/ARMTools/bin/../lib/gcc/arm-atollic-eabi/6.3.1/../../../../arm-atollic-eabi/lib/armv7-m/libstdc++.a(si_class_type_info.o) (operator delete(void*, unsigned int))
/opt/TrueSTUDIO/ARMTools/bin/../lib/gcc/arm-atollic-eabi/6.3.1/../../../../arm-atollic-eabi/lib/armv7-m/libstdc++.a(class_type_info.o)
                              /opt/TrueSTUDIO/ARMTools/bin/../lib/gcc/arm-atollic-eabi/6.3.1/../../../../arm-atollic-eabi/lib/armv7-m/libstdc++.a(si_class_type_info.o) (__cxxabiv1::__class_type_info::__do_upcast(__cxxabiv1::__class_type_info const*, void**) const)
/opt/TrueSTUDIO/ARMTools/bin/../lib/gcc/arm-atollic-eabi/6.3.1/../../../../arm-atollic-eabi/lib/armv7-m/libstdc++.a(tinfo.o)
                              /opt/TrueSTUDIO/ARMTools/bin/../lib/gcc/arm-atollic-eabi/6.3.1/../../../../arm-atollic-eabi/lib/armv7-m/libstdc++.a(class_type_info.o) (std::type_info::~type_info())
/opt/TrueSTUDIO/ARMTools/bin/../lib/gcc/arm-atollic-eabi/6.3.1/../../../../arm-atollic-eabi/lib/armv7-m/libstdc++.a(del_op.o)
                              /opt/TrueSTUDIO/ARMTools/bin/../lib/gcc/arm-atollic-eabi/6.3.1/../../../../arm-atollic-eabi/lib/armv7-m/libstdc++.a(del_ops.o) (operator delete(void*))
/opt/TrueSTUDIO/ARMTools/bin/../lib/gcc/arm-atollic-eabi/6.3.1/../../../../arm-atollic-eabi/lib/armv7-m/libm.a(lib_a-w_sqrt.o)
                              Core/Src/stepper_position_ctrl.o (sqrt)
/opt/TrueSTUDIO/ARMTools/bin/../lib/gcc/arm-atollic-eabi/6.3.1/../../../../arm-atollic-eabi/lib/armv7-m/libm.a(lib_a-e_sqrt.o)
                              /opt/TrueSTUDIO/ARMTools/bin/../lib/gcc/arm-atollic-eabi/6.3.1/../../../../arm-atollic-eabi/lib/armv7-m/libm.a(lib_a-w_sqrt.o) (__ieee754_sqrt)
/opt/TrueSTUDIO/ARMTools/bin/../lib/gcc/arm-atollic-eabi/6.3.1/../../../../arm-atollic-eabi/lib/armv7-m/libm.a(lib_a-s_lib_ver.o)
                              /opt/TrueSTUDIO/ARMTools/bin/../lib/gcc/arm-atollic-eabi/6.3.1/../../../../arm-atollic-eabi/lib/armv7-m/libm.a(lib_a-w_sqrt.o) (__fdlib_version)
/opt/TrueSTUDIO/ARMTools/bin/../lib/gcc/arm-atollic-eabi/6.3.1/../../../../arm-atollic-eabi/lib/armv7-m/libm.a(lib_a-s_matherr.o)
                              /opt/TrueSTUDIO/ARMTools/bin/../lib/gcc/arm-atollic-eabi/6.3.1/../../../../arm-atollic-eabi/lib/armv7-m/libm.a(lib_a-w_sqrt.o) (matherr)
/opt/TrueSTUDIO/ARMTools/bin/../lib/gcc/arm-atollic-eabi/6.3.1/../../../../arm-atollic-eabi/lib/armv7-m/libc.a(lib_a-errno.o)
                              /opt/TrueSTUDIO/ARMTools/bin/../lib/gcc/arm-atollic-eabi/6.3.1/../../../../arm-atollic-eabi/lib/armv7-m/libm.a(lib_a-w_sqrt.o) (__errno)
/opt/TrueSTUDIO/ARMTools/bin/../lib/gcc/arm-atollic-eabi/6.3.1/../../../../arm-atollic-eabi/lib/armv7-m/libc.a(lib_a-impure.o)
                              /opt/TrueSTUDIO/ARMTools/bin/../lib/gcc/arm-atollic-eabi/6.3.1/../../../../arm-atollic-eabi/lib/armv7-m/libc.a(lib_a-errno.o) (_impure_ptr)
/opt/TrueSTUDIO/ARMTools/bin/../lib/gcc/arm-atollic-eabi/6.3.1/../../../../arm-atollic-eabi/lib/armv7-m/libc.a(lib_a-init.o)
                              startup/startup_stm32f103xb.o (__libc_init_array)
/opt/TrueSTUDIO/ARMTools/bin/../lib/gcc/arm-atollic-eabi/6.3.1/../../../../arm-atollic-eabi/lib/armv7-m/libc.a(lib_a-malloc.o)
                              /opt/TrueSTUDIO/ARMTools/bin/../lib/gcc/arm-atollic-eabi/6.3.1/../../../../arm-atollic-eabi/lib/armv7-m/libstdc++.a(del_op.o) (free)
/opt/TrueSTUDIO/ARMTools/bin/../lib/gcc/arm-atollic-eabi/6.3.1/../../../../arm-atollic-eabi/lib/armv7-m/libc.a(lib_a-mallocr.o)
                              /opt/TrueSTUDIO/ARMTools/bin/../lib/gcc/arm-atollic-eabi/6.3.1/../../../../arm-atollic-eabi/lib/armv7-m/libc.a(lib_a-malloc.o) (_malloc_r)
/opt/TrueSTUDIO/ARMTools/bin/../lib/gcc/arm-atollic-eabi/6.3.1/../../../../arm-atollic-eabi/lib/armv7-m/libc.a(lib_a-memcpy-stub.o)
                              Core/Src/main.o (memcpy)
/opt/TrueSTUDIO/ARMTools/bin/../lib/gcc/arm-atollic-eabi/6.3.1/../../../../arm-atollic-eabi/lib/armv7-m/libc.a(lib_a-memset.o)
                              Core/Src/feet_ctrl.o (memset)
/opt/TrueSTUDIO/ARMTools/bin/../lib/gcc/arm-atollic-eabi/6.3.1/../../../../arm-atollic-eabi/lib/armv7-m/libc.a(lib_a-mlock.o)
                              /opt/TrueSTUDIO/ARMTools/bin/../lib/gcc/arm-atollic-eabi/6.3.1/../../../../arm-atollic-eabi/lib/armv7-m/libc.a(lib_a-mallocr.o) (__malloc_lock)
/opt/TrueSTUDIO/ARMTools/bin/../lib/gcc/arm-atollic-eabi/6.3.1/../../../../arm-atollic-eabi/lib/armv7-m/libc.a(lib_a-realloc.o)
                              Core/Src/main.o (realloc)
[...]
Memory Configuration

Name             Origin             Length             Attributes
RAM              0x0000000020000000 0x0000000000005000 xrw
FLASH            0x0000000008000000 0x0000000000010000 xr
*default*        0x0000000000000000 0xffffffffffffffff

Linker script and memory map

LOAD /opt/TrueSTUDIO/ARMTools/bin/../lib/gcc/arm-atollic-eabi/6.3.1/armv7-m/crti.o
LOAD /opt/TrueSTUDIO/ARMTools/bin/../lib/gcc/arm-atollic-eabi/6.3.1/armv7-m/crtbegin.o
LOAD Core/Src/base.o
LOAD Core/Src/feet_ctrl.o
LOAD Core/Src/main.o
LOAD Core/Src/stepper_position_ctrl.o
LOAD Core/Src/stepper_velocity_ctrl.o
LOAD Core/Src/stm32f1xx_hal_msp.o
LOAD Core/Src/stm32f1xx_it.o
LOAD Core/Src/system_stm32f1xx.o
LOAD Drivers/STM32F1xx_HAL_Driver/Src/stm32f1xx_hal.o
LOAD Drivers/STM32F1xx_HAL_Driver/Src/stm32f1xx_hal_cortex.o
LOAD Drivers/STM32F1xx_HAL_Driver/Src/stm32f1xx_hal_dma.o
LOAD Drivers/STM32F1xx_HAL_Driver/Src/stm32f1xx_hal_flash.o
LOAD Drivers/STM32F1xx_HAL_Driver/Src/stm32f1xx_hal_flash_ex.o
LOAD Drivers/STM32F1xx_HAL_Driver/Src/stm32f1xx_hal_gpio.o
LOAD Drivers/STM32F1xx_HAL_Driver/Src/stm32f1xx_hal_gpio_ex.o
LOAD Drivers/STM32F1xx_HAL_Driver/Src/stm32f1xx_hal_pwr.o
LOAD Drivers/STM32F1xx_HAL_Driver/Src/stm32f1xx_hal_rcc.o
LOAD Drivers/STM32F1xx_HAL_Driver/Src/stm32f1xx_hal_rcc_ex.o
LOAD Drivers/STM32F1xx_HAL_Driver/Src/stm32f1xx_hal_tim.o
LOAD Drivers/STM32F1xx_HAL_Driver/Src/stm32f1xx_hal_tim_ex.o
LOAD Drivers/STM32F1xx_HAL_Driver/Src/stm32f1xx_hal_uart.o
LOAD Drivers/ros_lib/duration.o
LOAD Drivers/ros_lib/time.o
LOAD startup/startup_stm32f103xb.o
                0x0000000000001000                malloc_getpagesize_P = 0x1000
START GROUP
LOAD /opt/TrueSTUDIO/ARMTools/bin/../lib/gcc/arm-atollic-eabi/6.3.1/../../../../arm-atollic-eabi/lib/armv7-m/libstdc++.a
LOAD /opt/TrueSTUDIO/ARMTools/bin/../lib/gcc/arm-atollic-eabi/6.3.1/../../../../arm-atollic-eabi/lib/armv7-m/libsupc++.a
END GROUP
LOAD /opt/TrueSTUDIO/ARMTools/bin/../lib/gcc/arm-atollic-eabi/6.3.1/../../../../arm-atollic-eabi/lib/armv7-m/libstdc++.a
LOAD /opt/TrueSTUDIO/ARMTools/bin/../lib/gcc/arm-atollic-eabi/6.3.1/../../../../arm-atollic-eabi/lib/armv7-m/libm.a
LOAD /opt/TrueSTUDIO/ARMTools/bin/../lib/gcc/arm-atollic-eabi/6.3.1/../../../../arm-atollic-eabi/lib/armv7-m/libc.a
START GROUP
LOAD /opt/TrueSTUDIO/ARMTools/bin/../lib/gcc/arm-atollic-eabi/6.3.1/armv7-m/libgcc.a
LOAD /opt/TrueSTUDIO/ARMTools/bin/../lib/gcc/arm-atollic-eabi/6.3.1/../../../../arm-atollic-eabi/lib/armv7-m/libc.a
END GROUP
START GROUP
LOAD /opt/TrueSTUDIO/ARMTools/bin/../lib/gcc/arm-atollic-eabi/6.3.1/armv7-m/libgcc.a
LOAD /opt/TrueSTUDIO/ARMTools/bin/../lib/gcc/arm-atollic-eabi/6.3.1/../../../../arm-atollic-eabi/lib/armv7-m/libc.a
LOAD /opt/TrueSTUDIO/ARMTools/bin/../lib/gcc/arm-atollic-eabi/6.3.1/../../../../arm-atollic-eabi/lib/armv7-m/libnosys.a
END GROUP
LOAD /opt/TrueSTUDIO/ARMTools/bin/../lib/gcc/arm-atollic-eabi/6.3.1/armv7-m/crtend.o
LOAD /opt/TrueSTUDIO/ARMTools/bin/../lib/gcc/arm-atollic-eabi/6.3.1/armv7-m/crtn.o
                0x0000000020005000                _estack = 0x20005000
                0x0000000000000200                _Min_Heap_Size = 0x200
                0x0000000000000400                _Min_Stack_Size = 0x400

.isr_vector     0x0000000008000000      0x10c
                0x0000000008000000                . = ALIGN (0x4)
 *(.isr_vector)
 .isr_vector    0x0000000008000000      0x10c startup/startup_stm32f103xb.o
                0x0000000008000000                g_pfnVectors
                0x000000000800010c                . = ALIGN (0x4)

.text           0x0000000008000110     0xbd3c
                0x0000000008000110                . = ALIGN (0x4)
 *(.text)
 .text          0x0000000008000110        0x0 /opt/TrueSTUDIO/ARMTools/bin/../lib/gcc/arm-atollic-eabi/6.3.1/armv7-m/crti.o
 .text          0x0000000008000110       0x40 /opt/TrueSTUDIO/ARMTools/bin/../lib/gcc/arm-atollic-eabi/6.3.1/armv7-m/crtbegin.o
 .text          0x0000000008000150        0x0 Core/Src/base.o
 .text          0x0000000008000150      0x2a4 Core/Src/feet_ctrl.o
                0x0000000008000150                FeetCtrl::FeetCtrl(GPIO_TypeDef*, unsigned short, unsigned short, unsigned short, GPIO_TypeDef*, unsigned short, unsigned short, unsigned short)
                0x0000000008000150                FeetCtrl::FeetCtrl(GPIO_TypeDef*, unsigned short, unsigned short, unsigned short, GPIO_TypeDef*, unsigned short, unsigned short, unsigned short)
                0x0000000008000204                FeetCtrl::calculate_profile()
                0x000000000800035c                FeetCtrl::set_target(float*)
                0x00000000080003ec                FeetCtrl::set_target(float (&) [3])
 .text          0x00000000080003f4     0x1024 Core/Src/main.o
                0x00000000080003f4                hand_cylinder_callback(std_msgs::Bool const&)
                0x0000000008000570                lift_position_callback(std_msgs::Int32 const&)
                0x0000000008000580                feet_velocity_callback(std_msgs::Float32MultiArray const&)
                0x00000000080007e0                HAL_UART_TxCpltCallback
                0x0000000008000800                disable_actuators()
                0x0000000008000848                enable_actuators()
                0x0000000008000878                act_enable_callback(std_msgs::Bool const&)
                0x000000000800088a                on_shutdown_pressed()
                0x000000000800089c                on_shutdown_released()
                0x00000000080008ac                on_start_pressed()
                0x00000000080008bc                _Error_Handler
                0x0000000008000a50                SystemClock_Config()
                0x0000000008000ad8                main
 .text          0x0000000008001418      0x2e8 Core/Src/stepper_position_ctrl.o
                0x0000000008001418                StepperPositionCtrl::StepperPositionCtrl(GPIO_TypeDef*, unsigned short, GPIO_TypeDef*, unsigned short)
                0x0000000008001418                StepperPositionCtrl::StepperPositionCtrl(GPIO_TypeDef*, unsigned short, GPIO_TypeDef*, unsigned short)
                0x00000000080014a8                StepperPositionCtrl::reset_position()
                0x00000000080014b4                StepperPositionCtrl::calculate_profile()
                0x00000000080016ec                StepperPositionCtrl::set_target_position(int)
 .text          0x0000000008001700      0x1b4 Core/Src/stepper_velocity_ctrl.o
                0x0000000008001700                StepperVelocityCtrl::StepperVelocityCtrl(GPIO_TypeDef*, unsigned short, GPIO_TypeDef*, unsigned short)
                0x0000000008001700                StepperVelocityCtrl::StepperVelocityCtrl(GPIO_TypeDef*, unsigned short, GPIO_TypeDef*, unsigned short)
                0x0000000008001788                StepperVelocityCtrl::calculate_profile()
                0x000000000800184c                StepperVelocityCtrl::set_target(float)
 .text          0x00000000080018b4      0x284 Core/Src/stm32f1xx_hal_msp.o
                0x00000000080018b4                HAL_MspInit
                0x0000000008001954                HAL_TIM_Base_MspInit
                0x00000000080019c4                HAL_TIM_Base_MspDeInit
                0x0000000008001a08                HAL_UART_MspInit
                0x0000000008001af4                HAL_UART_MspDeInit
 .text          0x0000000008001b38      0x2b0 Core/Src/stm32f1xx_it.o
                0x0000000008001b38                NMI_Handler
                0x0000000008001b3a                HardFault_Handler
                0x0000000008001b4a                MemManage_Handler
                0x0000000008001b4c                BusFault_Handler
                0x0000000008001b4e                UsageFault_Handler
                0x0000000008001b50                SVC_Handler
                0x0000000008001b52                DebugMon_Handler
                0x0000000008001b54                PendSV_Handler
                0x0000000008001b56                SysTick_Handler
                0x0000000008001b62                DMA1_Channel4_IRQHandler
                0x0000000008001b70                DMA1_Channel5_IRQHandler
                0x0000000008001b80                TIM3_IRQHandler
                0x0000000008001bb0                TIM4_IRQHandler
                0x0000000008001d80                USART1_IRQHandler
                0x0000000008001d90                EXTI3_IRQHandler
                0x0000000008001dbc                EXTI4_IRQHandler
 .text          0x0000000008001de8       0xe0 Core/Src/system_stm32f1xx.o
                0x0000000008001de8                SystemInit
                0x0000000008001e34                SystemCoreClockUpdate
 .text          0x0000000008001ec8      0x1d8 Drivers/STM32F1xx_HAL_Driver/Src/stm32f1xx_hal.o
                0x0000000008001eca                HAL_MspDeInit
                0x0000000008001ecc                HAL_DeInit
                0x0000000008001eec                HAL_InitTick
                0x0000000008001f34                HAL_Init
                0x0000000008001f58                HAL_IncTick
                0x0000000008001f70                HAL_GetTick
                0x0000000008001f7c                HAL_GetTickPrio
                0x0000000008001f88                HAL_SetTickFreq
                0x0000000008001fa8                HAL_GetTickFreq
                0x0000000008001fb4                HAL_Delay
                0x0000000008001fdc                HAL_SuspendTick
                0x0000000008001fec                HAL_ResumeTick
                0x0000000008001ffc                HAL_GetHalVersion
                0x0000000008002004                HAL_GetREVID
                0x0000000008002010                HAL_GetDEVID
                0x0000000008002020                HAL_DBGMCU_EnableDBGSleepMode
                0x0000000008002030                HAL_DBGMCU_DisableDBGSleepMode
                0x0000000008002040                HAL_DBGMCU_EnableDBGStopMode
                0x0000000008002050                HAL_DBGMCU_DisableDBGStopMode
                0x0000000008002060                HAL_DBGMCU_EnableDBGStandbyMode
                0x0000000008002070                HAL_DBGMCU_DisableDBGStandbyMode
                0x0000000008002080                HAL_GetUID
 .text          0x00000000080020a0      0x214 Drivers/STM32F1xx_HAL_Driver/Src/stm32f1xx_hal_cortex.o
                0x00000000080020a0                HAL_NVIC_SetPriorityGrouping
                0x00000000080020c4                HAL_NVIC_SetPriority
                0x0000000008002128                HAL_NVIC_EnableIRQ
                0x0000000008002140                HAL_NVIC_DisableIRQ
                0x000000000800215c                HAL_NVIC_SystemReset
                0x0000000008002180                HAL_SYSTICK_Config
                0x00000000080021ac                HAL_NVIC_GetPriorityGrouping
                0x00000000080021bc                HAL_NVIC_GetPriority
                0x0000000008002218                HAL_NVIC_SetPendingIRQ
                0x0000000008002234                HAL_NVIC_GetPendingIRQ
                0x0000000008002250                HAL_NVIC_ClearPendingIRQ
                0x000000000800226c                HAL_NVIC_GetActive
                0x0000000008002288                HAL_SYSTICK_CLKSourceConfig
                0x00000000080022a8                HAL_SYSTICK_Callback
                0x00000000080022aa                HAL_SYSTICK_IRQHandler
 .text          0x00000000080022b4      0x6b4 Drivers/STM32F1xx_HAL_Driver/Src/stm32f1xx_hal_dma.o
                0x00000000080022e0                HAL_DMA_Init
                0x0000000008002358                HAL_DMA_DeInit
                0x00000000080023b8                HAL_DMA_Start
                0x0000000008002408                HAL_DMA_Start_IT
                0x000000000800247c                HAL_DMA_Abort
                0x00000000080024aa                HAL_DMA_Abort_IT
                0x0000000008002540                HAL_DMA_PollForTransfer
                0x0000000008002770                HAL_DMA_IRQHandler
                0x00000000080028b4                HAL_DMA_RegisterCallback
                0x0000000008002902                HAL_DMA_UnRegisterCallback
                0x000000000800295e                HAL_DMA_GetState
                0x0000000008002964                HAL_DMA_GetError
 .text          0x0000000008002968      0x3ec Drivers/STM32F1xx_HAL_Driver/Src/stm32f1xx_hal_flash.o
                0x00000000080029f8                HAL_FLASH_Program_IT
                0x0000000008002a5c                HAL_FLASH_EndOfOperationCallback
                0x0000000008002a5e                HAL_FLASH_OperationErrorCallback
                0x0000000008002a60                HAL_FLASH_IRQHandler
                0x0000000008002bb4                HAL_FLASH_Unlock
                0x0000000008002be8                HAL_FLASH_Lock
                0x0000000008002bfc                HAL_FLASH_OB_Unlock
                0x0000000008002c24                HAL_FLASH_OB_Lock
                0x0000000008002c38                HAL_FLASH_OB_Launch
                0x0000000008002c40                HAL_FLASH_GetError
                0x0000000008002c4c                FLASH_WaitForLastOperation
                0x0000000008002cb8                HAL_FLASH_Program
 .text          0x0000000008002d54      0x538 Drivers/STM32F1xx_HAL_Driver/Src/stm32f1xx_hal_flash_ex.o
                0x0000000008002eb0                HAL_FLASHEx_OBErase
                0x0000000008003080                HAL_FLASHEx_OBProgram
                0x0000000008003128                HAL_FLASHEx_OBGetConfig
                0x0000000008003144                HAL_FLASHEx_OBGetUserData
                0x0000000008003168                FLASH_PageErase
                0x000000000800318c                HAL_FLASHEx_Erase
                0x0000000008003230                HAL_FLASHEx_Erase_IT
 .text          0x000000000800328c      0x348 Drivers/STM32F1xx_HAL_Driver/Src/stm32f1xx_hal_gpio.o
                0x000000000800328c                HAL_GPIO_Init
                0x0000000008003478                HAL_GPIO_DeInit
                0x0000000008003568                HAL_GPIO_ReadPin
                0x0000000008003576                HAL_GPIO_WritePin
                0x0000000008003582                HAL_GPIO_TogglePin
                0x000000000800358a                HAL_GPIO_LockPin
                0x00000000080035b8                HAL_GPIO_EXTI_Callback
                0x00000000080035ba                HAL_GPIO_EXTI_IRQHandler
 .text          0x00000000080035d4       0x34 Drivers/STM32F1xx_HAL_Driver/Src/stm32f1xx_hal_gpio_ex.o
                0x00000000080035d4                HAL_GPIOEx_ConfigEventout
                0x00000000080035e8                HAL_GPIOEx_EnableEventout
                0x00000000080035f8                HAL_GPIOEx_DisableEventout
 .text          0x0000000008003608      0x1f0 Drivers/STM32F1xx_HAL_Driver/Src/stm32f1xx_hal_pwr.o
                0x000000000800360e                HAL_PWR_DeInit
                0x0000000008003628                HAL_PWR_EnableBkUpAccess
                0x0000000008003634                HAL_PWR_DisableBkUpAccess
                0x0000000008003640                HAL_PWR_ConfigPVD
                0x00000000080036c4                HAL_PWR_EnablePVD
                0x00000000080036d0                HAL_PWR_DisablePVD
                0x00000000080036dc                HAL_PWR_EnableWakeUpPin
                0x00000000080036f4                HAL_PWR_DisableWakeUpPin
                0x000000000800370c                HAL_PWR_EnterSLEEPMode
                0x000000000800372c                HAL_PWR_EnterSTOPMode
                0x0000000008003774                HAL_PWR_EnterSTANDBYMode
                0x0000000008003794                HAL_PWR_EnableSleepOnExit
                0x00000000080037a4                HAL_PWR_DisableSleepOnExit
                0x00000000080037b4                HAL_PWR_EnableSEVOnPend
                0x00000000080037c4                HAL_PWR_DisableSEVOnPend
                0x00000000080037d4                HAL_PWR_PVDCallback
                0x00000000080037d6                HAL_PWR_PVD_IRQHandler
 .text          0x00000000080037f8      0x8a0 Drivers/STM32F1xx_HAL_Driver/Src/stm32f1xx_hal_rcc.o
                0x0000000008003824                HAL_RCC_DeInit
                0x0000000008003910                HAL_RCC_OscConfig
                0x0000000008003cf0                HAL_RCC_MCOConfig
                0x0000000008003d3c                HAL_RCC_EnableCSS
                0x0000000008003d48                HAL_RCC_DisableCSS
                0x0000000008003d54                HAL_RCC_GetSysClockFreq
                0x0000000008003dc0                HAL_RCC_ClockConfig
                0x0000000008003f38                HAL_RCC_GetHCLKFreq
                0x0000000008003f44                HAL_RCC_GetPCLK1Freq
                0x0000000008003f64                HAL_RCC_GetPCLK2Freq
                0x0000000008003f84                HAL_RCC_GetOscConfig
                0x0000000008004038                HAL_RCC_GetClockConfig
                0x0000000008004074                HAL_RCC_CSSCallback
                0x0000000008004076                HAL_RCC_NMI_IRQHandler
 .text          0x0000000008004098      0x23c Drivers/STM32F1xx_HAL_Driver/Src/stm32f1xx_hal_rcc_ex.o
                0x0000000008004098                HAL_RCCEx_PeriphCLKConfig
                0x00000000080041ac                HAL_RCCEx_GetPeriphCLKConfig
                0x00000000080041d8                HAL_RCCEx_GetPeriphCLKFreq
 .text          0x00000000080042d4     0x21d8 Drivers/STM32F1xx_HAL_Driver/Src/stm32f1xx_hal_tim.o
                0x0000000008004560                HAL_TIM_Base_DeInit
                0x000000000800459a                HAL_TIM_Base_Start
                0x00000000080045b4                HAL_TIM_Base_Stop
                0x00000000080045e2                HAL_TIM_Base_Start_IT
                0x00000000080045fa                HAL_TIM_Base_Stop_IT
                0x0000000008004626                HAL_TIM_Base_Start_DMA
                0x000000000800468c                HAL_TIM_Base_Stop_DMA
                0x00000000080046be                HAL_TIM_OC_MspInit
                0x00000000080046c0                HAL_TIM_OC_MspDeInit
                0x00000000080046c2                HAL_TIM_OC_DeInit
                0x00000000080046fc                HAL_TIM_PWM_MspInit
                0x00000000080046fe                HAL_TIM_PWM_MspDeInit
                0x0000000008004700                HAL_TIM_PWM_DeInit
                0x000000000800473a                HAL_TIM_IC_MspInit
                0x000000000800473c                HAL_TIM_IC_MspDeInit
                0x000000000800473e                HAL_TIM_IC_DeInit
                0x0000000008004778                HAL_TIM_OnePulse_MspInit
                0x000000000800477a                HAL_TIM_OnePulse_MspDeInit
                0x000000000800477c                HAL_TIM_OnePulse_DeInit
                0x00000000080047b6                HAL_TIM_Encoder_MspInit
                0x00000000080047b8                HAL_TIM_Encoder_MspDeInit
                0x00000000080047ba                HAL_TIM_Encoder_DeInit
                0x00000000080047f4                HAL_TIM_DMABurst_WriteStart
                0x0000000008004960                HAL_TIM_DMABurst_WriteStop
                0x00000000080049d6                HAL_TIM_DMABurst_ReadStart
                0x0000000008004b40                HAL_TIM_DMABurst_ReadStop
                0x0000000008004bb6                HAL_TIM_GenerateEvent
                0x0000000008004bdc                HAL_TIM_ConfigOCrefClear
                0x0000000008004cac                HAL_TIM_ConfigClockSource
                0x0000000008004db4                HAL_TIM_ConfigTI1Input
                0x0000000008004dc4                HAL_TIM_SlaveConfigSynchronization
                0x0000000008004e04                HAL_TIM_SlaveConfigSynchronization_IT
                0x0000000008004e44                HAL_TIM_ReadCapturedValue
                0x0000000008004e90                HAL_TIM_PeriodElapsedCallback
                0x0000000008004ea2                HAL_TIM_OC_DelayElapsedCallback
                0x0000000008004ea4                HAL_TIM_IC_CaptureCallback
                0x0000000008004ea6                TIM_DMACaptureCplt
                0x0000000008004eec                HAL_TIM_PWM_PulseFinishedCallback
                0x0000000008004eee                TIM_DMADelayPulseCplt
                0x0000000008004f34                HAL_TIM_TriggerCallback
                0x0000000008004f36                HAL_TIM_IRQHandler
                0x00000000080050c0                HAL_TIM_ErrorCallback
                0x00000000080050c2                TIM_DMAError
                0x00000000080050d2                HAL_TIM_Base_GetState
                0x00000000080050d8                HAL_TIM_OC_GetState
                0x00000000080050de                HAL_TIM_PWM_GetState
                0x00000000080050e4                HAL_TIM_IC_GetState
                0x00000000080050ea                HAL_TIM_OnePulse_GetState
                0x00000000080050f0                HAL_TIM_Encoder_GetState
                0x00000000080050f6                TIM_Base_SetConfig
                0x000000000800516c                HAL_TIM_Base_Init
                0x000000000800519e                HAL_TIM_OC_Init
                0x00000000080051d0                HAL_TIM_PWM_Init
                0x0000000008005202                HAL_TIM_IC_Init
                0x0000000008005234                HAL_TIM_OnePulse_Init
                0x000000000800527a                HAL_TIM_Encoder_Init
                0x0000000008005312                TIM_OC2_SetConfig
                0x0000000008005378                HAL_TIM_OC_ConfigChannel
                0x00000000080053d6                HAL_TIM_PWM_ConfigChannel
                0x00000000080054b2                TIM_TI1_SetConfig
                0x000000000800551c                HAL_TIM_IC_ConfigChannel
                0x00000000080055dc                HAL_TIM_OnePulse_ConfigChannel
                0x00000000080056ce                TIM_CCxChannelCmd
                0x00000000080056ea                HAL_TIM_OC_Start
                0x000000000800571c                HAL_TIM_OC_Stop
                0x0000000008005774                HAL_TIM_OC_Start_IT
                0x00000000080057e8                HAL_TIM_OC_Stop_IT
                0x0000000008005884                HAL_TIM_OC_Start_DMA
                0x0000000008005990                HAL_TIM_OC_Stop_DMA
                0x0000000008005a34                HAL_TIM_PWM_Start
                0x0000000008005a64                HAL_TIM_PWM_Stop
                0x0000000008005ac4                HAL_TIM_PWM_Start_IT
                0x0000000008005b38                HAL_TIM_PWM_Stop_IT
                0x0000000008005bd4                HAL_TIM_PWM_Start_DMA
                0x0000000008005ce0                HAL_TIM_PWM_Stop_DMA
                0x0000000008005d84                HAL_TIM_IC_Start
                0x0000000008005d9e                HAL_TIM_IC_Stop
                0x0000000008005dcc                HAL_TIM_IC_Start_IT
                0x0000000008005e2a                HAL_TIM_IC_Stop_IT
                0x0000000008005e9c                HAL_TIM_IC_Start_DMA
                0x0000000008005f88                HAL_TIM_IC_Stop_DMA
                0x0000000008006000                HAL_TIM_OnePulse_Start
                0x0000000008006034                HAL_TIM_OnePulse_Stop
                0x0000000008006098                HAL_TIM_OnePulse_Start_IT
                0x00000000080060e0                HAL_TIM_OnePulse_Stop_IT
                0x0000000008006158                HAL_TIM_Encoder_Start
                0x000000000800619c                HAL_TIM_Encoder_Stop
                0x00000000080061f4                HAL_TIM_Encoder_Start_IT
                0x0000000008006260                HAL_TIM_Encoder_Stop_IT
                0x00000000080062e6                HAL_TIM_Encoder_Start_DMA
                0x0000000008006424                HAL_TIM_Encoder_Stop_DMA
 .text          0x00000000080064ac      0xac4 Drivers/STM32F1xx_HAL_Driver/Src/stm32f1xx_hal_tim_ex.o
                0x00000000080064c8                HAL_TIMEx_HallSensor_MspInit
                0x00000000080064ca                HAL_TIMEx_HallSensor_Init
                0x0000000008006588                HAL_TIMEx_HallSensor_MspDeInit
                0x000000000800658a                HAL_TIMEx_HallSensor_DeInit
                0x00000000080065c4                HAL_TIMEx_HallSensor_Start
                0x00000000080065e0                HAL_TIMEx_HallSensor_Stop
                0x0000000008006610                HAL_TIMEx_HallSensor_Start_IT
                0x0000000008006636                HAL_TIMEx_HallSensor_Stop_IT
                0x0000000008006670                HAL_TIMEx_HallSensor_Start_DMA
                0x00000000080066e4                HAL_TIMEx_HallSensor_Stop_DMA
                0x000000000800671e                HAL_TIMEx_OCN_Start
                0x0000000008006742                HAL_TIMEx_OCN_Stop
                0x000000000800678e                HAL_TIMEx_OCN_Start_IT
                0x00000000080067ea                HAL_TIMEx_OCN_Stop_IT
                0x000000000800687a                HAL_TIMEx_OCN_Start_DMA
                0x000000000800694c                HAL_TIMEx_OCN_Stop_DMA
                0x00000000080069cc                HAL_TIMEx_PWMN_Start
                0x00000000080069f0                HAL_TIMEx_PWMN_Stop
                0x0000000008006a3c                HAL_TIMEx_PWMN_Start_IT
                0x0000000008006a98                HAL_TIMEx_PWMN_Stop_IT
                0x0000000008006b28                HAL_TIMEx_PWMN_Start_DMA
                0x0000000008006bfc                HAL_TIMEx_PWMN_Stop_DMA
                0x0000000008006c7c                HAL_TIMEx_OnePulseN_Start
                0x0000000008006c96                HAL_TIMEx_OnePulseN_Stop
                0x0000000008006ce2                HAL_TIMEx_OnePulseN_Start_IT
                0x0000000008006d10                HAL_TIMEx_OnePulseN_Stop_IT
                0x0000000008006d70                HAL_TIMEx_ConfigCommutationEvent
                0x0000000008006dcc                HAL_TIMEx_ConfigCommutationEvent_IT
                0x0000000008006e32                HAL_TIMEx_ConfigCommutationEvent_DMA
                0x0000000008006eac                HAL_TIMEx_ConfigBreakDeadTime
                0x0000000008006f04                HAL_TIMEx_MasterConfigSynchronization
                0x0000000008006f56                HAL_TIMEx_CommutationCallback
                0x0000000008006f58                TIMEx_DMACommutationCplt
                0x0000000008006f68                HAL_TIMEx_BreakCallback
                0x0000000008006f6a                HAL_TIMEx_HallSensor_GetState
 .text          0x0000000008006f70     0x1068 Drivers/STM32F1xx_HAL_Driver/Src/stm32f1xx_hal_uart.o
                0x000000000800721e                HAL_UART_Init
                0x000000000800727c                HAL_HalfDuplex_Init
                0x00000000080072e6                HAL_LIN_Init
                0x0000000008007360                HAL_MultiProcessor_Init
                0x00000000080073e0                HAL_UART_DeInit
                0x0000000008007406                HAL_UART_Transmit
                0x00000000080074e8                HAL_UART_Receive
                0x00000000080075ce                HAL_UART_Transmit_IT
                0x0000000008007616                HAL_UART_Receive_IT
                0x0000000008007672                HAL_UART_Transmit_DMA
                0x0000000008007700                HAL_UART_Receive_DMA
                0x00000000080077a8                HAL_UART_DMAPause
                0x0000000008007818                HAL_UART_DMAResume
                0x000000000800788e                HAL_UART_DMAStop
                0x00000000080078f2                HAL_UART_Abort
                0x000000000800795e                HAL_UART_AbortTransmit
                0x0000000008007998                HAL_UART_AbortReceive
                0x0000000008007a28                HAL_UART_TxHalfCpltCallback
                0x0000000008007a34                HAL_UART_RxCpltCallback
                0x0000000008007b12                HAL_UART_RxHalfCpltCallback
                0x0000000008007b1e                HAL_UART_ErrorCallback
                0x0000000008007b78                HAL_UART_IRQHandler
                0x0000000008007ca8                HAL_UART_AbortCpltCallback
                0x0000000008007caa                HAL_UART_Abort_IT
                0x0000000008007dcc                HAL_UART_AbortTransmitCpltCallback
                0x0000000008007dce                HAL_UART_AbortTransmit_IT
                0x0000000008007e44                HAL_UART_AbortReceiveCpltCallback
                0x0000000008007e46                HAL_UART_AbortReceive_IT
                0x0000000008007ec4                HAL_LIN_SendBreak
                0x0000000008007ef6                HAL_MultiProcessor_EnterMuteMode
                0x0000000008007f28                HAL_MultiProcessor_ExitMuteMode
                0x0000000008007f5a                HAL_HalfDuplex_EnableTransmitter
                0x0000000008007f90                HAL_HalfDuplex_EnableReceiver
                0x0000000008007fc6                HAL_UART_GetState
                0x0000000008007fd2                HAL_UART_GetError
 .text          0x0000000008007fd8       0xbc Drivers/ros_lib/duration.o
                0x0000000008007fd8                ros::normalizeSecNSecSigned(long&, long&)
                0x0000000008008014                ros::Duration::operator+=(ros::Duration const&)
                0x0000000008008034                ros::Duration::operator-=(ros::Duration const&)
                0x0000000008008054                ros::Duration::operator*=(double)
 .text          0x0000000008008094       0x9c Drivers/ros_lib/time.o
                0x0000000008008094                ros::normalizeSecNSec(unsigned long&, unsigned long&)
                0x00000000080080c0                ros::Time::fromNSec(long)
                0x00000000080080f0                ros::Time::operator+=(ros::Duration const&)
                0x0000000008008110                ros::Time::operator-=(ros::Duration const&)
 .text          0x0000000008008130       0x14 startup/startup_stm32f103xb.o
 .text          0x0000000008008144        0x0 /opt/TrueSTUDIO/ARMTools/bin/../lib/gcc/arm-atollic-eabi/6.3.1/../../../../arm-atollic-eabi/lib/armv7-m/libstdc++.a(si_class_type_info.o)
 .text          0x0000000008008144        0x0 /opt/TrueSTUDIO/ARMTools/bin/../lib/gcc/arm-atollic-eabi/6.3.1/../../../../arm-atollic-eabi/lib/armv7-m/libstdc++.a(del_ops.o)
 .text          0x0000000008008144        0x0 /opt/TrueSTUDIO/ARMTools/bin/../lib/gcc/arm-atollic-eabi/6.3.1/../../../../arm-atollic-eabi/lib/armv7-m/libstdc++.a(class_type_info.o)
 .text          0x0000000008008144        0x0 /opt/TrueSTUDIO/ARMTools/bin/../lib/gcc/arm-atollic-eabi/6.3.1/../../../../arm-atollic-eabi/lib/armv7-m/libstdc++.a(tinfo.o)
 .text          0x0000000008008144        0x0 /opt/TrueSTUDIO/ARMTools/bin/../lib/gcc/arm-atollic-eabi/6.3.1/../../../../arm-atollic-eabi/lib/armv7-m/libstdc++.a(del_op.o)
 .text          0x0000000008008144        0x0 /opt/TrueSTUDIO/ARMTools/bin/../lib/gcc/arm-atollic-eabi/6.3.1/../../../../arm-atollic-eabi/lib/armv7-m/libm.a(lib_a-w_sqrt.o)
 .text          0x0000000008008144        0x0 /opt/TrueSTUDIO/ARMTools/bin/../lib/gcc/arm-atollic-eabi/6.3.1/../../../../arm-atollic-eabi/lib/armv7-m/libm.a(lib_a-e_sqrt.o)
 .text          0x0000000008008144        0x0 /opt/TrueSTUDIO/ARMTools/bin/../lib/gcc/arm-atollic-eabi/6.3.1/../../../../arm-atollic-eabi/lib/armv7-m/libm.a(lib_a-s_lib_ver.o)
 .text          0x0000000008008144        0x0 /opt/TrueSTUDIO/ARMTools/bin/../lib/gcc/arm-atollic-eabi/6.3.1/../../../../arm-atollic-eabi/lib/armv7-m/libm.a(lib_a-s_matherr.o)
 .text          0x0000000008008144        0x0 /opt/TrueSTUDIO/ARMTools/bin/../lib/gcc/arm-atollic-eabi/6.3.1/../../../../arm-atollic-eabi/lib/armv7-m/libc.a(lib_a-errno.o)
 .text          0x0000000008008144        0x0 /opt/TrueSTUDIO/ARMTools/bin/../lib/gcc/arm-atollic-eabi/6.3.1/../../../../arm-atollic-eabi/lib/armv7-m/libc.a(lib_a-impure.o)
 .text          0x0000000008008144        0x0 /opt/TrueSTUDIO/ARMTools/bin/../lib/gcc/arm-atollic-eabi/6.3.1/../../../../arm-atollic-eabi/lib/armv7-m/libc.a(lib_a-init.o)
 .text          0x0000000008008144        0x0 /opt/TrueSTUDIO/ARMTools/bin/../lib/gcc/arm-atollic-eabi/6.3.1/../../../../arm-atollic-eabi/lib/armv7-m/libc.a(lib_a-malloc.o)
 .text          0x0000000008008144        0x0 /opt/TrueSTUDIO/ARMTools/bin/../lib/gcc/arm-atollic-eabi/6.3.1/../../../../arm-atollic-eabi/lib/armv7-m/libc.a(lib_a-mallocr.o)
 .text          0x0000000008008144        0x0 /opt/TrueSTUDIO/ARMTools/bin/../lib/gcc/arm-atollic-eabi/6.3.1/../../../../arm-atollic-eabi/lib/armv7-m/libc.a(lib_a-memcpy-stub.o)
 .text          0x0000000008008144        0x0 /opt/TrueSTUDIO/ARMTools/bin/../lib/gcc/arm-atollic-eabi/6.3.1/../../../../arm-atollic-eabi/lib/armv7-m/libc.a(lib_a-memset.o)
 .text          0x0000000008008144        0x0 /opt/TrueSTUDIO/ARMTools/bin/../lib/gcc/arm-atollic-eabi/6.3.1/../../../../arm-atollic-eabi/lib/armv7-m/libc.a(lib_a-mlock.o)
 .text          0x0000000008008144        0x0 /opt/TrueSTUDIO/ARMTools/bin/../lib/gcc/arm-atollic-eabi/6.3.1/../../../../arm-atollic-eabi/lib/armv7-m/libc.a(lib_a-realloc.o)
 .text          0x0000000008008144        0x0 /opt/TrueSTUDIO/ARMTools/bin/../lib/gcc/arm-atollic-eabi/6.3.1/../../../../arm-atollic-eabi/lib/armv7-m/libc.a(lib_a-reallocr.o)
 .text          0x0000000008008144        0x0 /opt/TrueSTUDIO/ARMTools/bin/../lib/gcc/arm-atollic-eabi/6.3.1/../../../../arm-atollic-eabi/lib/armv7-m/libc.a(lib_a-sbrkr.o)
 .text          0x0000000008008144       0x14 /opt/TrueSTUDIO/ARMTools/bin/../lib/gcc/arm-atollic-eabi/6.3.1/../../../../arm-atollic-eabi/lib/armv7-m/libc.a(lib_a-strcmp.o)
                0x0000000008008144                strcmp
 .text          0x0000000008008158       0x10 /opt/TrueSTUDIO/ARMTools/bin/../lib/gcc/arm-atollic-eabi/6.3.1/../../../../arm-atollic-eabi/lib/armv7-m/libc.a(lib_a-strlen.o)
                0x0000000008008158                strlen
 .text          0x0000000008008168        0x0 /opt/TrueSTUDIO/ARMTools/bin/../lib/gcc/arm-atollic-eabi/6.3.1/../../../../arm-atollic-eabi/lib/armv7-m/libc.a(lib_a-freer.o)
 .text          0x0000000008008168        0x0 /opt/TrueSTUDIO/ARMTools/bin/../lib/gcc/arm-atollic-eabi/6.3.1/../../../../arm-atollic-eabi/lib/armv7-m/libc.a(lib_a-lock.o)
 .text          0x0000000008008168        0x0 /opt/TrueSTUDIO/ARMTools/bin/../lib/gcc/arm-atollic-eabi/6.3.1/../../../../arm-atollic-eabi/lib/armv7-m/libc.a(lib_a-memmove.o)
 .text          0x0000000008008168        0x0 /opt/TrueSTUDIO/ARMTools/bin/../lib/gcc/arm-atollic-eabi/6.3.1/../../../../arm-atollic-eabi/lib/armv7-m/libc.a(lib_a-reent.o)
 .text          0x0000000008008168      0x370 /opt/TrueSTUDIO/ARMTools/bin/../lib/gcc/arm-atollic-eabi/6.3.1/armv7-m/libgcc.a(_arm_addsubdf3.o)
                0x0000000008008168                __aeabi_drsub
                0x0000000008008170                __aeabi_dsub
                0x0000000008008170                __subdf3
                0x0000000008008174                __adddf3
                0x0000000008008174                __aeabi_dadd
                0x00000000080083ec                __aeabi_ui2d
                0x00000000080083ec                __floatunsidf
                0x000000000800840c                __floatsidf
                0x000000000800840c                __aeabi_i2d
                0x0000000008008430                __extendsfdf2
                0x0000000008008430                __aeabi_f2d
                0x000000000800846c                __aeabi_ul2d
                0x000000000800846c                __floatundidf
                0x000000000800847c                __floatdidf
                0x000000000800847c                __aeabi_l2d
 .text          0x00000000080084d8      0x424 /opt/TrueSTUDIO/ARMTools/bin/../lib/gcc/arm-atollic-eabi/6.3.1/armv7-m/libgcc.a(_arm_muldivdf3.o)
                0x00000000080084d8                __aeabi_dmul
                0x00000000080084d8                __muldf3
                0x000000000800872c                __aeabi_ddiv
                0x000000000800872c                __divdf3
 .text          0x00000000080088fc      0x110 /opt/TrueSTUDIO/ARMTools/bin/../lib/gcc/arm-atollic-eabi/6.3.1/armv7-m/libgcc.a(_arm_cmpdf2.o)
                0x00000000080088fc                __gtdf2
                0x00000000080088fc                __gedf2
                0x0000000008008904                __ltdf2
                0x0000000008008904                __ledf2
                0x000000000800890c                __cmpdf2
                0x000000000800890c                __eqdf2
                0x000000000800890c                __nedf2
                0x0000000008008988                __aeabi_cdrcmple
                0x0000000008008998                __aeabi_cdcmple
                0x0000000008008998                __aeabi_cdcmpeq
                0x00000000080089a8                __aeabi_dcmpeq
                0x00000000080089bc                __aeabi_dcmplt
                0x00000000080089d0                __aeabi_dcmple
                0x00000000080089e4                __aeabi_dcmpge
                0x00000000080089f8                __aeabi_dcmpgt
 .text          0x0000000008008a0c       0x2c /opt/TrueSTUDIO/ARMTools/bin/../lib/gcc/arm-atollic-eabi/6.3.1/armv7-m/libgcc.a(_arm_unorddf2.o)
                0x0000000008008a0c                __aeabi_dcmpun
                0x0000000008008a0c                __unorddf2
 .text          0x0000000008008a38       0x50 /opt/TrueSTUDIO/ARMTools/bin/../lib/gcc/arm-atollic-eabi/6.3.1/armv7-m/libgcc.a(_arm_fixdfsi.o)
                0x0000000008008a38                __fixdfsi
                0x0000000008008a38                __aeabi_d2iz
 .text          0x0000000008008a88      0x9dc /opt/TrueSTUDIO/ARMTools/bin/../lib/gcc/arm-atollic-eabi/6.3.1/armv7-m/libgcc.a(unwind-arm.o)
                0x0000000008008d4c                _Unwind_GetCFA
                0x0000000008008d50                __gnu_Unwind_RaiseException
                0x0000000008008db0                __gnu_Unwind_ForcedUnwind
                0x0000000008008dc4                __gnu_Unwind_Resume
                0x0000000008008e08                __gnu_Unwind_Resume_or_Rethrow
                0x0000000008008e1c                _Unwind_Complete
                0x0000000008008e20                _Unwind_DeleteException
                0x0000000008008e2c                _Unwind_VRS_Get
                0x0000000008008e78                _Unwind_VRS_Set
                0x0000000008008ec8                __gnu_Unwind_Backtrace
                0x000000000800920c                __aeabi_unwind_cpp_pr0
                0x0000000008009210                __aeabi_unwind_cpp_pr1
                0x0000000008009214                __aeabi_unwind_cpp_pr2
                0x0000000008009218                _Unwind_VRS_Pop
 .text          0x0000000008009464      0x1ac /opt/TrueSTUDIO/ARMTools/bin/../lib/gcc/arm-atollic-eabi/6.3.1/armv7-m/libgcc.a(libunwind.o)
                0x0000000008009464                __restore_core_regs
                0x0000000008009464                restore_core_regs
                0x000000000800947c                __gnu_Unwind_Restore_VFP
                0x0000000008009484                __gnu_Unwind_Save_VFP
                0x000000000800948c                __gnu_Unwind_Restore_VFP_D
                0x0000000008009494                __gnu_Unwind_Save_VFP_D
                0x000000000800949c                __gnu_Unwind_Restore_VFP_D_16_to_31
                0x00000000080094a4                __gnu_Unwind_Save_VFP_D_16_to_31
                0x00000000080094ac                __gnu_Unwind_Restore_WMMXD
                0x00000000080094f0                __gnu_Unwind_Save_WMMXD
                0x0000000008009534                __gnu_Unwind_Restore_WMMXC
                0x0000000008009548                __gnu_Unwind_Save_WMMXC
                0x000000000800955c                ___Unwind_RaiseException
                0x000000000800955c                _Unwind_RaiseException
                0x0000000008009580                ___Unwind_Resume
                0x0000000008009580                _Unwind_Resume
                0x00000000080095a4                _Unwind_Resume_or_Rethrow
                0x00000000080095a4                ___Unwind_Resume_or_Rethrow
                0x00000000080095c8                ___Unwind_ForcedUnwind
                0x00000000080095c8                _Unwind_ForcedUnwind
                0x00000000080095ec                _Unwind_Backtrace
                0x00000000080095ec                ___Unwind_Backtrace
 .text          0x0000000008009610      0x384 /opt/TrueSTUDIO/ARMTools/bin/../lib/gcc/arm-atollic-eabi/6.3.1/armv7-m/libgcc.a(pr-support.o)
                0x0000000008009668                __gnu_unwind_execute
                0x0000000008009938                __gnu_unwind_frame
                0x0000000008009964                _Unwind_GetRegionStart
                0x0000000008009970                _Unwind_GetLanguageSpecificData
                0x0000000008009984                _Unwind_GetTextRelBase
                0x000000000800998c                _Unwind_GetDataRelBase
 .text          0x0000000008009994        0x0 /opt/TrueSTUDIO/ARMTools/bin/../lib/gcc/arm-atollic-eabi/6.3.1/../../../../arm-atollic-eabi/lib/armv7-m/libc.a(lib_a-abort.o)
 .text          0x0000000008009994        0x0 /opt/TrueSTUDIO/ARMTools/bin/../lib/gcc/arm-atollic-eabi/6.3.1/../../../../arm-atollic-eabi/lib/armv7-m/libc.a(lib_a-signal.o)
 .text          0x0000000008009994        0x0 /opt/TrueSTUDIO/ARMTools/bin/../lib/gcc/arm-atollic-eabi/6.3.1/../../../../arm-atollic-eabi/lib/armv7-m/libc.a(lib_a-signalr.o)
 .text          0x0000000008009994        0x0 /opt/TrueSTUDIO/ARMTools/bin/../lib/gcc/arm-atollic-eabi/6.3.1/../../../../arm-atollic-eabi/lib/armv7-m/libnosys.a(getpid.o)
 .text          0x0000000008009994        0x0 /opt/TrueSTUDIO/ARMTools/bin/../lib/gcc/arm-atollic-eabi/6.3.1/../../../../arm-atollic-eabi/lib/armv7-m/libnosys.a(kill.o)
 .text          0x0000000008009994        0x0 /opt/TrueSTUDIO/ARMTools/bin/../lib/gcc/arm-atollic-eabi/6.3.1/../../../../arm-atollic-eabi/lib/armv7-m/libnosys.a(sbrk.o)
 .text          0x0000000008009994        0x0 /opt/TrueSTUDIO/ARMTools/bin/../lib/gcc/arm-atollic-eabi/6.3.1/../../../../arm-atollic-eabi/lib/armv7-m/libnosys.a(_exit.o)
 .text          0x0000000008009994        0x0 /opt/TrueSTUDIO/ARMTools/bin/../lib/gcc/arm-atollic-eabi/6.3.1/armv7-m/crtend.o
 .text          0x0000000008009994        0x0 /opt/TrueSTUDIO/ARMTools/bin/../lib/gcc/arm-atollic-eabi/6.3.1/armv7-m/crtn.o
 *(.text*)
 .text._ZNK8std_msgs4Time9serializeEPh
                0x0000000008009994       0x24 Core/Src/main.o
                0x0000000008009994                std_msgs::Time::serialize(unsigned char*) const
 .text._ZN8std_msgs4Time11deserializeEPh
                0x00000000080099b8       0x3c Core/Src/main.o
                0x00000000080099b8                std_msgs::Time::deserialize(unsigned char*)
 .text._ZN8std_msgs4Time7getTypeEv
                0x00000000080099f4        0x8 Core/Src/main.o
                0x00000000080099f4                std_msgs::Time::getType()
 .text._ZN8std_msgs4Time6getMD5Ev
                0x00000000080099fc        0x8 Core/Src/main.o
                0x00000000080099fc                std_msgs::Time::getMD5()
 .text._ZN14rosserial_msgs9TopicInfo11deserializeEPh
                0x0000000008009a04       0xca Core/Src/main.o
                0x0000000008009a04                rosserial_msgs::TopicInfo::deserialize(unsigned char*)
 *fill*         0x0000000008009ace        0x2 
 .text._ZN14rosserial_msgs9TopicInfo7getTypeEv
                0x0000000008009ad0        0x8 Core/Src/main.o
                0x0000000008009ad0                rosserial_msgs::TopicInfo::getType()
 .text._ZN14rosserial_msgs9TopicInfo6getMD5Ev
                0x0000000008009ad8        0x8 Core/Src/main.o
                0x0000000008009ad8                rosserial_msgs::TopicInfo::getMD5()
 .text._ZN14rosserial_msgs3Log11deserializeEPh
                0x0000000008009ae0       0x40 Core/Src/main.o
                0x0000000008009ae0                rosserial_msgs::Log::deserialize(unsigned char*)
 .text._ZN14rosserial_msgs3Log7getTypeEv
                0x0000000008009b20        0x8 Core/Src/main.o
                0x0000000008009b20                rosserial_msgs::Log::getType()
 .text._ZN14rosserial_msgs3Log6getMD5Ev
                0x0000000008009b28        0x8 Core/Src/main.o
                0x0000000008009b28                rosserial_msgs::Log::getMD5()
 .text._ZN14rosserial_msgs20RequestParamResponse7getTypeEv
                0x0000000008009b30        0x8 Core/Src/main.o
                0x0000000008009b30                rosserial_msgs::RequestParamResponse::getType()
 .text._ZN14rosserial_msgs20RequestParamResponse6getMD5Ev
                0x0000000008009b38        0x8 Core/Src/main.o
                0x0000000008009b38                rosserial_msgs::RequestParamResponse::getMD5()
 .text._ZNK8std_msgs5Int329serializeEPh
                0x0000000008009b40       0x18 Core/Src/main.o
                0x0000000008009b40                std_msgs::Int32::serialize(unsigned char*) const
 .text._ZN8std_msgs5Int3211deserializeEPh
                0x0000000008009b58       0x1a Core/Src/main.o
                0x0000000008009b58                std_msgs::Int32::deserialize(unsigned char*)
 *fill*         0x0000000008009b72        0x2 
 .text._ZN8std_msgs5Int327getTypeEv
                0x0000000008009b74        0x8 Core/Src/main.o
                0x0000000008009b74                std_msgs::Int32::getType()
 .text._ZN8std_msgs5Int326getMD5Ev
                0x0000000008009b7c        0x8 Core/Src/main.o
                0x0000000008009b7c                std_msgs::Int32::getMD5()
 .text._ZN8std_msgs19MultiArrayDimension11deserializeEPh
                0x0000000008009b84       0x88 Core/Src/main.o
                0x0000000008009b84                std_msgs::MultiArrayDimension::deserialize(unsigned char*)
 .text._ZN8std_msgs19MultiArrayDimension7getTypeEv
                0x0000000008009c0c        0x8 Core/Src/main.o
                0x0000000008009c0c                std_msgs::MultiArrayDimension::getType()
 .text._ZN8std_msgs19MultiArrayDimension6getMD5Ev
                0x0000000008009c14        0x8 Core/Src/main.o
                0x0000000008009c14                std_msgs::MultiArrayDimension::getMD5()
 .text._ZNK8std_msgs16MultiArrayLayout9serializeEPh
                0x0000000008009c1c       0x4e Core/Src/main.o
                0x0000000008009c1c                std_msgs::MultiArrayLayout::serialize(unsigned char*) const
 *fill*         0x0000000008009c6a        0x2 
 .text._ZN8std_msgs16MultiArrayLayout7getTypeEv
                0x0000000008009c6c        0x8 Core/Src/main.o
                0x0000000008009c6c                std_msgs::MultiArrayLayout::getType()
 .text._ZN8std_msgs16MultiArrayLayout6getMD5Ev
                0x0000000008009c74        0x8 Core/Src/main.o
                0x0000000008009c74                std_msgs::MultiArrayLayout::getMD5()
 .text._ZN8std_msgs17Float32MultiArray7getTypeEv
                0x0000000008009c7c        0x8 Core/Src/main.o
                0x0000000008009c7c                std_msgs::Float32MultiArray::getType()
 .text._ZN8std_msgs17Float32MultiArray6getMD5Ev
                0x0000000008009c84        0x8 Core/Src/main.o
                0x0000000008009c84                std_msgs::Float32MultiArray::getMD5()
 .text._ZNK8std_msgs4Bool9serializeEPh
                0x0000000008009c8c        0x8 Core/Src/main.o
                0x0000000008009c8c                std_msgs::Bool::serialize(unsigned char*) const
 .text._ZN8std_msgs4Bool11deserializeEPh
                0x0000000008009c94        0x8 Core/Src/main.o
                0x0000000008009c94                std_msgs::Bool::deserialize(unsigned char*)
 .text._ZN8std_msgs4Bool7getTypeEv
                0x0000000008009c9c        0x8 Core/Src/main.o
                0x0000000008009c9c                std_msgs::Bool::getType()
 .text._ZN8std_msgs4Bool6getMD5Ev
                0x0000000008009ca4        0x8 Core/Src/main.o
                0x0000000008009ca4                std_msgs::Bool::getMD5()
 .text._ZNK8std_msgs6UInt169serializeEPh
                0x0000000008009cac        0xe Core/Src/main.o
                0x0000000008009cac                std_msgs::UInt16::serialize(unsigned char*) const
 .text._ZN8std_msgs6UInt1611deserializeEPh
                0x0000000008009cba       0x10 Core/Src/main.o
                0x0000000008009cba                std_msgs::UInt16::deserialize(unsigned char*)
 *fill*         0x0000000008009cca        0x2 
 .text._ZN8std_msgs6UInt167getTypeEv
                0x0000000008009ccc        0x8 Core/Src/main.o
                0x0000000008009ccc                std_msgs::UInt16::getType()
 .text._ZN8std_msgs6UInt166getMD5Ev
                0x0000000008009cd4        0x8 Core/Src/main.o
                0x0000000008009cd4                std_msgs::UInt16::getMD5()
 .text._ZN3ros11NodeHandle_I13STM32HardwareLi25ELi25ELi1024ELi1024EE9connectedEv
                0x0000000008009cdc        0x6 Core/Src/main.o
                0x0000000008009cdc                ros::NodeHandle_<STM32Hardware, 25, 25, 1024, 1024>::connected()
 .text._ZN3ros10SubscriberIN8std_msgs17Float32MultiArrayEvE15getEndpointTypeEv
                0x0000000008009ce2        0x4 Core/Src/main.o
                0x0000000008009ce2                ros::Subscriber<std_msgs::Float32MultiArray, void>::getEndpointType()
 *fill*         0x0000000008009ce6        0x2 
 .text._ZN3ros10SubscriberIN8std_msgs17Float32MultiArrayEvE10getMsgTypeEv
                0x0000000008009ce8        0x8 Core/Src/main.o
                0x0000000008009ce8                ros::Subscriber<std_msgs::Float32MultiArray, void>::getMsgType()
 .text._ZN3ros10SubscriberIN8std_msgs17Float32MultiArrayEvE9getMsgMD5Ev
                0x0000000008009cf0        0x8 Core/Src/main.o
                0x0000000008009cf0                ros::Subscriber<std_msgs::Float32MultiArray, void>::getMsgMD5()
 .text._ZN3ros10SubscriberIN8std_msgs5Int32EvE8callbackEPh
                0x0000000008009cf8       0x20 Core/Src/main.o
                0x0000000008009cf8                ros::Subscriber<std_msgs::Int32, void>::callback(unsigned char*)
 .text._ZN3ros10SubscriberIN8std_msgs5Int32EvE15getEndpointTypeEv
                0x0000000008009d18        0x4 Core/Src/main.o
                0x0000000008009d18                ros::Subscriber<std_msgs::Int32, void>::getEndpointType()
 .text._ZN3ros10SubscriberIN8std_msgs5Int32EvE10getMsgTypeEv
                0x0000000008009d1c        0x8 Core/Src/main.o
                0x0000000008009d1c                ros::Subscriber<std_msgs::Int32, void>::getMsgType()
 .text._ZN3ros10SubscriberIN8std_msgs5Int32EvE9getMsgMD5Ev
                0x0000000008009d24        0x8 Core/Src/main.o
                0x0000000008009d24                ros::Subscriber<std_msgs::Int32, void>::getMsgMD5()
 .text._ZN3ros10SubscriberIN8std_msgs4BoolEvE8callbackEPh
                0x0000000008009d2c        0xe Core/Src/main.o
                0x0000000008009d2c                ros::Subscriber<std_msgs::Bool, void>::callback(unsigned char*)
 .text._ZN3ros10SubscriberIN8std_msgs4BoolEvE15getEndpointTypeEv
                0x0000000008009d3a        0x4 Core/Src/main.o
                0x0000000008009d3a                ros::Subscriber<std_msgs::Bool, void>::getEndpointType()
 *fill*         0x0000000008009d3e        0x2 
 .text._ZN3ros10SubscriberIN8std_msgs4BoolEvE10getMsgTypeEv
                0x0000000008009d40        0x8 Core/Src/main.o
                0x0000000008009d40                ros::Subscriber<std_msgs::Bool, void>::getMsgType()
 .text._ZN3ros10SubscriberIN8std_msgs4BoolEvE9getMsgMD5Ev
                0x0000000008009d48        0x8 Core/Src/main.o
                0x0000000008009d48                ros::Subscriber<std_msgs::Bool, void>::getMsgMD5()
 .text._ZNK14rosserial_msgs9TopicInfo9serializeEPh
                0x0000000008009d50       0xaa Core/Src/main.o
                0x0000000008009d50                rosserial_msgs::TopicInfo::serialize(unsigned char*) const
 .text._ZNK14rosserial_msgs3Log9serializeEPh
                0x0000000008009dfa       0x34 Core/Src/main.o
                0x0000000008009dfa                rosserial_msgs::Log::serialize(unsigned char*) const
 .text._ZNK14rosserial_msgs20RequestParamResponse9serializeEPh
                0x0000000008009e2e       0xf0 Core/Src/main.o
                0x0000000008009e2e                rosserial_msgs::RequestParamResponse::serialize(unsigned char*) const
 .text._ZNK8std_msgs19MultiArrayDimension9serializeEPh
                0x0000000008009f1e       0x68 Core/Src/main.o
                0x0000000008009f1e                std_msgs::MultiArrayDimension::serialize(unsigned char*) const
 .text._ZN14rosserial_msgs20RequestParamResponse11deserializeEPh
                0x0000000008009f86      0x144 Core/Src/main.o
                0x0000000008009f86                rosserial_msgs::RequestParamResponse::deserialize(unsigned char*)
 *fill*         0x000000000800a0ca        0x2 
 .text._ZN3ros11NodeHandle_I13STM32HardwareLi25ELi25ELi1024ELi1024EE7publishEiPKNS_3MsgE
                0x000000000800a0cc       0xf0 Core/Src/main.o
                0x000000000800a0cc                ros::NodeHandle_<STM32Hardware, 25, 25, 1024, 1024>::publish(int, ros::Msg const*)
 .text._ZN8std_msgs16MultiArrayLayout11deserializeEPh
                0x000000000800a1bc      0x128 Core/Src/main.o
                0x000000000800a1bc                std_msgs::MultiArrayLayout::deserialize(unsigned char*)
 .text._ZNK8std_msgs17Float32MultiArray9serializeEPh
                0x000000000800a2e4       0xb6 Core/Src/main.o
                0x000000000800a2e4                std_msgs::Float32MultiArray::serialize(unsigned char*) const
 .text._ZN3ros10SubscriberIN8std_msgs17Float32MultiArrayEvE8callbackEPh
                0x000000000800a39a      0x1c4 Core/Src/main.o
                0x000000000800a39a                ros::Subscriber<std_msgs::Float32MultiArray, void>::callback(unsigned char*)
 .text._ZN8std_msgs17Float32MultiArray11deserializeEPh
                0x000000000800a55e      0x1a2 Core/Src/main.o
                0x000000000800a55e                std_msgs::Float32MultiArray::deserialize(unsigned char*)
 .text._ZN3ros11NodeHandle_I13STM32HardwareLi25ELi25ELi1024ELi1024EE8spinOnceEv
                0x000000000800a700      0x568 Core/Src/main.o
                0x000000000800a700                ros::NodeHandle_<STM32Hardware, 25, 25, 1024, 1024>::spinOnce()
 .text.Reset_Handler
                0x000000000800ac68       0x48 startup/startup_stm32f103xb.o
                0x000000000800ac68                Reset_Handler
 .text.Default_Handler
                0x000000000800acb0        0x2 startup/startup_stm32f103xb.o
                0x000000000800acb0                RTC_Alarm_IRQHandler
                0x000000000800acb0                EXTI2_IRQHandler
                0x000000000800acb0                TIM1_CC_IRQHandler
                0x000000000800acb0                PVD_IRQHandler
                0x000000000800acb0                EXTI0_IRQHandler
                0x000000000800acb0                I2C2_EV_IRQHandler
                0x000000000800acb0                ADC1_2_IRQHandler
                0x000000000800acb0                SPI1_IRQHandler
                0x000000000800acb0                TAMPER_IRQHandler
                0x000000000800acb0                USART3_IRQHandler
                0x000000000800acb0                RTC_IRQHandler
                0x000000000800acb0                DMA1_Channel7_IRQHandler
                0x000000000800acb0                CAN1_RX1_IRQHandler
                0x000000000800acb0                I2C1_EV_IRQHandler
                0x000000000800acb0                DMA1_Channel6_IRQHandler
                0x000000000800acb0                RCC_IRQHandler
                0x000000000800acb0                TIM1_TRG_COM_IRQHandler
                0x000000000800acb0                DMA1_Channel1_IRQHandler
                0x000000000800acb0                Default_Handler
                0x000000000800acb0                EXTI15_10_IRQHandler
                0x000000000800acb0                EXTI9_5_IRQHandler
                0x000000000800acb0                SPI2_IRQHandler
                0x000000000800acb0                USB_LP_CAN1_RX0_IRQHandler
                0x000000000800acb0                USB_HP_CAN1_TX_IRQHandler
                0x000000000800acb0                DMA1_Channel3_IRQHandler
                0x000000000800acb0                TIM1_UP_IRQHandler
                0x000000000800acb0                WWDG_IRQHandler
                0x000000000800acb0                TIM2_IRQHandler
                0x000000000800acb0                TIM1_BRK_IRQHandler
                0x000000000800acb0                EXTI1_IRQHandler
                0x000000000800acb0                USART2_IRQHandler
                0x000000000800acb0                I2C2_ER_IRQHandler
                0x000000000800acb0                DMA1_Channel2_IRQHandler
                0x000000000800acb0                CAN1_SCE_IRQHandler
                0x000000000800acb0                FLASH_IRQHandler
                0x000000000800acb0                I2C1_ER_IRQHandler
                0x000000000800acb0                USBWakeUp_IRQHandler
 *fill*         0x000000000800acb2        0x2 
 .text._ZN10__cxxabiv120__si_class_type_infoD2Ev
                0x000000000800acb4       0x14 /opt/TrueSTUDIO/ARMTools/bin/../lib/gcc/arm-atollic-eabi/6.3.1/../../../../arm-atollic-eabi/lib/armv7-m/libstdc++.a(si_class_type_info.o)
                0x000000000800acb4                __cxxabiv1::__si_class_type_info::~__si_class_type_info()
                0x000000000800acb4                __cxxabiv1::__si_class_type_info::~__si_class_type_info()
 .text._ZN10__cxxabiv120__si_class_type_infoD0Ev
                0x000000000800acc8       0x1c /opt/TrueSTUDIO/ARMTools/bin/../lib/gcc/arm-atollic-eabi/6.3.1/../../../../arm-atollic-eabi/lib/armv7-m/libstdc++.a(si_class_type_info.o)
                0x000000000800acc8                __cxxabiv1::__si_class_type_info::~__si_class_type_info()
 .text._ZNK10__cxxabiv120__si_class_type_info20__do_find_public_srcEiPKvPKNS_17__class_type_infoES2_
                0x000000000800ace4       0x3c /opt/TrueSTUDIO/ARMTools/bin/../lib/gcc/arm-atollic-eabi/6.3.1/../../../../arm-atollic-eabi/lib/armv7-m/libstdc++.a(si_class_type_info.o)
                0x000000000800ace4                __cxxabiv1::__si_class_type_info::__do_find_public_src(int, void const*, __cxxabiv1::__class_type_info const*, void const*) const
 .text._ZNK10__cxxabiv120__si_class_type_info12__do_dyncastEiNS_17__class_type_info10__sub_kindEPKS1_PKvS4_S6_RNS1_16__dyncast_resultE
                0x000000000800ad20       0x98 /opt/TrueSTUDIO/ARMTools/bin/../lib/gcc/arm-atollic-eabi/6.3.1/../../../../arm-atollic-eabi/lib/armv7-m/libstdc++.a(si_class_type_info.o)
                0x000000000800ad20                __cxxabiv1::__si_class_type_info::__do_dyncast(int, __cxxabiv1::__class_type_info::__sub_kind, __cxxabiv1::__class_type_info const*, void const*, __cxxabiv1::__class_type_info const*, void const*, __cxxabiv1::__class_type_info::__dyncast_result&) const
 .text._ZNK10__cxxabiv120__si_class_type_info11__do_upcastEPKNS_17__class_type_infoEPKvRNS1_15__upcast_resultE
                0x000000000800adb8       0x2c /opt/TrueSTUDIO/ARMTools/bin/../lib/gcc/arm-atollic-eabi/6.3.1/../../../../arm-atollic-eabi/lib/armv7-m/libstdc++.a(si_class_type_info.o)
                0x000000000800adb8                __cxxabiv1::__si_class_type_info::__do_upcast(__cxxabiv1::__class_type_info const*, void const*, __cxxabiv1::__class_type_info::__upcast_result&) const
 .text._ZdlPvj  0x000000000800ade4        0x4 /opt/TrueSTUDIO/ARMTools/bin/../lib/gcc/arm-atollic-eabi/6.3.1/../../../../arm-atollic-eabi/lib/armv7-m/libstdc++.a(del_ops.o)
                0x000000000800ade4                operator delete(void*, unsigned int)
 .text._ZNK10__cxxabiv117__class_type_info11__do_upcastEPKS0_PPv
                0x000000000800ade8       0x38 /opt/TrueSTUDIO/ARMTools/bin/../lib/gcc/arm-atollic-eabi/6.3.1/../../../../arm-atollic-eabi/lib/armv7-m/libstdc++.a(class_type_info.o)
                0x000000000800ade8                __cxxabiv1::__class_type_info::__do_upcast(__cxxabiv1::__class_type_info const*, void**) const
 .text._ZNK10__cxxabiv117__class_type_info20__do_find_public_srcEiPKvPKS0_S2_
                0x000000000800ae20        0xc /opt/TrueSTUDIO/ARMTools/bin/../lib/gcc/arm-atollic-eabi/6.3.1/../../../../arm-atollic-eabi/lib/armv7-m/libstdc++.a(class_type_info.o)
                0x000000000800ae20                __cxxabiv1::__class_type_info::__do_find_public_src(int, void const*, __cxxabiv1::__class_type_info const*, void const*) const
 .text._ZN10__cxxabiv117__class_type_infoD2Ev
                0x000000000800ae2c       0x14 /opt/TrueSTUDIO/ARMTools/bin/../lib/gcc/arm-atollic-eabi/6.3.1/../../../../arm-atollic-eabi/lib/armv7-m/libstdc++.a(class_type_info.o)
                0x000000000800ae2c                __cxxabiv1::__class_type_info::~__class_type_info()
                0x000000000800ae2c                __cxxabiv1::__class_type_info::~__class_type_info()
 .text._ZN10__cxxabiv117__class_type_infoD0Ev
                0x000000000800ae40       0x1c /opt/TrueSTUDIO/ARMTools/bin/../lib/gcc/arm-atollic-eabi/6.3.1/../../../../arm-atollic-eabi/lib/armv7-m/libstdc++.a(class_type_info.o)
                0x000000000800ae40                __cxxabiv1::__class_type_info::~__class_type_info()
 .text._ZNK10__cxxabiv117__class_type_info11__do_upcastEPKS0_PKvRNS0_15__upcast_resultE
                0x000000000800ae5c       0x18 /opt/TrueSTUDIO/ARMTools/bin/../lib/gcc/arm-atollic-eabi/6.3.1/../../../../arm-atollic-eabi/lib/armv7-m/libstdc++.a(class_type_info.o)
                0x000000000800ae5c                __cxxabiv1::__class_type_info::__do_upcast(__cxxabiv1::__class_type_info const*, void const*, __cxxabiv1::__class_type_info::__upcast_result&) const
 .text._ZNK10__cxxabiv117__class_type_info10__do_catchEPKSt9type_infoPPvj
                0x000000000800ae74       0x2c /opt/TrueSTUDIO/ARMTools/bin/../lib/gcc/arm-atollic-eabi/6.3.1/../../../../arm-atollic-eabi/lib/armv7-m/libstdc++.a(class_type_info.o)
                0x000000000800ae74                __cxxabiv1::__class_type_info::__do_catch(std::type_info const*, void**, unsigned int) const
 .text._ZNK10__cxxabiv117__class_type_info12__do_dyncastEiNS0_10__sub_kindEPKS0_PKvS3_S5_RNS0_16__dyncast_resultE
                0x000000000800aea0       0x40 /opt/TrueSTUDIO/ARMTools/bin/../lib/gcc/arm-atollic-eabi/6.3.1/../../../../arm-atollic-eabi/lib/armv7-m/libstdc++.a(class_type_info.o)
                0x000000000800aea0                __cxxabiv1::__class_type_info::__do_dyncast(int, __cxxabiv1::__class_type_info::__sub_kind, __cxxabiv1::__class_type_info const*, void const*, __cxxabiv1::__class_type_info const*, void const*, __cxxabiv1::__class_type_info::__dyncast_result&) const
 .text._ZNSt9type_infoD2Ev
                0x000000000800aee0        0x4 /opt/TrueSTUDIO/ARMTools/bin/../lib/gcc/arm-atollic-eabi/6.3.1/../../../../arm-atollic-eabi/lib/armv7-m/libstdc++.a(tinfo.o)
                0x000000000800aee0                std::type_info::~type_info()
                0x000000000800aee0                std::type_info::~type_info()
 .text._ZNKSt9type_info15__is_function_pEv
                0x000000000800aee4        0x4 /opt/TrueSTUDIO/ARMTools/bin/../lib/gcc/arm-atollic-eabi/6.3.1/../../../../arm-atollic-eabi/lib/armv7-m/libstdc++.a(tinfo.o)
                0x000000000800aee4                std::type_info::__is_function_p() const
                0x000000000800aee4                std::type_info::__is_pointer_p() const
 .text._ZNKSt9type_info11__do_upcastEPKN10__cxxabiv117__class_type_infoEPPv
                0x000000000800aee8        0x4 /opt/TrueSTUDIO/ARMTools/bin/../lib/gcc/arm-atollic-eabi/6.3.1/../../../../arm-atollic-eabi/lib/armv7-m/libstdc++.a(tinfo.o)
                0x000000000800aee8                std::type_info::__do_upcast(__cxxabiv1::__class_type_info const*, void**) const
 .text._ZNSt9type_infoD0Ev
                0x000000000800aeec       0x10 /opt/TrueSTUDIO/ARMTools/bin/../lib/gcc/arm-atollic-eabi/6.3.1/../../../../arm-atollic-eabi/lib/armv7-m/libstdc++.a(tinfo.o)
                0x000000000800aeec                std::type_info::~type_info()
 .text._ZNKSt9type_infoeqERKS_
                0x000000000800aefc       0x2c /opt/TrueSTUDIO/ARMTools/bin/../lib/gcc/arm-atollic-eabi/6.3.1/../../../../arm-atollic-eabi/lib/armv7-m/libstdc++.a(tinfo.o)
                0x000000000800aefc                std::type_info::operator==(std::type_info const&) const
 .text._ZNKSt9type_info10__do_catchEPKS_PPvj
                0x000000000800af28        0x4 /opt/TrueSTUDIO/ARMTools/bin/../lib/gcc/arm-atollic-eabi/6.3.1/../../../../arm-atollic-eabi/lib/armv7-m/libstdc++.a(tinfo.o)
                0x000000000800af28                std::type_info::__do_catch(std::type_info const*, void**, unsigned int) const
 .text._ZdlPv   0x000000000800af2c        0x4 /opt/TrueSTUDIO/ARMTools/bin/../lib/gcc/arm-atollic-eabi/6.3.1/../../../../arm-atollic-eabi/lib/armv7-m/libstdc++.a(del_op.o)
                0x000000000800af2c                operator delete(void*)
 .text.sqrt     0x000000000800af30       0xa8 /opt/TrueSTUDIO/ARMTools/bin/../lib/gcc/arm-atollic-eabi/6.3.1/../../../../arm-atollic-eabi/lib/armv7-m/libm.a(lib_a-w_sqrt.o)
                0x000000000800af30                sqrt
 .text.__ieee754_sqrt
                0x000000000800afd8      0x158 /opt/TrueSTUDIO/ARMTools/bin/../lib/gcc/arm-atollic-eabi/6.3.1/../../../../arm-atollic-eabi/lib/armv7-m/libm.a(lib_a-e_sqrt.o)
                0x000000000800afd8                __ieee754_sqrt
 .text.matherr  0x000000000800b130        0x4 /opt/TrueSTUDIO/ARMTools/bin/../lib/gcc/arm-atollic-eabi/6.3.1/../../../../arm-atollic-eabi/lib/armv7-m/libm.a(lib_a-s_matherr.o)
                0x000000000800b130                matherr
 .text.__errno  0x000000000800b134        0xc /opt/TrueSTUDIO/ARMTools/bin/../lib/gcc/arm-atollic-eabi/6.3.1/../../../../arm-atollic-eabi/lib/armv7-m/libc.a(lib_a-errno.o)
                0x000000000800b134                __errno
 .text.__libc_init_array
                0x000000000800b140       0x48 /opt/TrueSTUDIO/ARMTools/bin/../lib/gcc/arm-atollic-eabi/6.3.1/../../../../arm-atollic-eabi/lib/armv7-m/libc.a(lib_a-init.o)
                0x000000000800b140                __libc_init_array
 .text.malloc   0x000000000800b188       0x10 /opt/TrueSTUDIO/ARMTools/bin/../lib/gcc/arm-atollic-eabi/6.3.1/../../../../arm-atollic-eabi/lib/armv7-m/libc.a(lib_a-malloc.o)
                0x000000000800b188                malloc
 .text.free     0x000000000800b198       0x10 /opt/TrueSTUDIO/ARMTools/bin/../lib/gcc/arm-atollic-eabi/6.3.1/../../../../arm-atollic-eabi/lib/armv7-m/libc.a(lib_a-malloc.o)
                0x000000000800b198                free
 .text._malloc_r
                0x000000000800b1a8      0x418 /opt/TrueSTUDIO/ARMTools/bin/../lib/gcc/arm-atollic-eabi/6.3.1/../../../../arm-atollic-eabi/lib/armv7-m/libc.a(lib_a-mallocr.o)
                0x000000000800b1a8                _malloc_r
 .text.memcpy   0x000000000800b5c0       0x16 /opt/TrueSTUDIO/ARMTools/bin/../lib/gcc/arm-atollic-eabi/6.3.1/../../../../arm-atollic-eabi/lib/armv7-m/libc.a(lib_a-memcpy-stub.o)
                0x000000000800b5c0                memcpy
 .text.memset   0x000000000800b5d6       0x10 /opt/TrueSTUDIO/ARMTools/bin/../lib/gcc/arm-atollic-eabi/6.3.1/../../../../arm-atollic-eabi/lib/armv7-m/libc.a(lib_a-memset.o)
                0x000000000800b5d6                memset
 *fill*         0x000000000800b5e6        0x2 
 .text.__malloc_lock
                0x000000000800b5e8        0xc /opt/TrueSTUDIO/ARMTools/bin/../lib/gcc/arm-atollic-eabi/6.3.1/../../../../arm-atollic-eabi/lib/armv7-m/libc.a(lib_a-mlock.o)
                0x000000000800b5e8                __malloc_lock
 .text.__malloc_unlock
                0x000000000800b5f4        0xc /opt/TrueSTUDIO/ARMTools/bin/../lib/gcc/arm-atollic-eabi/6.3.1/../../../../arm-atollic-eabi/lib/armv7-m/libc.a(lib_a-mlock.o)
                0x000000000800b5f4                __malloc_unlock
 .text.realloc  0x000000000800b600       0x10 /opt/TrueSTUDIO/ARMTools/bin/../lib/gcc/arm-atollic-eabi/6.3.1/../../../../arm-atollic-eabi/lib/armv7-m/libc.a(lib_a-realloc.o)
                0x000000000800b600                realloc
 .text._realloc_r
                0x000000000800b610      0x304 /opt/TrueSTUDIO/ARMTools/bin/../lib/gcc/arm-atollic-eabi/6.3.1/../../../../arm-atollic-eabi/lib/armv7-m/libc.a(lib_a-reallocr.o)
                0x000000000800b610                _realloc_r
 .text._sbrk_r  0x000000000800b914       0x20 /opt/TrueSTUDIO/ARMTools/bin/../lib/gcc/arm-atollic-eabi/6.3.1/../../../../arm-atollic-eabi/lib/armv7-m/libc.a(lib_a-sbrkr.o)
                0x000000000800b914                _sbrk_r
 .text._malloc_trim_r
                0x000000000800b934       0xac /opt/TrueSTUDIO/ARMTools/bin/../lib/gcc/arm-atollic-eabi/6.3.1/../../../../arm-atollic-eabi/lib/armv7-m/libc.a(lib_a-freer.o)
                0x000000000800b934                _malloc_trim_r
 .text._free_r  0x000000000800b9e0      0x178 /opt/TrueSTUDIO/ARMTools/bin/../lib/gcc/arm-atollic-eabi/6.3.1/../../../../arm-atollic-eabi/lib/armv7-m/libc.a(lib_a-freer.o)
                0x000000000800b9e0                _free_r
 .text.__retarget_lock_init
                0x000000000800bb58        0x2 /opt/TrueSTUDIO/ARMTools/bin/../lib/gcc/arm-atollic-eabi/6.3.1/../../../../arm-atollic-eabi/lib/armv7-m/libc.a(lib_a-lock.o)
                0x000000000800bb58                __retarget_lock_init
 .text.__retarget_lock_init_recursive
                0x000000000800bb5a        0x2 /opt/TrueSTUDIO/ARMTools/bin/../lib/gcc/arm-atollic-eabi/6.3.1/../../../../arm-atollic-eabi/lib/armv7-m/libc.a(lib_a-lock.o)
                0x000000000800bb5a                __retarget_lock_init_recursive
 .text.__retarget_lock_close
                0x000000000800bb5c        0x2 /opt/TrueSTUDIO/ARMTools/bin/../lib/gcc/arm-atollic-eabi/6.3.1/../../../../arm-atollic-eabi/lib/armv7-m/libc.a(lib_a-lock.o)
                0x000000000800bb5c                __retarget_lock_close
 .text.__retarget_lock_close_recursive
                0x000000000800bb5e        0x2 /opt/TrueSTUDIO/ARMTools/bin/../lib/gcc/arm-atollic-eabi/6.3.1/../../../../arm-atollic-eabi/lib/armv7-m/libc.a(lib_a-lock.o)
                0x000000000800bb5e                __retarget_lock_close_recursive
 .text.__retarget_lock_acquire
                0x000000000800bb60        0x2 /opt/TrueSTUDIO/ARMTools/bin/../lib/gcc/arm-atollic-eabi/6.3.1/../../../../arm-atollic-eabi/lib/armv7-m/libc.a(lib_a-lock.o)
                0x000000000800bb60                __retarget_lock_acquire
 .text.__retarget_lock_acquire_recursive
                0x000000000800bb62        0x2 /opt/TrueSTUDIO/ARMTools/bin/../lib/gcc/arm-atollic-eabi/6.3.1/../../../../arm-atollic-eabi/lib/armv7-m/libc.a(lib_a-lock.o)
                0x000000000800bb62                __retarget_lock_acquire_recursive
 .text.__retarget_lock_try_acquire
                0x000000000800bb64        0x4 /opt/TrueSTUDIO/ARMTools/bin/../lib/gcc/arm-atollic-eabi/6.3.1/../../../../arm-atollic-eabi/lib/armv7-m/libc.a(lib_a-lock.o)
                0x000000000800bb64                __retarget_lock_try_acquire
 .text.__retarget_lock_try_acquire_recursive
                0x000000000800bb68        0x4 /opt/TrueSTUDIO/ARMTools/bin/../lib/gcc/arm-atollic-eabi/6.3.1/../../../../arm-atollic-eabi/lib/armv7-m/libc.a(lib_a-lock.o)
                0x000000000800bb68                __retarget_lock_try_acquire_recursive
 .text.__retarget_lock_release
                0x000000000800bb6c        0x2 /opt/TrueSTUDIO/ARMTools/bin/../lib/gcc/arm-atollic-eabi/6.3.1/../../../../arm-atollic-eabi/lib/armv7-m/libc.a(lib_a-lock.o)
                0x000000000800bb6c                __retarget_lock_release
 .text.__retarget_lock_release_recursive
                0x000000000800bb6e        0x2 /opt/TrueSTUDIO/ARMTools/bin/../lib/gcc/arm-atollic-eabi/6.3.1/../../../../arm-atollic-eabi/lib/armv7-m/libc.a(lib_a-lock.o)
                0x000000000800bb6e                __retarget_lock_release_recursive
 .text.memmove  0x000000000800bb70       0x34 /opt/TrueSTUDIO/ARMTools/bin/../lib/gcc/arm-atollic-eabi/6.3.1/../../../../arm-atollic-eabi/lib/armv7-m/libc.a(lib_a-memmove.o)
                0x000000000800bb70                memmove
 .text.cleanup_glue
                0x000000000800bba4       0x1a /opt/TrueSTUDIO/ARMTools/bin/../lib/gcc/arm-atollic-eabi/6.3.1/../../../../arm-atollic-eabi/lib/armv7-m/libc.a(lib_a-reent.o)
                0x000000000800bba4                cleanup_glue
 *fill*         0x000000000800bbbe        0x2 
 .text._reclaim_reent
                0x000000000800bbc0       0xcc /opt/TrueSTUDIO/ARMTools/bin/../lib/gcc/arm-atollic-eabi/6.3.1/../../../../arm-atollic-eabi/lib/armv7-m/libc.a(lib_a-reent.o)
                0x000000000800bbc0                _reclaim_reent
 .text.abort    0x000000000800bc8c        0xe /opt/TrueSTUDIO/ARMTools/bin/../lib/gcc/arm-atollic-eabi/6.3.1/../../../../arm-atollic-eabi/lib/armv7-m/libc.a(lib_a-abort.o)
                0x000000000800bc8c                abort
 .text._init_signal_r
                0x000000000800bc9a       0x2a /opt/TrueSTUDIO/ARMTools/bin/../lib/gcc/arm-atollic-eabi/6.3.1/../../../../arm-atollic-eabi/lib/armv7-m/libc.a(lib_a-signal.o)
                0x000000000800bc9a                _init_signal_r
 .text._signal_r
                0x000000000800bcc4       0x30 /opt/TrueSTUDIO/ARMTools/bin/../lib/gcc/arm-atollic-eabi/6.3.1/../../../../arm-atollic-eabi/lib/armv7-m/libc.a(lib_a-signal.o)
                0x000000000800bcc4                _signal_r
 .text._raise_r
                0x000000000800bcf4       0x50 /opt/TrueSTUDIO/ARMTools/bin/../lib/gcc/arm-atollic-eabi/6.3.1/../../../../arm-atollic-eabi/lib/armv7-m/libc.a(lib_a-signal.o)
                0x000000000800bcf4                _raise_r
 .text.__sigtramp_r
                0x000000000800bd44       0x48 /opt/TrueSTUDIO/ARMTools/bin/../lib/gcc/arm-atollic-eabi/6.3.1/../../../../arm-atollic-eabi/lib/armv7-m/libc.a(lib_a-signal.o)
                0x000000000800bd44                __sigtramp_r
 .text.raise    0x000000000800bd8c       0x10 /opt/TrueSTUDIO/ARMTools/bin/../lib/gcc/arm-atollic-eabi/6.3.1/../../../../arm-atollic-eabi/lib/armv7-m/libc.a(lib_a-signal.o)
                0x000000000800bd8c                raise
 .text.signal   0x000000000800bd9c       0x10 /opt/TrueSTUDIO/ARMTools/bin/../lib/gcc/arm-atollic-eabi/6.3.1/../../../../arm-atollic-eabi/lib/armv7-m/libc.a(lib_a-signal.o)
                0x000000000800bd9c                signal
 .text._init_signal
                0x000000000800bdac        0xc /opt/TrueSTUDIO/ARMTools/bin/../lib/gcc/arm-atollic-eabi/6.3.1/../../../../arm-atollic-eabi/lib/armv7-m/libc.a(lib_a-signal.o)
                0x000000000800bdac                _init_signal
 .text.__sigtramp
                0x000000000800bdb8       0x10 /opt/TrueSTUDIO/ARMTools/bin/../lib/gcc/arm-atollic-eabi/6.3.1/../../../../arm-atollic-eabi/lib/armv7-m/libc.a(lib_a-signal.o)
                0x000000000800bdb8                __sigtramp
 .text._kill_r  0x000000000800bdc8       0x24 /opt/TrueSTUDIO/ARMTools/bin/../lib/gcc/arm-atollic-eabi/6.3.1/../../../../arm-atollic-eabi/lib/armv7-m/libc.a(lib_a-signalr.o)
                0x000000000800bdc8                _kill_r
 .text._getpid_r
                0x000000000800bdec        0x4 /opt/TrueSTUDIO/ARMTools/bin/../lib/gcc/arm-atollic-eabi/6.3.1/../../../../arm-atollic-eabi/lib/armv7-m/libc.a(lib_a-signalr.o)
                0x000000000800bdec                _getpid_r
 .text._getpid  0x000000000800bdf0       0x10 /opt/TrueSTUDIO/ARMTools/bin/../lib/gcc/arm-atollic-eabi/6.3.1/../../../../arm-atollic-eabi/lib/armv7-m/libnosys.a(getpid.o)
                0x000000000800bdf0                _getpid
 .text._kill    0x000000000800be00       0x10 /opt/TrueSTUDIO/ARMTools/bin/../lib/gcc/arm-atollic-eabi/6.3.1/../../../../arm-atollic-eabi/lib/armv7-m/libnosys.a(kill.o)
                0x000000000800be00                _kill
 .text._sbrk    0x000000000800be10       0x1c /opt/TrueSTUDIO/ARMTools/bin/../lib/gcc/arm-atollic-eabi/6.3.1/../../../../arm-atollic-eabi/lib/armv7-m/libnosys.a(sbrk.o)
                0x000000000800be10                _sbrk
 .text._exit    0x000000000800be2c        0x2 /opt/TrueSTUDIO/ARMTools/bin/../lib/gcc/arm-atollic-eabi/6.3.1/../../../../arm-atollic-eabi/lib/armv7-m/libnosys.a(_exit.o)
                0x000000000800be2c                _exit
 *(.glue_7)
 .glue_7        0x000000000800be2e        0x0 linker stubs
 *(.glue_7t)
 .glue_7t       0x000000000800be2e        0x0 linker stubs
 *(.eh_frame)
 *fill*         0x000000000800be2e        0x2 
 .eh_frame      0x000000000800be30        0x0 /opt/TrueSTUDIO/ARMTools/bin/../lib/gcc/arm-atollic-eabi/6.3.1/armv7-m/crtbegin.o
 .eh_frame      0x000000000800be30        0x4 /opt/TrueSTUDIO/ARMTools/bin/../lib/gcc/arm-atollic-eabi/6.3.1/armv7-m/crtend.o
 *(.init)
 .init          0x000000000800be34        0x4 /opt/TrueSTUDIO/ARMTools/bin/../lib/gcc/arm-atollic-eabi/6.3.1/armv7-m/crti.o
                0x000000000800be34                _init
 .init          0x000000000800be38        0x8 /opt/TrueSTUDIO/ARMTools/bin/../lib/gcc/arm-atollic-eabi/6.3.1/armv7-m/crtn.o
 *(.fini)
 .fini          0x000000000800be40        0x4 /opt/TrueSTUDIO/ARMTools/bin/../lib/gcc/arm-atollic-eabi/6.3.1/armv7-m/crti.o
                0x000000000800be40                _fini
 .fini          0x000000000800be44        0x8 /opt/TrueSTUDIO/ARMTools/bin/../lib/gcc/arm-atollic-eabi/6.3.1/armv7-m/crtn.o
                0x000000000800be4c                . = ALIGN (0x4)
                0x000000000800be4c                _etext = .

.vfp11_veneer   0x000000000800be4c        0x0
 .vfp11_veneer  0x000000000800be4c        0x0 linker stubs

.v4_bx          0x000000000800be4c        0x0
 .v4_bx         0x000000000800be4c        0x0 linker stubs

.iplt           0x000000000800be4c        0x0
 .iplt          0x000000000800be4c        0x0 /opt/TrueSTUDIO/ARMTools/bin/../lib/gcc/arm-atollic-eabi/6.3.1/armv7-m/crtbegin.o

.rodata         0x000000000800be4c      0x878
                0x000000000800be4c                . = ALIGN (0x4)
 *(.rodata)
 .rodata        0x000000000800be4c        0xc Core/Src/feet_ctrl.o
 .rodata        0x000000000800be58       0x1c Core/Src/main.o
 .rodata        0x000000000800be74       0x18 Core/Src/system_stm32f1xx.o
                0x000000000800be74                AHBPrescTable
                0x000000000800be84                APBPrescTable
 .rodata        0x000000000800be8c       0x12 Drivers/STM32F1xx_HAL_Driver/Src/stm32f1xx_hal_rcc.o
 *fill*         0x000000000800be9e        0x2 
 .rodata        0x000000000800bea0       0x12 Drivers/STM32F1xx_HAL_Driver/Src/stm32f1xx_hal_rcc_ex.o
 *(.rodata*)
 *fill*         0x000000000800beb2        0x2 
 .rodata._ZTSN3ros3MsgE
                0x000000000800beb4        0xb Core/Src/main.o
                0x000000000800beb4                typeinfo name for ros::Msg
 *fill*         0x000000000800bebf        0x1 
 .rodata._ZTIN3ros3MsgE
                0x000000000800bec0        0x8 Core/Src/main.o
                0x000000000800bec0                typeinfo for ros::Msg
 .rodata._ZTSN8std_msgs4TimeE
                0x000000000800bec8       0x11 Core/Src/main.o
                0x000000000800bec8                typeinfo name for std_msgs::Time
 *fill*         0x000000000800bed9        0x3 
 .rodata._ZTIN8std_msgs4TimeE
                0x000000000800bedc        0xc Core/Src/main.o
                0x000000000800bedc                typeinfo for std_msgs::Time
 .rodata._ZTSN14rosserial_msgs9TopicInfoE
                0x000000000800bee8       0x1d Core/Src/main.o
                0x000000000800bee8                typeinfo name for rosserial_msgs::TopicInfo
 *fill*         0x000000000800bf05        0x3 
 .rodata._ZTIN14rosserial_msgs9TopicInfoE
                0x000000000800bf08        0xc Core/Src/main.o
                0x000000000800bf08                typeinfo for rosserial_msgs::TopicInfo
 .rodata._ZTSN14rosserial_msgs3LogE
                0x000000000800bf14       0x17 Core/Src/main.o
                0x000000000800bf14                typeinfo name for rosserial_msgs::Log
 *fill*         0x000000000800bf2b        0x1 
 .rodata._ZTIN14rosserial_msgs3LogE
                0x000000000800bf2c        0xc Core/Src/main.o
                0x000000000800bf2c                typeinfo for rosserial_msgs::Log
 .rodata._ZTSN14rosserial_msgs20RequestParamResponseE
                0x000000000800bf38       0x29 Core/Src/main.o
                0x000000000800bf38                typeinfo name for rosserial_msgs::RequestParamResponse
 *fill*         0x000000000800bf61        0x3 
 .rodata._ZTIN14rosserial_msgs20RequestParamResponseE
                0x000000000800bf64        0xc Core/Src/main.o
                0x000000000800bf64                typeinfo for rosserial_msgs::RequestParamResponse
 .rodata._ZTSN3ros15NodeHandleBase_E
                0x000000000800bf70       0x18 Core/Src/main.o
                0x000000000800bf70                typeinfo name for ros::NodeHandleBase_
 .rodata._ZTIN3ros15NodeHandleBase_E
                0x000000000800bf88        0x8 Core/Src/main.o
                0x000000000800bf88                typeinfo for ros::NodeHandleBase_
 .rodata._ZTSN3ros11Subscriber_E
                0x000000000800bf90       0x14 Core/Src/main.o
                0x000000000800bf90                typeinfo name for ros::Subscriber_
 .rodata._ZTIN3ros11Subscriber_E
                0x000000000800bfa4        0x8 Core/Src/main.o
                0x000000000800bfa4                typeinfo for ros::Subscriber_
 .rodata._ZTSN8std_msgs5Int32E
                0x000000000800bfac       0x12 Core/Src/main.o
                0x000000000800bfac                typeinfo name for std_msgs::Int32
 *fill*         0x000000000800bfbe        0x2 
 .rodata._ZTIN8std_msgs5Int32E
                0x000000000800bfc0        0xc Core/Src/main.o
                0x000000000800bfc0                typeinfo for std_msgs::Int32
 .rodata._ZTSN8std_msgs19MultiArrayDimensionE
                0x000000000800bfcc       0x21 Core/Src/main.o
                0x000000000800bfcc                typeinfo name for std_msgs::MultiArrayDimension
 *fill*         0x000000000800bfed        0x3 
 .rodata._ZTIN8std_msgs19MultiArrayDimensionE
                0x000000000800bff0        0xc Core/Src/main.o
                0x000000000800bff0                typeinfo for std_msgs::MultiArrayDimension
 .rodata._ZTSN8std_msgs16MultiArrayLayoutE
                0x000000000800bffc       0x1e Core/Src/main.o
                0x000000000800bffc                typeinfo name for std_msgs::MultiArrayLayout
 *fill*         0x000000000800c01a        0x2 
 .rodata._ZTIN8std_msgs16MultiArrayLayoutE
                0x000000000800c01c        0xc Core/Src/main.o
                0x000000000800c01c                typeinfo for std_msgs::MultiArrayLayout
 .rodata._ZTSN8std_msgs17Float32MultiArrayE
                0x000000000800c028       0x1f Core/Src/main.o
                0x000000000800c028                typeinfo name for std_msgs::Float32MultiArray
 *fill*         0x000000000800c047        0x1 
 .rodata._ZTIN8std_msgs17Float32MultiArrayE
                0x000000000800c048        0xc Core/Src/main.o
                0x000000000800c048                typeinfo for std_msgs::Float32MultiArray
 .rodata._ZTSN8std_msgs4BoolE
                0x000000000800c054       0x11 Core/Src/main.o
                0x000000000800c054                typeinfo name for std_msgs::Bool
 *fill*         0x000000000800c065        0x3 
 .rodata._ZTIN8std_msgs4BoolE
                0x000000000800c068        0xc Core/Src/main.o
                0x000000000800c068                typeinfo for std_msgs::Bool
 .rodata._ZTSN8std_msgs6UInt16E
                0x000000000800c074       0x13 Core/Src/main.o
                0x000000000800c074                typeinfo name for std_msgs::UInt16
 *fill*         0x000000000800c087        0x1 
 .rodata._ZTIN8std_msgs6UInt16E
                0x000000000800c088        0xc Core/Src/main.o
                0x000000000800c088                typeinfo for std_msgs::UInt16
 .rodata._ZTSN3ros11NodeHandle_I13STM32HardwareLi25ELi25ELi1024ELi1024EEE
                0x000000000800c094       0x3d Core/Src/main.o
                0x000000000800c094                typeinfo name for ros::NodeHandle_<STM32Hardware, 25, 25, 1024, 1024>
 *fill*         0x000000000800c0d1        0x3 
 .rodata._ZTIN3ros11NodeHandle_I13STM32HardwareLi25ELi25ELi1024ELi1024EEE
                0x000000000800c0d4        0xc Core/Src/main.o
                0x000000000800c0d4                typeinfo for ros::NodeHandle_<STM32Hardware, 25, 25, 1024, 1024>
 .rodata._ZTSN3ros10SubscriberIN8std_msgs4BoolEvEE
                0x000000000800c0e0       0x26 Core/Src/main.o
                0x000000000800c0e0                typeinfo name for ros::Subscriber<std_msgs::Bool, void>
 *fill*         0x000000000800c106        0x2 
 .rodata._ZTIN3ros10SubscriberIN8std_msgs4BoolEvEE
                0x000000000800c108        0xc Core/Src/main.o
                0x000000000800c108                typeinfo for ros::Subscriber<std_msgs::Bool, void>
 .rodata._ZTSN3ros10SubscriberIN8std_msgs5Int32EvEE
                0x000000000800c114       0x27 Core/Src/main.o
                0x000000000800c114                typeinfo name for ros::Subscriber<std_msgs::Int32, void>
 *fill*         0x000000000800c13b        0x1 
 .rodata._ZTIN3ros10SubscriberIN8std_msgs5Int32EvEE
                0x000000000800c13c        0xc Core/Src/main.o
                0x000000000800c13c                typeinfo for ros::Subscriber<std_msgs::Int32, void>
 .rodata._ZTSN3ros10SubscriberIN8std_msgs17Float32MultiArrayEvEE
                0x000000000800c148       0x34 Core/Src/main.o
                0x000000000800c148                typeinfo name for ros::Subscriber<std_msgs::Float32MultiArray, void>
 .rodata._ZTIN3ros10SubscriberIN8std_msgs17Float32MultiArrayEvEE
                0x000000000800c17c        0xc Core/Src/main.o
                0x000000000800c17c                typeinfo for ros::Subscriber<std_msgs::Float32MultiArray, void>
 .rodata._ZTVN8std_msgs4TimeE
                0x000000000800c188       0x18 Core/Src/main.o
                0x000000000800c188                vtable for std_msgs::Time
 .rodata._ZTVN14rosserial_msgs9TopicInfoE
                0x000000000800c1a0       0x18 Core/Src/main.o
                0x000000000800c1a0                vtable for rosserial_msgs::TopicInfo
 .rodata._ZTVN14rosserial_msgs3LogE
                0x000000000800c1b8       0x18 Core/Src/main.o
                0x000000000800c1b8                vtable for rosserial_msgs::Log
 .rodata._ZTVN14rosserial_msgs20RequestParamResponseE
                0x000000000800c1d0       0x18 Core/Src/main.o
                0x000000000800c1d0                vtable for rosserial_msgs::RequestParamResponse
 .rodata._ZTVN8std_msgs5Int32E
                0x000000000800c1e8       0x18 Core/Src/main.o
                0x000000000800c1e8                vtable for std_msgs::Int32
 .rodata._ZTVN8std_msgs19MultiArrayDimensionE
                0x000000000800c200       0x18 Core/Src/main.o
                0x000000000800c200                vtable for std_msgs::MultiArrayDimension
 .rodata._ZTVN8std_msgs16MultiArrayLayoutE
                0x000000000800c218       0x18 Core/Src/main.o
                0x000000000800c218                vtable for std_msgs::MultiArrayLayout
 .rodata._ZTVN8std_msgs17Float32MultiArrayE
                0x000000000800c230       0x18 Core/Src/main.o
                0x000000000800c230                vtable for std_msgs::Float32MultiArray
 .rodata._ZTVN8std_msgs4BoolE
                0x000000000800c248       0x18 Core/Src/main.o
                0x000000000800c248                vtable for std_msgs::Bool
 .rodata._ZTVN8std_msgs6UInt16E
                0x000000000800c260       0x18 Core/Src/main.o
                0x000000000800c260                vtable for std_msgs::UInt16
 .rodata._ZTVN3ros11NodeHandle_I13STM32HardwareLi25ELi25ELi1024ELi1024EEE
                0x000000000800c278       0x14 Core/Src/main.o
                0x000000000800c278                vtable for ros::NodeHandle_<STM32Hardware, 25, 25, 1024, 1024>
 .rodata._ZTVN3ros10SubscriberIN8std_msgs4BoolEvEE
                0x000000000800c28c       0x18 Core/Src/main.o
                0x000000000800c28c                vtable for ros::Subscriber<std_msgs::Bool, void>
 .rodata._ZTVN3ros10SubscriberIN8std_msgs5Int32EvEE
                0x000000000800c2a4       0x18 Core/Src/main.o
                0x000000000800c2a4                vtable for ros::Subscriber<std_msgs::Int32, void>
 .rodata._ZTVN3ros10SubscriberIN8std_msgs17Float32MultiArrayEvEE
                0x000000000800c2bc       0x18 Core/Src/main.o
                0x000000000800c2bc                vtable for ros::Subscriber<std_msgs::Float32MultiArray, void>
 .rodata._ZN14rosserial_msgs20RequestParamResponse6getMD5Ev.str1.4
                0x000000000800c2d4       0x21 Core/Src/main.o
 *fill*         0x000000000800c2f5        0x3 
 .rodata._ZN14rosserial_msgs3Log6getMD5Ev.str1.4
                0x000000000800c2f8       0x21 Core/Src/main.o
 *fill*         0x000000000800c319        0x3 
 .rodata._ZN14rosserial_msgs3Log7getTypeEv.str1.4
                0x000000000800c31c       0x13 Core/Src/main.o
 *fill*         0x000000000800c32f        0x1 
 .rodata._ZN14rosserial_msgs9TopicInfo6getMD5Ev.str1.4
                0x000000000800c330       0x21 Core/Src/main.o
 *fill*         0x000000000800c351        0x3 
 .rodata._ZN14rosserial_msgs9TopicInfo7getTypeEv.str1.4
                0x000000000800c354       0x19 Core/Src/main.o
 *fill*         0x000000000800c36d        0x3 
 .rodata._ZN3ros11NodeHandle_I13STM32HardwareLi25ELi25ELi1024ELi1024EE7publishEiPKNS_3MsgE.str1.4
                0x000000000800c370       0x39 Core/Src/main.o
 *fill*         0x000000000800c3a9        0x3 
 .rodata._ZN8std_msgs16MultiArrayLayout6getMD5Ev.str1.4
                0x000000000800c3ac       0x21 Core/Src/main.o
 *fill*         0x000000000800c3cd        0x3 
 .rodata._ZN8std_msgs16MultiArrayLayout7getTypeEv.str1.4
                0x000000000800c3d0       0x1a Core/Src/main.o
 *fill*         0x000000000800c3ea        0x2 
 .rodata._ZN8std_msgs17Float32MultiArray6getMD5Ev.str1.4
                0x000000000800c3ec       0x21 Core/Src/main.o
 *fill*         0x000000000800c40d        0x3 
 .rodata._ZN8std_msgs17Float32MultiArray7getTypeEv.str1.4
                0x000000000800c410       0x1b Core/Src/main.o
 *fill*         0x000000000800c42b        0x1 
 .rodata._ZN8std_msgs19MultiArrayDimension6getMD5Ev.str1.4
                0x000000000800c42c       0x21 Core/Src/main.o
 *fill*         0x000000000800c44d        0x3 
 .rodata._ZN8std_msgs19MultiArrayDimension7getTypeEv.str1.4
                0x000000000800c450       0x1d Core/Src/main.o
 *fill*         0x000000000800c46d        0x3 
 .rodata._ZN8std_msgs4Bool6getMD5Ev.str1.4
                0x000000000800c470       0x21 Core/Src/main.o
 *fill*         0x000000000800c491        0x3 
 .rodata._ZN8std_msgs4Bool7getTypeEv.str1.4
                0x000000000800c494        0xe Core/Src/main.o
 *fill*         0x000000000800c4a2        0x2 
 .rodata._ZN8std_msgs4Time6getMD5Ev.str1.4
                0x000000000800c4a4       0x21 Core/Src/main.o
 *fill*         0x000000000800c4c5        0x3 
 .rodata._ZN8std_msgs4Time7getTypeEv.str1.4
                0x000000000800c4c8        0xe Core/Src/main.o
 *fill*         0x000000000800c4d6        0x2 
 .rodata._ZN8std_msgs5Int326getMD5Ev.str1.4
                0x000000000800c4d8       0x21 Core/Src/main.o
 *fill*         0x000000000800c4f9        0x3 
 .rodata._ZN8std_msgs5Int327getTypeEv.str1.4
                0x000000000800c4fc        0xf Core/Src/main.o
 *fill*         0x000000000800c50b        0x1 
 .rodata._ZN8std_msgs6UInt166getMD5Ev.str1.4
                0x000000000800c50c       0x21 Core/Src/main.o
 *fill*         0x000000000800c52d        0x3 
 .rodata._ZN8std_msgs6UInt167getTypeEv.str1.4
                0x000000000800c530       0x10 Core/Src/main.o
 .rodata.str1.4
                0x000000000800c540       0x5d Core/Src/main.o
                                         0x61 (size before relaxing)
 *fill*         0x000000000800c59d        0x3 
 .rodata.str1.4
                0x000000000800c5a0       0x24 Core/Src/stm32f1xx_hal_msp.o
                                         0x22 (size before relaxing)
 .rodata._ZTIN10__cxxabiv120__si_class_type_infoE
                0x000000000800c5c4        0xc /opt/TrueSTUDIO/ARMTools/bin/../lib/gcc/arm-atollic-eabi/6.3.1/../../../../arm-atollic-eabi/lib/armv7-m/libstdc++.a(si_class_type_info.o)
                0x000000000800c5c4                typeinfo for __cxxabiv1::__si_class_type_info
 .rodata._ZTSN10__cxxabiv120__si_class_type_infoE
                0x000000000800c5d0       0x25 /opt/TrueSTUDIO/ARMTools/bin/../lib/gcc/arm-atollic-eabi/6.3.1/../../../../arm-atollic-eabi/lib/armv7-m/libstdc++.a(si_class_type_info.o)
                0x000000000800c5d0                typeinfo name for __cxxabiv1::__si_class_type_info
 *fill*         0x000000000800c5f5        0x3 
 .rodata._ZTVN10__cxxabiv120__si_class_type_infoE
                0x000000000800c5f8       0x2c /opt/TrueSTUDIO/ARMTools/bin/../lib/gcc/arm-atollic-eabi/6.3.1/../../../../arm-atollic-eabi/lib/armv7-m/libstdc++.a(si_class_type_info.o)
                0x000000000800c5f8                vtable for __cxxabiv1::__si_class_type_info
 .rodata._ZTIN10__cxxabiv117__class_type_infoE