Archive member included to satisfy reference by file (symbol)

/opt/TrueSTUDIO/ARMTools/bin/../lib/gcc/arm-atollic-eabi/6.3.1/../../../../arm-atollic-eabi/lib/armv7-m/libstdc++.a(si_class_type_info.o)
                              Core/Src/main.o (vtable for __cxxabiv1::__si_class_type_info)
/opt/TrueSTUDIO/ARMTools/bin/../lib/gcc/arm-atollic-eabi/6.3.1/../../../../arm-atollic-eabi/lib/armv7-m/libstdc++.a(del_ops.o)
                              /opt/TrueSTUDIO/ARMTools/bin/../lib/gcc/arm-atollic-eabi/6.3.1/../../../../arm-atollic-eabi/lib/armv7-m/libstdc++.a(si_class_type_info.o) (operator delete(void*, unsigned int))
/opt/TrueSTUDIO/ARMTools/bin/../lib/gcc/arm-atollic-eabi/6.3.1/../../../../arm-atollic-eabi/lib/armv7-m/libstdc++.a(class_type_info.o)
                              /opt/TrueSTUDIO/ARMTools/bin/../lib/gcc/arm-atollic-eabi/6.3.1/../../../../arm-atollic-eabi/lib/armv7-m/libstdc++.a(si_class_type_info.o) (__cxxabiv1::__class_type_info::__do_upcast(__cxxabiv1::__class_type_info const*, void**) const)
/opt/TrueSTUDIO/ARMTools/bin/../lib/gcc/arm-atollic-eabi/6.3.1/../../../../arm-atollic-eabi/lib/armv7-m/libstdc++.a(tinfo.o)
                              /opt/TrueSTUDIO/ARMTools/bin/../lib/gcc/arm-atollic-eabi/6.3.1/../../../../arm-atollic-eabi/lib/armv7-m/libstdc++.a(class_type_info.o) (std::type_info::~type_info())
/opt/TrueSTUDIO/ARMTools/bin/../lib/gcc/arm-atollic-eabi/6.3.1/../../../../arm-atollic-eabi/lib/armv7-m/libstdc++.a(del_op.o)
                              /opt/TrueSTUDIO/ARMTools/bin/../lib/gcc/arm-atollic-eabi/6.3.1/../../../../arm-atollic-eabi/lib/armv7-m/libstdc++.a(del_ops.o) (operator delete(void*))
/opt/TrueSTUDIO/ARMTools/bin/../lib/gcc/arm-atollic-eabi/6.3.1/../../../../arm-atollic-eabi/lib/armv7-m/libm.a(lib_a-w_sqrt.o)
                              Core/Src/stepper_position_ctrl.o (sqrt)
/opt/TrueSTUDIO/ARMTools/bin/../lib/gcc/arm-atollic-eabi/6.3.1/../../../../arm-atollic-eabi/lib/armv7-m/libm.a(lib_a-e_sqrt.o)
                              /opt/TrueSTUDIO/ARMTools/bin/../lib/gcc/arm-atollic-eabi/6.3.1/../../../../arm-atollic-eabi/lib/armv7-m/libm.a(lib_a-w_sqrt.o) (__ieee754_sqrt)
/opt/TrueSTUDIO/ARMTools/bin/../lib/gcc/arm-atollic-eabi/6.3.1/../../../../arm-atollic-eabi/lib/armv7-m/libm.a(lib_a-s_lib_ver.o)
                              /opt/TrueSTUDIO/ARMTools/bin/../lib/gcc/arm-atollic-eabi/6.3.1/../../../../arm-atollic-eabi/lib/armv7-m/libm.a(lib_a-w_sqrt.o) (__fdlib_version)
/opt/TrueSTUDIO/ARMTools/bin/../lib/gcc/arm-atollic-eabi/6.3.1/../../../../arm-atollic-eabi/lib/armv7-m/libm.a(lib_a-s_matherr.o)
                              /opt/TrueSTUDIO/ARMTools/bin/../lib/gcc/arm-atollic-eabi/6.3.1/../../../../arm-atollic-eabi/lib/armv7-m/libm.a(lib_a-w_sqrt.o) (matherr)
/opt/TrueSTUDIO/ARMTools/bin/../lib/gcc/arm-atollic-eabi/6.3.1/../../../../arm-atollic-eabi/lib/armv7-m/libc.a(lib_a-errno.o)
                              /opt/TrueSTUDIO/ARMTools/bin/../lib/gcc/arm-atollic-eabi/6.3.1/../../../../arm-atollic-eabi/lib/armv7-m/libm.a(lib_a-w_sqrt.o) (__errno)
/opt/TrueSTUDIO/ARMTools/bin/../lib/gcc/arm-atollic-eabi/6.3.1/../../../../arm-atollic-eabi/lib/armv7-m/libc.a(lib_a-impure.o)
                              /opt/TrueSTUDIO/ARMTools/bin/../lib/gcc/arm-atollic-eabi/6.3.1/../../../../arm-atollic-eabi/lib/armv7-m/libc.a(lib_a-errno.o) (_impure_ptr)
/opt/TrueSTUDIO/ARMTools/bin/../lib/gcc/arm-atollic-eabi/6.3.1/../../../../arm-atollic-eabi/lib/armv7-m/libc.a(lib_a-init.o)
                              startup/startup_stm32f103xb.o (__libc_init_array)
/opt/TrueSTUDIO/ARMTools/bin/../lib/gcc/arm-atollic-eabi/6.3.1/../../../../arm-atollic-eabi/lib/armv7-m/libc.a(lib_a-malloc.o)
                              /opt/TrueSTUDIO/ARMTools/bin/../lib/gcc/arm-atollic-eabi/6.3.1/../../../../arm-atollic-eabi/lib/armv7-m/libstdc++.a(del_op.o) (free)
/opt/TrueSTUDIO/ARMTools/bin/../lib/gcc/arm-atollic-eabi/6.3.1/../../../../arm-atollic-eabi/lib/armv7-m/libc.a(lib_a-mallocr.o)
                              /opt/TrueSTUDIO/ARMTools/bin/../lib/gcc/arm-atollic-eabi/6.3.1/../../../../arm-atollic-eabi/lib/armv7-m/libc.a(lib_a-malloc.o) (_malloc_r)
/opt/TrueSTUDIO/ARMTools/bin/../lib/gcc/arm-atollic-eabi/6.3.1/../../../../arm-atollic-eabi/lib/armv7-m/libc.a(lib_a-memcpy-stub.o)
                              Core/Src/main.o (memcpy)
/opt/TrueSTUDIO/ARMTools/bin/../lib/gcc/arm-atollic-eabi/6.3.1/../../../../arm-atollic-eabi/lib/armv7-m/libc.a(lib_a-memset.o)
                              Core/Src/stepper_position_ctrl.o (memset)
/opt/TrueSTUDIO/ARMTools/bin/../lib/gcc/arm-atollic-eabi/6.3.1/../../../../arm-atollic-eabi/lib/armv7-m/libc.a(lib_a-mlock.o)
                              /opt/TrueSTUDIO/ARMTools/bin/../lib/gcc/arm-atollic-eabi/6.3.1/../../../../arm-atollic-eabi/lib/armv7-m/libc.a(lib_a-mallocr.o) (__malloc_lock)
/opt/TrueSTUDIO/ARMTools/bin/../lib/gcc/arm-atollic-eabi/6.3.1/../../../../arm-atollic-eabi/lib/armv7-m/libc.a(lib_a-realloc.o)
[...]
Memory Configuration

Name             Origin             Length             Attributes
RAM              0x0000000020000000 0x0000000000005000 xrw
FLASH            0x0000000008000000 0x0000000000010000 xr
*default*        0x0000000000000000 0xffffffffffffffff

Linker script and memory map

LOAD /opt/TrueSTUDIO/ARMTools/bin/../lib/gcc/arm-atollic-eabi/6.3.1/armv7-m/crti.o
LOAD /opt/TrueSTUDIO/ARMTools/bin/../lib/gcc/arm-atollic-eabi/6.3.1/armv7-m/crtbegin.o
LOAD Core/Src/main.o
LOAD Core/Src/stepper_position_ctrl.o
LOAD Core/Src/stepper_velocity_ctrl.o
LOAD Core/Src/stm32f1xx_hal_msp.o
LOAD Core/Src/stm32f1xx_it.o
LOAD Core/Src/system_stm32f1xx.o
LOAD Drivers/STM32F1xx_HAL_Driver/Src/stm32f1xx_hal.o
LOAD Drivers/STM32F1xx_HAL_Driver/Src/stm32f1xx_hal_cortex.o
LOAD Drivers/STM32F1xx_HAL_Driver/Src/stm32f1xx_hal_dma.o
LOAD Drivers/STM32F1xx_HAL_Driver/Src/stm32f1xx_hal_flash.o
LOAD Drivers/STM32F1xx_HAL_Driver/Src/stm32f1xx_hal_flash_ex.o
LOAD Drivers/STM32F1xx_HAL_Driver/Src/stm32f1xx_hal_gpio.o
LOAD Drivers/STM32F1xx_HAL_Driver/Src/stm32f1xx_hal_gpio_ex.o
LOAD Drivers/STM32F1xx_HAL_Driver/Src/stm32f1xx_hal_pwr.o
LOAD Drivers/STM32F1xx_HAL_Driver/Src/stm32f1xx_hal_rcc.o
LOAD Drivers/STM32F1xx_HAL_Driver/Src/stm32f1xx_hal_rcc_ex.o
LOAD Drivers/STM32F1xx_HAL_Driver/Src/stm32f1xx_hal_tim.o
LOAD Drivers/STM32F1xx_HAL_Driver/Src/stm32f1xx_hal_tim_ex.o
LOAD Drivers/STM32F1xx_HAL_Driver/Src/stm32f1xx_hal_uart.o
LOAD Drivers/ros_lib/duration.o
LOAD Drivers/ros_lib/time.o
LOAD startup/startup_stm32f103xb.o
                0x0000000000001000                malloc_getpagesize_P = 0x1000
START GROUP
LOAD /opt/TrueSTUDIO/ARMTools/bin/../lib/gcc/arm-atollic-eabi/6.3.1/../../../../arm-atollic-eabi/lib/armv7-m/libstdc++.a
LOAD /opt/TrueSTUDIO/ARMTools/bin/../lib/gcc/arm-atollic-eabi/6.3.1/../../../../arm-atollic-eabi/lib/armv7-m/libsupc++.a
END GROUP
LOAD /opt/TrueSTUDIO/ARMTools/bin/../lib/gcc/arm-atollic-eabi/6.3.1/../../../../arm-atollic-eabi/lib/armv7-m/libstdc++.a
LOAD /opt/TrueSTUDIO/ARMTools/bin/../lib/gcc/arm-atollic-eabi/6.3.1/../../../../arm-atollic-eabi/lib/armv7-m/libm.a
LOAD /opt/TrueSTUDIO/ARMTools/bin/../lib/gcc/arm-atollic-eabi/6.3.1/../../../../arm-atollic-eabi/lib/armv7-m/libc.a
START GROUP
LOAD /opt/TrueSTUDIO/ARMTools/bin/../lib/gcc/arm-atollic-eabi/6.3.1/armv7-m/libgcc.a
LOAD /opt/TrueSTUDIO/ARMTools/bin/../lib/gcc/arm-atollic-eabi/6.3.1/../../../../arm-atollic-eabi/lib/armv7-m/libc.a
END GROUP
START GROUP
LOAD /opt/TrueSTUDIO/ARMTools/bin/../lib/gcc/arm-atollic-eabi/6.3.1/armv7-m/libgcc.a
LOAD /opt/TrueSTUDIO/ARMTools/bin/../lib/gcc/arm-atollic-eabi/6.3.1/../../../../arm-atollic-eabi/lib/armv7-m/libc.a
LOAD /opt/TrueSTUDIO/ARMTools/bin/../lib/gcc/arm-atollic-eabi/6.3.1/../../../../arm-atollic-eabi/lib/armv7-m/libnosys.a
END GROUP
LOAD /opt/TrueSTUDIO/ARMTools/bin/../lib/gcc/arm-atollic-eabi/6.3.1/armv7-m/crtend.o
LOAD /opt/TrueSTUDIO/ARMTools/bin/../lib/gcc/arm-atollic-eabi/6.3.1/armv7-m/crtn.o
                0x0000000020005000                _estack = 0x20005000
                0x0000000000000200                _Min_Heap_Size = 0x200
                0x0000000000000400                _Min_Stack_Size = 0x400

.isr_vector     0x0000000008000000      0x10c
                0x0000000008000000                . = ALIGN (0x4)
 *(.isr_vector)
 .isr_vector    0x0000000008000000      0x10c startup/startup_stm32f103xb.o
                0x0000000008000000                g_pfnVectors
                0x000000000800010c                . = ALIGN (0x4)

.text           0x0000000008000110     0xb1ec
                0x0000000008000110                . = ALIGN (0x4)
 *(.text)
 .text          0x0000000008000110        0x0 /opt/TrueSTUDIO/ARMTools/bin/../lib/gcc/arm-atollic-eabi/6.3.1/armv7-m/crti.o
 .text          0x0000000008000110       0x40 /opt/TrueSTUDIO/ARMTools/bin/../lib/gcc/arm-atollic-eabi/6.3.1/armv7-m/crtbegin.o
 .text          0x0000000008000150      0x698 Core/Src/main.o
                0x0000000008000150                feet_velocity_callback(std_msgs::Int32MultiArray const&)
                0x0000000008000250                lift_position_callback(std_msgs::Int32 const&)
                0x0000000008000454                HAL_UART_TxCpltCallback
                0x0000000008000474                _Error_Handler
                0x000000000800060c                SystemClock_Config()
                0x0000000008000690                main
 .text          0x00000000080007e8      0x2c8 Core/Src/stepper_position_ctrl.o
                0x00000000080007e8                StepperPositionCtrl::StepperPositionCtrl(GPIO_TypeDef*, unsigned short, GPIO_TypeDef*, unsigned short)
                0x00000000080007e8                StepperPositionCtrl::StepperPositionCtrl(GPIO_TypeDef*, unsigned short, GPIO_TypeDef*, unsigned short)
                0x000000000800086a                StepperPositionCtrl::reset_position()
                0x0000000008000876                StepperPositionCtrl::calculate_profile()
                0x0000000008000a98                StepperPositionCtrl::set_target_position(int)
 .text          0x0000000008000ab0      0x13c Core/Src/stepper_velocity_ctrl.o
                0x0000000008000ab0                StepperVelocityCtrl::StepperVelocityCtrl(GPIO_TypeDef*, unsigned short, GPIO_TypeDef*, unsigned short)
                0x0000000008000ab0                StepperVelocityCtrl::StepperVelocityCtrl(GPIO_TypeDef*, unsigned short, GPIO_TypeDef*, unsigned short)
                0x0000000008000b2e                StepperVelocityCtrl::reset_position()
                0x0000000008000b38                StepperVelocityCtrl::calculate_profile()
                0x0000000008000bdc                StepperVelocityCtrl::set_target(int)
 .text          0x0000000008000bec      0x284 Core/Src/stm32f1xx_hal_msp.o
                0x0000000008000bec                HAL_MspInit
                0x0000000008000c8c                HAL_TIM_Base_MspInit
                0x0000000008000cfc                HAL_TIM_Base_MspDeInit
                0x0000000008000d40                HAL_UART_MspInit
                0x0000000008000e2c                HAL_UART_MspDeInit
 .text          0x0000000008000e70      0x428 Core/Src/stm32f1xx_it.o
                0x0000000008000e70                NMI_Handler
                0x0000000008000e72                HardFault_Handler
                0x0000000008000e74                MemManage_Handler
                0x0000000008000e76                BusFault_Handler
                0x0000000008000e78                UsageFault_Handler
                0x0000000008000e7a                SVC_Handler
                0x0000000008000e7c                DebugMon_Handler
                0x0000000008000e7e                PendSV_Handler
                0x0000000008000e80                SysTick_Handler
                0x0000000008000e8c                DMA1_Channel4_IRQHandler
                0x0000000008000e9c                DMA1_Channel5_IRQHandler
                0x0000000008000eac                TIM3_IRQHandler
                0x0000000008000ef0                TIM4_IRQHandler
                0x0000000008001288                USART1_IRQHandler
 .text          0x0000000008001298       0xe0 Core/Src/system_stm32f1xx.o
                0x0000000008001298                SystemInit
                0x00000000080012e4                SystemCoreClockUpdate
 .text          0x0000000008001378      0x1d8 Drivers/STM32F1xx_HAL_Driver/Src/stm32f1xx_hal.o
                0x000000000800137a                HAL_MspDeInit
                0x000000000800137c                HAL_DeInit
                0x000000000800139c                HAL_InitTick
                0x00000000080013e4                HAL_Init
                0x0000000008001408                HAL_IncTick
                0x0000000008001420                HAL_GetTick
                0x000000000800142c                HAL_GetTickPrio
                0x0000000008001438                HAL_SetTickFreq
                0x0000000008001458                HAL_GetTickFreq
                0x0000000008001464                HAL_Delay
                0x000000000800148c                HAL_SuspendTick
                0x000000000800149c                HAL_ResumeTick
                0x00000000080014ac                HAL_GetHalVersion
                0x00000000080014b4                HAL_GetREVID
                0x00000000080014c0                HAL_GetDEVID
                0x00000000080014d0                HAL_DBGMCU_EnableDBGSleepMode
                0x00000000080014e0                HAL_DBGMCU_DisableDBGSleepMode
                0x00000000080014f0                HAL_DBGMCU_EnableDBGStopMode
                0x0000000008001500                HAL_DBGMCU_DisableDBGStopMode
                0x0000000008001510                HAL_DBGMCU_EnableDBGStandbyMode
                0x0000000008001520                HAL_DBGMCU_DisableDBGStandbyMode
                0x0000000008001530                HAL_GetUID
 .text          0x0000000008001550      0x214 Drivers/STM32F1xx_HAL_Driver/Src/stm32f1xx_hal_cortex.o
                0x0000000008001550                HAL_NVIC_SetPriorityGrouping
                0x0000000008001574                HAL_NVIC_SetPriority
                0x00000000080015d8                HAL_NVIC_EnableIRQ
                0x00000000080015f0                HAL_NVIC_DisableIRQ
                0x000000000800160c                HAL_NVIC_SystemReset
                0x0000000008001630                HAL_SYSTICK_Config
                0x000000000800165c                HAL_NVIC_GetPriorityGrouping
                0x000000000800166c                HAL_NVIC_GetPriority
                0x00000000080016c8                HAL_NVIC_SetPendingIRQ
                0x00000000080016e4                HAL_NVIC_GetPendingIRQ
                0x0000000008001700                HAL_NVIC_ClearPendingIRQ
                0x000000000800171c                HAL_NVIC_GetActive
                0x0000000008001738                HAL_SYSTICK_CLKSourceConfig
                0x0000000008001758                HAL_SYSTICK_Callback
                0x000000000800175a                HAL_SYSTICK_IRQHandler
 .text          0x0000000008001764      0x6b4 Drivers/STM32F1xx_HAL_Driver/Src/stm32f1xx_hal_dma.o
                0x0000000008001790                HAL_DMA_Init
                0x0000000008001808                HAL_DMA_DeInit
                0x0000000008001868                HAL_DMA_Start
                0x00000000080018b8                HAL_DMA_Start_IT
                0x000000000800192c                HAL_DMA_Abort
                0x000000000800195a                HAL_DMA_Abort_IT
                0x00000000080019f0                HAL_DMA_PollForTransfer
                0x0000000008001c20                HAL_DMA_IRQHandler
                0x0000000008001d64                HAL_DMA_RegisterCallback
                0x0000000008001db2                HAL_DMA_UnRegisterCallback
                0x0000000008001e0e                HAL_DMA_GetState
                0x0000000008001e14                HAL_DMA_GetError
 .text          0x0000000008001e18      0x3ec Drivers/STM32F1xx_HAL_Driver/Src/stm32f1xx_hal_flash.o
                0x0000000008001ea8                HAL_FLASH_Program_IT
                0x0000000008001f0c                HAL_FLASH_EndOfOperationCallback
                0x0000000008001f0e                HAL_FLASH_OperationErrorCallback
                0x0000000008001f10                HAL_FLASH_IRQHandler
                0x0000000008002064                HAL_FLASH_Unlock
                0x0000000008002098                HAL_FLASH_Lock
                0x00000000080020ac                HAL_FLASH_OB_Unlock
                0x00000000080020d4                HAL_FLASH_OB_Lock
                0x00000000080020e8                HAL_FLASH_OB_Launch
                0x00000000080020f0                HAL_FLASH_GetError
                0x00000000080020fc                FLASH_WaitForLastOperation
                0x0000000008002168                HAL_FLASH_Program
 .text          0x0000000008002204      0x538 Drivers/STM32F1xx_HAL_Driver/Src/stm32f1xx_hal_flash_ex.o
                0x0000000008002360                HAL_FLASHEx_OBErase
                0x0000000008002530                HAL_FLASHEx_OBProgram
                0x00000000080025d8                HAL_FLASHEx_OBGetConfig
                0x00000000080025f4                HAL_FLASHEx_OBGetUserData
                0x0000000008002618                FLASH_PageErase
                0x000000000800263c                HAL_FLASHEx_Erase
                0x00000000080026e0                HAL_FLASHEx_Erase_IT
 .text          0x000000000800273c      0x348 Drivers/STM32F1xx_HAL_Driver/Src/stm32f1xx_hal_gpio.o
                0x000000000800273c                HAL_GPIO_Init
                0x0000000008002928                HAL_GPIO_DeInit
                0x0000000008002a18                HAL_GPIO_ReadPin
                0x0000000008002a26                HAL_GPIO_WritePin
                0x0000000008002a32                HAL_GPIO_TogglePin
                0x0000000008002a3a                HAL_GPIO_LockPin
                0x0000000008002a68                HAL_GPIO_EXTI_Callback
                0x0000000008002a6a                HAL_GPIO_EXTI_IRQHandler
 .text          0x0000000008002a84       0x34 Drivers/STM32F1xx_HAL_Driver/Src/stm32f1xx_hal_gpio_ex.o
                0x0000000008002a84                HAL_GPIOEx_ConfigEventout
                0x0000000008002a98                HAL_GPIOEx_EnableEventout
                0x0000000008002aa8                HAL_GPIOEx_DisableEventout
 .text          0x0000000008002ab8      0x1f0 Drivers/STM32F1xx_HAL_Driver/Src/stm32f1xx_hal_pwr.o
                0x0000000008002abe                HAL_PWR_DeInit
                0x0000000008002ad8                HAL_PWR_EnableBkUpAccess
                0x0000000008002ae4                HAL_PWR_DisableBkUpAccess
                0x0000000008002af0                HAL_PWR_ConfigPVD
                0x0000000008002b74                HAL_PWR_EnablePVD
                0x0000000008002b80                HAL_PWR_DisablePVD
                0x0000000008002b8c                HAL_PWR_EnableWakeUpPin
                0x0000000008002ba4                HAL_PWR_DisableWakeUpPin
                0x0000000008002bbc                HAL_PWR_EnterSLEEPMode
                0x0000000008002bdc                HAL_PWR_EnterSTOPMode
                0x0000000008002c24                HAL_PWR_EnterSTANDBYMode
                0x0000000008002c44                HAL_PWR_EnableSleepOnExit
                0x0000000008002c54                HAL_PWR_DisableSleepOnExit
                0x0000000008002c64                HAL_PWR_EnableSEVOnPend
                0x0000000008002c74                HAL_PWR_DisableSEVOnPend
                0x0000000008002c84                HAL_PWR_PVDCallback
                0x0000000008002c86                HAL_PWR_PVD_IRQHandler
 .text          0x0000000008002ca8      0x8a0 Drivers/STM32F1xx_HAL_Driver/Src/stm32f1xx_hal_rcc.o
                0x0000000008002cd4                HAL_RCC_DeInit
                0x0000000008002dc0                HAL_RCC_OscConfig
                0x00000000080031a0                HAL_RCC_MCOConfig
                0x00000000080031ec                HAL_RCC_EnableCSS
                0x00000000080031f8                HAL_RCC_DisableCSS
                0x0000000008003204                HAL_RCC_GetSysClockFreq
                0x0000000008003270                HAL_RCC_ClockConfig
                0x00000000080033e8                HAL_RCC_GetHCLKFreq
                0x00000000080033f4                HAL_RCC_GetPCLK1Freq
                0x0000000008003414                HAL_RCC_GetPCLK2Freq
                0x0000000008003434                HAL_RCC_GetOscConfig
                0x00000000080034e8                HAL_RCC_GetClockConfig
                0x0000000008003524                HAL_RCC_CSSCallback
                0x0000000008003526                HAL_RCC_NMI_IRQHandler
 .text          0x0000000008003548      0x23c Drivers/STM32F1xx_HAL_Driver/Src/stm32f1xx_hal_rcc_ex.o
                0x0000000008003548                HAL_RCCEx_PeriphCLKConfig
                0x000000000800365c                HAL_RCCEx_GetPeriphCLKConfig
                0x0000000008003688                HAL_RCCEx_GetPeriphCLKFreq
 .text          0x0000000008003784     0x21d8 Drivers/STM32F1xx_HAL_Driver/Src/stm32f1xx_hal_tim.o
                0x0000000008003a10                HAL_TIM_Base_DeInit
                0x0000000008003a4a                HAL_TIM_Base_Start
                0x0000000008003a64                HAL_TIM_Base_Stop
                0x0000000008003a92                HAL_TIM_Base_Start_IT
                0x0000000008003aaa                HAL_TIM_Base_Stop_IT
                0x0000000008003ad6                HAL_TIM_Base_Start_DMA
                0x0000000008003b3c                HAL_TIM_Base_Stop_DMA
                0x0000000008003b6e                HAL_TIM_OC_MspInit
                0x0000000008003b70                HAL_TIM_OC_MspDeInit
                0x0000000008003b72                HAL_TIM_OC_DeInit
                0x0000000008003bac                HAL_TIM_PWM_MspInit
                0x0000000008003bae                HAL_TIM_PWM_MspDeInit
                0x0000000008003bb0                HAL_TIM_PWM_DeInit
                0x0000000008003bea                HAL_TIM_IC_MspInit
                0x0000000008003bec                HAL_TIM_IC_MspDeInit
                0x0000000008003bee                HAL_TIM_IC_DeInit
                0x0000000008003c28                HAL_TIM_OnePulse_MspInit
                0x0000000008003c2a                HAL_TIM_OnePulse_MspDeInit
                0x0000000008003c2c                HAL_TIM_OnePulse_DeInit
                0x0000000008003c66                HAL_TIM_Encoder_MspInit
                0x0000000008003c68                HAL_TIM_Encoder_MspDeInit
                0x0000000008003c6a                HAL_TIM_Encoder_DeInit
                0x0000000008003ca4                HAL_TIM_DMABurst_WriteStart
                0x0000000008003e10                HAL_TIM_DMABurst_WriteStop
                0x0000000008003e86                HAL_TIM_DMABurst_ReadStart
                0x0000000008003ff0                HAL_TIM_DMABurst_ReadStop
                0x0000000008004066                HAL_TIM_GenerateEvent
                0x000000000800408c                HAL_TIM_ConfigOCrefClear
                0x000000000800415c                HAL_TIM_ConfigClockSource
                0x0000000008004264                HAL_TIM_ConfigTI1Input
                0x0000000008004274                HAL_TIM_SlaveConfigSynchronization
                0x00000000080042b4                HAL_TIM_SlaveConfigSynchronization_IT
                0x00000000080042f4                HAL_TIM_ReadCapturedValue
                0x0000000008004340                HAL_TIM_PeriodElapsedCallback
                0x0000000008004352                HAL_TIM_OC_DelayElapsedCallback
                0x0000000008004354                HAL_TIM_IC_CaptureCallback
                0x0000000008004356                TIM_DMACaptureCplt
                0x000000000800439c                HAL_TIM_PWM_PulseFinishedCallback
                0x000000000800439e                TIM_DMADelayPulseCplt
                0x00000000080043e4                HAL_TIM_TriggerCallback
                0x00000000080043e6                HAL_TIM_IRQHandler
                0x0000000008004570                HAL_TIM_ErrorCallback
                0x0000000008004572                TIM_DMAError
                0x0000000008004582                HAL_TIM_Base_GetState
                0x0000000008004588                HAL_TIM_OC_GetState
                0x000000000800458e                HAL_TIM_PWM_GetState
                0x0000000008004594                HAL_TIM_IC_GetState
                0x000000000800459a                HAL_TIM_OnePulse_GetState
                0x00000000080045a0                HAL_TIM_Encoder_GetState
                0x00000000080045a6                TIM_Base_SetConfig
                0x000000000800461c                HAL_TIM_Base_Init
                0x000000000800464e                HAL_TIM_OC_Init
                0x0000000008004680                HAL_TIM_PWM_Init
                0x00000000080046b2                HAL_TIM_IC_Init
                0x00000000080046e4                HAL_TIM_OnePulse_Init
                0x000000000800472a                HAL_TIM_Encoder_Init
                0x00000000080047c2                TIM_OC2_SetConfig
                0x0000000008004828                HAL_TIM_OC_ConfigChannel
                0x0000000008004886                HAL_TIM_PWM_ConfigChannel
                0x0000000008004962                TIM_TI1_SetConfig
                0x00000000080049cc                HAL_TIM_IC_ConfigChannel
                0x0000000008004a8c                HAL_TIM_OnePulse_ConfigChannel
                0x0000000008004b7e                TIM_CCxChannelCmd
                0x0000000008004b9a                HAL_TIM_OC_Start
                0x0000000008004bcc                HAL_TIM_OC_Stop
                0x0000000008004c24                HAL_TIM_OC_Start_IT
                0x0000000008004c98                HAL_TIM_OC_Stop_IT
                0x0000000008004d34                HAL_TIM_OC_Start_DMA
                0x0000000008004e40                HAL_TIM_OC_Stop_DMA
                0x0000000008004ee4                HAL_TIM_PWM_Start
                0x0000000008004f14                HAL_TIM_PWM_Stop
                0x0000000008004f74                HAL_TIM_PWM_Start_IT
                0x0000000008004fe8                HAL_TIM_PWM_Stop_IT
                0x0000000008005084                HAL_TIM_PWM_Start_DMA
                0x0000000008005190                HAL_TIM_PWM_Stop_DMA
                0x0000000008005234                HAL_TIM_IC_Start
                0x000000000800524e                HAL_TIM_IC_Stop
                0x000000000800527c                HAL_TIM_IC_Start_IT
                0x00000000080052da                HAL_TIM_IC_Stop_IT
                0x000000000800534c                HAL_TIM_IC_Start_DMA
                0x0000000008005438                HAL_TIM_IC_Stop_DMA
                0x00000000080054b0                HAL_TIM_OnePulse_Start
                0x00000000080054e4                HAL_TIM_OnePulse_Stop
                0x0000000008005548                HAL_TIM_OnePulse_Start_IT
                0x0000000008005590                HAL_TIM_OnePulse_Stop_IT
                0x0000000008005608                HAL_TIM_Encoder_Start
                0x000000000800564c                HAL_TIM_Encoder_Stop
                0x00000000080056a4                HAL_TIM_Encoder_Start_IT
                0x0000000008005710                HAL_TIM_Encoder_Stop_IT
                0x0000000008005796                HAL_TIM_Encoder_Start_DMA
                0x00000000080058d4                HAL_TIM_Encoder_Stop_DMA
 .text          0x000000000800595c      0xac4 Drivers/STM32F1xx_HAL_Driver/Src/stm32f1xx_hal_tim_ex.o
                0x0000000008005978                HAL_TIMEx_HallSensor_MspInit
                0x000000000800597a                HAL_TIMEx_HallSensor_Init
                0x0000000008005a38                HAL_TIMEx_HallSensor_MspDeInit
                0x0000000008005a3a                HAL_TIMEx_HallSensor_DeInit
                0x0000000008005a74                HAL_TIMEx_HallSensor_Start
                0x0000000008005a90                HAL_TIMEx_HallSensor_Stop
                0x0000000008005ac0                HAL_TIMEx_HallSensor_Start_IT
                0x0000000008005ae6                HAL_TIMEx_HallSensor_Stop_IT
                0x0000000008005b20                HAL_TIMEx_HallSensor_Start_DMA
                0x0000000008005b94                HAL_TIMEx_HallSensor_Stop_DMA
                0x0000000008005bce                HAL_TIMEx_OCN_Start
                0x0000000008005bf2                HAL_TIMEx_OCN_Stop
                0x0000000008005c3e                HAL_TIMEx_OCN_Start_IT
                0x0000000008005c9a                HAL_TIMEx_OCN_Stop_IT
                0x0000000008005d2a                HAL_TIMEx_OCN_Start_DMA
                0x0000000008005dfc                HAL_TIMEx_OCN_Stop_DMA
                0x0000000008005e7c                HAL_TIMEx_PWMN_Start
                0x0000000008005ea0                HAL_TIMEx_PWMN_Stop
                0x0000000008005eec                HAL_TIMEx_PWMN_Start_IT
                0x0000000008005f48                HAL_TIMEx_PWMN_Stop_IT
                0x0000000008005fd8                HAL_TIMEx_PWMN_Start_DMA
                0x00000000080060ac                HAL_TIMEx_PWMN_Stop_DMA
                0x000000000800612c                HAL_TIMEx_OnePulseN_Start
                0x0000000008006146                HAL_TIMEx_OnePulseN_Stop
                0x0000000008006192                HAL_TIMEx_OnePulseN_Start_IT
                0x00000000080061c0                HAL_TIMEx_OnePulseN_Stop_IT
                0x0000000008006220                HAL_TIMEx_ConfigCommutationEvent
                0x000000000800627c                HAL_TIMEx_ConfigCommutationEvent_IT
                0x00000000080062e2                HAL_TIMEx_ConfigCommutationEvent_DMA
                0x000000000800635c                HAL_TIMEx_ConfigBreakDeadTime
                0x00000000080063b4                HAL_TIMEx_MasterConfigSynchronization
                0x0000000008006406                HAL_TIMEx_CommutationCallback
                0x0000000008006408                TIMEx_DMACommutationCplt
                0x0000000008006418                HAL_TIMEx_BreakCallback
                0x000000000800641a                HAL_TIMEx_HallSensor_GetState
 .text          0x0000000008006420     0x1068 Drivers/STM32F1xx_HAL_Driver/Src/stm32f1xx_hal_uart.o
                0x00000000080066ce                HAL_UART_Init
                0x000000000800672c                HAL_HalfDuplex_Init
                0x0000000008006796                HAL_LIN_Init
                0x0000000008006810                HAL_MultiProcessor_Init
                0x0000000008006890                HAL_UART_DeInit
                0x00000000080068b6                HAL_UART_Transmit
                0x0000000008006998                HAL_UART_Receive
                0x0000000008006a7e                HAL_UART_Transmit_IT
                0x0000000008006ac6                HAL_UART_Receive_IT
                0x0000000008006b22                HAL_UART_Transmit_DMA
                0x0000000008006bb0                HAL_UART_Receive_DMA
                0x0000000008006c58                HAL_UART_DMAPause
                0x0000000008006cc8                HAL_UART_DMAResume
                0x0000000008006d3e                HAL_UART_DMAStop
                0x0000000008006da2                HAL_UART_Abort
                0x0000000008006e0e                HAL_UART_AbortTransmit
                0x0000000008006e48                HAL_UART_AbortReceive
                0x0000000008006ed8                HAL_UART_TxHalfCpltCallback
                0x0000000008006ee4                HAL_UART_RxCpltCallback
                0x0000000008006fc2                HAL_UART_RxHalfCpltCallback
                0x0000000008006fce                HAL_UART_ErrorCallback
                0x0000000008007028                HAL_UART_IRQHandler
                0x0000000008007158                HAL_UART_AbortCpltCallback
                0x000000000800715a                HAL_UART_Abort_IT
                0x000000000800727c                HAL_UART_AbortTransmitCpltCallback
                0x000000000800727e                HAL_UART_AbortTransmit_IT
                0x00000000080072f4                HAL_UART_AbortReceiveCpltCallback
                0x00000000080072f6                HAL_UART_AbortReceive_IT
                0x0000000008007374                HAL_LIN_SendBreak
                0x00000000080073a6                HAL_MultiProcessor_EnterMuteMode
                0x00000000080073d8                HAL_MultiProcessor_ExitMuteMode
                0x000000000800740a                HAL_HalfDuplex_EnableTransmitter
                0x0000000008007440                HAL_HalfDuplex_EnableReceiver
                0x0000000008007476                HAL_UART_GetState
                0x0000000008007482                HAL_UART_GetError
 .text          0x0000000008007488       0xbc Drivers/ros_lib/duration.o
                0x0000000008007488                ros::normalizeSecNSecSigned(long&, long&)
                0x00000000080074c4                ros::Duration::operator+=(ros::Duration const&)
                0x00000000080074e4                ros::Duration::operator-=(ros::Duration const&)
                0x0000000008007504                ros::Duration::operator*=(double)
 .text          0x0000000008007544       0x9c Drivers/ros_lib/time.o
                0x0000000008007544                ros::normalizeSecNSec(unsigned long&, unsigned long&)
                0x0000000008007570                ros::Time::fromNSec(long)
                0x00000000080075a0                ros::Time::operator+=(ros::Duration const&)
                0x00000000080075c0                ros::Time::operator-=(ros::Duration const&)
 .text          0x00000000080075e0       0x14 startup/startup_stm32f103xb.o
 .text          0x00000000080075f4        0x0 /opt/TrueSTUDIO/ARMTools/bin/../lib/gcc/arm-atollic-eabi/6.3.1/../../../../arm-atollic-eabi/lib/armv7-m/libstdc++.a(si_class_type_info.o)
 .text          0x00000000080075f4        0x0 /opt/TrueSTUDIO/ARMTools/bin/../lib/gcc/arm-atollic-eabi/6.3.1/../../../../arm-atollic-eabi/lib/armv7-m/libstdc++.a(del_ops.o)
 .text          0x00000000080075f4        0x0 /opt/TrueSTUDIO/ARMTools/bin/../lib/gcc/arm-atollic-eabi/6.3.1/../../../../arm-atollic-eabi/lib/armv7-m/libstdc++.a(class_type_info.o)
 .text          0x00000000080075f4        0x0 /opt/TrueSTUDIO/ARMTools/bin/../lib/gcc/arm-atollic-eabi/6.3.1/../../../../arm-atollic-eabi/lib/armv7-m/libstdc++.a(tinfo.o)
 .text          0x00000000080075f4        0x0 /opt/TrueSTUDIO/ARMTools/bin/../lib/gcc/arm-atollic-eabi/6.3.1/../../../../arm-atollic-eabi/lib/armv7-m/libstdc++.a(del_op.o)
 .text          0x00000000080075f4        0x0 /opt/TrueSTUDIO/ARMTools/bin/../lib/gcc/arm-atollic-eabi/6.3.1/../../../../arm-atollic-eabi/lib/armv7-m/libm.a(lib_a-w_sqrt.o)
 .text          0x00000000080075f4        0x0 /opt/TrueSTUDIO/ARMTools/bin/../lib/gcc/arm-atollic-eabi/6.3.1/../../../../arm-atollic-eabi/lib/armv7-m/libm.a(lib_a-e_sqrt.o)
 .text          0x00000000080075f4        0x0 /opt/TrueSTUDIO/ARMTools/bin/../lib/gcc/arm-atollic-eabi/6.3.1/../../../../arm-atollic-eabi/lib/armv7-m/libm.a(lib_a-s_lib_ver.o)
 .text          0x00000000080075f4        0x0 /opt/TrueSTUDIO/ARMTools/bin/../lib/gcc/arm-atollic-eabi/6.3.1/../../../../arm-atollic-eabi/lib/armv7-m/libm.a(lib_a-s_matherr.o)
 .text          0x00000000080075f4        0x0 /opt/TrueSTUDIO/ARMTools/bin/../lib/gcc/arm-atollic-eabi/6.3.1/../../../../arm-atollic-eabi/lib/armv7-m/libc.a(lib_a-errno.o)
 .text          0x00000000080075f4        0x0 /opt/TrueSTUDIO/ARMTools/bin/../lib/gcc/arm-atollic-eabi/6.3.1/../../../../arm-atollic-eabi/lib/armv7-m/libc.a(lib_a-impure.o)
 .text          0x00000000080075f4        0x0 /opt/TrueSTUDIO/ARMTools/bin/../lib/gcc/arm-atollic-eabi/6.3.1/../../../../arm-atollic-eabi/lib/armv7-m/libc.a(lib_a-init.o)
 .text          0x00000000080075f4        0x0 /opt/TrueSTUDIO/ARMTools/bin/../lib/gcc/arm-atollic-eabi/6.3.1/../../../../arm-atollic-eabi/lib/armv7-m/libc.a(lib_a-malloc.o)
 .text          0x00000000080075f4        0x0 /opt/TrueSTUDIO/ARMTools/bin/../lib/gcc/arm-atollic-eabi/6.3.1/../../../../arm-atollic-eabi/lib/armv7-m/libc.a(lib_a-mallocr.o)
 .text          0x00000000080075f4        0x0 /opt/TrueSTUDIO/ARMTools/bin/../lib/gcc/arm-atollic-eabi/6.3.1/../../../../arm-atollic-eabi/lib/armv7-m/libc.a(lib_a-memcpy-stub.o)
 .text          0x00000000080075f4        0x0 /opt/TrueSTUDIO/ARMTools/bin/../lib/gcc/arm-atollic-eabi/6.3.1/../../../../arm-atollic-eabi/lib/armv7-m/libc.a(lib_a-memset.o)
 .text          0x00000000080075f4        0x0 /opt/TrueSTUDIO/ARMTools/bin/../lib/gcc/arm-atollic-eabi/6.3.1/../../../../arm-atollic-eabi/lib/armv7-m/libc.a(lib_a-mlock.o)
 .text          0x00000000080075f4        0x0 /opt/TrueSTUDIO/ARMTools/bin/../lib/gcc/arm-atollic-eabi/6.3.1/../../../../arm-atollic-eabi/lib/armv7-m/libc.a(lib_a-realloc.o)
 .text          0x00000000080075f4        0x0 /opt/TrueSTUDIO/ARMTools/bin/../lib/gcc/arm-atollic-eabi/6.3.1/../../../../arm-atollic-eabi/lib/armv7-m/libc.a(lib_a-reallocr.o)
 .text          0x00000000080075f4        0x0 /opt/TrueSTUDIO/ARMTools/bin/../lib/gcc/arm-atollic-eabi/6.3.1/../../../../arm-atollic-eabi/lib/armv7-m/libc.a(lib_a-sbrkr.o)
 .text          0x00000000080075f4       0x14 /opt/TrueSTUDIO/ARMTools/bin/../lib/gcc/arm-atollic-eabi/6.3.1/../../../../arm-atollic-eabi/lib/armv7-m/libc.a(lib_a-strcmp.o)
                0x00000000080075f4                strcmp
 .text          0x0000000008007608       0x10 /opt/TrueSTUDIO/ARMTools/bin/../lib/gcc/arm-atollic-eabi/6.3.1/../../../../arm-atollic-eabi/lib/armv7-m/libc.a(lib_a-strlen.o)
                0x0000000008007608                strlen
 .text          0x0000000008007618        0x0 /opt/TrueSTUDIO/ARMTools/bin/../lib/gcc/arm-atollic-eabi/6.3.1/../../../../arm-atollic-eabi/lib/armv7-m/libc.a(lib_a-freer.o)
 .text          0x0000000008007618        0x0 /opt/TrueSTUDIO/ARMTools/bin/../lib/gcc/arm-atollic-eabi/6.3.1/../../../../arm-atollic-eabi/lib/armv7-m/libc.a(lib_a-lock.o)
 .text          0x0000000008007618        0x0 /opt/TrueSTUDIO/ARMTools/bin/../lib/gcc/arm-atollic-eabi/6.3.1/../../../../arm-atollic-eabi/lib/armv7-m/libc.a(lib_a-memmove.o)
 .text          0x0000000008007618        0x0 /opt/TrueSTUDIO/ARMTools/bin/../lib/gcc/arm-atollic-eabi/6.3.1/../../../../arm-atollic-eabi/lib/armv7-m/libc.a(lib_a-reent.o)
 .text          0x0000000008007618      0x370 /opt/TrueSTUDIO/ARMTools/bin/../lib/gcc/arm-atollic-eabi/6.3.1/armv7-m/libgcc.a(_arm_addsubdf3.o)
                0x0000000008007618                __aeabi_drsub
                0x0000000008007620                __aeabi_dsub
                0x0000000008007620                __subdf3
                0x0000000008007624                __adddf3
                0x0000000008007624                __aeabi_dadd
                0x000000000800789c                __aeabi_ui2d
                0x000000000800789c                __floatunsidf
                0x00000000080078bc                __floatsidf
                0x00000000080078bc                __aeabi_i2d
                0x00000000080078e0                __extendsfdf2
                0x00000000080078e0                __aeabi_f2d
                0x000000000800791c                __aeabi_ul2d
                0x000000000800791c                __floatundidf
                0x000000000800792c                __floatdidf
                0x000000000800792c                __aeabi_l2d
 .text          0x0000000008007988      0x424 /opt/TrueSTUDIO/ARMTools/bin/../lib/gcc/arm-atollic-eabi/6.3.1/armv7-m/libgcc.a(_arm_muldivdf3.o)
                0x0000000008007988                __aeabi_dmul
                0x0000000008007988                __muldf3
                0x0000000008007bdc                __aeabi_ddiv
                0x0000000008007bdc                __divdf3
 .text          0x0000000008007dac      0x110 /opt/TrueSTUDIO/ARMTools/bin/../lib/gcc/arm-atollic-eabi/6.3.1/armv7-m/libgcc.a(_arm_cmpdf2.o)
                0x0000000008007dac                __gtdf2
                0x0000000008007dac                __gedf2
                0x0000000008007db4                __ltdf2
                0x0000000008007db4                __ledf2
                0x0000000008007dbc                __cmpdf2
                0x0000000008007dbc                __eqdf2
                0x0000000008007dbc                __nedf2
                0x0000000008007e38                __aeabi_cdrcmple
                0x0000000008007e48                __aeabi_cdcmple
                0x0000000008007e48                __aeabi_cdcmpeq
                0x0000000008007e58                __aeabi_dcmpeq
                0x0000000008007e6c                __aeabi_dcmplt
                0x0000000008007e80                __aeabi_dcmple
                0x0000000008007e94                __aeabi_dcmpge
                0x0000000008007ea8                __aeabi_dcmpgt
 .text          0x0000000008007ebc       0x2c /opt/TrueSTUDIO/ARMTools/bin/../lib/gcc/arm-atollic-eabi/6.3.1/armv7-m/libgcc.a(_arm_unorddf2.o)
                0x0000000008007ebc                __aeabi_dcmpun
                0x0000000008007ebc                __unorddf2
 .text          0x0000000008007ee8       0x50 /opt/TrueSTUDIO/ARMTools/bin/../lib/gcc/arm-atollic-eabi/6.3.1/armv7-m/libgcc.a(_arm_fixdfsi.o)
                0x0000000008007ee8                __fixdfsi
                0x0000000008007ee8                __aeabi_d2iz
 .text          0x0000000008007f38      0x9dc /opt/TrueSTUDIO/ARMTools/bin/../lib/gcc/arm-atollic-eabi/6.3.1/armv7-m/libgcc.a(unwind-arm.o)
                0x00000000080081fc                _Unwind_GetCFA
                0x0000000008008200                __gnu_Unwind_RaiseException
                0x0000000008008260                __gnu_Unwind_ForcedUnwind
                0x0000000008008274                __gnu_Unwind_Resume
                0x00000000080082b8                __gnu_Unwind_Resume_or_Rethrow
                0x00000000080082cc                _Unwind_Complete
                0x00000000080082d0                _Unwind_DeleteException
                0x00000000080082dc                _Unwind_VRS_Get
                0x0000000008008328                _Unwind_VRS_Set
                0x0000000008008378                __gnu_Unwind_Backtrace
                0x00000000080086bc                __aeabi_unwind_cpp_pr0
                0x00000000080086c0                __aeabi_unwind_cpp_pr1
                0x00000000080086c4                __aeabi_unwind_cpp_pr2
                0x00000000080086c8                _Unwind_VRS_Pop
 .text          0x0000000008008914      0x1ac /opt/TrueSTUDIO/ARMTools/bin/../lib/gcc/arm-atollic-eabi/6.3.1/armv7-m/libgcc.a(libunwind.o)
                0x0000000008008914                __restore_core_regs
                0x0000000008008914                restore_core_regs
                0x000000000800892c                __gnu_Unwind_Restore_VFP
                0x0000000008008934                __gnu_Unwind_Save_VFP
                0x000000000800893c                __gnu_Unwind_Restore_VFP_D
                0x0000000008008944                __gnu_Unwind_Save_VFP_D
                0x000000000800894c                __gnu_Unwind_Restore_VFP_D_16_to_31
                0x0000000008008954                __gnu_Unwind_Save_VFP_D_16_to_31
                0x000000000800895c                __gnu_Unwind_Restore_WMMXD
                0x00000000080089a0                __gnu_Unwind_Save_WMMXD
                0x00000000080089e4                __gnu_Unwind_Restore_WMMXC
                0x00000000080089f8                __gnu_Unwind_Save_WMMXC
                0x0000000008008a0c                ___Unwind_RaiseException
                0x0000000008008a0c                _Unwind_RaiseException
                0x0000000008008a30                ___Unwind_Resume
                0x0000000008008a30                _Unwind_Resume
                0x0000000008008a54                _Unwind_Resume_or_Rethrow
                0x0000000008008a54                ___Unwind_Resume_or_Rethrow
                0x0000000008008a78                ___Unwind_ForcedUnwind
                0x0000000008008a78                _Unwind_ForcedUnwind
                0x0000000008008a9c                _Unwind_Backtrace
                0x0000000008008a9c                ___Unwind_Backtrace
 .text          0x0000000008008ac0      0x384 /opt/TrueSTUDIO/ARMTools/bin/../lib/gcc/arm-atollic-eabi/6.3.1/armv7-m/libgcc.a(pr-support.o)
                0x0000000008008b18                __gnu_unwind_execute
                0x0000000008008de8                __gnu_unwind_frame
                0x0000000008008e14                _Unwind_GetRegionStart
                0x0000000008008e20                _Unwind_GetLanguageSpecificData
                0x0000000008008e34                _Unwind_GetTextRelBase
                0x0000000008008e3c                _Unwind_GetDataRelBase
 .text          0x0000000008008e44        0x0 /opt/TrueSTUDIO/ARMTools/bin/../lib/gcc/arm-atollic-eabi/6.3.1/../../../../arm-atollic-eabi/lib/armv7-m/libc.a(lib_a-abort.o)
 .text          0x0000000008008e44        0x0 /opt/TrueSTUDIO/ARMTools/bin/../lib/gcc/arm-atollic-eabi/6.3.1/../../../../arm-atollic-eabi/lib/armv7-m/libc.a(lib_a-signal.o)
 .text          0x0000000008008e44        0x0 /opt/TrueSTUDIO/ARMTools/bin/../lib/gcc/arm-atollic-eabi/6.3.1/../../../../arm-atollic-eabi/lib/armv7-m/libc.a(lib_a-signalr.o)
 .text          0x0000000008008e44        0x0 /opt/TrueSTUDIO/ARMTools/bin/../lib/gcc/arm-atollic-eabi/6.3.1/../../../../arm-atollic-eabi/lib/armv7-m/libnosys.a(getpid.o)
 .text          0x0000000008008e44        0x0 /opt/TrueSTUDIO/ARMTools/bin/../lib/gcc/arm-atollic-eabi/6.3.1/../../../../arm-atollic-eabi/lib/armv7-m/libnosys.a(kill.o)
 .text          0x0000000008008e44        0x0 /opt/TrueSTUDIO/ARMTools/bin/../lib/gcc/arm-atollic-eabi/6.3.1/../../../../arm-atollic-eabi/lib/armv7-m/libnosys.a(sbrk.o)
 .text          0x0000000008008e44        0x0 /opt/TrueSTUDIO/ARMTools/bin/../lib/gcc/arm-atollic-eabi/6.3.1/../../../../arm-atollic-eabi/lib/armv7-m/libnosys.a(_exit.o)
 .text          0x0000000008008e44        0x0 /opt/TrueSTUDIO/ARMTools/bin/../lib/gcc/arm-atollic-eabi/6.3.1/armv7-m/crtend.o
 .text          0x0000000008008e44        0x0 /opt/TrueSTUDIO/ARMTools/bin/../lib/gcc/arm-atollic-eabi/6.3.1/armv7-m/crtn.o
 *(.text*)
 .text._ZNK8std_msgs4Time9serializeEPh
                0x0000000008008e44       0x24 Core/Src/main.o
                0x0000000008008e44                std_msgs::Time::serialize(unsigned char*) const
 .text._ZN8std_msgs4Time11deserializeEPh
                0x0000000008008e68       0x3c Core/Src/main.o
                0x0000000008008e68                std_msgs::Time::deserialize(unsigned char*)
 .text._ZN8std_msgs4Time7getTypeEv
                0x0000000008008ea4        0x8 Core/Src/main.o
                0x0000000008008ea4                std_msgs::Time::getType()
 .text._ZN8std_msgs4Time6getMD5Ev
                0x0000000008008eac        0x8 Core/Src/main.o
                0x0000000008008eac                std_msgs::Time::getMD5()
 .text._ZN14rosserial_msgs9TopicInfo11deserializeEPh
                0x0000000008008eb4       0xca Core/Src/main.o
                0x0000000008008eb4                rosserial_msgs::TopicInfo::deserialize(unsigned char*)
 *fill*         0x0000000008008f7e        0x2 
 .text._ZN14rosserial_msgs9TopicInfo7getTypeEv
                0x0000000008008f80        0x8 Core/Src/main.o
                0x0000000008008f80                rosserial_msgs::TopicInfo::getType()
 .text._ZN14rosserial_msgs9TopicInfo6getMD5Ev
                0x0000000008008f88        0x8 Core/Src/main.o
                0x0000000008008f88                rosserial_msgs::TopicInfo::getMD5()
 .text._ZN14rosserial_msgs3Log11deserializeEPh
                0x0000000008008f90       0x40 Core/Src/main.o
                0x0000000008008f90                rosserial_msgs::Log::deserialize(unsigned char*)
 .text._ZN14rosserial_msgs3Log7getTypeEv
                0x0000000008008fd0        0x8 Core/Src/main.o
                0x0000000008008fd0                rosserial_msgs::Log::getType()
 .text._ZN14rosserial_msgs3Log6getMD5Ev
                0x0000000008008fd8        0x8 Core/Src/main.o
                0x0000000008008fd8                rosserial_msgs::Log::getMD5()
 .text._ZN14rosserial_msgs20RequestParamResponse7getTypeEv
                0x0000000008008fe0        0x8 Core/Src/main.o
                0x0000000008008fe0                rosserial_msgs::RequestParamResponse::getType()
 .text._ZN14rosserial_msgs20RequestParamResponse6getMD5Ev
                0x0000000008008fe8        0x8 Core/Src/main.o
                0x0000000008008fe8                rosserial_msgs::RequestParamResponse::getMD5()
 .text._ZN8std_msgs6String11deserializeEPh
                0x0000000008008ff0       0x38 Core/Src/main.o
                0x0000000008008ff0                std_msgs::String::deserialize(unsigned char*)
 .text._ZN8std_msgs6String7getTypeEv
                0x0000000008009028        0x8 Core/Src/main.o
                0x0000000008009028                std_msgs::String::getType()
 .text._ZN8std_msgs6String6getMD5Ev
                0x0000000008009030        0x8 Core/Src/main.o
                0x0000000008009030                std_msgs::String::getMD5()
 .text._ZNK8std_msgs5Int329serializeEPh
                0x0000000008009038       0x18 Core/Src/main.o
                0x0000000008009038                std_msgs::Int32::serialize(unsigned char*) const
 .text._ZN8std_msgs5Int3211deserializeEPh
                0x0000000008009050       0x1a Core/Src/main.o
                0x0000000008009050                std_msgs::Int32::deserialize(unsigned char*)
 *fill*         0x000000000800906a        0x2 
 .text._ZN8std_msgs5Int327getTypeEv
                0x000000000800906c        0x8 Core/Src/main.o
                0x000000000800906c                std_msgs::Int32::getType()
 .text._ZN8std_msgs5Int326getMD5Ev
                0x0000000008009074        0x8 Core/Src/main.o
                0x0000000008009074                std_msgs::Int32::getMD5()
 .text._ZN8std_msgs19MultiArrayDimension11deserializeEPh
                0x000000000800907c       0x88 Core/Src/main.o
                0x000000000800907c                std_msgs::MultiArrayDimension::deserialize(unsigned char*)
 .text._ZN8std_msgs19MultiArrayDimension7getTypeEv
                0x0000000008009104        0x8 Core/Src/main.o
                0x0000000008009104                std_msgs::MultiArrayDimension::getType()
 .text._ZN8std_msgs19MultiArrayDimension6getMD5Ev
                0x000000000800910c        0x8 Core/Src/main.o
                0x000000000800910c                std_msgs::MultiArrayDimension::getMD5()
 .text._ZNK8std_msgs16MultiArrayLayout9serializeEPh
                0x0000000008009114       0x4e Core/Src/main.o
                0x0000000008009114                std_msgs::MultiArrayLayout::serialize(unsigned char*) const
 *fill*         0x0000000008009162        0x2 
 .text._ZN8std_msgs16MultiArrayLayout7getTypeEv
                0x0000000008009164        0x8 Core/Src/main.o
                0x0000000008009164                std_msgs::MultiArrayLayout::getType()
 .text._ZN8std_msgs16MultiArrayLayout6getMD5Ev
                0x000000000800916c        0x8 Core/Src/main.o
                0x000000000800916c                std_msgs::MultiArrayLayout::getMD5()
 .text._ZN8std_msgs15Int32MultiArray7getTypeEv
                0x0000000008009174        0x8 Core/Src/main.o
                0x0000000008009174                std_msgs::Int32MultiArray::getType()
 .text._ZN8std_msgs15Int32MultiArray6getMD5Ev
                0x000000000800917c        0x8 Core/Src/main.o
                0x000000000800917c                std_msgs::Int32MultiArray::getMD5()
 .text._ZN3ros10SubscriberIN8std_msgs15Int32MultiArrayEvE15getEndpointTypeEv
                0x0000000008009184        0x4 Core/Src/main.o
                0x0000000008009184                ros::Subscriber<std_msgs::Int32MultiArray, void>::getEndpointType()
 .text._ZN3ros10SubscriberIN8std_msgs15Int32MultiArrayEvE10getMsgTypeEv
                0x0000000008009188        0x8 Core/Src/main.o
                0x0000000008009188                ros::Subscriber<std_msgs::Int32MultiArray, void>::getMsgType()
 .text._ZN3ros10SubscriberIN8std_msgs15Int32MultiArrayEvE9getMsgMD5Ev
                0x0000000008009190        0x8 Core/Src/main.o
                0x0000000008009190                ros::Subscriber<std_msgs::Int32MultiArray, void>::getMsgMD5()
 .text._ZN3ros10SubscriberIN8std_msgs5Int32EvE8callbackEPh
                0x0000000008009198       0x20 Core/Src/main.o
                0x0000000008009198                ros::Subscriber<std_msgs::Int32, void>::callback(unsigned char*)
 .text._ZN3ros10SubscriberIN8std_msgs5Int32EvE15getEndpointTypeEv
                0x00000000080091b8        0x4 Core/Src/main.o
                0x00000000080091b8                ros::Subscriber<std_msgs::Int32, void>::getEndpointType()
 .text._ZN3ros10SubscriberIN8std_msgs5Int32EvE10getMsgTypeEv
                0x00000000080091bc        0x8 Core/Src/main.o
                0x00000000080091bc                ros::Subscriber<std_msgs::Int32, void>::getMsgType()
 .text._ZN3ros10SubscriberIN8std_msgs5Int32EvE9getMsgMD5Ev
                0x00000000080091c4        0x8 Core/Src/main.o
                0x00000000080091c4                ros::Subscriber<std_msgs::Int32, void>::getMsgMD5()
 .text._ZN3ros11NodeHandle_I13STM32HardwareLi25ELi25ELi1024ELi1024EE9connectedEv
                0x00000000080091cc        0x6 Core/Src/main.o
                0x00000000080091cc                ros::NodeHandle_<STM32Hardware, 25, 25, 1024, 1024>::connected()
 .text._ZNK14rosserial_msgs9TopicInfo9serializeEPh
                0x00000000080091d2       0xaa Core/Src/main.o
                0x00000000080091d2                rosserial_msgs::TopicInfo::serialize(unsigned char*) const
 .text._ZNK14rosserial_msgs3Log9serializeEPh
                0x000000000800927c       0x34 Core/Src/main.o
                0x000000000800927c                rosserial_msgs::Log::serialize(unsigned char*) const
 .text._ZNK14rosserial_msgs20RequestParamResponse9serializeEPh
                0x00000000080092b0       0xf0 Core/Src/main.o
                0x00000000080092b0                rosserial_msgs::RequestParamResponse::serialize(unsigned char*) const
 .text._ZNK8std_msgs6String9serializeEPh
                0x00000000080093a0       0x2e Core/Src/main.o
                0x00000000080093a0                std_msgs::String::serialize(unsigned char*) const
 .text._ZNK8std_msgs19MultiArrayDimension9serializeEPh
                0x00000000080093ce       0x68 Core/Src/main.o
                0x00000000080093ce                std_msgs::MultiArrayDimension::serialize(unsigned char*) const
 .text._ZN14rosserial_msgs20RequestParamResponse11deserializeEPh
                0x0000000008009436      0x144 Core/Src/main.o
                0x0000000008009436                rosserial_msgs::RequestParamResponse::deserialize(unsigned char*)
 *fill*         0x000000000800957a        0x2 
 .text._ZN3ros11NodeHandle_I13STM32HardwareLi25ELi25ELi1024ELi1024EE7publishEiPKNS_3MsgE
                0x000000000800957c       0xf0 Core/Src/main.o
                0x000000000800957c                ros::NodeHandle_<STM32Hardware, 25, 25, 1024, 1024>::publish(int, ros::Msg const*)
 .text._ZN8std_msgs16MultiArrayLayout11deserializeEPh
                0x000000000800966c      0x128 Core/Src/main.o
                0x000000000800966c                std_msgs::MultiArrayLayout::deserialize(unsigned char*)
 .text._ZNK8std_msgs15Int32MultiArray9serializeEPh
                0x0000000008009794       0xb6 Core/Src/main.o
                0x0000000008009794                std_msgs::Int32MultiArray::serialize(unsigned char*) const
 .text._ZN3ros10SubscriberIN8std_msgs15Int32MultiArrayEvE8callbackEPh
                0x000000000800984a      0x1c4 Core/Src/main.o
                0x000000000800984a                ros::Subscriber<std_msgs::Int32MultiArray, void>::callback(unsigned char*)
 .text._ZN8std_msgs15Int32MultiArray11deserializeEPh
                0x0000000008009a0e      0x1a2 Core/Src/main.o
                0x0000000008009a0e                std_msgs::Int32MultiArray::deserialize(unsigned char*)
 .text._ZN3ros11NodeHandle_I13STM32HardwareLi25ELi25ELi1024ELi1024EE8spinOnceEv
                0x0000000008009bb0      0x568 Core/Src/main.o
                0x0000000008009bb0                ros::NodeHandle_<STM32Hardware, 25, 25, 1024, 1024>::spinOnce()
 .text.Reset_Handler
                0x000000000800a118       0x48 startup/startup_stm32f103xb.o
                0x000000000800a118                Reset_Handler
 .text.Default_Handler
                0x000000000800a160        0x2 startup/startup_stm32f103xb.o
                0x000000000800a160                RTC_Alarm_IRQHandler
                0x000000000800a160                EXTI2_IRQHandler
                0x000000000800a160                TIM1_CC_IRQHandler
                0x000000000800a160                PVD_IRQHandler
                0x000000000800a160                EXTI3_IRQHandler
                0x000000000800a160                EXTI0_IRQHandler
                0x000000000800a160                I2C2_EV_IRQHandler
                0x000000000800a160                ADC1_2_IRQHandler
                0x000000000800a160                SPI1_IRQHandler
                0x000000000800a160                TAMPER_IRQHandler
                0x000000000800a160                USART3_IRQHandler
                0x000000000800a160                RTC_IRQHandler
                0x000000000800a160                DMA1_Channel7_IRQHandler
                0x000000000800a160                CAN1_RX1_IRQHandler
                0x000000000800a160                I2C1_EV_IRQHandler
                0x000000000800a160                DMA1_Channel6_IRQHandler
                0x000000000800a160                RCC_IRQHandler
                0x000000000800a160                TIM1_TRG_COM_IRQHandler
                0x000000000800a160                DMA1_Channel1_IRQHandler
                0x000000000800a160                Default_Handler
                0x000000000800a160                EXTI15_10_IRQHandler
                0x000000000800a160                EXTI9_5_IRQHandler
                0x000000000800a160                SPI2_IRQHandler
                0x000000000800a160                EXTI4_IRQHandler
                0x000000000800a160                USB_LP_CAN1_RX0_IRQHandler
                0x000000000800a160                USB_HP_CAN1_TX_IRQHandler
                0x000000000800a160                DMA1_Channel3_IRQHandler
                0x000000000800a160                TIM1_UP_IRQHandler
                0x000000000800a160                WWDG_IRQHandler
                0x000000000800a160                TIM2_IRQHandler
                0x000000000800a160                TIM1_BRK_IRQHandler
                0x000000000800a160                EXTI1_IRQHandler
                0x000000000800a160                USART2_IRQHandler
                0x000000000800a160                I2C2_ER_IRQHandler
                0x000000000800a160                DMA1_Channel2_IRQHandler
                0x000000000800a160                CAN1_SCE_IRQHandler
                0x000000000800a160                FLASH_IRQHandler
                0x000000000800a160                I2C1_ER_IRQHandler
                0x000000000800a160                USBWakeUp_IRQHandler
 *fill*         0x000000000800a162        0x2 
 .text._ZN10__cxxabiv120__si_class_type_infoD2Ev
                0x000000000800a164       0x14 /opt/TrueSTUDIO/ARMTools/bin/../lib/gcc/arm-atollic-eabi/6.3.1/../../../../arm-atollic-eabi/lib/armv7-m/libstdc++.a(si_class_type_info.o)
                0x000000000800a164                __cxxabiv1::__si_class_type_info::~__si_class_type_info()
                0x000000000800a164                __cxxabiv1::__si_class_type_info::~__si_class_type_info()
 .text._ZN10__cxxabiv120__si_class_type_infoD0Ev
                0x000000000800a178       0x1c /opt/TrueSTUDIO/ARMTools/bin/../lib/gcc/arm-atollic-eabi/6.3.1/../../../../arm-atollic-eabi/lib/armv7-m/libstdc++.a(si_class_type_info.o)
                0x000000000800a178                __cxxabiv1::__si_class_type_info::~__si_class_type_info()
 .text._ZNK10__cxxabiv120__si_class_type_info20__do_find_public_srcEiPKvPKNS_17__class_type_infoES2_
                0x000000000800a194       0x3c /opt/TrueSTUDIO/ARMTools/bin/../lib/gcc/arm-atollic-eabi/6.3.1/../../../../arm-atollic-eabi/lib/armv7-m/libstdc++.a(si_class_type_info.o)
                0x000000000800a194                __cxxabiv1::__si_class_type_info::__do_find_public_src(int, void const*, __cxxabiv1::__class_type_info const*, void const*) const
 .text._ZNK10__cxxabiv120__si_class_type_info12__do_dyncastEiNS_17__class_type_info10__sub_kindEPKS1_PKvS4_S6_RNS1_16__dyncast_resultE
                0x000000000800a1d0       0x98 /opt/TrueSTUDIO/ARMTools/bin/../lib/gcc/arm-atollic-eabi/6.3.1/../../../../arm-atollic-eabi/lib/armv7-m/libstdc++.a(si_class_type_info.o)
                0x000000000800a1d0                __cxxabiv1::__si_class_type_info::__do_dyncast(int, __cxxabiv1::__class_type_info::__sub_kind, __cxxabiv1::__class_type_info const*, void const*, __cxxabiv1::__class_type_info const*, void const*, __cxxabiv1::__class_type_info::__dyncast_result&) const
 .text._ZNK10__cxxabiv120__si_class_type_info11__do_upcastEPKNS_17__class_type_infoEPKvRNS1_15__upcast_resultE
                0x000000000800a268       0x2c /opt/TrueSTUDIO/ARMTools/bin/../lib/gcc/arm-atollic-eabi/6.3.1/../../../../arm-atollic-eabi/lib/armv7-m/libstdc++.a(si_class_type_info.o)
                0x000000000800a268                __cxxabiv1::__si_class_type_info::__do_upcast(__cxxabiv1::__class_type_info const*, void const*, __cxxabiv1::__class_type_info::__upcast_result&) const
 .text._ZdlPvj  0x000000000800a294        0x4 /opt/TrueSTUDIO/ARMTools/bin/../lib/gcc/arm-atollic-eabi/6.3.1/../../../../arm-atollic-eabi/lib/armv7-m/libstdc++.a(del_ops.o)
                0x000000000800a294                operator delete(void*, unsigned int)
 .text._ZNK10__cxxabiv117__class_type_info11__do_upcastEPKS0_PPv
                0x000000000800a298       0x38 /opt/TrueSTUDIO/ARMTools/bin/../lib/gcc/arm-atollic-eabi/6.3.1/../../../../arm-atollic-eabi/lib/armv7-m/libstdc++.a(class_type_info.o)
                0x000000000800a298                __cxxabiv1::__class_type_info::__do_upcast(__cxxabiv1::__class_type_info const*, void**) const
 .text._ZNK10__cxxabiv117__class_type_info20__do_find_public_srcEiPKvPKS0_S2_
                0x000000000800a2d0        0xc /opt/TrueSTUDIO/ARMTools/bin/../lib/gcc/arm-atollic-eabi/6.3.1/../../../../arm-atollic-eabi/lib/armv7-m/libstdc++.a(class_type_info.o)
                0x000000000800a2d0                __cxxabiv1::__class_type_info::__do_find_public_src(int, void const*, __cxxabiv1::__class_type_info const*, void const*) const
 .text._ZN10__cxxabiv117__class_type_infoD2Ev
                0x000000000800a2dc       0x14 /opt/TrueSTUDIO/ARMTools/bin/../lib/gcc/arm-atollic-eabi/6.3.1/../../../../arm-atollic-eabi/lib/armv7-m/libstdc++.a(class_type_info.o)
                0x000000000800a2dc                __cxxabiv1::__class_type_info::~__class_type_info()
                0x000000000800a2dc                __cxxabiv1::__class_type_info::~__class_type_info()
 .text._ZN10__cxxabiv117__class_type_infoD0Ev
                0x000000000800a2f0       0x1c /opt/TrueSTUDIO/ARMTools/bin/../lib/gcc/arm-atollic-eabi/6.3.1/../../../../arm-atollic-eabi/lib/armv7-m/libstdc++.a(class_type_info.o)
                0x000000000800a2f0                __cxxabiv1::__class_type_info::~__class_type_info()
 .text._ZNK10__cxxabiv117__class_type_info11__do_upcastEPKS0_PKvRNS0_15__upcast_resultE
                0x000000000800a30c       0x18 /opt/TrueSTUDIO/ARMTools/bin/../lib/gcc/arm-atollic-eabi/6.3.1/../../../../arm-atollic-eabi/lib/armv7-m/libstdc++.a(class_type_info.o)
                0x000000000800a30c                __cxxabiv1::__class_type_info::__do_upcast(__cxxabiv1::__class_type_info const*, void const*, __cxxabiv1::__class_type_info::__upcast_result&) const
 .text._ZNK10__cxxabiv117__class_type_info10__do_catchEPKSt9type_infoPPvj
                0x000000000800a324       0x2c /opt/TrueSTUDIO/ARMTools/bin/../lib/gcc/arm-atollic-eabi/6.3.1/../../../../arm-atollic-eabi/lib/armv7-m/libstdc++.a(class_type_info.o)
                0x000000000800a324                __cxxabiv1::__class_type_info::__do_catch(std::type_info const*, void**, unsigned int) const
 .text._ZNK10__cxxabiv117__class_type_info12__do_dyncastEiNS0_10__sub_kindEPKS0_PKvS3_S5_RNS0_16__dyncast_resultE
                0x000000000800a350       0x40 /opt/TrueSTUDIO/ARMTools/bin/../lib/gcc/arm-atollic-eabi/6.3.1/../../../../arm-atollic-eabi/lib/armv7-m/libstdc++.a(class_type_info.o)
                0x000000000800a350                __cxxabiv1::__class_type_info::__do_dyncast(int, __cxxabiv1::__class_type_info::__sub_kind, __cxxabiv1::__class_type_info const*, void const*, __cxxabiv1::__class_type_info const*, void const*, __cxxabiv1::__class_type_info::__dyncast_result&) const
 .text._ZNSt9type_infoD2Ev
                0x000000000800a390        0x4 /opt/TrueSTUDIO/ARMTools/bin/../lib/gcc/arm-atollic-eabi/6.3.1/../../../../arm-atollic-eabi/lib/armv7-m/libstdc++.a(tinfo.o)
                0x000000000800a390                std::type_info::~type_info()
                0x000000000800a390                std::type_info::~type_info()
 .text._ZNKSt9type_info15__is_function_pEv
                0x000000000800a394        0x4 /opt/TrueSTUDIO/ARMTools/bin/../lib/gcc/arm-atollic-eabi/6.3.1/../../../../arm-atollic-eabi/lib/armv7-m/libstdc++.a(tinfo.o)
                0x000000000800a394                std::type_info::__is_function_p() const
                0x000000000800a394                std::type_info::__is_pointer_p() const
 .text._ZNKSt9type_info11__do_upcastEPKN10__cxxabiv117__class_type_infoEPPv
                0x000000000800a398        0x4 /opt/TrueSTUDIO/ARMTools/bin/../lib/gcc/arm-atollic-eabi/6.3.1/../../../../arm-atollic-eabi/lib/armv7-m/libstdc++.a(tinfo.o)
                0x000000000800a398                std::type_info::__do_upcast(__cxxabiv1::__class_type_info const*, void**) const
 .text._ZNSt9type_infoD0Ev
                0x000000000800a39c       0x10 /opt/TrueSTUDIO/ARMTools/bin/../lib/gcc/arm-atollic-eabi/6.3.1/../../../../arm-atollic-eabi/lib/armv7-m/libstdc++.a(tinfo.o)
                0x000000000800a39c                std::type_info::~type_info()
 .text._ZNKSt9type_infoeqERKS_
                0x000000000800a3ac       0x2c /opt/TrueSTUDIO/ARMTools/bin/../lib/gcc/arm-atollic-eabi/6.3.1/../../../../arm-atollic-eabi/lib/armv7-m/libstdc++.a(tinfo.o)
                0x000000000800a3ac                std::type_info::operator==(std::type_info const&) const
 .text._ZNKSt9type_info10__do_catchEPKS_PPvj
                0x000000000800a3d8        0x4 /opt/TrueSTUDIO/ARMTools/bin/../lib/gcc/arm-atollic-eabi/6.3.1/../../../../arm-atollic-eabi/lib/armv7-m/libstdc++.a(tinfo.o)
                0x000000000800a3d8                std::type_info::__do_catch(std::type_info const*, void**, unsigned int) const
 .text._ZdlPv   0x000000000800a3dc        0x4 /opt/TrueSTUDIO/ARMTools/bin/../lib/gcc/arm-atollic-eabi/6.3.1/../../../../arm-atollic-eabi/lib/armv7-m/libstdc++.a(del_op.o)
                0x000000000800a3dc                operator delete(void*)
 .text.sqrt     0x000000000800a3e0       0xa8 /opt/TrueSTUDIO/ARMTools/bin/../lib/gcc/arm-atollic-eabi/6.3.1/../../../../arm-atollic-eabi/lib/armv7-m/libm.a(lib_a-w_sqrt.o)
                0x000000000800a3e0                sqrt
 .text.__ieee754_sqrt
                0x000000000800a488      0x158 /opt/TrueSTUDIO/ARMTools/bin/../lib/gcc/arm-atollic-eabi/6.3.1/../../../../arm-atollic-eabi/lib/armv7-m/libm.a(lib_a-e_sqrt.o)
                0x000000000800a488                __ieee754_sqrt
 .text.matherr  0x000000000800a5e0        0x4 /opt/TrueSTUDIO/ARMTools/bin/../lib/gcc/arm-atollic-eabi/6.3.1/../../../../arm-atollic-eabi/lib/armv7-m/libm.a(lib_a-s_matherr.o)
                0x000000000800a5e0                matherr
 .text.__errno  0x000000000800a5e4        0xc /opt/TrueSTUDIO/ARMTools/bin/../lib/gcc/arm-atollic-eabi/6.3.1/../../../../arm-atollic-eabi/lib/armv7-m/libc.a(lib_a-errno.o)
                0x000000000800a5e4                __errno
 .text.__libc_init_array
                0x000000000800a5f0       0x48 /opt/TrueSTUDIO/ARMTools/bin/../lib/gcc/arm-atollic-eabi/6.3.1/../../../../arm-atollic-eabi/lib/armv7-m/libc.a(lib_a-init.o)
                0x000000000800a5f0                __libc_init_array
 .text.malloc   0x000000000800a638       0x10 /opt/TrueSTUDIO/ARMTools/bin/../lib/gcc/arm-atollic-eabi/6.3.1/../../../../arm-atollic-eabi/lib/armv7-m/libc.a(lib_a-malloc.o)
                0x000000000800a638                malloc
 .text.free     0x000000000800a648       0x10 /opt/TrueSTUDIO/ARMTools/bin/../lib/gcc/arm-atollic-eabi/6.3.1/../../../../arm-atollic-eabi/lib/armv7-m/libc.a(lib_a-malloc.o)
                0x000000000800a648                free
 .text._malloc_r
                0x000000000800a658      0x418 /opt/TrueSTUDIO/ARMTools/bin/../lib/gcc/arm-atollic-eabi/6.3.1/../../../../arm-atollic-eabi/lib/armv7-m/libc.a(lib_a-mallocr.o)
                0x000000000800a658                _malloc_r
 .text.memcpy   0x000000000800aa70       0x16 /opt/TrueSTUDIO/ARMTools/bin/../lib/gcc/arm-atollic-eabi/6.3.1/../../../../arm-atollic-eabi/lib/armv7-m/libc.a(lib_a-memcpy-stub.o)
                0x000000000800aa70                memcpy
 .text.memset   0x000000000800aa86       0x10 /opt/TrueSTUDIO/ARMTools/bin/../lib/gcc/arm-atollic-eabi/6.3.1/../../../../arm-atollic-eabi/lib/armv7-m/libc.a(lib_a-memset.o)
                0x000000000800aa86                memset
 *fill*         0x000000000800aa96        0x2 
 .text.__malloc_lock
                0x000000000800aa98        0xc /opt/TrueSTUDIO/ARMTools/bin/../lib/gcc/arm-atollic-eabi/6.3.1/../../../../arm-atollic-eabi/lib/armv7-m/libc.a(lib_a-mlock.o)
                0x000000000800aa98                __malloc_lock
 .text.__malloc_unlock
                0x000000000800aaa4        0xc /opt/TrueSTUDIO/ARMTools/bin/../lib/gcc/arm-atollic-eabi/6.3.1/../../../../arm-atollic-eabi/lib/armv7-m/libc.a(lib_a-mlock.o)
                0x000000000800aaa4                __malloc_unlock
 .text.realloc  0x000000000800aab0       0x10 /opt/TrueSTUDIO/ARMTools/bin/../lib/gcc/arm-atollic-eabi/6.3.1/../../../../arm-atollic-eabi/lib/armv7-m/libc.a(lib_a-realloc.o)
                0x000000000800aab0                realloc
 .text._realloc_r
                0x000000000800aac0      0x304 /opt/TrueSTUDIO/ARMTools/bin/../lib/gcc/arm-atollic-eabi/6.3.1/../../../../arm-atollic-eabi/lib/armv7-m/libc.a(lib_a-reallocr.o)
                0x000000000800aac0                _realloc_r
 .text._sbrk_r  0x000000000800adc4       0x20 /opt/TrueSTUDIO/ARMTools/bin/../lib/gcc/arm-atollic-eabi/6.3.1/../../../../arm-atollic-eabi/lib/armv7-m/libc.a(lib_a-sbrkr.o)
                0x000000000800adc4                _sbrk_r
 .text._malloc_trim_r
                0x000000000800ade4       0xac /opt/TrueSTUDIO/ARMTools/bin/../lib/gcc/arm-atollic-eabi/6.3.1/../../../../arm-atollic-eabi/lib/armv7-m/libc.a(lib_a-freer.o)
                0x000000000800ade4                _malloc_trim_r
 .text._free_r  0x000000000800ae90      0x178 /opt/TrueSTUDIO/ARMTools/bin/../lib/gcc/arm-atollic-eabi/6.3.1/../../../../arm-atollic-eabi/lib/armv7-m/libc.a(lib_a-freer.o)
                0x000000000800ae90                _free_r
 .text.__retarget_lock_init
                0x000000000800b008        0x2 /opt/TrueSTUDIO/ARMTools/bin/../lib/gcc/arm-atollic-eabi/6.3.1/../../../../arm-atollic-eabi/lib/armv7-m/libc.a(lib_a-lock.o)
                0x000000000800b008                __retarget_lock_init
 .text.__retarget_lock_init_recursive
                0x000000000800b00a        0x2 /opt/TrueSTUDIO/ARMTools/bin/../lib/gcc/arm-atollic-eabi/6.3.1/../../../../arm-atollic-eabi/lib/armv7-m/libc.a(lib_a-lock.o)
                0x000000000800b00a                __retarget_lock_init_recursive
 .text.__retarget_lock_close
                0x000000000800b00c        0x2 /opt/TrueSTUDIO/ARMTools/bin/../lib/gcc/arm-atollic-eabi/6.3.1/../../../../arm-atollic-eabi/lib/armv7-m/libc.a(lib_a-lock.o)
                0x000000000800b00c                __retarget_lock_close
 .text.__retarget_lock_close_recursive
                0x000000000800b00e        0x2 /opt/TrueSTUDIO/ARMTools/bin/../lib/gcc/arm-atollic-eabi/6.3.1/../../../../arm-atollic-eabi/lib/armv7-m/libc.a(lib_a-lock.o)
                0x000000000800b00e                __retarget_lock_close_recursive
 .text.__retarget_lock_acquire
                0x000000000800b010        0x2 /opt/TrueSTUDIO/ARMTools/bin/../lib/gcc/arm-atollic-eabi/6.3.1/../../../../arm-atollic-eabi/lib/armv7-m/libc.a(lib_a-lock.o)
                0x000000000800b010                __retarget_lock_acquire
 .text.__retarget_lock_acquire_recursive
                0x000000000800b012        0x2 /opt/TrueSTUDIO/ARMTools/bin/../lib/gcc/arm-atollic-eabi/6.3.1/../../../../arm-atollic-eabi/lib/armv7-m/libc.a(lib_a-lock.o)
                0x000000000800b012                __retarget_lock_acquire_recursive
 .text.__retarget_lock_try_acquire
                0x000000000800b014        0x4 /opt/TrueSTUDIO/ARMTools/bin/../lib/gcc/arm-atollic-eabi/6.3.1/../../../../arm-atollic-eabi/lib/armv7-m/libc.a(lib_a-lock.o)
                0x000000000800b014                __retarget_lock_try_acquire
 .text.__retarget_lock_try_acquire_recursive
                0x000000000800b018        0x4 /opt/TrueSTUDIO/ARMTools/bin/../lib/gcc/arm-atollic-eabi/6.3.1/../../../../arm-atollic-eabi/lib/armv7-m/libc.a(lib_a-lock.o)
                0x000000000800b018                __retarget_lock_try_acquire_recursive
 .text.__retarget_lock_release
                0x000000000800b01c        0x2 /opt/TrueSTUDIO/ARMTools/bin/../lib/gcc/arm-atollic-eabi/6.3.1/../../../../arm-atollic-eabi/lib/armv7-m/libc.a(lib_a-lock.o)
                0x000000000800b01c                __retarget_lock_release
 .text.__retarget_lock_release_recursive
                0x000000000800b01e        0x2 /opt/TrueSTUDIO/ARMTools/bin/../lib/gcc/arm-atollic-eabi/6.3.1/../../../../arm-atollic-eabi/lib/armv7-m/libc.a(lib_a-lock.o)
                0x000000000800b01e                __retarget_lock_release_recursive
 .text.memmove  0x000000000800b020       0x34 /opt/TrueSTUDIO/ARMTools/bin/../lib/gcc/arm-atollic-eabi/6.3.1/../../../../arm-atollic-eabi/lib/armv7-m/libc.a(lib_a-memmove.o)
                0x000000000800b020                memmove
 .text.cleanup_glue
                0x000000000800b054       0x1a /opt/TrueSTUDIO/ARMTools/bin/../lib/gcc/arm-atollic-eabi/6.3.1/../../../../arm-atollic-eabi/lib/armv7-m/libc.a(lib_a-reent.o)
                0x000000000800b054                cleanup_glue
 *fill*         0x000000000800b06e        0x2 
 .text._reclaim_reent
                0x000000000800b070       0xcc /opt/TrueSTUDIO/ARMTools/bin/../lib/gcc/arm-atollic-eabi/6.3.1/../../../../arm-atollic-eabi/lib/armv7-m/libc.a(lib_a-reent.o)
                0x000000000800b070                _reclaim_reent
 .text.abort    0x000000000800b13c        0xe /opt/TrueSTUDIO/ARMTools/bin/../lib/gcc/arm-atollic-eabi/6.3.1/../../../../arm-atollic-eabi/lib/armv7-m/libc.a(lib_a-abort.o)
                0x000000000800b13c                abort
 .text._init_signal_r
                0x000000000800b14a       0x2a /opt/TrueSTUDIO/ARMTools/bin/../lib/gcc/arm-atollic-eabi/6.3.1/../../../../arm-atollic-eabi/lib/armv7-m/libc.a(lib_a-signal.o)
                0x000000000800b14a                _init_signal_r
 .text._signal_r
                0x000000000800b174       0x30 /opt/TrueSTUDIO/ARMTools/bin/../lib/gcc/arm-atollic-eabi/6.3.1/../../../../arm-atollic-eabi/lib/armv7-m/libc.a(lib_a-signal.o)
                0x000000000800b174                _signal_r
 .text._raise_r
                0x000000000800b1a4       0x50 /opt/TrueSTUDIO/ARMTools/bin/../lib/gcc/arm-atollic-eabi/6.3.1/../../../../arm-atollic-eabi/lib/armv7-m/libc.a(lib_a-signal.o)
                0x000000000800b1a4                _raise_r
 .text.__sigtramp_r
                0x000000000800b1f4       0x48 /opt/TrueSTUDIO/ARMTools/bin/../lib/gcc/arm-atollic-eabi/6.3.1/../../../../arm-atollic-eabi/lib/armv7-m/libc.a(lib_a-signal.o)
                0x000000000800b1f4                __sigtramp_r
 .text.raise    0x000000000800b23c       0x10 /opt/TrueSTUDIO/ARMTools/bin/../lib/gcc/arm-atollic-eabi/6.3.1/../../../../arm-atollic-eabi/lib/armv7-m/libc.a(lib_a-signal.o)
                0x000000000800b23c                raise
 .text.signal   0x000000000800b24c       0x10 /opt/TrueSTUDIO/ARMTools/bin/../lib/gcc/arm-atollic-eabi/6.3.1/../../../../arm-atollic-eabi/lib/armv7-m/libc.a(lib_a-signal.o)
                0x000000000800b24c                signal
 .text._init_signal
                0x000000000800b25c        0xc /opt/TrueSTUDIO/ARMTools/bin/../lib/gcc/arm-atollic-eabi/6.3.1/../../../../arm-atollic-eabi/lib/armv7-m/libc.a(lib_a-signal.o)
                0x000000000800b25c                _init_signal
 .text.__sigtramp
                0x000000000800b268       0x10 /opt/TrueSTUDIO/ARMTools/bin/../lib/gcc/arm-atollic-eabi/6.3.1/../../../../arm-atollic-eabi/lib/armv7-m/libc.a(lib_a-signal.o)
                0x000000000800b268                __sigtramp
 .text._kill_r  0x000000000800b278       0x24 /opt/TrueSTUDIO/ARMTools/bin/../lib/gcc/arm-atollic-eabi/6.3.1/../../../../arm-atollic-eabi/lib/armv7-m/libc.a(lib_a-signalr.o)
                0x000000000800b278                _kill_r
 .text._getpid_r
                0x000000000800b29c        0x4 /opt/TrueSTUDIO/ARMTools/bin/../lib/gcc/arm-atollic-eabi/6.3.1/../../../../arm-atollic-eabi/lib/armv7-m/libc.a(lib_a-signalr.o)
                0x000000000800b29c                _getpid_r
 .text._getpid  0x000000000800b2a0       0x10 /opt/TrueSTUDIO/ARMTools/bin/../lib/gcc/arm-atollic-eabi/6.3.1/../../../../arm-atollic-eabi/lib/armv7-m/libnosys.a(getpid.o)
                0x000000000800b2a0                _getpid
 .text._kill    0x000000000800b2b0       0x10 /opt/TrueSTUDIO/ARMTools/bin/../lib/gcc/arm-atollic-eabi/6.3.1/../../../../arm-atollic-eabi/lib/armv7-m/libnosys.a(kill.o)
                0x000000000800b2b0                _kill
 .text._sbrk    0x000000000800b2c0       0x1c /opt/TrueSTUDIO/ARMTools/bin/../lib/gcc/arm-atollic-eabi/6.3.1/../../../../arm-atollic-eabi/lib/armv7-m/libnosys.a(sbrk.o)
                0x000000000800b2c0                _sbrk
 .text._exit    0x000000000800b2dc        0x2 /opt/TrueSTUDIO/ARMTools/bin/../lib/gcc/arm-atollic-eabi/6.3.1/../../../../arm-atollic-eabi/lib/armv7-m/libnosys.a(_exit.o)
                0x000000000800b2dc                _exit
 *(.glue_7)
 .glue_7        0x000000000800b2de        0x0 linker stubs
 *(.glue_7t)
 .glue_7t       0x000000000800b2de        0x0 linker stubs
 *(.eh_frame)
 *fill*         0x000000000800b2de        0x2 
 .eh_frame      0x000000000800b2e0        0x0 /opt/TrueSTUDIO/ARMTools/bin/../lib/gcc/arm-atollic-eabi/6.3.1/armv7-m/crtbegin.o
 .eh_frame      0x000000000800b2e0        0x4 /opt/TrueSTUDIO/ARMTools/bin/../lib/gcc/arm-atollic-eabi/6.3.1/armv7-m/crtend.o
 *(.init)
 .init          0x000000000800b2e4        0x4 /opt/TrueSTUDIO/ARMTools/bin/../lib/gcc/arm-atollic-eabi/6.3.1/armv7-m/crti.o
                0x000000000800b2e4                _init
 .init          0x000000000800b2e8        0x8 /opt/TrueSTUDIO/ARMTools/bin/../lib/gcc/arm-atollic-eabi/6.3.1/armv7-m/crtn.o
 *(.fini)
 .fini          0x000000000800b2f0        0x4 /opt/TrueSTUDIO/ARMTools/bin/../lib/gcc/arm-atollic-eabi/6.3.1/armv7-m/crti.o
                0x000000000800b2f0                _fini
 .fini          0x000000000800b2f4        0x8 /opt/TrueSTUDIO/ARMTools/bin/../lib/gcc/arm-atollic-eabi/6.3.1/armv7-m/crtn.o
                0x000000000800b2fc                . = ALIGN (0x4)
                0x000000000800b2fc                _etext = .

.vfp11_veneer   0x000000000800b2fc        0x0
 .vfp11_veneer  0x000000000800b2fc        0x0 linker stubs

.v4_bx          0x000000000800b2fc        0x0
 .v4_bx         0x000000000800b2fc        0x0 linker stubs

.iplt           0x000000000800b2fc        0x0
 .iplt          0x000000000800b2fc        0x0 /opt/TrueSTUDIO/ARMTools/bin/../lib/gcc/arm-atollic-eabi/6.3.1/armv7-m/crtbegin.o

.rodata         0x000000000800b2fc      0x794
                0x000000000800b2fc                . = ALIGN (0x4)
 *(.rodata)
 .rodata        0x000000000800b2fc       0x1c Core/Src/main.o
 .rodata        0x000000000800b318       0x18 Core/Src/system_stm32f1xx.o
                0x000000000800b318                AHBPrescTable
                0x000000000800b328                APBPrescTable
 .rodata        0x000000000800b330       0x12 Drivers/STM32F1xx_HAL_Driver/Src/stm32f1xx_hal_rcc.o
 *fill*         0x000000000800b342        0x2 
 .rodata        0x000000000800b344       0x12 Drivers/STM32F1xx_HAL_Driver/Src/stm32f1xx_hal_rcc_ex.o
 *(.rodata*)
 *fill*         0x000000000800b356        0x2 
 .rodata._ZTSN3ros3MsgE
                0x000000000800b358        0xb Core/Src/main.o
                0x000000000800b358                typeinfo name for ros::Msg
 *fill*         0x000000000800b363        0x1 
 .rodata._ZTIN3ros3MsgE
                0x000000000800b364        0x8 Core/Src/main.o
                0x000000000800b364                typeinfo for ros::Msg
 .rodata._ZTSN8std_msgs4TimeE
                0x000000000800b36c       0x11 Core/Src/main.o
                0x000000000800b36c                typeinfo name for std_msgs::Time
 *fill*         0x000000000800b37d        0x3 
 .rodata._ZTIN8std_msgs4TimeE
                0x000000000800b380        0xc Core/Src/main.o
                0x000000000800b380                typeinfo for std_msgs::Time
 .rodata._ZTSN14rosserial_msgs9TopicInfoE
                0x000000000800b38c       0x1d Core/Src/main.o
                0x000000000800b38c                typeinfo name for rosserial_msgs::TopicInfo
 *fill*         0x000000000800b3a9        0x3 
 .rodata._ZTIN14rosserial_msgs9TopicInfoE
                0x000000000800b3ac        0xc Core/Src/main.o
                0x000000000800b3ac                typeinfo for rosserial_msgs::TopicInfo
 .rodata._ZTSN14rosserial_msgs3LogE
                0x000000000800b3b8       0x17 Core/Src/main.o
                0x000000000800b3b8                typeinfo name for rosserial_msgs::Log
 *fill*         0x000000000800b3cf        0x1 
 .rodata._ZTIN14rosserial_msgs3LogE
                0x000000000800b3d0        0xc Core/Src/main.o
                0x000000000800b3d0                typeinfo for rosserial_msgs::Log
 .rodata._ZTSN14rosserial_msgs20RequestParamResponseE
                0x000000000800b3dc       0x29 Core/Src/main.o
                0x000000000800b3dc                typeinfo name for rosserial_msgs::RequestParamResponse
 *fill*         0x000000000800b405        0x3 
 .rodata._ZTIN14rosserial_msgs20RequestParamResponseE
                0x000000000800b408        0xc Core/Src/main.o
                0x000000000800b408                typeinfo for rosserial_msgs::RequestParamResponse
 .rodata._ZTSN3ros15NodeHandleBase_E
                0x000000000800b414       0x18 Core/Src/main.o
                0x000000000800b414                typeinfo name for ros::NodeHandleBase_
 .rodata._ZTIN3ros15NodeHandleBase_E
                0x000000000800b42c        0x8 Core/Src/main.o
                0x000000000800b42c                typeinfo for ros::NodeHandleBase_
 .rodata._ZTSN3ros11Subscriber_E
                0x000000000800b434       0x14 Core/Src/main.o
                0x000000000800b434                typeinfo name for ros::Subscriber_
 .rodata._ZTIN3ros11Subscriber_E
                0x000000000800b448        0x8 Core/Src/main.o
                0x000000000800b448                typeinfo for ros::Subscriber_
 .rodata._ZTSN8std_msgs6StringE
                0x000000000800b450       0x13 Core/Src/main.o
                0x000000000800b450                typeinfo name for std_msgs::String
 *fill*         0x000000000800b463        0x1 
 .rodata._ZTIN8std_msgs6StringE
                0x000000000800b464        0xc Core/Src/main.o
                0x000000000800b464                typeinfo for std_msgs::String
 .rodata._ZTSN8std_msgs5Int32E
                0x000000000800b470       0x12 Core/Src/main.o
                0x000000000800b470                typeinfo name for std_msgs::Int32
 *fill*         0x000000000800b482        0x2 
 .rodata._ZTIN8std_msgs5Int32E
                0x000000000800b484        0xc Core/Src/main.o
                0x000000000800b484                typeinfo for std_msgs::Int32
 .rodata._ZTSN8std_msgs19MultiArrayDimensionE
                0x000000000800b490       0x21 Core/Src/main.o
                0x000000000800b490                typeinfo name for std_msgs::MultiArrayDimension
 *fill*         0x000000000800b4b1        0x3 
 .rodata._ZTIN8std_msgs19MultiArrayDimensionE
                0x000000000800b4b4        0xc Core/Src/main.o
                0x000000000800b4b4                typeinfo for std_msgs::MultiArrayDimension
 .rodata._ZTSN8std_msgs16MultiArrayLayoutE
                0x000000000800b4c0       0x1e Core/Src/main.o
                0x000000000800b4c0                typeinfo name for std_msgs::MultiArrayLayout
 *fill*         0x000000000800b4de        0x2 
 .rodata._ZTIN8std_msgs16MultiArrayLayoutE
                0x000000000800b4e0        0xc Core/Src/main.o
                0x000000000800b4e0                typeinfo for std_msgs::MultiArrayLayout
 .rodata._ZTSN8std_msgs15Int32MultiArrayE
                0x000000000800b4ec       0x1d Core/Src/main.o
                0x000000000800b4ec                typeinfo name for std_msgs::Int32MultiArray
 *fill*         0x000000000800b509        0x3 
 .rodata._ZTIN8std_msgs15Int32MultiArrayE
                0x000000000800b50c        0xc Core/Src/main.o
                0x000000000800b50c                typeinfo for std_msgs::Int32MultiArray
 .rodata._ZTSN3ros11NodeHandle_I13STM32HardwareLi25ELi25ELi1024ELi1024EEE
                0x000000000800b518       0x3d Core/Src/main.o
                0x000000000800b518                typeinfo name for ros::NodeHandle_<STM32Hardware, 25, 25, 1024, 1024>
 *fill*         0x000000000800b555        0x3 
 .rodata._ZTIN3ros11NodeHandle_I13STM32HardwareLi25ELi25ELi1024ELi1024EEE
                0x000000000800b558        0xc Core/Src/main.o
                0x000000000800b558                typeinfo for ros::NodeHandle_<STM32Hardware, 25, 25, 1024, 1024>
 .rodata._ZTSN3ros10SubscriberIN8std_msgs5Int32EvEE
                0x000000000800b564       0x27 Core/Src/main.o
                0x000000000800b564                typeinfo name for ros::Subscriber<std_msgs::Int32, void>
 *fill*         0x000000000800b58b        0x1 
 .rodata._ZTIN3ros10SubscriberIN8std_msgs5Int32EvEE
                0x000000000800b58c        0xc Core/Src/main.o
                0x000000000800b58c                typeinfo for ros::Subscriber<std_msgs::Int32, void>
 .rodata._ZTSN3ros10SubscriberIN8std_msgs15Int32MultiArrayEvEE
                0x000000000800b598       0x32 Core/Src/main.o
                0x000000000800b598                typeinfo name for ros::Subscriber<std_msgs::Int32MultiArray, void>
 *fill*         0x000000000800b5ca        0x2 
 .rodata._ZTIN3ros10SubscriberIN8std_msgs15Int32MultiArrayEvEE
                0x000000000800b5cc        0xc Core/Src/main.o
                0x000000000800b5cc                typeinfo for ros::Subscriber<std_msgs::Int32MultiArray, void>
 .rodata._ZTVN8std_msgs4TimeE
                0x000000000800b5d8       0x18 Core/Src/main.o
                0x000000000800b5d8                vtable for std_msgs::Time
 .rodata._ZTVN14rosserial_msgs9TopicInfoE
                0x000000000800b5f0       0x18 Core/Src/main.o
                0x000000000800b5f0                vtable for rosserial_msgs::TopicInfo
 .rodata._ZTVN14rosserial_msgs3LogE
                0x000000000800b608       0x18 Core/Src/main.o
                0x000000000800b608                vtable for rosserial_msgs::Log
 .rodata._ZTVN14rosserial_msgs20RequestParamResponseE
                0x000000000800b620       0x18 Core/Src/main.o
                0x000000000800b620                vtable for rosserial_msgs::RequestParamResponse
 .rodata._ZTVN8std_msgs6StringE
                0x000000000800b638       0x18 Core/Src/main.o
                0x000000000800b638                vtable for std_msgs::String
 .rodata._ZTVN8std_msgs5Int32E
                0x000000000800b650       0x18 Core/Src/main.o
                0x000000000800b650                vtable for std_msgs::Int32
 .rodata._ZTVN8std_msgs19MultiArrayDimensionE
                0x000000000800b668       0x18 Core/Src/main.o
                0x000000000800b668                vtable for std_msgs::MultiArrayDimension
 .rodata._ZTVN8std_msgs16MultiArrayLayoutE
                0x000000000800b680       0x18 Core/Src/main.o
                0x000000000800b680                vtable for std_msgs::MultiArrayLayout
 .rodata._ZTVN8std_msgs15Int32MultiArrayE
                0x000000000800b698       0x18 Core/Src/main.o
                0x000000000800b698                vtable for std_msgs::Int32MultiArray
 .rodata._ZTVN3ros11NodeHandle_I13STM32HardwareLi25ELi25ELi1024ELi1024EEE
                0x000000000800b6b0       0x14 Core/Src/main.o
                0x000000000800b6b0                vtable for ros::NodeHandle_<STM32Hardware, 25, 25, 1024, 1024>
 .rodata._ZTVN3ros10SubscriberIN8std_msgs5Int32EvEE
                0x000000000800b6c4       0x18 Core/Src/main.o
                0x000000000800b6c4                vtable for ros::Subscriber<std_msgs::Int32, void>
 .rodata._ZTVN3ros10SubscriberIN8std_msgs15Int32MultiArrayEvEE
                0x000000000800b6dc       0x18 Core/Src/main.o
                0x000000000800b6dc                vtable for ros::Subscriber<std_msgs::Int32MultiArray, void>
 .rodata._ZN14rosserial_msgs20RequestParamResponse6getMD5Ev.str1.4
                0x000000000800b6f4       0x21 Core/Src/main.o
 *fill*         0x000000000800b715        0x3 
 .rodata._ZN14rosserial_msgs3Log6getMD5Ev.str1.4
                0x000000000800b718       0x21 Core/Src/main.o
 *fill*         0x000000000800b739        0x3 
 .rodata._ZN14rosserial_msgs3Log7getTypeEv.str1.4
                0x000000000800b73c       0x13 Core/Src/main.o
 *fill*         0x000000000800b74f        0x1 
 .rodata._ZN14rosserial_msgs9TopicInfo6getMD5Ev.str1.4
                0x000000000800b750       0x21 Core/Src/main.o
 *fill*         0x000000000800b771        0x3 
 .rodata._ZN14rosserial_msgs9TopicInfo7getTypeEv.str1.4
                0x000000000800b774       0x19 Core/Src/main.o
 *fill*         0x000000000800b78d        0x3 
 .rodata._ZN3ros11NodeHandle_I13STM32HardwareLi25ELi25ELi1024ELi1024EE7publishEiPKNS_3MsgE.str1.4
                0x000000000800b790       0x39 Core/Src/main.o
 *fill*         0x000000000800b7c9        0x3 
 .rodata._ZN8std_msgs15Int32MultiArray6getMD5Ev.str1.4
                0x000000000800b7cc       0x21 Core/Src/main.o
 *fill*         0x000000000800b7ed        0x3 
 .rodata._ZN8std_msgs15Int32MultiArray7getTypeEv.str1.4
                0x000000000800b7f0       0x19 Core/Src/main.o
 *fill*         0x000000000800b809        0x3 
 .rodata._ZN8std_msgs16MultiArrayLayout6getMD5Ev.str1.4
                0x000000000800b80c       0x21 Core/Src/main.o
 *fill*         0x000000000800b82d        0x3 
 .rodata._ZN8std_msgs16MultiArrayLayout7getTypeEv.str1.4
                0x000000000800b830       0x1a Core/Src/main.o
 *fill*         0x000000000800b84a        0x2 
 .rodata._ZN8std_msgs19MultiArrayDimension6getMD5Ev.str1.4
                0x000000000800b84c       0x21 Core/Src/main.o
 *fill*         0x000000000800b86d        0x3 
 .rodata._ZN8std_msgs19MultiArrayDimension7getTypeEv.str1.4
                0x000000000800b870       0x1d Core/Src/main.o
 *fill*         0x000000000800b88d        0x3 
 .rodata._ZN8std_msgs4Time6getMD5Ev.str1.4
                0x000000000800b890       0x21 Core/Src/main.o
 *fill*         0x000000000800b8b1        0x3 
 .rodata._ZN8std_msgs4Time7getTypeEv.str1.4
                0x000000000800b8b4        0xe Core/Src/main.o
 *fill*         0x000000000800b8c2        0x2 
 .rodata._ZN8std_msgs5Int326getMD5Ev.str1.4
                0x000000000800b8c4       0x21 Core/Src/main.o
 *fill*         0x000000000800b8e5        0x3 
 .rodata._ZN8std_msgs5Int327getTypeEv.str1.4
                0x000000000800b8e8        0xf Core/Src/main.o
 *fill*         0x000000000800b8f7        0x1 
 .rodata._ZN8std_msgs6String6getMD5Ev.str1.4
                0x000000000800b8f8       0x21 Core/Src/main.o
 *fill*         0x000000000800b919        0x3 
 .rodata._ZN8std_msgs6String7getTypeEv.str1.4
                0x000000000800b91c       0x10 Core/Src/main.o
 .rodata.str1.4
                0x000000000800b92c       0x3d Core/Src/main.o
                                         0x41 (size before relaxing)
 *fill*         0x000000000800b969        0x3 
 .rodata.str1.4
                0x000000000800b96c       0x24 Core/Src/stm32f1xx_hal_msp.o
                                         0x22 (size before relaxing)
 .rodata._ZTIN10__cxxabiv120__si_class_type_infoE
                0x000000000800b990        0xc /opt/TrueSTUDIO/ARMTools/bin/../lib/gcc/arm-atollic-eabi/6.3.1/../../../../arm-atollic-eabi/lib/armv7-m/libstdc++.a(si_class_type_info.o)
                0x000000000800b990                typeinfo for __cxxabiv1::__si_class_type_info
 .rodata._ZTSN10__cxxabiv120__si_class_type_infoE
                0x000000000800b99c       0x25 /opt/TrueSTUDIO/ARMTools/bin/../lib/gcc/arm-atollic-eabi/6.3.1/../../../../arm-atollic-eabi/lib/armv7-m/libstdc++.a(si_class_type_info.o)
                0x000000000800b99c                typeinfo name for __cxxabiv1::__si_class_type_info
 *fill*         0x000000000800b9c1        0x3 
 .rodata._ZTVN10__cxxabiv120__si_class_type_infoE
                0x000000000800b9c4       0x2c /opt/TrueSTUDIO/ARMTools/bin/../lib/gcc/arm-atollic-eabi/6.3.1/../../../../arm-atollic-eabi/lib/armv7-m/libstdc++.a(si_class_type_info.o)
                0x000000000800b9c4                vtable for __cxxabiv1::__si_class_type_info
 .rodata._ZTIN10__cxxabiv117__class_type_infoE
                0x000000000800b9f0        0xc /opt/TrueSTUDIO/ARMTools/bin/../lib/gcc/arm-atollic-eabi/6.3.1/../../../../arm-atollic-eabi/lib/armv7-m/libstdc++.a(class_type_info.o)
                0x000000000800b9f0                typeinfo for __cxxabiv1::__class_type_info
 .rodata._ZTSN10__cxxabiv117__class_type_infoE
                0x000000000800b9fc       0x22 /opt/TrueSTUDIO/ARMTools/bin/../lib/gcc/arm-atollic-eabi/6.3.1/../../../../arm-atollic-eabi/lib/armv7-m/libstdc++.a(class_type_info.o)
                0x000000000800b9fc                typeinfo name for __cxxabiv1::__class_type_info
 *fill*         0x000000000800ba1e        0x2 
 .rodata._ZTVN10__cxxabiv117__class_type_infoE
                0x000000000800ba20       0x2c /opt/TrueSTUDIO/ARMTools/bin/../lib/gcc/arm-atollic-eabi/6.3.1/../../../../arm-atollic-eabi/lib/armv7-m/libstdc++.a(class_type_info.o)
                0x000000000800ba20                vtable for __cxxabiv1::__class_type_info
 .rodata._ZTISt9type_info
                0x000000000800ba4c        0x8 /opt/TrueSTUDIO/ARMTools/bin/../lib/gcc/arm-atollic-eabi/6.3.1/../../../../arm-atollic-eabi/lib/armv7-m/libstdc++.a(tinfo.o)
                0x000000000800ba4c                typeinfo for std::type_info
 .rodata._ZTSSt9type_info
                0x000000000800ba54        0xd /opt/TrueSTUDIO/ARMTools/bin/../lib/gcc/arm-atollic-eabi/6.3.1/../../../../arm-atollic-eabi/lib/armv7-m/libstdc++.a(tinfo.o)
                0x000000000800ba54                typeinfo name for std::type_info
 *fill*         0x000000000800ba61        0x3 
 .rodata._ZTVSt9type_info
                0x000000000800ba64       0x20 /opt/TrueSTUDIO/ARMTools/bin/../lib/gcc/arm-atollic-eabi/6.3.1/../../../../arm-atollic-eabi/lib/armv7-m/libstdc++.a(tinfo.o)
                0x000000000800ba64                vtable for std::type_info
 .rodata.sqrt.str1.1
                0x000000000800ba84        0x5 /opt/TrueSTUDIO/ARMTools/bin/../lib/gcc/arm-atollic-eabi/6.3.1/../../../../arm-atollic-eabi/lib/armv7-m/libm.a(lib_a-w_sqrt.o)
 *fill*         0x000000000800ba89        0x3 
 .rodata._global_impure_ptr
                0x000000000800ba8c        0x4 /opt/TrueSTUDIO/ARMTools/bin/../lib/gcc/arm-atollic-eabi/6.3.1/../../../../arm-atollic-eabi/lib/armv7-m/libc.a(lib_a-impure.o)
                0x000000000800ba8c                _global_impure_ptr
                0x000000000800ba90                . = ALIGN (0x4)

.ARM.extab      0x000000000800ba90       0x78
 *(.ARM.extab* .gnu.linkonce.armextab.*)
 .ARM.extab.text._ZNK8std_msgs4Time9serializeEPh
                0x000000000800ba90        0x0 Core/Src/main.o
 .ARM.extab.text._ZN8std_msgs4Time11deserializeEPh
                0x000000000800ba90        0x0 Core/Src/main.o
 .ARM.extab.text._ZN8std_msgs4Time7getTypeEv
                0x000000000800ba90        0x0 Core/Src/main.o
 .ARM.extab.text._ZN8std_msgs4Time6getMD5Ev
                0x000000000800ba90        0x0 Core/Src/main.o
 .ARM.extab.text._ZN14rosserial_msgs9TopicInfo11deserializeEPh
                0x000000000800ba90        0x0 Core/Src/main.o
 .ARM.extab.text._ZN14rosserial_msgs9TopicInfo7getTypeEv
                0x000000000800ba90        0x0 Core/Src/main.o
 .ARM.extab.text._ZN14rosserial_msgs9TopicInfo6getMD5Ev
                0x000000000800ba90        0x0 Core/Src/main.o
 .ARM.extab.text._ZN14rosserial_msgs3Log11deserializeEPh
                0x000000000800ba90        0x0 Core/Src/main.o
 .ARM.extab.text._ZN14rosserial_msgs3Log7getTypeEv
                0x000000000800ba90        0x0 Core/Src/main.o
 .ARM.extab.text._ZN14rosserial_msgs3Log6getMD5Ev
                0x000000000800ba90        0x0 Core/Src/main.o
 .ARM.extab.text._ZN14rosserial_msgs20RequestParamResponse7getTypeEv
                0x000000000800ba90        0x0 Core/Src/main.o
 .ARM.extab.text._ZN14rosserial_msgs20RequestParamResponse6getMD5Ev
                0x000000000800ba90        0x0 Core/Src/main.o
 .ARM.extab.text._ZN8std_msgs6String11deserializeEPh
                0x000000000800ba90        0x0 Core/Src/main.o
 .ARM.extab.text._ZN8std_msgs6String7getTypeEv
                0x000000000800ba90        0x0 Core/Src/main.o
 .ARM.extab.text._ZN8std_msgs6String6getMD5Ev
                0x000000000800ba90        0x0 Core/Src/main.o
 .ARM.extab.text._ZNK8std_msgs5Int329serializeEPh
                0x000000000800ba90        0x0 Core/Src/main.o
 .ARM.extab.text._ZN8std_msgs5Int3211deserializeEPh
                0x000000000800ba90        0x0 Core/Src/main.o
 .ARM.extab.text._ZN8std_msgs5Int327getTypeEv
                0x000000000800ba90        0x0 Core/Src/main.o
 .ARM.extab.text._ZN8std_msgs5Int326getMD5Ev
                0x000000000800ba90        0x0 Core/Src/main.o
 .ARM.extab.text._ZN8std_msgs19MultiArrayDimension11deserializeEPh