Archive member included to satisfy reference by file (symbol)

/home/yusaku/Atollic/TrueSTUDIO/ARMTools/bin/../lib/gcc/arm-atollic-eabi/6.3.1/../../../../arm-atollic-eabi/lib/armv7-m/libstdc++.a(si_class_type_info.o)
                              Core/Src/main.o (vtable for __cxxabiv1::__si_class_type_info)
/home/yusaku/Atollic/TrueSTUDIO/ARMTools/bin/../lib/gcc/arm-atollic-eabi/6.3.1/../../../../arm-atollic-eabi/lib/armv7-m/libstdc++.a(del_ops.o)
                              /home/yusaku/Atollic/TrueSTUDIO/ARMTools/bin/../lib/gcc/arm-atollic-eabi/6.3.1/../../../../arm-atollic-eabi/lib/armv7-m/libstdc++.a(si_class_type_info.o) (operator delete(void*, unsigned int))
/home/yusaku/Atollic/TrueSTUDIO/ARMTools/bin/../lib/gcc/arm-atollic-eabi/6.3.1/../../../../arm-atollic-eabi/lib/armv7-m/libstdc++.a(class_type_info.o)
                              /home/yusaku/Atollic/TrueSTUDIO/ARMTools/bin/../lib/gcc/arm-atollic-eabi/6.3.1/../../../../arm-atollic-eabi/lib/armv7-m/libstdc++.a(si_class_type_info.o) (__cxxabiv1::__class_type_info::__do_upcast(__cxxabiv1::__class_type_info const*, void**) const)
/home/yusaku/Atollic/TrueSTUDIO/ARMTools/bin/../lib/gcc/arm-atollic-eabi/6.3.1/../../../../arm-atollic-eabi/lib/armv7-m/libstdc++.a(tinfo.o)
                              /home/yusaku/Atollic/TrueSTUDIO/ARMTools/bin/../lib/gcc/arm-atollic-eabi/6.3.1/../../../../arm-atollic-eabi/lib/armv7-m/libstdc++.a(class_type_info.o) (std::type_info::~type_info())
/home/yusaku/Atollic/TrueSTUDIO/ARMTools/bin/../lib/gcc/arm-atollic-eabi/6.3.1/../../../../arm-atollic-eabi/lib/armv7-m/libstdc++.a(del_op.o)
                              /home/yusaku/Atollic/TrueSTUDIO/ARMTools/bin/../lib/gcc/arm-atollic-eabi/6.3.1/../../../../arm-atollic-eabi/lib/armv7-m/libstdc++.a(del_ops.o) (operator delete(void*))
/home/yusaku/Atollic/TrueSTUDIO/ARMTools/bin/../lib/gcc/arm-atollic-eabi/6.3.1/../../../../arm-atollic-eabi/lib/armv7-m/libm.a(lib_a-w_sqrt.o)
                              Core/Src/stepper_position_ctrl.o (sqrt)
/home/yusaku/Atollic/TrueSTUDIO/ARMTools/bin/../lib/gcc/arm-atollic-eabi/6.3.1/../../../../arm-atollic-eabi/lib/armv7-m/libm.a(lib_a-e_sqrt.o)
                              /home/yusaku/Atollic/TrueSTUDIO/ARMTools/bin/../lib/gcc/arm-atollic-eabi/6.3.1/../../../../arm-atollic-eabi/lib/armv7-m/libm.a(lib_a-w_sqrt.o) (__ieee754_sqrt)
/home/yusaku/Atollic/TrueSTUDIO/ARMTools/bin/../lib/gcc/arm-atollic-eabi/6.3.1/../../../../arm-atollic-eabi/lib/armv7-m/libm.a(lib_a-s_lib_ver.o)
                              /home/yusaku/Atollic/TrueSTUDIO/ARMTools/bin/../lib/gcc/arm-atollic-eabi/6.3.1/../../../../arm-atollic-eabi/lib/armv7-m/libm.a(lib_a-w_sqrt.o) (__fdlib_version)
/home/yusaku/Atollic/TrueSTUDIO/ARMTools/bin/../lib/gcc/arm-atollic-eabi/6.3.1/../../../../arm-atollic-eabi/lib/armv7-m/libm.a(lib_a-s_matherr.o)
                              /home/yusaku/Atollic/TrueSTUDIO/ARMTools/bin/../lib/gcc/arm-atollic-eabi/6.3.1/../../../../arm-atollic-eabi/lib/armv7-m/libm.a(lib_a-w_sqrt.o) (matherr)
/home/yusaku/Atollic/TrueSTUDIO/ARMTools/bin/../lib/gcc/arm-atollic-eabi/6.3.1/../../../../arm-atollic-eabi/lib/armv7-m/libc.a(lib_a-errno.o)
                              /home/yusaku/Atollic/TrueSTUDIO/ARMTools/bin/../lib/gcc/arm-atollic-eabi/6.3.1/../../../../arm-atollic-eabi/lib/armv7-m/libm.a(lib_a-w_sqrt.o) (__errno)
/home/yusaku/Atollic/TrueSTUDIO/ARMTools/bin/../lib/gcc/arm-atollic-eabi/6.3.1/../../../../arm-atollic-eabi/lib/armv7-m/libc.a(lib_a-impure.o)
                              /home/yusaku/Atollic/TrueSTUDIO/ARMTools/bin/../lib/gcc/arm-atollic-eabi/6.3.1/../../../../arm-atollic-eabi/lib/armv7-m/libc.a(lib_a-errno.o) (_impure_ptr)
/home/yusaku/Atollic/TrueSTUDIO/ARMTools/bin/../lib/gcc/arm-atollic-eabi/6.3.1/../../../../arm-atollic-eabi/lib/armv7-m/libc.a(lib_a-init.o)
                              startup/startup_stm32f103xb.o (__libc_init_array)
/home/yusaku/Atollic/TrueSTUDIO/ARMTools/bin/../lib/gcc/arm-atollic-eabi/6.3.1/../../../../arm-atollic-eabi/lib/armv7-m/libc.a(lib_a-malloc.o)
                              /home/yusaku/Atollic/TrueSTUDIO/ARMTools/bin/../lib/gcc/arm-atollic-eabi/6.3.1/../../../../arm-atollic-eabi/lib/armv7-m/libstdc++.a(del_op.o) (free)
/home/yusaku/Atollic/TrueSTUDIO/ARMTools/bin/../lib/gcc/arm-atollic-eabi/6.3.1/../../../../arm-atollic-eabi/lib/armv7-m/libc.a(lib_a-mallocr.o)
                              /home/yusaku/Atollic/TrueSTUDIO/ARMTools/bin/../lib/gcc/arm-atollic-eabi/6.3.1/../../../../arm-atollic-eabi/lib/armv7-m/libc.a(lib_a-malloc.o) (_malloc_r)
/home/yusaku/Atollic/TrueSTUDIO/ARMTools/bin/../lib/gcc/arm-atollic-eabi/6.3.1/../../../../arm-atollic-eabi/lib/armv7-m/libc.a(lib_a-memcpy-stub.o)
                              Core/Src/feet_ctrl.o (memcpy)
/home/yusaku/Atollic/TrueSTUDIO/ARMTools/bin/../lib/gcc/arm-atollic-eabi/6.3.1/../../../../arm-atollic-eabi/lib/armv7-m/libc.a(lib_a-memset.o)
                              Core/Src/stepper_position_ctrl.o (memset)
[...]
Memory Configuration

Name             Origin             Length             Attributes
RAM              0x0000000020000000 0x0000000000005000 xrw
FLASH            0x0000000008000000 0x0000000000010000 xr
*default*        0x0000000000000000 0xffffffffffffffff

Linker script and memory map

LOAD /home/yusaku/Atollic/TrueSTUDIO/ARMTools/bin/../lib/gcc/arm-atollic-eabi/6.3.1/armv7-m/crti.o
LOAD /home/yusaku/Atollic/TrueSTUDIO/ARMTools/bin/../lib/gcc/arm-atollic-eabi/6.3.1/armv7-m/crtbegin.o
LOAD Core/Src/feet_ctrl.o
LOAD Core/Src/main.o
LOAD Core/Src/stepper_position_ctrl.o
LOAD Core/Src/stepper_velocity_ctrl.o
LOAD Core/Src/stm32f1xx_hal_msp.o
LOAD Core/Src/stm32f1xx_it.o
LOAD Core/Src/system_stm32f1xx.o
LOAD Drivers/STM32F1xx_HAL_Driver/Src/stm32f1xx_hal.o
LOAD Drivers/STM32F1xx_HAL_Driver/Src/stm32f1xx_hal_cortex.o
LOAD Drivers/STM32F1xx_HAL_Driver/Src/stm32f1xx_hal_dma.o
LOAD Drivers/STM32F1xx_HAL_Driver/Src/stm32f1xx_hal_flash.o
LOAD Drivers/STM32F1xx_HAL_Driver/Src/stm32f1xx_hal_flash_ex.o
LOAD Drivers/STM32F1xx_HAL_Driver/Src/stm32f1xx_hal_gpio.o
LOAD Drivers/STM32F1xx_HAL_Driver/Src/stm32f1xx_hal_gpio_ex.o
LOAD Drivers/STM32F1xx_HAL_Driver/Src/stm32f1xx_hal_pwr.o
LOAD Drivers/STM32F1xx_HAL_Driver/Src/stm32f1xx_hal_rcc.o
LOAD Drivers/STM32F1xx_HAL_Driver/Src/stm32f1xx_hal_rcc_ex.o
LOAD Drivers/STM32F1xx_HAL_Driver/Src/stm32f1xx_hal_tim.o
LOAD Drivers/STM32F1xx_HAL_Driver/Src/stm32f1xx_hal_tim_ex.o
LOAD Drivers/STM32F1xx_HAL_Driver/Src/stm32f1xx_hal_uart.o
LOAD Drivers/ros_lib/duration.o
LOAD Drivers/ros_lib/time.o
LOAD startup/startup_stm32f103xb.o
                0x0000000000001000                malloc_getpagesize_P = 0x1000
START GROUP
LOAD /home/yusaku/Atollic/TrueSTUDIO/ARMTools/bin/../lib/gcc/arm-atollic-eabi/6.3.1/../../../../arm-atollic-eabi/lib/armv7-m/libstdc++.a
LOAD /home/yusaku/Atollic/TrueSTUDIO/ARMTools/bin/../lib/gcc/arm-atollic-eabi/6.3.1/../../../../arm-atollic-eabi/lib/armv7-m/libsupc++.a
END GROUP
LOAD /home/yusaku/Atollic/TrueSTUDIO/ARMTools/bin/../lib/gcc/arm-atollic-eabi/6.3.1/../../../../arm-atollic-eabi/lib/armv7-m/libstdc++.a
LOAD /home/yusaku/Atollic/TrueSTUDIO/ARMTools/bin/../lib/gcc/arm-atollic-eabi/6.3.1/../../../../arm-atollic-eabi/lib/armv7-m/libm.a
LOAD /home/yusaku/Atollic/TrueSTUDIO/ARMTools/bin/../lib/gcc/arm-atollic-eabi/6.3.1/../../../../arm-atollic-eabi/lib/armv7-m/libc.a
START GROUP
LOAD /home/yusaku/Atollic/TrueSTUDIO/ARMTools/bin/../lib/gcc/arm-atollic-eabi/6.3.1/armv7-m/libgcc.a
LOAD /home/yusaku/Atollic/TrueSTUDIO/ARMTools/bin/../lib/gcc/arm-atollic-eabi/6.3.1/../../../../arm-atollic-eabi/lib/armv7-m/libc.a
END GROUP
START GROUP
LOAD /home/yusaku/Atollic/TrueSTUDIO/ARMTools/bin/../lib/gcc/arm-atollic-eabi/6.3.1/armv7-m/libgcc.a
LOAD /home/yusaku/Atollic/TrueSTUDIO/ARMTools/bin/../lib/gcc/arm-atollic-eabi/6.3.1/../../../../arm-atollic-eabi/lib/armv7-m/libc.a
LOAD /home/yusaku/Atollic/TrueSTUDIO/ARMTools/bin/../lib/gcc/arm-atollic-eabi/6.3.1/../../../../arm-atollic-eabi/lib/armv7-m/libnosys.a
END GROUP
LOAD /home/yusaku/Atollic/TrueSTUDIO/ARMTools/bin/../lib/gcc/arm-atollic-eabi/6.3.1/armv7-m/crtend.o
LOAD /home/yusaku/Atollic/TrueSTUDIO/ARMTools/bin/../lib/gcc/arm-atollic-eabi/6.3.1/armv7-m/crtn.o
                0x0000000020005000                _estack = 0x20005000
                0x0000000000000200                _Min_Heap_Size = 0x200
                0x0000000000000400                _Min_Stack_Size = 0x400

.isr_vector     0x0000000008000000      0x10c
                0x0000000008000000                . = ALIGN (0x4)
 *(.isr_vector)
 .isr_vector    0x0000000008000000      0x10c startup/startup_stm32f103xb.o
                0x0000000008000000                g_pfnVectors
                0x000000000800010c                . = ALIGN (0x4)

.text           0x0000000008000110     0xbd0c
                0x0000000008000110                . = ALIGN (0x4)
 *(.text)
 .text          0x0000000008000110        0x0 /home/yusaku/Atollic/TrueSTUDIO/ARMTools/bin/../lib/gcc/arm-atollic-eabi/6.3.1/armv7-m/crti.o
 .text          0x0000000008000110       0x40 /home/yusaku/Atollic/TrueSTUDIO/ARMTools/bin/../lib/gcc/arm-atollic-eabi/6.3.1/armv7-m/crtbegin.o
 .text          0x0000000008000150      0x24c Core/Src/feet_ctrl.o
                0x0000000008000150                FeetCtrl::FeetCtrl(GPIO_TypeDef*, unsigned short, unsigned short, unsigned short, GPIO_TypeDef*, unsigned short, unsigned short, unsigned short)
                0x0000000008000150                FeetCtrl::FeetCtrl(GPIO_TypeDef*, unsigned short, unsigned short, unsigned short, GPIO_TypeDef*, unsigned short, unsigned short, unsigned short)
                0x0000000008000220                FeetCtrl::calculate_profile()
                0x0000000008000308                FeetCtrl::set_target(float*)
                0x0000000008000394                FeetCtrl::set_target(float (&) [3])
 .text          0x000000000800039c     0x1070 Core/Src/main.o
                0x000000000800039c                hand_cylinder_callback(std_msgs::Bool const&)
                0x0000000008000518                lift_position_callback(std_msgs::Int32 const&)
                0x0000000008000534                feet_velocity_callback(std_msgs::Float32MultiArray const&)
                0x00000000080007b0                HAL_UART_TxCpltCallback
                0x00000000080007d0                disable_actuators()
                0x0000000008000818                enable_actuators()
                0x0000000008000848                act_enable_callback(std_msgs::Bool const&)
                0x0000000008000880                on_shutdown_pressed()
                0x0000000008000894                on_start_pressed()
                0x00000000080008a4                _Error_Handler
                0x0000000008000a38                SystemClock_Config()
                0x0000000008000ac0                main
 *fill*         0x000000000800140c        0x4 
 .text          0x0000000008001410      0x2e8 Core/Src/stepper_position_ctrl.o
                0x0000000008001410                StepperPositionCtrl::StepperPositionCtrl(GPIO_TypeDef*, unsigned short, GPIO_TypeDef*, unsigned short)
                0x0000000008001410                StepperPositionCtrl::StepperPositionCtrl(GPIO_TypeDef*, unsigned short, GPIO_TypeDef*, unsigned short)
                0x00000000080014a0                StepperPositionCtrl::reset_position()
                0x00000000080014ac                StepperPositionCtrl::calculate_profile()
                0x00000000080016e4                StepperPositionCtrl::set_target_position(int)
 .text          0x00000000080016f8      0x1b4 Core/Src/stepper_velocity_ctrl.o
                0x00000000080016f8                StepperVelocityCtrl::StepperVelocityCtrl(GPIO_TypeDef*, unsigned short, GPIO_TypeDef*, unsigned short)
                0x00000000080016f8                StepperVelocityCtrl::StepperVelocityCtrl(GPIO_TypeDef*, unsigned short, GPIO_TypeDef*, unsigned short)
                0x0000000008001780                StepperVelocityCtrl::calculate_profile()
                0x0000000008001844                StepperVelocityCtrl::set_target(float)
 .text          0x00000000080018ac      0x284 Core/Src/stm32f1xx_hal_msp.o
                0x00000000080018ac                HAL_MspInit
                0x000000000800194c                HAL_TIM_Base_MspInit
                0x00000000080019bc                HAL_TIM_Base_MspDeInit
                0x0000000008001a00                HAL_UART_MspInit
                0x0000000008001aec                HAL_UART_MspDeInit
 .text          0x0000000008001b30      0x2a0 Core/Src/stm32f1xx_it.o
                0x0000000008001b30                NMI_Handler
                0x0000000008001b32                HardFault_Handler
                0x0000000008001b42                MemManage_Handler
                0x0000000008001b44                BusFault_Handler
                0x0000000008001b46                UsageFault_Handler
                0x0000000008001b48                SVC_Handler
                0x0000000008001b4a                DebugMon_Handler
                0x0000000008001b4c                PendSV_Handler
                0x0000000008001b4e                SysTick_Handler
                0x0000000008001b5a                DMA1_Channel4_IRQHandler
                0x0000000008001b68                DMA1_Channel5_IRQHandler
                0x0000000008001b78                TIM3_IRQHandler
                0x0000000008001ba8                TIM4_IRQHandler
                0x0000000008001d74                USART1_IRQHandler
                0x0000000008001d84                EXTI3_IRQHandler
                0x0000000008001da4                EXTI4_IRQHandler
 .text          0x0000000008001dd0       0xe0 Core/Src/system_stm32f1xx.o
                0x0000000008001dd0                SystemInit
                0x0000000008001e1c                SystemCoreClockUpdate
 .text          0x0000000008001eb0      0x1d8 Drivers/STM32F1xx_HAL_Driver/Src/stm32f1xx_hal.o
                0x0000000008001eb2                HAL_MspDeInit
                0x0000000008001eb4                HAL_DeInit
                0x0000000008001ed4                HAL_InitTick
                0x0000000008001f1c                HAL_Init
                0x0000000008001f40                HAL_IncTick
                0x0000000008001f58                HAL_GetTick
                0x0000000008001f64                HAL_GetTickPrio
                0x0000000008001f70                HAL_SetTickFreq
                0x0000000008001f90                HAL_GetTickFreq
                0x0000000008001f9c                HAL_Delay
                0x0000000008001fc4                HAL_SuspendTick
                0x0000000008001fd4                HAL_ResumeTick
                0x0000000008001fe4                HAL_GetHalVersion
                0x0000000008001fec                HAL_GetREVID
                0x0000000008001ff8                HAL_GetDEVID
                0x0000000008002008                HAL_DBGMCU_EnableDBGSleepMode
                0x0000000008002018                HAL_DBGMCU_DisableDBGSleepMode
                0x0000000008002028                HAL_DBGMCU_EnableDBGStopMode
                0x0000000008002038                HAL_DBGMCU_DisableDBGStopMode
                0x0000000008002048                HAL_DBGMCU_EnableDBGStandbyMode
                0x0000000008002058                HAL_DBGMCU_DisableDBGStandbyMode
                0x0000000008002068                HAL_GetUID
 .text          0x0000000008002088      0x214 Drivers/STM32F1xx_HAL_Driver/Src/stm32f1xx_hal_cortex.o
                0x0000000008002088                HAL_NVIC_SetPriorityGrouping
                0x00000000080020ac                HAL_NVIC_SetPriority
                0x0000000008002110                HAL_NVIC_EnableIRQ
                0x0000000008002128                HAL_NVIC_DisableIRQ
                0x0000000008002144                HAL_NVIC_SystemReset
                0x0000000008002168                HAL_SYSTICK_Config
                0x0000000008002194                HAL_NVIC_GetPriorityGrouping
                0x00000000080021a4                HAL_NVIC_GetPriority
                0x0000000008002200                HAL_NVIC_SetPendingIRQ
                0x000000000800221c                HAL_NVIC_GetPendingIRQ
                0x0000000008002238                HAL_NVIC_ClearPendingIRQ
                0x0000000008002254                HAL_NVIC_GetActive
                0x0000000008002270                HAL_SYSTICK_CLKSourceConfig
                0x0000000008002290                HAL_SYSTICK_Callback
                0x0000000008002292                HAL_SYSTICK_IRQHandler
 .text          0x000000000800229c      0x6b4 Drivers/STM32F1xx_HAL_Driver/Src/stm32f1xx_hal_dma.o
                0x00000000080022c8                HAL_DMA_Init
                0x0000000008002340                HAL_DMA_DeInit
                0x00000000080023a0                HAL_DMA_Start
                0x00000000080023f0                HAL_DMA_Start_IT
                0x0000000008002464                HAL_DMA_Abort
                0x0000000008002492                HAL_DMA_Abort_IT
                0x0000000008002528                HAL_DMA_PollForTransfer
                0x0000000008002758                HAL_DMA_IRQHandler
                0x000000000800289c                HAL_DMA_RegisterCallback
                0x00000000080028ea                HAL_DMA_UnRegisterCallback
                0x0000000008002946                HAL_DMA_GetState
                0x000000000800294c                HAL_DMA_GetError
 .text          0x0000000008002950      0x3ec Drivers/STM32F1xx_HAL_Driver/Src/stm32f1xx_hal_flash.o
                0x00000000080029e0                HAL_FLASH_Program_IT
                0x0000000008002a44                HAL_FLASH_EndOfOperationCallback
                0x0000000008002a46                HAL_FLASH_OperationErrorCallback
                0x0000000008002a48                HAL_FLASH_IRQHandler
                0x0000000008002b9c                HAL_FLASH_Unlock
                0x0000000008002bd0                HAL_FLASH_Lock
                0x0000000008002be4                HAL_FLASH_OB_Unlock
                0x0000000008002c0c                HAL_FLASH_OB_Lock
                0x0000000008002c20                HAL_FLASH_OB_Launch
                0x0000000008002c28                HAL_FLASH_GetError
                0x0000000008002c34                FLASH_WaitForLastOperation
                0x0000000008002ca0                HAL_FLASH_Program
 .text          0x0000000008002d3c      0x538 Drivers/STM32F1xx_HAL_Driver/Src/stm32f1xx_hal_flash_ex.o
                0x0000000008002e98                HAL_FLASHEx_OBErase
                0x0000000008003068                HAL_FLASHEx_OBProgram
                0x0000000008003110                HAL_FLASHEx_OBGetConfig
                0x000000000800312c                HAL_FLASHEx_OBGetUserData
                0x0000000008003150                FLASH_PageErase
                0x0000000008003174                HAL_FLASHEx_Erase
                0x0000000008003218                HAL_FLASHEx_Erase_IT
 .text          0x0000000008003274      0x348 Drivers/STM32F1xx_HAL_Driver/Src/stm32f1xx_hal_gpio.o
                0x0000000008003274                HAL_GPIO_Init
                0x0000000008003460                HAL_GPIO_DeInit
                0x0000000008003550                HAL_GPIO_ReadPin
                0x000000000800355e                HAL_GPIO_WritePin
                0x000000000800356a                HAL_GPIO_TogglePin
                0x0000000008003572                HAL_GPIO_LockPin
                0x00000000080035a0                HAL_GPIO_EXTI_Callback
                0x00000000080035a2                HAL_GPIO_EXTI_IRQHandler
 .text          0x00000000080035bc       0x34 Drivers/STM32F1xx_HAL_Driver/Src/stm32f1xx_hal_gpio_ex.o
                0x00000000080035bc                HAL_GPIOEx_ConfigEventout
                0x00000000080035d0                HAL_GPIOEx_EnableEventout
                0x00000000080035e0                HAL_GPIOEx_DisableEventout
 .text          0x00000000080035f0      0x1f0 Drivers/STM32F1xx_HAL_Driver/Src/stm32f1xx_hal_pwr.o
                0x00000000080035f6                HAL_PWR_DeInit
                0x0000000008003610                HAL_PWR_EnableBkUpAccess
                0x000000000800361c                HAL_PWR_DisableBkUpAccess
                0x0000000008003628                HAL_PWR_ConfigPVD
                0x00000000080036ac                HAL_PWR_EnablePVD
                0x00000000080036b8                HAL_PWR_DisablePVD
                0x00000000080036c4                HAL_PWR_EnableWakeUpPin
                0x00000000080036dc                HAL_PWR_DisableWakeUpPin
                0x00000000080036f4                HAL_PWR_EnterSLEEPMode
                0x0000000008003714                HAL_PWR_EnterSTOPMode
                0x000000000800375c                HAL_PWR_EnterSTANDBYMode
                0x000000000800377c                HAL_PWR_EnableSleepOnExit
                0x000000000800378c                HAL_PWR_DisableSleepOnExit
                0x000000000800379c                HAL_PWR_EnableSEVOnPend
                0x00000000080037ac                HAL_PWR_DisableSEVOnPend
                0x00000000080037bc                HAL_PWR_PVDCallback
                0x00000000080037be                HAL_PWR_PVD_IRQHandler
 .text          0x00000000080037e0      0x8a0 Drivers/STM32F1xx_HAL_Driver/Src/stm32f1xx_hal_rcc.o
                0x000000000800380c                HAL_RCC_DeInit
                0x00000000080038f8                HAL_RCC_OscConfig
                0x0000000008003cd8                HAL_RCC_MCOConfig
                0x0000000008003d24                HAL_RCC_EnableCSS
                0x0000000008003d30                HAL_RCC_DisableCSS
                0x0000000008003d3c                HAL_RCC_GetSysClockFreq
                0x0000000008003da8                HAL_RCC_ClockConfig
                0x0000000008003f20                HAL_RCC_GetHCLKFreq
                0x0000000008003f2c                HAL_RCC_GetPCLK1Freq
                0x0000000008003f4c                HAL_RCC_GetPCLK2Freq
                0x0000000008003f6c                HAL_RCC_GetOscConfig
                0x0000000008004020                HAL_RCC_GetClockConfig
                0x000000000800405c                HAL_RCC_CSSCallback
                0x000000000800405e                HAL_RCC_NMI_IRQHandler
 .text          0x0000000008004080      0x23c Drivers/STM32F1xx_HAL_Driver/Src/stm32f1xx_hal_rcc_ex.o
                0x0000000008004080                HAL_RCCEx_PeriphCLKConfig
                0x0000000008004194                HAL_RCCEx_GetPeriphCLKConfig
                0x00000000080041c0                HAL_RCCEx_GetPeriphCLKFreq
 .text          0x00000000080042bc     0x21d8 Drivers/STM32F1xx_HAL_Driver/Src/stm32f1xx_hal_tim.o
                0x0000000008004548                HAL_TIM_Base_DeInit
                0x0000000008004582                HAL_TIM_Base_Start
                0x000000000800459c                HAL_TIM_Base_Stop
                0x00000000080045ca                HAL_TIM_Base_Start_IT
                0x00000000080045e2                HAL_TIM_Base_Stop_IT
                0x000000000800460e                HAL_TIM_Base_Start_DMA
                0x0000000008004674                HAL_TIM_Base_Stop_DMA
                0x00000000080046a6                HAL_TIM_OC_MspInit
                0x00000000080046a8                HAL_TIM_OC_MspDeInit
                0x00000000080046aa                HAL_TIM_OC_DeInit
                0x00000000080046e4                HAL_TIM_PWM_MspInit
                0x00000000080046e6                HAL_TIM_PWM_MspDeInit
                0x00000000080046e8                HAL_TIM_PWM_DeInit
                0x0000000008004722                HAL_TIM_IC_MspInit
                0x0000000008004724                HAL_TIM_IC_MspDeInit
                0x0000000008004726                HAL_TIM_IC_DeInit
                0x0000000008004760                HAL_TIM_OnePulse_MspInit
                0x0000000008004762                HAL_TIM_OnePulse_MspDeInit
                0x0000000008004764                HAL_TIM_OnePulse_DeInit
                0x000000000800479e                HAL_TIM_Encoder_MspInit
                0x00000000080047a0                HAL_TIM_Encoder_MspDeInit
                0x00000000080047a2                HAL_TIM_Encoder_DeInit
                0x00000000080047dc                HAL_TIM_DMABurst_WriteStart
                0x0000000008004948                HAL_TIM_DMABurst_WriteStop
                0x00000000080049be                HAL_TIM_DMABurst_ReadStart
                0x0000000008004b28                HAL_TIM_DMABurst_ReadStop
                0x0000000008004b9e                HAL_TIM_GenerateEvent
                0x0000000008004bc4                HAL_TIM_ConfigOCrefClear
                0x0000000008004c94                HAL_TIM_ConfigClockSource
                0x0000000008004d9c                HAL_TIM_ConfigTI1Input
                0x0000000008004dac                HAL_TIM_SlaveConfigSynchronization
                0x0000000008004dec                HAL_TIM_SlaveConfigSynchronization_IT
                0x0000000008004e2c                HAL_TIM_ReadCapturedValue
                0x0000000008004e78                HAL_TIM_PeriodElapsedCallback
                0x0000000008004e8a                HAL_TIM_OC_DelayElapsedCallback
                0x0000000008004e8c                HAL_TIM_IC_CaptureCallback
                0x0000000008004e8e                TIM_DMACaptureCplt
                0x0000000008004ed4                HAL_TIM_PWM_PulseFinishedCallback
                0x0000000008004ed6                TIM_DMADelayPulseCplt
                0x0000000008004f1c                HAL_TIM_TriggerCallback
                0x0000000008004f1e                HAL_TIM_IRQHandler
                0x00000000080050a8                HAL_TIM_ErrorCallback
                0x00000000080050aa                TIM_DMAError
                0x00000000080050ba                HAL_TIM_Base_GetState
                0x00000000080050c0                HAL_TIM_OC_GetState
                0x00000000080050c6                HAL_TIM_PWM_GetState
                0x00000000080050cc                HAL_TIM_IC_GetState
                0x00000000080050d2                HAL_TIM_OnePulse_GetState
                0x00000000080050d8                HAL_TIM_Encoder_GetState
                0x00000000080050de                TIM_Base_SetConfig
                0x0000000008005154                HAL_TIM_Base_Init
                0x0000000008005186                HAL_TIM_OC_Init
                0x00000000080051b8                HAL_TIM_PWM_Init
                0x00000000080051ea                HAL_TIM_IC_Init
                0x000000000800521c                HAL_TIM_OnePulse_Init
                0x0000000008005262                HAL_TIM_Encoder_Init
                0x00000000080052fa                TIM_OC2_SetConfig
                0x0000000008005360                HAL_TIM_OC_ConfigChannel
                0x00000000080053be                HAL_TIM_PWM_ConfigChannel
                0x000000000800549a                TIM_TI1_SetConfig
                0x0000000008005504                HAL_TIM_IC_ConfigChannel
                0x00000000080055c4                HAL_TIM_OnePulse_ConfigChannel
                0x00000000080056b6                TIM_CCxChannelCmd
                0x00000000080056d2                HAL_TIM_OC_Start
                0x0000000008005704                HAL_TIM_OC_Stop
                0x000000000800575c                HAL_TIM_OC_Start_IT
                0x00000000080057d0                HAL_TIM_OC_Stop_IT
                0x000000000800586c                HAL_TIM_OC_Start_DMA
                0x0000000008005978                HAL_TIM_OC_Stop_DMA
                0x0000000008005a1c                HAL_TIM_PWM_Start
                0x0000000008005a4c                HAL_TIM_PWM_Stop
                0x0000000008005aac                HAL_TIM_PWM_Start_IT
                0x0000000008005b20                HAL_TIM_PWM_Stop_IT
                0x0000000008005bbc                HAL_TIM_PWM_Start_DMA
                0x0000000008005cc8                HAL_TIM_PWM_Stop_DMA
                0x0000000008005d6c                HAL_TIM_IC_Start
                0x0000000008005d86                HAL_TIM_IC_Stop
                0x0000000008005db4                HAL_TIM_IC_Start_IT
                0x0000000008005e12                HAL_TIM_IC_Stop_IT
                0x0000000008005e84                HAL_TIM_IC_Start_DMA
                0x0000000008005f70                HAL_TIM_IC_Stop_DMA
                0x0000000008005fe8                HAL_TIM_OnePulse_Start
                0x000000000800601c                HAL_TIM_OnePulse_Stop
                0x0000000008006080                HAL_TIM_OnePulse_Start_IT
                0x00000000080060c8                HAL_TIM_OnePulse_Stop_IT
                0x0000000008006140                HAL_TIM_Encoder_Start
                0x0000000008006184                HAL_TIM_Encoder_Stop
                0x00000000080061dc                HAL_TIM_Encoder_Start_IT
                0x0000000008006248                HAL_TIM_Encoder_Stop_IT
                0x00000000080062ce                HAL_TIM_Encoder_Start_DMA
                0x000000000800640c                HAL_TIM_Encoder_Stop_DMA
 .text          0x0000000008006494      0xac4 Drivers/STM32F1xx_HAL_Driver/Src/stm32f1xx_hal_tim_ex.o
                0x00000000080064b0                HAL_TIMEx_HallSensor_MspInit
                0x00000000080064b2                HAL_TIMEx_HallSensor_Init
                0x0000000008006570                HAL_TIMEx_HallSensor_MspDeInit
                0x0000000008006572                HAL_TIMEx_HallSensor_DeInit
                0x00000000080065ac                HAL_TIMEx_HallSensor_Start
                0x00000000080065c8                HAL_TIMEx_HallSensor_Stop
                0x00000000080065f8                HAL_TIMEx_HallSensor_Start_IT
                0x000000000800661e                HAL_TIMEx_HallSensor_Stop_IT
                0x0000000008006658                HAL_TIMEx_HallSensor_Start_DMA
                0x00000000080066cc                HAL_TIMEx_HallSensor_Stop_DMA
                0x0000000008006706                HAL_TIMEx_OCN_Start
                0x000000000800672a                HAL_TIMEx_OCN_Stop
                0x0000000008006776                HAL_TIMEx_OCN_Start_IT
                0x00000000080067d2                HAL_TIMEx_OCN_Stop_IT
                0x0000000008006862                HAL_TIMEx_OCN_Start_DMA
                0x0000000008006934                HAL_TIMEx_OCN_Stop_DMA
                0x00000000080069b4                HAL_TIMEx_PWMN_Start
                0x00000000080069d8                HAL_TIMEx_PWMN_Stop
                0x0000000008006a24                HAL_TIMEx_PWMN_Start_IT
                0x0000000008006a80                HAL_TIMEx_PWMN_Stop_IT
                0x0000000008006b10                HAL_TIMEx_PWMN_Start_DMA
                0x0000000008006be4                HAL_TIMEx_PWMN_Stop_DMA
                0x0000000008006c64                HAL_TIMEx_OnePulseN_Start
                0x0000000008006c7e                HAL_TIMEx_OnePulseN_Stop
                0x0000000008006cca                HAL_TIMEx_OnePulseN_Start_IT
                0x0000000008006cf8                HAL_TIMEx_OnePulseN_Stop_IT
                0x0000000008006d58                HAL_TIMEx_ConfigCommutationEvent
                0x0000000008006db4                HAL_TIMEx_ConfigCommutationEvent_IT
                0x0000000008006e1a                HAL_TIMEx_ConfigCommutationEvent_DMA
                0x0000000008006e94                HAL_TIMEx_ConfigBreakDeadTime
                0x0000000008006eec                HAL_TIMEx_MasterConfigSynchronization
                0x0000000008006f3e                HAL_TIMEx_CommutationCallback
                0x0000000008006f40                TIMEx_DMACommutationCplt
                0x0000000008006f50                HAL_TIMEx_BreakCallback
                0x0000000008006f52                HAL_TIMEx_HallSensor_GetState
 .text          0x0000000008006f58     0x1068 Drivers/STM32F1xx_HAL_Driver/Src/stm32f1xx_hal_uart.o
                0x0000000008007206                HAL_UART_Init
                0x0000000008007264                HAL_HalfDuplex_Init
                0x00000000080072ce                HAL_LIN_Init
                0x0000000008007348                HAL_MultiProcessor_Init
                0x00000000080073c8                HAL_UART_DeInit
                0x00000000080073ee                HAL_UART_Transmit
                0x00000000080074d0                HAL_UART_Receive
                0x00000000080075b6                HAL_UART_Transmit_IT
                0x00000000080075fe                HAL_UART_Receive_IT
                0x000000000800765a                HAL_UART_Transmit_DMA
                0x00000000080076e8                HAL_UART_Receive_DMA
                0x0000000008007790                HAL_UART_DMAPause
                0x0000000008007800                HAL_UART_DMAResume
                0x0000000008007876                HAL_UART_DMAStop
                0x00000000080078da                HAL_UART_Abort
                0x0000000008007946                HAL_UART_AbortTransmit
                0x0000000008007980                HAL_UART_AbortReceive
                0x0000000008007a10                HAL_UART_TxHalfCpltCallback
                0x0000000008007a1c                HAL_UART_RxCpltCallback
                0x0000000008007afa                HAL_UART_RxHalfCpltCallback
                0x0000000008007b06                HAL_UART_ErrorCallback
                0x0000000008007b60                HAL_UART_IRQHandler
                0x0000000008007c90                HAL_UART_AbortCpltCallback
                0x0000000008007c92                HAL_UART_Abort_IT
                0x0000000008007db4                HAL_UART_AbortTransmitCpltCallback
                0x0000000008007db6                HAL_UART_AbortTransmit_IT
                0x0000000008007e2c                HAL_UART_AbortReceiveCpltCallback
                0x0000000008007e2e                HAL_UART_AbortReceive_IT
                0x0000000008007eac                HAL_LIN_SendBreak
                0x0000000008007ede                HAL_MultiProcessor_EnterMuteMode
                0x0000000008007f10                HAL_MultiProcessor_ExitMuteMode
                0x0000000008007f42                HAL_HalfDuplex_EnableTransmitter
                0x0000000008007f78                HAL_HalfDuplex_EnableReceiver
                0x0000000008007fae                HAL_UART_GetState
                0x0000000008007fba                HAL_UART_GetError
 .text          0x0000000008007fc0       0xbc Drivers/ros_lib/duration.o
                0x0000000008007fc0                ros::normalizeSecNSecSigned(long&, long&)
                0x0000000008007ffc                ros::Duration::operator+=(ros::Duration const&)
                0x000000000800801c                ros::Duration::operator-=(ros::Duration const&)
                0x000000000800803c                ros::Duration::operator*=(double)
 .text          0x000000000800807c       0x9c Drivers/ros_lib/time.o
                0x000000000800807c                ros::normalizeSecNSec(unsigned long&, unsigned long&)
                0x00000000080080a8                ros::Time::fromNSec(long)
                0x00000000080080d8                ros::Time::operator+=(ros::Duration const&)
                0x00000000080080f8                ros::Time::operator-=(ros::Duration const&)
 .text          0x0000000008008118       0x14 startup/startup_stm32f103xb.o
 .text          0x000000000800812c        0x0 /home/yusaku/Atollic/TrueSTUDIO/ARMTools/bin/../lib/gcc/arm-atollic-eabi/6.3.1/../../../../arm-atollic-eabi/lib/armv7-m/libstdc++.a(si_class_type_info.o)
 .text          0x000000000800812c        0x0 /home/yusaku/Atollic/TrueSTUDIO/ARMTools/bin/../lib/gcc/arm-atollic-eabi/6.3.1/../../../../arm-atollic-eabi/lib/armv7-m/libstdc++.a(del_ops.o)
 .text          0x000000000800812c        0x0 /home/yusaku/Atollic/TrueSTUDIO/ARMTools/bin/../lib/gcc/arm-atollic-eabi/6.3.1/../../../../arm-atollic-eabi/lib/armv7-m/libstdc++.a(class_type_info.o)
 .text          0x000000000800812c        0x0 /home/yusaku/Atollic/TrueSTUDIO/ARMTools/bin/../lib/gcc/arm-atollic-eabi/6.3.1/../../../../arm-atollic-eabi/lib/armv7-m/libstdc++.a(tinfo.o)
 .text          0x000000000800812c        0x0 /home/yusaku/Atollic/TrueSTUDIO/ARMTools/bin/../lib/gcc/arm-atollic-eabi/6.3.1/../../../../arm-atollic-eabi/lib/armv7-m/libstdc++.a(del_op.o)
 .text          0x000000000800812c        0x0 /home/yusaku/Atollic/TrueSTUDIO/ARMTools/bin/../lib/gcc/arm-atollic-eabi/6.3.1/../../../../arm-atollic-eabi/lib/armv7-m/libm.a(lib_a-w_sqrt.o)
 .text          0x000000000800812c        0x0 /home/yusaku/Atollic/TrueSTUDIO/ARMTools/bin/../lib/gcc/arm-atollic-eabi/6.3.1/../../../../arm-atollic-eabi/lib/armv7-m/libm.a(lib_a-e_sqrt.o)
 .text          0x000000000800812c        0x0 /home/yusaku/Atollic/TrueSTUDIO/ARMTools/bin/../lib/gcc/arm-atollic-eabi/6.3.1/../../../../arm-atollic-eabi/lib/armv7-m/libm.a(lib_a-s_lib_ver.o)
 .text          0x000000000800812c        0x0 /home/yusaku/Atollic/TrueSTUDIO/ARMTools/bin/../lib/gcc/arm-atollic-eabi/6.3.1/../../../../arm-atollic-eabi/lib/armv7-m/libm.a(lib_a-s_matherr.o)
 .text          0x000000000800812c        0x0 /home/yusaku/Atollic/TrueSTUDIO/ARMTools/bin/../lib/gcc/arm-atollic-eabi/6.3.1/../../../../arm-atollic-eabi/lib/armv7-m/libc.a(lib_a-errno.o)
 .text          0x000000000800812c        0x0 /home/yusaku/Atollic/TrueSTUDIO/ARMTools/bin/../lib/gcc/arm-atollic-eabi/6.3.1/../../../../arm-atollic-eabi/lib/armv7-m/libc.a(lib_a-impure.o)
 .text          0x000000000800812c        0x0 /home/yusaku/Atollic/TrueSTUDIO/ARMTools/bin/../lib/gcc/arm-atollic-eabi/6.3.1/../../../../arm-atollic-eabi/lib/armv7-m/libc.a(lib_a-init.o)
 .text          0x000000000800812c        0x0 /home/yusaku/Atollic/TrueSTUDIO/ARMTools/bin/../lib/gcc/arm-atollic-eabi/6.3.1/../../../../arm-atollic-eabi/lib/armv7-m/libc.a(lib_a-malloc.o)
 .text          0x000000000800812c        0x0 /home/yusaku/Atollic/TrueSTUDIO/ARMTools/bin/../lib/gcc/arm-atollic-eabi/6.3.1/../../../../arm-atollic-eabi/lib/armv7-m/libc.a(lib_a-mallocr.o)
 .text          0x000000000800812c        0x0 /home/yusaku/Atollic/TrueSTUDIO/ARMTools/bin/../lib/gcc/arm-atollic-eabi/6.3.1/../../../../arm-atollic-eabi/lib/armv7-m/libc.a(lib_a-memcpy-stub.o)
 .text          0x000000000800812c        0x0 /home/yusaku/Atollic/TrueSTUDIO/ARMTools/bin/../lib/gcc/arm-atollic-eabi/6.3.1/../../../../arm-atollic-eabi/lib/armv7-m/libc.a(lib_a-memset.o)
 .text          0x000000000800812c        0x0 /home/yusaku/Atollic/TrueSTUDIO/ARMTools/bin/../lib/gcc/arm-atollic-eabi/6.3.1/../../../../arm-atollic-eabi/lib/armv7-m/libc.a(lib_a-mlock.o)
 .text          0x000000000800812c        0x0 /home/yusaku/Atollic/TrueSTUDIO/ARMTools/bin/../lib/gcc/arm-atollic-eabi/6.3.1/../../../../arm-atollic-eabi/lib/armv7-m/libc.a(lib_a-realloc.o)
 .text          0x000000000800812c        0x0 /home/yusaku/Atollic/TrueSTUDIO/ARMTools/bin/../lib/gcc/arm-atollic-eabi/6.3.1/../../../../arm-atollic-eabi/lib/armv7-m/libc.a(lib_a-reallocr.o)
 .text          0x000000000800812c        0x0 /home/yusaku/Atollic/TrueSTUDIO/ARMTools/bin/../lib/gcc/arm-atollic-eabi/6.3.1/../../../../arm-atollic-eabi/lib/armv7-m/libc.a(lib_a-sbrkr.o)
 .text          0x000000000800812c       0x14 /home/yusaku/Atollic/TrueSTUDIO/ARMTools/bin/../lib/gcc/arm-atollic-eabi/6.3.1/../../../../arm-atollic-eabi/lib/armv7-m/libc.a(lib_a-strcmp.o)
                0x000000000800812c                strcmp
 .text          0x0000000008008140       0x10 /home/yusaku/Atollic/TrueSTUDIO/ARMTools/bin/../lib/gcc/arm-atollic-eabi/6.3.1/../../../../arm-atollic-eabi/lib/armv7-m/libc.a(lib_a-strlen.o)
                0x0000000008008140                strlen
 .text          0x0000000008008150        0x0 /home/yusaku/Atollic/TrueSTUDIO/ARMTools/bin/../lib/gcc/arm-atollic-eabi/6.3.1/../../../../arm-atollic-eabi/lib/armv7-m/libc.a(lib_a-freer.o)
 .text          0x0000000008008150        0x0 /home/yusaku/Atollic/TrueSTUDIO/ARMTools/bin/../lib/gcc/arm-atollic-eabi/6.3.1/../../../../arm-atollic-eabi/lib/armv7-m/libc.a(lib_a-lock.o)
 .text          0x0000000008008150        0x0 /home/yusaku/Atollic/TrueSTUDIO/ARMTools/bin/../lib/gcc/arm-atollic-eabi/6.3.1/../../../../arm-atollic-eabi/lib/armv7-m/libc.a(lib_a-memmove.o)
 .text          0x0000000008008150        0x0 /home/yusaku/Atollic/TrueSTUDIO/ARMTools/bin/../lib/gcc/arm-atollic-eabi/6.3.1/../../../../arm-atollic-eabi/lib/armv7-m/libc.a(lib_a-reent.o)
 .text          0x0000000008008150      0x370 /home/yusaku/Atollic/TrueSTUDIO/ARMTools/bin/../lib/gcc/arm-atollic-eabi/6.3.1/armv7-m/libgcc.a(_arm_addsubdf3.o)
                0x0000000008008150                __aeabi_drsub
                0x0000000008008158                __aeabi_dsub
                0x0000000008008158                __subdf3
                0x000000000800815c                __adddf3
                0x000000000800815c                __aeabi_dadd
                0x00000000080083d4                __aeabi_ui2d
                0x00000000080083d4                __floatunsidf
                0x00000000080083f4                __floatsidf
                0x00000000080083f4                __aeabi_i2d
                0x0000000008008418                __extendsfdf2
                0x0000000008008418                __aeabi_f2d
                0x0000000008008454                __aeabi_ul2d
                0x0000000008008454                __floatundidf
                0x0000000008008464                __floatdidf
                0x0000000008008464                __aeabi_l2d
 .text          0x00000000080084c0      0x424 /home/yusaku/Atollic/TrueSTUDIO/ARMTools/bin/../lib/gcc/arm-atollic-eabi/6.3.1/armv7-m/libgcc.a(_arm_muldivdf3.o)
                0x00000000080084c0                __aeabi_dmul
                0x00000000080084c0                __muldf3
                0x0000000008008714                __aeabi_ddiv
                0x0000000008008714                __divdf3
 .text          0x00000000080088e4      0x110 /home/yusaku/Atollic/TrueSTUDIO/ARMTools/bin/../lib/gcc/arm-atollic-eabi/6.3.1/armv7-m/libgcc.a(_arm_cmpdf2.o)
                0x00000000080088e4                __gtdf2
                0x00000000080088e4                __gedf2
                0x00000000080088ec                __ltdf2
                0x00000000080088ec                __ledf2
                0x00000000080088f4                __cmpdf2
                0x00000000080088f4                __eqdf2
                0x00000000080088f4                __nedf2
                0x0000000008008970                __aeabi_cdrcmple
                0x0000000008008980                __aeabi_cdcmple
                0x0000000008008980                __aeabi_cdcmpeq
                0x0000000008008990                __aeabi_dcmpeq
                0x00000000080089a4                __aeabi_dcmplt
                0x00000000080089b8                __aeabi_dcmple
                0x00000000080089cc                __aeabi_dcmpge
                0x00000000080089e0                __aeabi_dcmpgt
 .text          0x00000000080089f4       0x2c /home/yusaku/Atollic/TrueSTUDIO/ARMTools/bin/../lib/gcc/arm-atollic-eabi/6.3.1/armv7-m/libgcc.a(_arm_unorddf2.o)
                0x00000000080089f4                __aeabi_dcmpun
                0x00000000080089f4                __unorddf2
 .text          0x0000000008008a20       0x50 /home/yusaku/Atollic/TrueSTUDIO/ARMTools/bin/../lib/gcc/arm-atollic-eabi/6.3.1/armv7-m/libgcc.a(_arm_fixdfsi.o)
                0x0000000008008a20                __fixdfsi
                0x0000000008008a20                __aeabi_d2iz
 .text          0x0000000008008a70      0x9dc /home/yusaku/Atollic/TrueSTUDIO/ARMTools/bin/../lib/gcc/arm-atollic-eabi/6.3.1/armv7-m/libgcc.a(unwind-arm.o)
                0x0000000008008d34                _Unwind_GetCFA
                0x0000000008008d38                __gnu_Unwind_RaiseException
                0x0000000008008d98                __gnu_Unwind_ForcedUnwind
                0x0000000008008dac                __gnu_Unwind_Resume
                0x0000000008008df0                __gnu_Unwind_Resume_or_Rethrow
                0x0000000008008e04                _Unwind_Complete
                0x0000000008008e08                _Unwind_DeleteException
                0x0000000008008e14                _Unwind_VRS_Get
                0x0000000008008e60                _Unwind_VRS_Set
                0x0000000008008eb0                __gnu_Unwind_Backtrace
                0x00000000080091f4                __aeabi_unwind_cpp_pr0
                0x00000000080091f8                __aeabi_unwind_cpp_pr1
                0x00000000080091fc                __aeabi_unwind_cpp_pr2
                0x0000000008009200                _Unwind_VRS_Pop
 .text          0x000000000800944c      0x1ac /home/yusaku/Atollic/TrueSTUDIO/ARMTools/bin/../lib/gcc/arm-atollic-eabi/6.3.1/armv7-m/libgcc.a(libunwind.o)
                0x000000000800944c                __restore_core_regs
                0x000000000800944c                restore_core_regs
                0x0000000008009464                __gnu_Unwind_Restore_VFP
                0x000000000800946c                __gnu_Unwind_Save_VFP
                0x0000000008009474                __gnu_Unwind_Restore_VFP_D
                0x000000000800947c                __gnu_Unwind_Save_VFP_D
                0x0000000008009484                __gnu_Unwind_Restore_VFP_D_16_to_31
                0x000000000800948c                __gnu_Unwind_Save_VFP_D_16_to_31
                0x0000000008009494                __gnu_Unwind_Restore_WMMXD
                0x00000000080094d8                __gnu_Unwind_Save_WMMXD
                0x000000000800951c                __gnu_Unwind_Restore_WMMXC
                0x0000000008009530                __gnu_Unwind_Save_WMMXC
                0x0000000008009544                ___Unwind_RaiseException
                0x0000000008009544                _Unwind_RaiseException
                0x0000000008009568                ___Unwind_Resume
                0x0000000008009568                _Unwind_Resume
                0x000000000800958c                _Unwind_Resume_or_Rethrow
                0x000000000800958c                ___Unwind_Resume_or_Rethrow
                0x00000000080095b0                ___Unwind_ForcedUnwind
                0x00000000080095b0                _Unwind_ForcedUnwind
                0x00000000080095d4                _Unwind_Backtrace
                0x00000000080095d4                ___Unwind_Backtrace
 .text          0x00000000080095f8      0x384 /home/yusaku/Atollic/TrueSTUDIO/ARMTools/bin/../lib/gcc/arm-atollic-eabi/6.3.1/armv7-m/libgcc.a(pr-support.o)
                0x0000000008009650                __gnu_unwind_execute
                0x0000000008009920                __gnu_unwind_frame
                0x000000000800994c                _Unwind_GetRegionStart
                0x0000000008009958                _Unwind_GetLanguageSpecificData
                0x000000000800996c                _Unwind_GetTextRelBase
                0x0000000008009974                _Unwind_GetDataRelBase
 .text          0x000000000800997c        0x0 /home/yusaku/Atollic/TrueSTUDIO/ARMTools/bin/../lib/gcc/arm-atollic-eabi/6.3.1/../../../../arm-atollic-eabi/lib/armv7-m/libc.a(lib_a-abort.o)
 .text          0x000000000800997c        0x0 /home/yusaku/Atollic/TrueSTUDIO/ARMTools/bin/../lib/gcc/arm-atollic-eabi/6.3.1/../../../../arm-atollic-eabi/lib/armv7-m/libc.a(lib_a-signal.o)
 .text          0x000000000800997c        0x0 /home/yusaku/Atollic/TrueSTUDIO/ARMTools/bin/../lib/gcc/arm-atollic-eabi/6.3.1/../../../../arm-atollic-eabi/lib/armv7-m/libc.a(lib_a-signalr.o)
 .text          0x000000000800997c        0x0 /home/yusaku/Atollic/TrueSTUDIO/ARMTools/bin/../lib/gcc/arm-atollic-eabi/6.3.1/../../../../arm-atollic-eabi/lib/armv7-m/libnosys.a(getpid.o)
 .text          0x000000000800997c        0x0 /home/yusaku/Atollic/TrueSTUDIO/ARMTools/bin/../lib/gcc/arm-atollic-eabi/6.3.1/../../../../arm-atollic-eabi/lib/armv7-m/libnosys.a(kill.o)
 .text          0x000000000800997c        0x0 /home/yusaku/Atollic/TrueSTUDIO/ARMTools/bin/../lib/gcc/arm-atollic-eabi/6.3.1/../../../../arm-atollic-eabi/lib/armv7-m/libnosys.a(sbrk.o)
 .text          0x000000000800997c        0x0 /home/yusaku/Atollic/TrueSTUDIO/ARMTools/bin/../lib/gcc/arm-atollic-eabi/6.3.1/../../../../arm-atollic-eabi/lib/armv7-m/libnosys.a(_exit.o)
 .text          0x000000000800997c        0x0 /home/yusaku/Atollic/TrueSTUDIO/ARMTools/bin/../lib/gcc/arm-atollic-eabi/6.3.1/armv7-m/crtend.o
 .text          0x000000000800997c        0x0 /home/yusaku/Atollic/TrueSTUDIO/ARMTools/bin/../lib/gcc/arm-atollic-eabi/6.3.1/armv7-m/crtn.o
 *(.text*)
 .text._ZNK8std_msgs4Time9serializeEPh
                0x000000000800997c       0x24 Core/Src/main.o
                0x000000000800997c                std_msgs::Time::serialize(unsigned char*) const
 .text._ZN8std_msgs4Time11deserializeEPh
                0x00000000080099a0       0x3c Core/Src/main.o
                0x00000000080099a0                std_msgs::Time::deserialize(unsigned char*)
 .text._ZN8std_msgs4Time7getTypeEv
                0x00000000080099dc        0x8 Core/Src/main.o
                0x00000000080099dc                std_msgs::Time::getType()
 .text._ZN8std_msgs4Time6getMD5Ev
                0x00000000080099e4        0x8 Core/Src/main.o
                0x00000000080099e4                std_msgs::Time::getMD5()
 .text._ZN14rosserial_msgs9TopicInfo11deserializeEPh
                0x00000000080099ec       0xca Core/Src/main.o
                0x00000000080099ec                rosserial_msgs::TopicInfo::deserialize(unsigned char*)
 *fill*         0x0000000008009ab6        0x2 
 .text._ZN14rosserial_msgs9TopicInfo7getTypeEv
                0x0000000008009ab8        0x8 Core/Src/main.o
                0x0000000008009ab8                rosserial_msgs::TopicInfo::getType()
 .text._ZN14rosserial_msgs9TopicInfo6getMD5Ev
                0x0000000008009ac0        0x8 Core/Src/main.o
                0x0000000008009ac0                rosserial_msgs::TopicInfo::getMD5()
 .text._ZN14rosserial_msgs3Log11deserializeEPh
                0x0000000008009ac8       0x40 Core/Src/main.o
                0x0000000008009ac8                rosserial_msgs::Log::deserialize(unsigned char*)
 .text._ZN14rosserial_msgs3Log7getTypeEv
                0x0000000008009b08        0x8 Core/Src/main.o
                0x0000000008009b08                rosserial_msgs::Log::getType()
 .text._ZN14rosserial_msgs3Log6getMD5Ev
                0x0000000008009b10        0x8 Core/Src/main.o
                0x0000000008009b10                rosserial_msgs::Log::getMD5()
 .text._ZN14rosserial_msgs20RequestParamResponse7getTypeEv
                0x0000000008009b18        0x8 Core/Src/main.o
                0x0000000008009b18                rosserial_msgs::RequestParamResponse::getType()
 .text._ZN14rosserial_msgs20RequestParamResponse6getMD5Ev
                0x0000000008009b20        0x8 Core/Src/main.o
                0x0000000008009b20                rosserial_msgs::RequestParamResponse::getMD5()
 .text._ZNK8std_msgs5Int329serializeEPh
                0x0000000008009b28       0x18 Core/Src/main.o
                0x0000000008009b28                std_msgs::Int32::serialize(unsigned char*) const
 .text._ZN8std_msgs5Int3211deserializeEPh
                0x0000000008009b40       0x1a Core/Src/main.o
                0x0000000008009b40                std_msgs::Int32::deserialize(unsigned char*)
 *fill*         0x0000000008009b5a        0x2 
 .text._ZN8std_msgs5Int327getTypeEv
                0x0000000008009b5c        0x8 Core/Src/main.o
                0x0000000008009b5c                std_msgs::Int32::getType()
 .text._ZN8std_msgs5Int326getMD5Ev
                0x0000000008009b64        0x8 Core/Src/main.o
                0x0000000008009b64                std_msgs::Int32::getMD5()
 .text._ZN8std_msgs19MultiArrayDimension11deserializeEPh
                0x0000000008009b6c       0x88 Core/Src/main.o
                0x0000000008009b6c                std_msgs::MultiArrayDimension::deserialize(unsigned char*)
 .text._ZN8std_msgs19MultiArrayDimension7getTypeEv
                0x0000000008009bf4        0x8 Core/Src/main.o
                0x0000000008009bf4                std_msgs::MultiArrayDimension::getType()
 .text._ZN8std_msgs19MultiArrayDimension6getMD5Ev
                0x0000000008009bfc        0x8 Core/Src/main.o
                0x0000000008009bfc                std_msgs::MultiArrayDimension::getMD5()
 .text._ZNK8std_msgs16MultiArrayLayout9serializeEPh
                0x0000000008009c04       0x4e Core/Src/main.o
                0x0000000008009c04                std_msgs::MultiArrayLayout::serialize(unsigned char*) const
 *fill*         0x0000000008009c52        0x2 
 .text._ZN8std_msgs16MultiArrayLayout7getTypeEv
                0x0000000008009c54        0x8 Core/Src/main.o
                0x0000000008009c54                std_msgs::MultiArrayLayout::getType()
 .text._ZN8std_msgs16MultiArrayLayout6getMD5Ev
                0x0000000008009c5c        0x8 Core/Src/main.o
                0x0000000008009c5c                std_msgs::MultiArrayLayout::getMD5()
 .text._ZN8std_msgs17Float32MultiArray7getTypeEv
                0x0000000008009c64        0x8 Core/Src/main.o
                0x0000000008009c64                std_msgs::Float32MultiArray::getType()
 .text._ZN8std_msgs17Float32MultiArray6getMD5Ev
                0x0000000008009c6c        0x8 Core/Src/main.o
                0x0000000008009c6c                std_msgs::Float32MultiArray::getMD5()
 .text._ZNK8std_msgs4Bool9serializeEPh
                0x0000000008009c74        0x8 Core/Src/main.o
                0x0000000008009c74                std_msgs::Bool::serialize(unsigned char*) const
 .text._ZN8std_msgs4Bool11deserializeEPh
                0x0000000008009c7c        0x8 Core/Src/main.o
                0x0000000008009c7c                std_msgs::Bool::deserialize(unsigned char*)
 .text._ZN8std_msgs4Bool7getTypeEv
                0x0000000008009c84        0x8 Core/Src/main.o
                0x0000000008009c84                std_msgs::Bool::getType()
 .text._ZN8std_msgs4Bool6getMD5Ev
                0x0000000008009c8c        0x8 Core/Src/main.o
                0x0000000008009c8c                std_msgs::Bool::getMD5()
 .text._ZNK8std_msgs5Empty9serializeEPh
                0x0000000008009c94        0x4 Core/Src/main.o
                0x0000000008009c94                std_msgs::Empty::serialize(unsigned char*) const
 .text._ZN8std_msgs5Empty11deserializeEPh
                0x0000000008009c98        0x4 Core/Src/main.o
                0x0000000008009c98                std_msgs::Empty::deserialize(unsigned char*)
 .text._ZN8std_msgs5Empty7getTypeEv
                0x0000000008009c9c        0x8 Core/Src/main.o
                0x0000000008009c9c                std_msgs::Empty::getType()
 .text._ZN8std_msgs5Empty6getMD5Ev
                0x0000000008009ca4        0x8 Core/Src/main.o
                0x0000000008009ca4                std_msgs::Empty::getMD5()
 .text._ZN3ros11NodeHandle_I13STM32HardwareLi25ELi25ELi1024ELi1024EE9connectedEv
                0x0000000008009cac        0x6 Core/Src/main.o
                0x0000000008009cac                ros::NodeHandle_<STM32Hardware, 25, 25, 1024, 1024>::connected()
 .text._ZN3ros10SubscriberIN8std_msgs17Float32MultiArrayEvE15getEndpointTypeEv
                0x0000000008009cb2        0x4 Core/Src/main.o
                0x0000000008009cb2                ros::Subscriber<std_msgs::Float32MultiArray, void>::getEndpointType()
 *fill*         0x0000000008009cb6        0x2 
 .text._ZN3ros10SubscriberIN8std_msgs17Float32MultiArrayEvE10getMsgTypeEv
                0x0000000008009cb8        0x8 Core/Src/main.o
                0x0000000008009cb8                ros::Subscriber<std_msgs::Float32MultiArray, void>::getMsgType()
 .text._ZN3ros10SubscriberIN8std_msgs17Float32MultiArrayEvE9getMsgMD5Ev
                0x0000000008009cc0        0x8 Core/Src/main.o
                0x0000000008009cc0                ros::Subscriber<std_msgs::Float32MultiArray, void>::getMsgMD5()
 .text._ZN3ros10SubscriberIN8std_msgs5Int32EvE8callbackEPh
                0x0000000008009cc8       0x20 Core/Src/main.o
                0x0000000008009cc8                ros::Subscriber<std_msgs::Int32, void>::callback(unsigned char*)
 .text._ZN3ros10SubscriberIN8std_msgs5Int32EvE15getEndpointTypeEv
                0x0000000008009ce8        0x4 Core/Src/main.o
                0x0000000008009ce8                ros::Subscriber<std_msgs::Int32, void>::getEndpointType()
 .text._ZN3ros10SubscriberIN8std_msgs5Int32EvE10getMsgTypeEv
                0x0000000008009cec        0x8 Core/Src/main.o
                0x0000000008009cec                ros::Subscriber<std_msgs::Int32, void>::getMsgType()
 .text._ZN3ros10SubscriberIN8std_msgs5Int32EvE9getMsgMD5Ev
                0x0000000008009cf4        0x8 Core/Src/main.o
                0x0000000008009cf4                ros::Subscriber<std_msgs::Int32, void>::getMsgMD5()
 .text._ZN3ros10SubscriberIN8std_msgs4BoolEvE8callbackEPh
                0x0000000008009cfc        0xe Core/Src/main.o
                0x0000000008009cfc                ros::Subscriber<std_msgs::Bool, void>::callback(unsigned char*)
 .text._ZN3ros10SubscriberIN8std_msgs4BoolEvE15getEndpointTypeEv
                0x0000000008009d0a        0x4 Core/Src/main.o
                0x0000000008009d0a                ros::Subscriber<std_msgs::Bool, void>::getEndpointType()
 *fill*         0x0000000008009d0e        0x2 
 .text._ZN3ros10SubscriberIN8std_msgs4BoolEvE10getMsgTypeEv
                0x0000000008009d10        0x8 Core/Src/main.o
                0x0000000008009d10                ros::Subscriber<std_msgs::Bool, void>::getMsgType()
 .text._ZN3ros10SubscriberIN8std_msgs4BoolEvE9getMsgMD5Ev
                0x0000000008009d18        0x8 Core/Src/main.o
                0x0000000008009d18                ros::Subscriber<std_msgs::Bool, void>::getMsgMD5()
 .text._ZNK14rosserial_msgs9TopicInfo9serializeEPh
                0x0000000008009d20       0xaa Core/Src/main.o
                0x0000000008009d20                rosserial_msgs::TopicInfo::serialize(unsigned char*) const
 .text._ZNK14rosserial_msgs3Log9serializeEPh
                0x0000000008009dca       0x34 Core/Src/main.o
                0x0000000008009dca                rosserial_msgs::Log::serialize(unsigned char*) const
 .text._ZNK14rosserial_msgs20RequestParamResponse9serializeEPh
                0x0000000008009dfe       0xf0 Core/Src/main.o
                0x0000000008009dfe                rosserial_msgs::RequestParamResponse::serialize(unsigned char*) const
 .text._ZNK8std_msgs19MultiArrayDimension9serializeEPh
                0x0000000008009eee       0x68 Core/Src/main.o
                0x0000000008009eee                std_msgs::MultiArrayDimension::serialize(unsigned char*) const
 .text._ZN14rosserial_msgs20RequestParamResponse11deserializeEPh
                0x0000000008009f56      0x144 Core/Src/main.o
                0x0000000008009f56                rosserial_msgs::RequestParamResponse::deserialize(unsigned char*)
 *fill*         0x000000000800a09a        0x2 
 .text._ZN3ros11NodeHandle_I13STM32HardwareLi25ELi25ELi1024ELi1024EE7publishEiPKNS_3MsgE
                0x000000000800a09c       0xf0 Core/Src/main.o
                0x000000000800a09c                ros::NodeHandle_<STM32Hardware, 25, 25, 1024, 1024>::publish(int, ros::Msg const*)
 .text._ZN8std_msgs16MultiArrayLayout11deserializeEPh
                0x000000000800a18c      0x128 Core/Src/main.o
                0x000000000800a18c                std_msgs::MultiArrayLayout::deserialize(unsigned char*)
 .text._ZNK8std_msgs17Float32MultiArray9serializeEPh
                0x000000000800a2b4       0xb6 Core/Src/main.o
                0x000000000800a2b4                std_msgs::Float32MultiArray::serialize(unsigned char*) const
 .text._ZN3ros10SubscriberIN8std_msgs17Float32MultiArrayEvE8callbackEPh
                0x000000000800a36a      0x1c4 Core/Src/main.o
                0x000000000800a36a                ros::Subscriber<std_msgs::Float32MultiArray, void>::callback(unsigned char*)
 .text._ZN8std_msgs17Float32MultiArray11deserializeEPh
                0x000000000800a52e      0x1a2 Core/Src/main.o
                0x000000000800a52e                std_msgs::Float32MultiArray::deserialize(unsigned char*)
 .text._ZN3ros11NodeHandle_I13STM32HardwareLi25ELi25ELi1024ELi1024EE8spinOnceEv
                0x000000000800a6d0      0x568 Core/Src/main.o
                0x000000000800a6d0                ros::NodeHandle_<STM32Hardware, 25, 25, 1024, 1024>::spinOnce()
 .text.Reset_Handler
                0x000000000800ac38       0x48 startup/startup_stm32f103xb.o
                0x000000000800ac38                Reset_Handler
 .text.Default_Handler
                0x000000000800ac80        0x2 startup/startup_stm32f103xb.o
                0x000000000800ac80                RTC_Alarm_IRQHandler
                0x000000000800ac80                EXTI2_IRQHandler
                0x000000000800ac80                TIM1_CC_IRQHandler
                0x000000000800ac80                PVD_IRQHandler
                0x000000000800ac80                EXTI0_IRQHandler
                0x000000000800ac80                I2C2_EV_IRQHandler
                0x000000000800ac80                ADC1_2_IRQHandler
                0x000000000800ac80                SPI1_IRQHandler
                0x000000000800ac80                TAMPER_IRQHandler
                0x000000000800ac80                USART3_IRQHandler
                0x000000000800ac80                RTC_IRQHandler
                0x000000000800ac80                DMA1_Channel7_IRQHandler
                0x000000000800ac80                CAN1_RX1_IRQHandler
                0x000000000800ac80                I2C1_EV_IRQHandler
                0x000000000800ac80                DMA1_Channel6_IRQHandler
                0x000000000800ac80                RCC_IRQHandler
                0x000000000800ac80                TIM1_TRG_COM_IRQHandler
                0x000000000800ac80                DMA1_Channel1_IRQHandler
                0x000000000800ac80                Default_Handler
                0x000000000800ac80                EXTI15_10_IRQHandler
                0x000000000800ac80                EXTI9_5_IRQHandler
                0x000000000800ac80                SPI2_IRQHandler
                0x000000000800ac80                USB_LP_CAN1_RX0_IRQHandler
                0x000000000800ac80                USB_HP_CAN1_TX_IRQHandler
                0x000000000800ac80                DMA1_Channel3_IRQHandler
                0x000000000800ac80                TIM1_UP_IRQHandler
                0x000000000800ac80                WWDG_IRQHandler
                0x000000000800ac80                TIM2_IRQHandler
                0x000000000800ac80                TIM1_BRK_IRQHandler
                0x000000000800ac80                EXTI1_IRQHandler
                0x000000000800ac80                USART2_IRQHandler
                0x000000000800ac80                I2C2_ER_IRQHandler
                0x000000000800ac80                DMA1_Channel2_IRQHandler
                0x000000000800ac80                CAN1_SCE_IRQHandler
                0x000000000800ac80                FLASH_IRQHandler
                0x000000000800ac80                I2C1_ER_IRQHandler
                0x000000000800ac80                USBWakeUp_IRQHandler
 *fill*         0x000000000800ac82        0x2 
 .text._ZN10__cxxabiv120__si_class_type_infoD2Ev
                0x000000000800ac84       0x14 /home/yusaku/Atollic/TrueSTUDIO/ARMTools/bin/../lib/gcc/arm-atollic-eabi/6.3.1/../../../../arm-atollic-eabi/lib/armv7-m/libstdc++.a(si_class_type_info.o)
                0x000000000800ac84                __cxxabiv1::__si_class_type_info::~__si_class_type_info()
                0x000000000800ac84                __cxxabiv1::__si_class_type_info::~__si_class_type_info()
 .text._ZN10__cxxabiv120__si_class_type_infoD0Ev
                0x000000000800ac98       0x1c /home/yusaku/Atollic/TrueSTUDIO/ARMTools/bin/../lib/gcc/arm-atollic-eabi/6.3.1/../../../../arm-atollic-eabi/lib/armv7-m/libstdc++.a(si_class_type_info.o)
                0x000000000800ac98                __cxxabiv1::__si_class_type_info::~__si_class_type_info()
 .text._ZNK10__cxxabiv120__si_class_type_info20__do_find_public_srcEiPKvPKNS_17__class_type_infoES2_
                0x000000000800acb4       0x3c /home/yusaku/Atollic/TrueSTUDIO/ARMTools/bin/../lib/gcc/arm-atollic-eabi/6.3.1/../../../../arm-atollic-eabi/lib/armv7-m/libstdc++.a(si_class_type_info.o)
                0x000000000800acb4                __cxxabiv1::__si_class_type_info::__do_find_public_src(int, void const*, __cxxabiv1::__class_type_info const*, void const*) const
 .text._ZNK10__cxxabiv120__si_class_type_info12__do_dyncastEiNS_17__class_type_info10__sub_kindEPKS1_PKvS4_S6_RNS1_16__dyncast_resultE
                0x000000000800acf0       0x98 /home/yusaku/Atollic/TrueSTUDIO/ARMTools/bin/../lib/gcc/arm-atollic-eabi/6.3.1/../../../../arm-atollic-eabi/lib/armv7-m/libstdc++.a(si_class_type_info.o)
                0x000000000800acf0                __cxxabiv1::__si_class_type_info::__do_dyncast(int, __cxxabiv1::__class_type_info::__sub_kind, __cxxabiv1::__class_type_info const*, void const*, __cxxabiv1::__class_type_info const*, void const*, __cxxabiv1::__class_type_info::__dyncast_result&) const
 .text._ZNK10__cxxabiv120__si_class_type_info11__do_upcastEPKNS_17__class_type_infoEPKvRNS1_15__upcast_resultE
                0x000000000800ad88       0x2c /home/yusaku/Atollic/TrueSTUDIO/ARMTools/bin/../lib/gcc/arm-atollic-eabi/6.3.1/../../../../arm-atollic-eabi/lib/armv7-m/libstdc++.a(si_class_type_info.o)
                0x000000000800ad88                __cxxabiv1::__si_class_type_info::__do_upcast(__cxxabiv1::__class_type_info const*, void const*, __cxxabiv1::__class_type_info::__upcast_result&) const
 .text._ZdlPvj  0x000000000800adb4        0x4 /home/yusaku/Atollic/TrueSTUDIO/ARMTools/bin/../lib/gcc/arm-atollic-eabi/6.3.1/../../../../arm-atollic-eabi/lib/armv7-m/libstdc++.a(del_ops.o)
                0x000000000800adb4                operator delete(void*, unsigned int)
 .text._ZNK10__cxxabiv117__class_type_info11__do_upcastEPKS0_PPv
                0x000000000800adb8       0x38 /home/yusaku/Atollic/TrueSTUDIO/ARMTools/bin/../lib/gcc/arm-atollic-eabi/6.3.1/../../../../arm-atollic-eabi/lib/armv7-m/libstdc++.a(class_type_info.o)
                0x000000000800adb8                __cxxabiv1::__class_type_info::__do_upcast(__cxxabiv1::__class_type_info const*, void**) const
 .text._ZNK10__cxxabiv117__class_type_info20__do_find_public_srcEiPKvPKS0_S2_
                0x000000000800adf0        0xc /home/yusaku/Atollic/TrueSTUDIO/ARMTools/bin/../lib/gcc/arm-atollic-eabi/6.3.1/../../../../arm-atollic-eabi/lib/armv7-m/libstdc++.a(class_type_info.o)
                0x000000000800adf0                __cxxabiv1::__class_type_info::__do_find_public_src(int, void const*, __cxxabiv1::__class_type_info const*, void const*) const
 .text._ZN10__cxxabiv117__class_type_infoD2Ev
                0x000000000800adfc       0x14 /home/yusaku/Atollic/TrueSTUDIO/ARMTools/bin/../lib/gcc/arm-atollic-eabi/6.3.1/../../../../arm-atollic-eabi/lib/armv7-m/libstdc++.a(class_type_info.o)
                0x000000000800adfc                __cxxabiv1::__class_type_info::~__class_type_info()
                0x000000000800adfc                __cxxabiv1::__class_type_info::~__class_type_info()
 .text._ZN10__cxxabiv117__class_type_infoD0Ev
                0x000000000800ae10       0x1c /home/yusaku/Atollic/TrueSTUDIO/ARMTools/bin/../lib/gcc/arm-atollic-eabi/6.3.1/../../../../arm-atollic-eabi/lib/armv7-m/libstdc++.a(class_type_info.o)
                0x000000000800ae10                __cxxabiv1::__class_type_info::~__class_type_info()
 .text._ZNK10__cxxabiv117__class_type_info11__do_upcastEPKS0_PKvRNS0_15__upcast_resultE
                0x000000000800ae2c       0x18 /home/yusaku/Atollic/TrueSTUDIO/ARMTools/bin/../lib/gcc/arm-atollic-eabi/6.3.1/../../../../arm-atollic-eabi/lib/armv7-m/libstdc++.a(class_type_info.o)
                0x000000000800ae2c                __cxxabiv1::__class_type_info::__do_upcast(__cxxabiv1::__class_type_info const*, void const*, __cxxabiv1::__class_type_info::__upcast_result&) const
 .text._ZNK10__cxxabiv117__class_type_info10__do_catchEPKSt9type_infoPPvj
                0x000000000800ae44       0x2c /home/yusaku/Atollic/TrueSTUDIO/ARMTools/bin/../lib/gcc/arm-atollic-eabi/6.3.1/../../../../arm-atollic-eabi/lib/armv7-m/libstdc++.a(class_type_info.o)
                0x000000000800ae44                __cxxabiv1::__class_type_info::__do_catch(std::type_info const*, void**, unsigned int) const
 .text._ZNK10__cxxabiv117__class_type_info12__do_dyncastEiNS0_10__sub_kindEPKS0_PKvS3_S5_RNS0_16__dyncast_resultE
                0x000000000800ae70       0x40 /home/yusaku/Atollic/TrueSTUDIO/ARMTools/bin/../lib/gcc/arm-atollic-eabi/6.3.1/../../../../arm-atollic-eabi/lib/armv7-m/libstdc++.a(class_type_info.o)
                0x000000000800ae70                __cxxabiv1::__class_type_info::__do_dyncast(int, __cxxabiv1::__class_type_info::__sub_kind, __cxxabiv1::__class_type_info const*, void const*, __cxxabiv1::__class_type_info const*, void const*, __cxxabiv1::__class_type_info::__dyncast_result&) const
 .text._ZNSt9type_infoD2Ev
                0x000000000800aeb0        0x4 /home/yusaku/Atollic/TrueSTUDIO/ARMTools/bin/../lib/gcc/arm-atollic-eabi/6.3.1/../../../../arm-atollic-eabi/lib/armv7-m/libstdc++.a(tinfo.o)
                0x000000000800aeb0                std::type_info::~type_info()
                0x000000000800aeb0                std::type_info::~type_info()
 .text._ZNKSt9type_info15__is_function_pEv
                0x000000000800aeb4        0x4 /home/yusaku/Atollic/TrueSTUDIO/ARMTools/bin/../lib/gcc/arm-atollic-eabi/6.3.1/../../../../arm-atollic-eabi/lib/armv7-m/libstdc++.a(tinfo.o)
                0x000000000800aeb4                std::type_info::__is_function_p() const
                0x000000000800aeb4                std::type_info::__is_pointer_p() const
 .text._ZNKSt9type_info11__do_upcastEPKN10__cxxabiv117__class_type_infoEPPv
                0x000000000800aeb8        0x4 /home/yusaku/Atollic/TrueSTUDIO/ARMTools/bin/../lib/gcc/arm-atollic-eabi/6.3.1/../../../../arm-atollic-eabi/lib/armv7-m/libstdc++.a(tinfo.o)
                0x000000000800aeb8                std::type_info::__do_upcast(__cxxabiv1::__class_type_info const*, void**) const
 .text._ZNSt9type_infoD0Ev
                0x000000000800aebc       0x10 /home/yusaku/Atollic/TrueSTUDIO/ARMTools/bin/../lib/gcc/arm-atollic-eabi/6.3.1/../../../../arm-atollic-eabi/lib/armv7-m/libstdc++.a(tinfo.o)
                0x000000000800aebc                std::type_info::~type_info()
 .text._ZNKSt9type_infoeqERKS_
                0x000000000800aecc       0x2c /home/yusaku/Atollic/TrueSTUDIO/ARMTools/bin/../lib/gcc/arm-atollic-eabi/6.3.1/../../../../arm-atollic-eabi/lib/armv7-m/libstdc++.a(tinfo.o)
                0x000000000800aecc                std::type_info::operator==(std::type_info const&) const
 .text._ZNKSt9type_info10__do_catchEPKS_PPvj
                0x000000000800aef8        0x4 /home/yusaku/Atollic/TrueSTUDIO/ARMTools/bin/../lib/gcc/arm-atollic-eabi/6.3.1/../../../../arm-atollic-eabi/lib/armv7-m/libstdc++.a(tinfo.o)
                0x000000000800aef8                std::type_info::__do_catch(std::type_info const*, void**, unsigned int) const
 .text._ZdlPv   0x000000000800aefc        0x4 /home/yusaku/Atollic/TrueSTUDIO/ARMTools/bin/../lib/gcc/arm-atollic-eabi/6.3.1/../../../../arm-atollic-eabi/lib/armv7-m/libstdc++.a(del_op.o)
                0x000000000800aefc                operator delete(void*)
 .text.sqrt     0x000000000800af00       0xa8 /home/yusaku/Atollic/TrueSTUDIO/ARMTools/bin/../lib/gcc/arm-atollic-eabi/6.3.1/../../../../arm-atollic-eabi/lib/armv7-m/libm.a(lib_a-w_sqrt.o)
                0x000000000800af00                sqrt
 .text.__ieee754_sqrt
                0x000000000800afa8      0x158 /home/yusaku/Atollic/TrueSTUDIO/ARMTools/bin/../lib/gcc/arm-atollic-eabi/6.3.1/../../../../arm-atollic-eabi/lib/armv7-m/libm.a(lib_a-e_sqrt.o)
                0x000000000800afa8                __ieee754_sqrt
 .text.matherr  0x000000000800b100        0x4 /home/yusaku/Atollic/TrueSTUDIO/ARMTools/bin/../lib/gcc/arm-atollic-eabi/6.3.1/../../../../arm-atollic-eabi/lib/armv7-m/libm.a(lib_a-s_matherr.o)
                0x000000000800b100                matherr
 .text.__errno  0x000000000800b104        0xc /home/yusaku/Atollic/TrueSTUDIO/ARMTools/bin/../lib/gcc/arm-atollic-eabi/6.3.1/../../../../arm-atollic-eabi/lib/armv7-m/libc.a(lib_a-errno.o)
                0x000000000800b104                __errno
 .text.__libc_init_array
                0x000000000800b110       0x48 /home/yusaku/Atollic/TrueSTUDIO/ARMTools/bin/../lib/gcc/arm-atollic-eabi/6.3.1/../../../../arm-atollic-eabi/lib/armv7-m/libc.a(lib_a-init.o)
                0x000000000800b110                __libc_init_array
 .text.malloc   0x000000000800b158       0x10 /home/yusaku/Atollic/TrueSTUDIO/ARMTools/bin/../lib/gcc/arm-atollic-eabi/6.3.1/../../../../arm-atollic-eabi/lib/armv7-m/libc.a(lib_a-malloc.o)
                0x000000000800b158                malloc
 .text.free     0x000000000800b168       0x10 /home/yusaku/Atollic/TrueSTUDIO/ARMTools/bin/../lib/gcc/arm-atollic-eabi/6.3.1/../../../../arm-atollic-eabi/lib/armv7-m/libc.a(lib_a-malloc.o)
                0x000000000800b168                free
 .text._malloc_r
                0x000000000800b178      0x418 /home/yusaku/Atollic/TrueSTUDIO/ARMTools/bin/../lib/gcc/arm-atollic-eabi/6.3.1/../../../../arm-atollic-eabi/lib/armv7-m/libc.a(lib_a-mallocr.o)
                0x000000000800b178                _malloc_r
 .text.memcpy   0x000000000800b590       0x16 /home/yusaku/Atollic/TrueSTUDIO/ARMTools/bin/../lib/gcc/arm-atollic-eabi/6.3.1/../../../../arm-atollic-eabi/lib/armv7-m/libc.a(lib_a-memcpy-stub.o)
                0x000000000800b590                memcpy
 .text.memset   0x000000000800b5a6       0x10 /home/yusaku/Atollic/TrueSTUDIO/ARMTools/bin/../lib/gcc/arm-atollic-eabi/6.3.1/../../../../arm-atollic-eabi/lib/armv7-m/libc.a(lib_a-memset.o)
                0x000000000800b5a6                memset
 *fill*         0x000000000800b5b6        0x2 
 .text.__malloc_lock
                0x000000000800b5b8        0xc /home/yusaku/Atollic/TrueSTUDIO/ARMTools/bin/../lib/gcc/arm-atollic-eabi/6.3.1/../../../../arm-atollic-eabi/lib/armv7-m/libc.a(lib_a-mlock.o)
                0x000000000800b5b8                __malloc_lock
 .text.__malloc_unlock
                0x000000000800b5c4        0xc /home/yusaku/Atollic/TrueSTUDIO/ARMTools/bin/../lib/gcc/arm-atollic-eabi/6.3.1/../../../../arm-atollic-eabi/lib/armv7-m/libc.a(lib_a-mlock.o)
                0x000000000800b5c4                __malloc_unlock
 .text.realloc  0x000000000800b5d0       0x10 /home/yusaku/Atollic/TrueSTUDIO/ARMTools/bin/../lib/gcc/arm-atollic-eabi/6.3.1/../../../../arm-atollic-eabi/lib/armv7-m/libc.a(lib_a-realloc.o)
                0x000000000800b5d0                realloc
 .text._realloc_r
                0x000000000800b5e0      0x304 /home/yusaku/Atollic/TrueSTUDIO/ARMTools/bin/../lib/gcc/arm-atollic-eabi/6.3.1/../../../../arm-atollic-eabi/lib/armv7-m/libc.a(lib_a-reallocr.o)
                0x000000000800b5e0                _realloc_r
 .text._sbrk_r  0x000000000800b8e4       0x20 /home/yusaku/Atollic/TrueSTUDIO/ARMTools/bin/../lib/gcc/arm-atollic-eabi/6.3.1/../../../../arm-atollic-eabi/lib/armv7-m/libc.a(lib_a-sbrkr.o)
                0x000000000800b8e4                _sbrk_r
 .text._malloc_trim_r
                0x000000000800b904       0xac /home/yusaku/Atollic/TrueSTUDIO/ARMTools/bin/../lib/gcc/arm-atollic-eabi/6.3.1/../../../../arm-atollic-eabi/lib/armv7-m/libc.a(lib_a-freer.o)
                0x000000000800b904                _malloc_trim_r
 .text._free_r  0x000000000800b9b0      0x178 /home/yusaku/Atollic/TrueSTUDIO/ARMTools/bin/../lib/gcc/arm-atollic-eabi/6.3.1/../../../../arm-atollic-eabi/lib/armv7-m/libc.a(lib_a-freer.o)
                0x000000000800b9b0                _free_r
 .text.__retarget_lock_init
                0x000000000800bb28        0x2 /home/yusaku/Atollic/TrueSTUDIO/ARMTools/bin/../lib/gcc/arm-atollic-eabi/6.3.1/../../../../arm-atollic-eabi/lib/armv7-m/libc.a(lib_a-lock.o)
                0x000000000800bb28                __retarget_lock_init
 .text.__retarget_lock_init_recursive
                0x000000000800bb2a        0x2 /home/yusaku/Atollic/TrueSTUDIO/ARMTools/bin/../lib/gcc/arm-atollic-eabi/6.3.1/../../../../arm-atollic-eabi/lib/armv7-m/libc.a(lib_a-lock.o)
                0x000000000800bb2a                __retarget_lock_init_recursive
 .text.__retarget_lock_close
                0x000000000800bb2c        0x2 /home/yusaku/Atollic/TrueSTUDIO/ARMTools/bin/../lib/gcc/arm-atollic-eabi/6.3.1/../../../../arm-atollic-eabi/lib/armv7-m/libc.a(lib_a-lock.o)
                0x000000000800bb2c                __retarget_lock_close
 .text.__retarget_lock_close_recursive
                0x000000000800bb2e        0x2 /home/yusaku/Atollic/TrueSTUDIO/ARMTools/bin/../lib/gcc/arm-atollic-eabi/6.3.1/../../../../arm-atollic-eabi/lib/armv7-m/libc.a(lib_a-lock.o)
                0x000000000800bb2e                __retarget_lock_close_recursive
 .text.__retarget_lock_acquire
                0x000000000800bb30        0x2 /home/yusaku/Atollic/TrueSTUDIO/ARMTools/bin/../lib/gcc/arm-atollic-eabi/6.3.1/../../../../arm-atollic-eabi/lib/armv7-m/libc.a(lib_a-lock.o)
                0x000000000800bb30                __retarget_lock_acquire
 .text.__retarget_lock_acquire_recursive
                0x000000000800bb32        0x2 /home/yusaku/Atollic/TrueSTUDIO/ARMTools/bin/../lib/gcc/arm-atollic-eabi/6.3.1/../../../../arm-atollic-eabi/lib/armv7-m/libc.a(lib_a-lock.o)
                0x000000000800bb32                __retarget_lock_acquire_recursive
 .text.__retarget_lock_try_acquire
                0x000000000800bb34        0x4 /home/yusaku/Atollic/TrueSTUDIO/ARMTools/bin/../lib/gcc/arm-atollic-eabi/6.3.1/../../../../arm-atollic-eabi/lib/armv7-m/libc.a(lib_a-lock.o)
                0x000000000800bb34                __retarget_lock_try_acquire
 .text.__retarget_lock_try_acquire_recursive
                0x000000000800bb38        0x4 /home/yusaku/Atollic/TrueSTUDIO/ARMTools/bin/../lib/gcc/arm-atollic-eabi/6.3.1/../../../../arm-atollic-eabi/lib/armv7-m/libc.a(lib_a-lock.o)
                0x000000000800bb38                __retarget_lock_try_acquire_recursive
 .text.__retarget_lock_release
                0x000000000800bb3c        0x2 /home/yusaku/Atollic/TrueSTUDIO/ARMTools/bin/../lib/gcc/arm-atollic-eabi/6.3.1/../../../../arm-atollic-eabi/lib/armv7-m/libc.a(lib_a-lock.o)
                0x000000000800bb3c                __retarget_lock_release
 .text.__retarget_lock_release_recursive
                0x000000000800bb3e        0x2 /home/yusaku/Atollic/TrueSTUDIO/ARMTools/bin/../lib/gcc/arm-atollic-eabi/6.3.1/../../../../arm-atollic-eabi/lib/armv7-m/libc.a(lib_a-lock.o)
                0x000000000800bb3e                __retarget_lock_release_recursive
 .text.memmove  0x000000000800bb40       0x34 /home/yusaku/Atollic/TrueSTUDIO/ARMTools/bin/../lib/gcc/arm-atollic-eabi/6.3.1/../../../../arm-atollic-eabi/lib/armv7-m/libc.a(lib_a-memmove.o)
                0x000000000800bb40                memmove
 .text.cleanup_glue
                0x000000000800bb74       0x1a /home/yusaku/Atollic/TrueSTUDIO/ARMTools/bin/../lib/gcc/arm-atollic-eabi/6.3.1/../../../../arm-atollic-eabi/lib/armv7-m/libc.a(lib_a-reent.o)
                0x000000000800bb74                cleanup_glue
 *fill*         0x000000000800bb8e        0x2 
 .text._reclaim_reent
                0x000000000800bb90       0xcc /home/yusaku/Atollic/TrueSTUDIO/ARMTools/bin/../lib/gcc/arm-atollic-eabi/6.3.1/../../../../arm-atollic-eabi/lib/armv7-m/libc.a(lib_a-reent.o)
                0x000000000800bb90                _reclaim_reent
 .text.abort    0x000000000800bc5c        0xe /home/yusaku/Atollic/TrueSTUDIO/ARMTools/bin/../lib/gcc/arm-atollic-eabi/6.3.1/../../../../arm-atollic-eabi/lib/armv7-m/libc.a(lib_a-abort.o)
                0x000000000800bc5c                abort
 .text._init_signal_r
                0x000000000800bc6a       0x2a /home/yusaku/Atollic/TrueSTUDIO/ARMTools/bin/../lib/gcc/arm-atollic-eabi/6.3.1/../../../../arm-atollic-eabi/lib/armv7-m/libc.a(lib_a-signal.o)
                0x000000000800bc6a                _init_signal_r
 .text._signal_r
                0x000000000800bc94       0x30 /home/yusaku/Atollic/TrueSTUDIO/ARMTools/bin/../lib/gcc/arm-atollic-eabi/6.3.1/../../../../arm-atollic-eabi/lib/armv7-m/libc.a(lib_a-signal.o)
                0x000000000800bc94                _signal_r
 .text._raise_r
                0x000000000800bcc4       0x50 /home/yusaku/Atollic/TrueSTUDIO/ARMTools/bin/../lib/gcc/arm-atollic-eabi/6.3.1/../../../../arm-atollic-eabi/lib/armv7-m/libc.a(lib_a-signal.o)
                0x000000000800bcc4                _raise_r
 .text.__sigtramp_r
                0x000000000800bd14       0x48 /home/yusaku/Atollic/TrueSTUDIO/ARMTools/bin/../lib/gcc/arm-atollic-eabi/6.3.1/../../../../arm-atollic-eabi/lib/armv7-m/libc.a(lib_a-signal.o)
                0x000000000800bd14                __sigtramp_r
 .text.raise    0x000000000800bd5c       0x10 /home/yusaku/Atollic/TrueSTUDIO/ARMTools/bin/../lib/gcc/arm-atollic-eabi/6.3.1/../../../../arm-atollic-eabi/lib/armv7-m/libc.a(lib_a-signal.o)
                0x000000000800bd5c                raise
 .text.signal   0x000000000800bd6c       0x10 /home/yusaku/Atollic/TrueSTUDIO/ARMTools/bin/../lib/gcc/arm-atollic-eabi/6.3.1/../../../../arm-atollic-eabi/lib/armv7-m/libc.a(lib_a-signal.o)
                0x000000000800bd6c                signal
 .text._init_signal
                0x000000000800bd7c        0xc /home/yusaku/Atollic/TrueSTUDIO/ARMTools/bin/../lib/gcc/arm-atollic-eabi/6.3.1/../../../../arm-atollic-eabi/lib/armv7-m/libc.a(lib_a-signal.o)
                0x000000000800bd7c                _init_signal
 .text.__sigtramp
                0x000000000800bd88       0x10 /home/yusaku/Atollic/TrueSTUDIO/ARMTools/bin/../lib/gcc/arm-atollic-eabi/6.3.1/../../../../arm-atollic-eabi/lib/armv7-m/libc.a(lib_a-signal.o)
                0x000000000800bd88                __sigtramp
 .text._kill_r  0x000000000800bd98       0x24 /home/yusaku/Atollic/TrueSTUDIO/ARMTools/bin/../lib/gcc/arm-atollic-eabi/6.3.1/../../../../arm-atollic-eabi/lib/armv7-m/libc.a(lib_a-signalr.o)
                0x000000000800bd98                _kill_r
 .text._getpid_r
                0x000000000800bdbc        0x4 /home/yusaku/Atollic/TrueSTUDIO/ARMTools/bin/../lib/gcc/arm-atollic-eabi/6.3.1/../../../../arm-atollic-eabi/lib/armv7-m/libc.a(lib_a-signalr.o)
                0x000000000800bdbc                _getpid_r
 .text._getpid  0x000000000800bdc0       0x10 /home/yusaku/Atollic/TrueSTUDIO/ARMTools/bin/../lib/gcc/arm-atollic-eabi/6.3.1/../../../../arm-atollic-eabi/lib/armv7-m/libnosys.a(getpid.o)
                0x000000000800bdc0                _getpid
 .text._kill    0x000000000800bdd0       0x10 /home/yusaku/Atollic/TrueSTUDIO/ARMTools/bin/../lib/gcc/arm-atollic-eabi/6.3.1/../../../../arm-atollic-eabi/lib/armv7-m/libnosys.a(kill.o)
                0x000000000800bdd0                _kill
 .text._sbrk    0x000000000800bde0       0x1c /home/yusaku/Atollic/TrueSTUDIO/ARMTools/bin/../lib/gcc/arm-atollic-eabi/6.3.1/../../../../arm-atollic-eabi/lib/armv7-m/libnosys.a(sbrk.o)
                0x000000000800bde0                _sbrk
 .text._exit    0x000000000800bdfc        0x2 /home/yusaku/Atollic/TrueSTUDIO/ARMTools/bin/../lib/gcc/arm-atollic-eabi/6.3.1/../../../../arm-atollic-eabi/lib/armv7-m/libnosys.a(_exit.o)
                0x000000000800bdfc                _exit
 *(.glue_7)
 .glue_7        0x000000000800bdfe        0x0 linker stubs
 *(.glue_7t)
 .glue_7t       0x000000000800bdfe        0x0 linker stubs
 *(.eh_frame)
 *fill*         0x000000000800bdfe        0x2 
 .eh_frame      0x000000000800be00        0x0 /home/yusaku/Atollic/TrueSTUDIO/ARMTools/bin/../lib/gcc/arm-atollic-eabi/6.3.1/armv7-m/crtbegin.o
 .eh_frame      0x000000000800be00        0x4 /home/yusaku/Atollic/TrueSTUDIO/ARMTools/bin/../lib/gcc/arm-atollic-eabi/6.3.1/armv7-m/crtend.o
 *(.init)
 .init          0x000000000800be04        0x4 /home/yusaku/Atollic/TrueSTUDIO/ARMTools/bin/../lib/gcc/arm-atollic-eabi/6.3.1/armv7-m/crti.o
                0x000000000800be04                _init
 .init          0x000000000800be08        0x8 /home/yusaku/Atollic/TrueSTUDIO/ARMTools/bin/../lib/gcc/arm-atollic-eabi/6.3.1/armv7-m/crtn.o
 *(.fini)
 .fini          0x000000000800be10        0x4 /home/yusaku/Atollic/TrueSTUDIO/ARMTools/bin/../lib/gcc/arm-atollic-eabi/6.3.1/armv7-m/crti.o
                0x000000000800be10                _fini
 .fini          0x000000000800be14        0x8 /home/yusaku/Atollic/TrueSTUDIO/ARMTools/bin/../lib/gcc/arm-atollic-eabi/6.3.1/armv7-m/crtn.o
                0x000000000800be1c                . = ALIGN (0x4)
                0x000000000800be1c                _etext = .

.vfp11_veneer   0x000000000800be1c        0x0
 .vfp11_veneer  0x000000000800be1c        0x0 linker stubs

.v4_bx          0x000000000800be1c        0x0
 .v4_bx         0x000000000800be1c        0x0 linker stubs

.iplt           0x000000000800be1c        0x0
 .iplt          0x000000000800be1c        0x0 /home/yusaku/Atollic/TrueSTUDIO/ARMTools/bin/../lib/gcc/arm-atollic-eabi/6.3.1/armv7-m/crtbegin.o

.rodata         0x000000000800be1c      0x9a8
                0x000000000800be1c                . = ALIGN (0x4)
 *(.rodata)
 .rodata        0x000000000800be1c      0x12c Core/Src/feet_ctrl.o
 .rodata        0x000000000800bf48       0x1c Core/Src/main.o
 .rodata        0x000000000800bf64       0x18 Core/Src/system_stm32f1xx.o
                0x000000000800bf64                AHBPrescTable
                0x000000000800bf74                APBPrescTable
 .rodata        0x000000000800bf7c       0x12 Drivers/STM32F1xx_HAL_Driver/Src/stm32f1xx_hal_rcc.o
 *fill*         0x000000000800bf8e        0x2 
 .rodata        0x000000000800bf90       0x12 Drivers/STM32F1xx_HAL_Driver/Src/stm32f1xx_hal_rcc_ex.o
 *(.rodata*)
 *fill*         0x000000000800bfa2        0x2 
 .rodata._ZTSN3ros3MsgE
                0x000000000800bfa4        0xb Core/Src/main.o
                0x000000000800bfa4                typeinfo name for ros::Msg
 *fill*         0x000000000800bfaf        0x1 
 .rodata._ZTIN3ros3MsgE
                0x000000000800bfb0        0x8 Core/Src/main.o
                0x000000000800bfb0                typeinfo for ros::Msg
 .rodata._ZTSN8std_msgs4TimeE
                0x000000000800bfb8       0x11 Core/Src/main.o
                0x000000000800bfb8                typeinfo name for std_msgs::Time
 *fill*         0x000000000800bfc9        0x3 
 .rodata._ZTIN8std_msgs4TimeE
                0x000000000800bfcc        0xc Core/Src/main.o
                0x000000000800bfcc                typeinfo for std_msgs::Time
 .rodata._ZTSN14rosserial_msgs9TopicInfoE
                0x000000000800bfd8       0x1d Core/Src/main.o
                0x000000000800bfd8                typeinfo name for rosserial_msgs::TopicInfo
 *fill*         0x000000000800bff5        0x3 
 .rodata._ZTIN14rosserial_msgs9TopicInfoE
                0x000000000800bff8        0xc Core/Src/main.o
                0x000000000800bff8                typeinfo for rosserial_msgs::TopicInfo
 .rodata._ZTSN14rosserial_msgs3LogE
                0x000000000800c004       0x17 Core/Src/main.o
                0x000000000800c004                typeinfo name for rosserial_msgs::Log
 *fill*         0x000000000800c01b        0x1 
 .rodata._ZTIN14rosserial_msgs3LogE
                0x000000000800c01c        0xc Core/Src/main.o
                0x000000000800c01c                typeinfo for rosserial_msgs::Log
 .rodata._ZTSN14rosserial_msgs20RequestParamResponseE
                0x000000000800c028       0x29 Core/Src/main.o
                0x000000000800c028                typeinfo name for rosserial_msgs::RequestParamResponse
 *fill*         0x000000000800c051        0x3 
 .rodata._ZTIN14rosserial_msgs20RequestParamResponseE
                0x000000000800c054        0xc Core/Src/main.o
                0x000000000800c054                typeinfo for rosserial_msgs::RequestParamResponse
 .rodata._ZTSN3ros15NodeHandleBase_E
                0x000000000800c060       0x18 Core/Src/main.o
                0x000000000800c060                typeinfo name for ros::NodeHandleBase_
 .rodata._ZTIN3ros15NodeHandleBase_E
                0x000000000800c078        0x8 Core/Src/main.o
                0x000000000800c078                typeinfo for ros::NodeHandleBase_
 .rodata._ZTSN3ros11Subscriber_E
                0x000000000800c080       0x14 Core/Src/main.o
                0x000000000800c080                typeinfo name for ros::Subscriber_
 .rodata._ZTIN3ros11Subscriber_E
                0x000000000800c094        0x8 Core/Src/main.o
                0x000000000800c094                typeinfo for ros::Subscriber_
 .rodata._ZTSN8std_msgs5Int32E
                0x000000000800c09c       0x12 Core/Src/main.o
                0x000000000800c09c                typeinfo name for std_msgs::Int32
 *fill*         0x000000000800c0ae        0x2 
 .rodata._ZTIN8std_msgs5Int32E
                0x000000000800c0b0        0xc Core/Src/main.o
                0x000000000800c0b0                typeinfo for std_msgs::Int32
 .rodata._ZTSN8std_msgs19MultiArrayDimensionE
                0x000000000800c0bc       0x21 Core/Src/main.o
                0x000000000800c0bc                typeinfo name for std_msgs::MultiArrayDimension
 *fill*         0x000000000800c0dd        0x3 
 .rodata._ZTIN8std_msgs19MultiArrayDimensionE
                0x000000000800c0e0        0xc Core/Src/main.o
                0x000000000800c0e0                typeinfo for std_msgs::MultiArrayDimension
 .rodata._ZTSN8std_msgs16MultiArrayLayoutE
                0x000000000800c0ec       0x1e Core/Src/main.o
                0x000000000800c0ec                typeinfo name for std_msgs::MultiArrayLayout
 *fill*         0x000000000800c10a        0x2 
 .rodata._ZTIN8std_msgs16MultiArrayLayoutE
                0x000000000800c10c        0xc Core/Src/main.o
                0x000000000800c10c                typeinfo for std_msgs::MultiArrayLayout
 .rodata._ZTSN8std_msgs17Float32MultiArrayE
                0x000000000800c118       0x1f Core/Src/main.o
                0x000000000800c118                typeinfo name for std_msgs::Float32MultiArray
 *fill*         0x000000000800c137        0x1 
 .rodata._ZTIN8std_msgs17Float32MultiArrayE
                0x000000000800c138        0xc Core/Src/main.o
                0x000000000800c138                typeinfo for std_msgs::Float32MultiArray
 .rodata._ZTSN8std_msgs4BoolE
                0x000000000800c144       0x11 Core/Src/main.o
                0x000000000800c144                typeinfo name for std_msgs::Bool
 *fill*         0x000000000800c155        0x3 
 .rodata._ZTIN8std_msgs4BoolE
                0x000000000800c158        0xc Core/Src/main.o
                0x000000000800c158                typeinfo for std_msgs::Bool
 .rodata._ZTSN8std_msgs5EmptyE
                0x000000000800c164       0x12 Core/Src/main.o
                0x000000000800c164                typeinfo name for std_msgs::Empty
 *fill*         0x000000000800c176        0x2 
 .rodata._ZTIN8std_msgs5EmptyE
                0x000000000800c178        0xc Core/Src/main.o
                0x000000000800c178                typeinfo for std_msgs::Empty
 .rodata._ZTSN3ros11NodeHandle_I13STM32HardwareLi25ELi25ELi1024ELi1024EEE
                0x000000000800c184       0x3d Core/Src/main.o
                0x000000000800c184                typeinfo name for ros::NodeHandle_<STM32Hardware, 25, 25, 1024, 1024>
 *fill*         0x000000000800c1c1        0x3 
 .rodata._ZTIN3ros11NodeHandle_I13STM32HardwareLi25ELi25ELi1024ELi1024EEE
                0x000000000800c1c4        0xc Core/Src/main.o
                0x000000000800c1c4                typeinfo for ros::NodeHandle_<STM32Hardware, 25, 25, 1024, 1024>
 .rodata._ZTSN3ros10SubscriberIN8std_msgs4BoolEvEE
                0x000000000800c1d0       0x26 Core/Src/main.o
                0x000000000800c1d0                typeinfo name for ros::Subscriber<std_msgs::Bool, void>
 *fill*         0x000000000800c1f6        0x2 
 .rodata._ZTIN3ros10SubscriberIN8std_msgs4BoolEvEE
                0x000000000800c1f8        0xc Core/Src/main.o
                0x000000000800c1f8                typeinfo for ros::Subscriber<std_msgs::Bool, void>
 .rodata._ZTSN3ros10SubscriberIN8std_msgs5Int32EvEE
                0x000000000800c204       0x27 Core/Src/main.o
                0x000000000800c204                typeinfo name for ros::Subscriber<std_msgs::Int32, void>
 *fill*         0x000000000800c22b        0x1 
 .rodata._ZTIN3ros10SubscriberIN8std_msgs5Int32EvEE
                0x000000000800c22c        0xc Core/Src/main.o
                0x000000000800c22c                typeinfo for ros::Subscriber<std_msgs::Int32, void>
 .rodata._ZTSN3ros10SubscriberIN8std_msgs17Float32MultiArrayEvEE
                0x000000000800c238       0x34 Core/Src/main.o
                0x000000000800c238                typeinfo name for ros::Subscriber<std_msgs::Float32MultiArray, void>
 .rodata._ZTIN3ros10SubscriberIN8std_msgs17Float32MultiArrayEvEE
                0x000000000800c26c        0xc Core/Src/main.o
                0x000000000800c26c                typeinfo for ros::Subscriber<std_msgs::Float32MultiArray, void>
 .rodata._ZTVN8std_msgs4TimeE
                0x000000000800c278       0x18 Core/Src/main.o
                0x000000000800c278                vtable for std_msgs::Time
 .rodata._ZTVN14rosserial_msgs9TopicInfoE
                0x000000000800c290       0x18 Core/Src/main.o
                0x000000000800c290                vtable for rosserial_msgs::TopicInfo
 .rodata._ZTVN14rosserial_msgs3LogE
                0x000000000800c2a8       0x18 Core/Src/main.o
                0x000000000800c2a8                vtable for rosserial_msgs::Log
 .rodata._ZTVN14rosserial_msgs20RequestParamResponseE
                0x000000000800c2c0       0x18 Core/Src/main.o
                0x000000000800c2c0                vtable for rosserial_msgs::RequestParamResponse
 .rodata._ZTVN8std_msgs5Int32E
                0x000000000800c2d8       0x18 Core/Src/main.o
                0x000000000800c2d8                vtable for std_msgs::Int32
 .rodata._ZTVN8std_msgs19MultiArrayDimensionE
                0x000000000800c2f0       0x18 Core/Src/main.o
                0x000000000800c2f0                vtable for std_msgs::MultiArrayDimension
 .rodata._ZTVN8std_msgs16MultiArrayLayoutE
                0x000000000800c308       0x18 Core/Src/main.o
                0x000000000800c308                vtable for std_msgs::MultiArrayLayout
 .rodata._ZTVN8std_msgs17Float32MultiArrayE
                0x000000000800c320       0x18 Core/Src/main.o
                0x000000000800c320                vtable for std_msgs::Float32MultiArray
 .rodata._ZTVN8std_msgs4BoolE
                0x000000000800c338       0x18 Core/Src/main.o
                0x000000000800c338                vtable for std_msgs::Bool
 .rodata._ZTVN8std_msgs5EmptyE
                0x000000000800c350       0x18 Core/Src/main.o
                0x000000000800c350                vtable for std_msgs::Empty
 .rodata._ZTVN3ros11NodeHandle_I13STM32HardwareLi25ELi25ELi1024ELi1024EEE
                0x000000000800c368       0x14 Core/Src/main.o
                0x000000000800c368                vtable for ros::NodeHandle_<STM32Hardware, 25, 25, 1024, 1024>
 .rodata._ZTVN3ros10SubscriberIN8std_msgs4BoolEvEE
                0x000000000800c37c       0x18 Core/Src/main.o
                0x000000000800c37c                vtable for ros::Subscriber<std_msgs::Bool, void>
 .rodata._ZTVN3ros10SubscriberIN8std_msgs5Int32EvEE
                0x000000000800c394       0x18 Core/Src/main.o
                0x000000000800c394                vtable for ros::Subscriber<std_msgs::Int32, void>
 .rodata._ZTVN3ros10SubscriberIN8std_msgs17Float32MultiArrayEvEE
                0x000000000800c3ac       0x18 Core/Src/main.o
                0x000000000800c3ac                vtable for ros::Subscriber<std_msgs::Float32MultiArray, void>
 .rodata._ZN14rosserial_msgs20RequestParamResponse6getMD5Ev.str1.4
                0x000000000800c3c4       0x21 Core/Src/main.o
 *fill*         0x000000000800c3e5        0x3 
 .rodata._ZN14rosserial_msgs3Log6getMD5Ev.str1.4
                0x000000000800c3e8       0x21 Core/Src/main.o
 *fill*         0x000000000800c409        0x3 
 .rodata._ZN14rosserial_msgs3Log7getTypeEv.str1.4
                0x000000000800c40c       0x13 Core/Src/main.o
 *fill*         0x000000000800c41f        0x1 
 .rodata._ZN14rosserial_msgs9TopicInfo6getMD5Ev.str1.4
                0x000000000800c420       0x21 Core/Src/main.o
 *fill*         0x000000000800c441        0x3 
 .rodata._ZN14rosserial_msgs9TopicInfo7getTypeEv.str1.4
                0x000000000800c444       0x19 Core/Src/main.o
 *fill*         0x000000000800c45d        0x3 
 .rodata._ZN3ros11NodeHandle_I13STM32HardwareLi25ELi25ELi1024ELi1024EE7publishEiPKNS_3MsgE.str1.4
                0x000000000800c460       0x39 Core/Src/main.o
 *fill*         0x000000000800c499        0x3 
 .rodata._ZN8std_msgs16MultiArrayLayout6getMD5Ev.str1.4
                0x000000000800c49c       0x21 Core/Src/main.o
 *fill*         0x000000000800c4bd        0x3 
 .rodata._ZN8std_msgs16MultiArrayLayout7getTypeEv.str1.4
                0x000000000800c4c0       0x1a Core/Src/main.o
 *fill*         0x000000000800c4da        0x2 
 .rodata._ZN8std_msgs17Float32MultiArray6getMD5Ev.str1.4
                0x000000000800c4dc       0x21 Core/Src/main.o
 *fill*         0x000000000800c4fd        0x3 
 .rodata._ZN8std_msgs17Float32MultiArray7getTypeEv.str1.4
                0x000000000800c500       0x1b Core/Src/main.o
 *fill*         0x000000000800c51b        0x1 
 .rodata._ZN8std_msgs19MultiArrayDimension6getMD5Ev.str1.4
                0x000000000800c51c       0x21 Core/Src/main.o
 *fill*         0x000000000800c53d        0x3 
 .rodata._ZN8std_msgs19MultiArrayDimension7getTypeEv.str1.4
                0x000000000800c540       0x1d Core/Src/main.o
 *fill*         0x000000000800c55d        0x3 
 .rodata._ZN8std_msgs4Bool6getMD5Ev.str1.4
                0x000000000800c560       0x21 Core/Src/main.o
 *fill*         0x000000000800c581        0x3 
 .rodata._ZN8std_msgs4Bool7getTypeEv.str1.4
                0x000000000800c584        0xe Core/Src/main.o
 *fill*         0x000000000800c592        0x2 
 .rodata._ZN8std_msgs4Time6getMD5Ev.str1.4
                0x000000000800c594       0x21 Core/Src/main.o
 *fill*         0x000000000800c5b5        0x3 
 .rodata._ZN8std_msgs4Time7getTypeEv.str1.4
                0x000000000800c5b8        0xe Core/Src/main.o
 *fill*         0x000000000800c5c6        0x2 
 .rodata._ZN8std_msgs5Empty6getMD5Ev.str1.4
                0x000000000800c5c8       0x21 Core/Src/main.o