Archive member included to satisfy reference by file (symbol)

/opt/TrueSTUDIO/ARMTools/bin/../lib/gcc/arm-atollic-eabi/6.3.1/../../../../arm-atollic-eabi/lib/armv7-m/libstdc++.a(si_class_type_info.o)
                              Core/Src/main.o (vtable for __cxxabiv1::__si_class_type_info)
/opt/TrueSTUDIO/ARMTools/bin/../lib/gcc/arm-atollic-eabi/6.3.1/../../../../arm-atollic-eabi/lib/armv7-m/libstdc++.a(del_ops.o)
                              /opt/TrueSTUDIO/ARMTools/bin/../lib/gcc/arm-atollic-eabi/6.3.1/../../../../arm-atollic-eabi/lib/armv7-m/libstdc++.a(si_class_type_info.o) (operator delete(void*, unsigned int))
/opt/TrueSTUDIO/ARMTools/bin/../lib/gcc/arm-atollic-eabi/6.3.1/../../../../arm-atollic-eabi/lib/armv7-m/libstdc++.a(class_type_info.o)
                              /opt/TrueSTUDIO/ARMTools/bin/../lib/gcc/arm-atollic-eabi/6.3.1/../../../../arm-atollic-eabi/lib/armv7-m/libstdc++.a(si_class_type_info.o) (__cxxabiv1::__class_type_info::__do_upcast(__cxxabiv1::__class_type_info const*, void**) const)
/opt/TrueSTUDIO/ARMTools/bin/../lib/gcc/arm-atollic-eabi/6.3.1/../../../../arm-atollic-eabi/lib/armv7-m/libstdc++.a(tinfo.o)
                              /opt/TrueSTUDIO/ARMTools/bin/../lib/gcc/arm-atollic-eabi/6.3.1/../../../../arm-atollic-eabi/lib/armv7-m/libstdc++.a(class_type_info.o) (std::type_info::~type_info())
/opt/TrueSTUDIO/ARMTools/bin/../lib/gcc/arm-atollic-eabi/6.3.1/../../../../arm-atollic-eabi/lib/armv7-m/libstdc++.a(del_op.o)
                              /opt/TrueSTUDIO/ARMTools/bin/../lib/gcc/arm-atollic-eabi/6.3.1/../../../../arm-atollic-eabi/lib/armv7-m/libstdc++.a(del_ops.o) (operator delete(void*))
/opt/TrueSTUDIO/ARMTools/bin/../lib/gcc/arm-atollic-eabi/6.3.1/../../../../arm-atollic-eabi/lib/armv7-m/libm.a(lib_a-w_sqrt.o)
                              Core/Src/stepper_position_ctrl.o (sqrt)
/opt/TrueSTUDIO/ARMTools/bin/../lib/gcc/arm-atollic-eabi/6.3.1/../../../../arm-atollic-eabi/lib/armv7-m/libm.a(lib_a-e_sqrt.o)
                              /opt/TrueSTUDIO/ARMTools/bin/../lib/gcc/arm-atollic-eabi/6.3.1/../../../../arm-atollic-eabi/lib/armv7-m/libm.a(lib_a-w_sqrt.o) (__ieee754_sqrt)
/opt/TrueSTUDIO/ARMTools/bin/../lib/gcc/arm-atollic-eabi/6.3.1/../../../../arm-atollic-eabi/lib/armv7-m/libm.a(lib_a-s_lib_ver.o)
                              /opt/TrueSTUDIO/ARMTools/bin/../lib/gcc/arm-atollic-eabi/6.3.1/../../../../arm-atollic-eabi/lib/armv7-m/libm.a(lib_a-w_sqrt.o) (__fdlib_version)
/opt/TrueSTUDIO/ARMTools/bin/../lib/gcc/arm-atollic-eabi/6.3.1/../../../../arm-atollic-eabi/lib/armv7-m/libm.a(lib_a-s_matherr.o)
                              /opt/TrueSTUDIO/ARMTools/bin/../lib/gcc/arm-atollic-eabi/6.3.1/../../../../arm-atollic-eabi/lib/armv7-m/libm.a(lib_a-w_sqrt.o) (matherr)
/opt/TrueSTUDIO/ARMTools/bin/../lib/gcc/arm-atollic-eabi/6.3.1/../../../../arm-atollic-eabi/lib/armv7-m/libc.a(lib_a-errno.o)
                              /opt/TrueSTUDIO/ARMTools/bin/../lib/gcc/arm-atollic-eabi/6.3.1/../../../../arm-atollic-eabi/lib/armv7-m/libm.a(lib_a-w_sqrt.o) (__errno)
/opt/TrueSTUDIO/ARMTools/bin/../lib/gcc/arm-atollic-eabi/6.3.1/../../../../arm-atollic-eabi/lib/armv7-m/libc.a(lib_a-impure.o)
                              /opt/TrueSTUDIO/ARMTools/bin/../lib/gcc/arm-atollic-eabi/6.3.1/../../../../arm-atollic-eabi/lib/armv7-m/libc.a(lib_a-errno.o) (_impure_ptr)
/opt/TrueSTUDIO/ARMTools/bin/../lib/gcc/arm-atollic-eabi/6.3.1/../../../../arm-atollic-eabi/lib/armv7-m/libc.a(lib_a-init.o)
                              startup/startup_stm32f103xb.o (__libc_init_array)
/opt/TrueSTUDIO/ARMTools/bin/../lib/gcc/arm-atollic-eabi/6.3.1/../../../../arm-atollic-eabi/lib/armv7-m/libc.a(lib_a-malloc.o)
                              /opt/TrueSTUDIO/ARMTools/bin/../lib/gcc/arm-atollic-eabi/6.3.1/../../../../arm-atollic-eabi/lib/armv7-m/libstdc++.a(del_op.o) (free)
/opt/TrueSTUDIO/ARMTools/bin/../lib/gcc/arm-atollic-eabi/6.3.1/../../../../arm-atollic-eabi/lib/armv7-m/libc.a(lib_a-mallocr.o)
                              /opt/TrueSTUDIO/ARMTools/bin/../lib/gcc/arm-atollic-eabi/6.3.1/../../../../arm-atollic-eabi/lib/armv7-m/libc.a(lib_a-malloc.o) (_malloc_r)
/opt/TrueSTUDIO/ARMTools/bin/../lib/gcc/arm-atollic-eabi/6.3.1/../../../../arm-atollic-eabi/lib/armv7-m/libc.a(lib_a-memcpy-stub.o)
                              Core/Src/main.o (memcpy)
/opt/TrueSTUDIO/ARMTools/bin/../lib/gcc/arm-atollic-eabi/6.3.1/../../../../arm-atollic-eabi/lib/armv7-m/libc.a(lib_a-memset.o)
                              Core/Src/stepper_position_ctrl.o (memset)
/opt/TrueSTUDIO/ARMTools/bin/../lib/gcc/arm-atollic-eabi/6.3.1/../../../../arm-atollic-eabi/lib/armv7-m/libc.a(lib_a-mlock.o)
                              /opt/TrueSTUDIO/ARMTools/bin/../lib/gcc/arm-atollic-eabi/6.3.1/../../../../arm-atollic-eabi/lib/armv7-m/libc.a(lib_a-mallocr.o) (__malloc_lock)
/opt/TrueSTUDIO/ARMTools/bin/../lib/gcc/arm-atollic-eabi/6.3.1/../../../../arm-atollic-eabi/lib/armv7-m/libc.a(lib_a-realloc.o)
[...]
Memory Configuration

Name             Origin             Length             Attributes
RAM              0x0000000020000000 0x0000000000005000 xrw
FLASH            0x0000000008000000 0x0000000000010000 xr
*default*        0x0000000000000000 0xffffffffffffffff

Linker script and memory map

LOAD /opt/TrueSTUDIO/ARMTools/bin/../lib/gcc/arm-atollic-eabi/6.3.1/armv7-m/crti.o
LOAD /opt/TrueSTUDIO/ARMTools/bin/../lib/gcc/arm-atollic-eabi/6.3.1/armv7-m/crtbegin.o
LOAD Core/Src/base.o
LOAD Core/Src/main.o
LOAD Core/Src/stepper_position_ctrl.o
LOAD Core/Src/stepper_velocity_ctrl.o
LOAD Core/Src/stm32f1xx_hal_msp.o
LOAD Core/Src/stm32f1xx_it.o
LOAD Core/Src/system_stm32f1xx.o
LOAD Drivers/STM32F1xx_HAL_Driver/Src/stm32f1xx_hal.o
LOAD Drivers/STM32F1xx_HAL_Driver/Src/stm32f1xx_hal_cortex.o
LOAD Drivers/STM32F1xx_HAL_Driver/Src/stm32f1xx_hal_dma.o
LOAD Drivers/STM32F1xx_HAL_Driver/Src/stm32f1xx_hal_flash.o
LOAD Drivers/STM32F1xx_HAL_Driver/Src/stm32f1xx_hal_flash_ex.o
LOAD Drivers/STM32F1xx_HAL_Driver/Src/stm32f1xx_hal_gpio.o
LOAD Drivers/STM32F1xx_HAL_Driver/Src/stm32f1xx_hal_gpio_ex.o
LOAD Drivers/STM32F1xx_HAL_Driver/Src/stm32f1xx_hal_pwr.o
LOAD Drivers/STM32F1xx_HAL_Driver/Src/stm32f1xx_hal_rcc.o
LOAD Drivers/STM32F1xx_HAL_Driver/Src/stm32f1xx_hal_rcc_ex.o
LOAD Drivers/STM32F1xx_HAL_Driver/Src/stm32f1xx_hal_tim.o
LOAD Drivers/STM32F1xx_HAL_Driver/Src/stm32f1xx_hal_tim_ex.o
LOAD Drivers/STM32F1xx_HAL_Driver/Src/stm32f1xx_hal_uart.o
LOAD Drivers/ros_lib/duration.o
LOAD Drivers/ros_lib/time.o
LOAD startup/startup_stm32f103xb.o
                0x0000000000001000                malloc_getpagesize_P = 0x1000
START GROUP
LOAD /opt/TrueSTUDIO/ARMTools/bin/../lib/gcc/arm-atollic-eabi/6.3.1/../../../../arm-atollic-eabi/lib/armv7-m/libstdc++.a
LOAD /opt/TrueSTUDIO/ARMTools/bin/../lib/gcc/arm-atollic-eabi/6.3.1/../../../../arm-atollic-eabi/lib/armv7-m/libsupc++.a
END GROUP
LOAD /opt/TrueSTUDIO/ARMTools/bin/../lib/gcc/arm-atollic-eabi/6.3.1/../../../../arm-atollic-eabi/lib/armv7-m/libstdc++.a
LOAD /opt/TrueSTUDIO/ARMTools/bin/../lib/gcc/arm-atollic-eabi/6.3.1/../../../../arm-atollic-eabi/lib/armv7-m/libm.a
LOAD /opt/TrueSTUDIO/ARMTools/bin/../lib/gcc/arm-atollic-eabi/6.3.1/../../../../arm-atollic-eabi/lib/armv7-m/libc.a
START GROUP
LOAD /opt/TrueSTUDIO/ARMTools/bin/../lib/gcc/arm-atollic-eabi/6.3.1/armv7-m/libgcc.a
LOAD /opt/TrueSTUDIO/ARMTools/bin/../lib/gcc/arm-atollic-eabi/6.3.1/../../../../arm-atollic-eabi/lib/armv7-m/libc.a
END GROUP
START GROUP
LOAD /opt/TrueSTUDIO/ARMTools/bin/../lib/gcc/arm-atollic-eabi/6.3.1/armv7-m/libgcc.a
LOAD /opt/TrueSTUDIO/ARMTools/bin/../lib/gcc/arm-atollic-eabi/6.3.1/../../../../arm-atollic-eabi/lib/armv7-m/libc.a
LOAD /opt/TrueSTUDIO/ARMTools/bin/../lib/gcc/arm-atollic-eabi/6.3.1/../../../../arm-atollic-eabi/lib/armv7-m/libnosys.a
END GROUP
LOAD /opt/TrueSTUDIO/ARMTools/bin/../lib/gcc/arm-atollic-eabi/6.3.1/armv7-m/crtend.o
LOAD /opt/TrueSTUDIO/ARMTools/bin/../lib/gcc/arm-atollic-eabi/6.3.1/armv7-m/crtn.o
                0x0000000020005000                _estack = 0x20005000
                0x0000000000000200                _Min_Heap_Size = 0x200
                0x0000000000000400                _Min_Stack_Size = 0x400

.isr_vector     0x0000000008000000      0x10c
                0x0000000008000000                . = ALIGN (0x4)
 *(.isr_vector)
 .isr_vector    0x0000000008000000      0x10c startup/startup_stm32f103xb.o
                0x0000000008000000                g_pfnVectors
                0x000000000800010c                . = ALIGN (0x4)

.text           0x0000000008000110     0xbb98
                0x0000000008000110                . = ALIGN (0x4)
 *(.text)
 .text          0x0000000008000110        0x0 /opt/TrueSTUDIO/ARMTools/bin/../lib/gcc/arm-atollic-eabi/6.3.1/armv7-m/crti.o
 .text          0x0000000008000110       0x40 /opt/TrueSTUDIO/ARMTools/bin/../lib/gcc/arm-atollic-eabi/6.3.1/armv7-m/crtbegin.o
 .text          0x0000000008000150        0x0 Core/Src/base.o
 .text          0x0000000008000150     0x1040 Core/Src/main.o
                0x0000000008000150                hand_cylinder_callback(std_msgs::Bool const&)
                0x00000000080002cc                lift_position_callback(std_msgs::Int32 const&)
                0x00000000080002dc                feet_velocity_callback(std_msgs::Float32MultiArray const&)
                0x000000000800056c                HAL_UART_TxCpltCallback
                0x000000000800058c                disable_actuators()
                0x00000000080005d4                enable_actuators()
                0x000000000800060c                act_enable_callback(std_msgs::Bool const&)
                0x000000000800061e                on_shutdown_pressed()
                0x0000000008000630                on_shutdown_released()
                0x0000000008000640                on_start_pressed()
                0x0000000008000650                _Error_Handler
                0x00000000080007e4                SystemClock_Config()
                0x000000000800086c                main
 .text          0x0000000008001190      0x2e8 Core/Src/stepper_position_ctrl.o
                0x0000000008001190                StepperPositionCtrl::StepperPositionCtrl(GPIO_TypeDef*, unsigned short, GPIO_TypeDef*, unsigned short)
                0x0000000008001190                StepperPositionCtrl::StepperPositionCtrl(GPIO_TypeDef*, unsigned short, GPIO_TypeDef*, unsigned short)
                0x0000000008001220                StepperPositionCtrl::reset_position()
                0x000000000800122c                StepperPositionCtrl::calculate_profile()
                0x0000000008001464                StepperPositionCtrl::set_target_position(int)
 .text          0x0000000008001478      0x1b4 Core/Src/stepper_velocity_ctrl.o
                0x0000000008001478                StepperVelocityCtrl::StepperVelocityCtrl(GPIO_TypeDef*, unsigned short, GPIO_TypeDef*, unsigned short)
                0x0000000008001478                StepperVelocityCtrl::StepperVelocityCtrl(GPIO_TypeDef*, unsigned short, GPIO_TypeDef*, unsigned short)
                0x0000000008001500                StepperVelocityCtrl::calculate_profile()
                0x00000000080015c4                StepperVelocityCtrl::set_target(float)
 .text          0x000000000800162c      0x284 Core/Src/stm32f1xx_hal_msp.o
                0x000000000800162c                HAL_MspInit
                0x00000000080016cc                HAL_TIM_Base_MspInit
                0x000000000800173c                HAL_TIM_Base_MspDeInit
                0x0000000008001780                HAL_UART_MspInit
                0x000000000800186c                HAL_UART_MspDeInit
 .text          0x00000000080018b0      0x394 Core/Src/stm32f1xx_it.o
                0x00000000080018b0                NMI_Handler
                0x00000000080018b2                HardFault_Handler
                0x00000000080018c2                MemManage_Handler
                0x00000000080018c4                BusFault_Handler
                0x00000000080018c6                UsageFault_Handler
                0x00000000080018c8                SVC_Handler
                0x00000000080018ca                DebugMon_Handler
                0x00000000080018cc                PendSV_Handler
                0x00000000080018ce                SysTick_Handler
                0x00000000080018da                DMA1_Channel4_IRQHandler
                0x00000000080018e8                DMA1_Channel5_IRQHandler
                0x00000000080018f8                TIM3_IRQHandler
                0x0000000008001954                TIM4_IRQHandler
                0x0000000008001bdc                USART1_IRQHandler
                0x0000000008001bec                EXTI3_IRQHandler
                0x0000000008001c18                EXTI4_IRQHandler
 .text          0x0000000008001c44       0xe0 Core/Src/system_stm32f1xx.o
                0x0000000008001c44                SystemInit
                0x0000000008001c90                SystemCoreClockUpdate
 .text          0x0000000008001d24      0x1d8 Drivers/STM32F1xx_HAL_Driver/Src/stm32f1xx_hal.o
                0x0000000008001d26                HAL_MspDeInit
                0x0000000008001d28                HAL_DeInit
                0x0000000008001d48                HAL_InitTick
                0x0000000008001d90                HAL_Init
                0x0000000008001db4                HAL_IncTick
                0x0000000008001dcc                HAL_GetTick
                0x0000000008001dd8                HAL_GetTickPrio
                0x0000000008001de4                HAL_SetTickFreq
                0x0000000008001e04                HAL_GetTickFreq
                0x0000000008001e10                HAL_Delay
                0x0000000008001e38                HAL_SuspendTick
                0x0000000008001e48                HAL_ResumeTick
                0x0000000008001e58                HAL_GetHalVersion
                0x0000000008001e60                HAL_GetREVID
                0x0000000008001e6c                HAL_GetDEVID
                0x0000000008001e7c                HAL_DBGMCU_EnableDBGSleepMode
                0x0000000008001e8c                HAL_DBGMCU_DisableDBGSleepMode
                0x0000000008001e9c                HAL_DBGMCU_EnableDBGStopMode
                0x0000000008001eac                HAL_DBGMCU_DisableDBGStopMode
                0x0000000008001ebc                HAL_DBGMCU_EnableDBGStandbyMode
                0x0000000008001ecc                HAL_DBGMCU_DisableDBGStandbyMode
                0x0000000008001edc                HAL_GetUID
 .text          0x0000000008001efc      0x214 Drivers/STM32F1xx_HAL_Driver/Src/stm32f1xx_hal_cortex.o
                0x0000000008001efc                HAL_NVIC_SetPriorityGrouping
                0x0000000008001f20                HAL_NVIC_SetPriority
                0x0000000008001f84                HAL_NVIC_EnableIRQ
                0x0000000008001f9c                HAL_NVIC_DisableIRQ
                0x0000000008001fb8                HAL_NVIC_SystemReset
                0x0000000008001fdc                HAL_SYSTICK_Config
                0x0000000008002008                HAL_NVIC_GetPriorityGrouping
                0x0000000008002018                HAL_NVIC_GetPriority
                0x0000000008002074                HAL_NVIC_SetPendingIRQ
                0x0000000008002090                HAL_NVIC_GetPendingIRQ
                0x00000000080020ac                HAL_NVIC_ClearPendingIRQ
                0x00000000080020c8                HAL_NVIC_GetActive
                0x00000000080020e4                HAL_SYSTICK_CLKSourceConfig
                0x0000000008002104                HAL_SYSTICK_Callback
                0x0000000008002106                HAL_SYSTICK_IRQHandler
 .text          0x0000000008002110      0x6b4 Drivers/STM32F1xx_HAL_Driver/Src/stm32f1xx_hal_dma.o
                0x000000000800213c                HAL_DMA_Init
                0x00000000080021b4                HAL_DMA_DeInit
                0x0000000008002214                HAL_DMA_Start
                0x0000000008002264                HAL_DMA_Start_IT
                0x00000000080022d8                HAL_DMA_Abort
                0x0000000008002306                HAL_DMA_Abort_IT
                0x000000000800239c                HAL_DMA_PollForTransfer
                0x00000000080025cc                HAL_DMA_IRQHandler
                0x0000000008002710                HAL_DMA_RegisterCallback
                0x000000000800275e                HAL_DMA_UnRegisterCallback
                0x00000000080027ba                HAL_DMA_GetState
                0x00000000080027c0                HAL_DMA_GetError
 .text          0x00000000080027c4      0x3ec Drivers/STM32F1xx_HAL_Driver/Src/stm32f1xx_hal_flash.o
                0x0000000008002854                HAL_FLASH_Program_IT
                0x00000000080028b8                HAL_FLASH_EndOfOperationCallback
                0x00000000080028ba                HAL_FLASH_OperationErrorCallback
                0x00000000080028bc                HAL_FLASH_IRQHandler
                0x0000000008002a10                HAL_FLASH_Unlock
                0x0000000008002a44                HAL_FLASH_Lock
                0x0000000008002a58                HAL_FLASH_OB_Unlock
                0x0000000008002a80                HAL_FLASH_OB_Lock
                0x0000000008002a94                HAL_FLASH_OB_Launch
                0x0000000008002a9c                HAL_FLASH_GetError
                0x0000000008002aa8                FLASH_WaitForLastOperation
                0x0000000008002b14                HAL_FLASH_Program
 .text          0x0000000008002bb0      0x538 Drivers/STM32F1xx_HAL_Driver/Src/stm32f1xx_hal_flash_ex.o
                0x0000000008002d0c                HAL_FLASHEx_OBErase
                0x0000000008002edc                HAL_FLASHEx_OBProgram
                0x0000000008002f84                HAL_FLASHEx_OBGetConfig
                0x0000000008002fa0                HAL_FLASHEx_OBGetUserData
                0x0000000008002fc4                FLASH_PageErase
                0x0000000008002fe8                HAL_FLASHEx_Erase
                0x000000000800308c                HAL_FLASHEx_Erase_IT
 .text          0x00000000080030e8      0x348 Drivers/STM32F1xx_HAL_Driver/Src/stm32f1xx_hal_gpio.o
                0x00000000080030e8                HAL_GPIO_Init
                0x00000000080032d4                HAL_GPIO_DeInit
                0x00000000080033c4                HAL_GPIO_ReadPin
                0x00000000080033d2                HAL_GPIO_WritePin
                0x00000000080033de                HAL_GPIO_TogglePin
                0x00000000080033e6                HAL_GPIO_LockPin
                0x0000000008003414                HAL_GPIO_EXTI_Callback
                0x0000000008003416                HAL_GPIO_EXTI_IRQHandler
 .text          0x0000000008003430       0x34 Drivers/STM32F1xx_HAL_Driver/Src/stm32f1xx_hal_gpio_ex.o
                0x0000000008003430                HAL_GPIOEx_ConfigEventout
                0x0000000008003444                HAL_GPIOEx_EnableEventout
                0x0000000008003454                HAL_GPIOEx_DisableEventout
 .text          0x0000000008003464      0x1f0 Drivers/STM32F1xx_HAL_Driver/Src/stm32f1xx_hal_pwr.o
                0x000000000800346a                HAL_PWR_DeInit
                0x0000000008003484                HAL_PWR_EnableBkUpAccess
                0x0000000008003490                HAL_PWR_DisableBkUpAccess
                0x000000000800349c                HAL_PWR_ConfigPVD
                0x0000000008003520                HAL_PWR_EnablePVD
                0x000000000800352c                HAL_PWR_DisablePVD
                0x0000000008003538                HAL_PWR_EnableWakeUpPin
                0x0000000008003550                HAL_PWR_DisableWakeUpPin
                0x0000000008003568                HAL_PWR_EnterSLEEPMode
                0x0000000008003588                HAL_PWR_EnterSTOPMode
                0x00000000080035d0                HAL_PWR_EnterSTANDBYMode
                0x00000000080035f0                HAL_PWR_EnableSleepOnExit
                0x0000000008003600                HAL_PWR_DisableSleepOnExit
                0x0000000008003610                HAL_PWR_EnableSEVOnPend
                0x0000000008003620                HAL_PWR_DisableSEVOnPend
                0x0000000008003630                HAL_PWR_PVDCallback
                0x0000000008003632                HAL_PWR_PVD_IRQHandler
 .text          0x0000000008003654      0x8a0 Drivers/STM32F1xx_HAL_Driver/Src/stm32f1xx_hal_rcc.o
                0x0000000008003680                HAL_RCC_DeInit
                0x000000000800376c                HAL_RCC_OscConfig
                0x0000000008003b4c                HAL_RCC_MCOConfig
                0x0000000008003b98                HAL_RCC_EnableCSS
                0x0000000008003ba4                HAL_RCC_DisableCSS
                0x0000000008003bb0                HAL_RCC_GetSysClockFreq
                0x0000000008003c1c                HAL_RCC_ClockConfig
                0x0000000008003d94                HAL_RCC_GetHCLKFreq
                0x0000000008003da0                HAL_RCC_GetPCLK1Freq
                0x0000000008003dc0                HAL_RCC_GetPCLK2Freq
                0x0000000008003de0                HAL_RCC_GetOscConfig
                0x0000000008003e94                HAL_RCC_GetClockConfig
                0x0000000008003ed0                HAL_RCC_CSSCallback
                0x0000000008003ed2                HAL_RCC_NMI_IRQHandler
 .text          0x0000000008003ef4      0x23c Drivers/STM32F1xx_HAL_Driver/Src/stm32f1xx_hal_rcc_ex.o
                0x0000000008003ef4                HAL_RCCEx_PeriphCLKConfig
                0x0000000008004008                HAL_RCCEx_GetPeriphCLKConfig
                0x0000000008004034                HAL_RCCEx_GetPeriphCLKFreq
 .text          0x0000000008004130     0x21d8 Drivers/STM32F1xx_HAL_Driver/Src/stm32f1xx_hal_tim.o
                0x00000000080043bc                HAL_TIM_Base_DeInit
                0x00000000080043f6                HAL_TIM_Base_Start
                0x0000000008004410                HAL_TIM_Base_Stop
                0x000000000800443e                HAL_TIM_Base_Start_IT
                0x0000000008004456                HAL_TIM_Base_Stop_IT
                0x0000000008004482                HAL_TIM_Base_Start_DMA
                0x00000000080044e8                HAL_TIM_Base_Stop_DMA
                0x000000000800451a                HAL_TIM_OC_MspInit
                0x000000000800451c                HAL_TIM_OC_MspDeInit
                0x000000000800451e                HAL_TIM_OC_DeInit
                0x0000000008004558                HAL_TIM_PWM_MspInit
                0x000000000800455a                HAL_TIM_PWM_MspDeInit
                0x000000000800455c                HAL_TIM_PWM_DeInit
                0x0000000008004596                HAL_TIM_IC_MspInit
                0x0000000008004598                HAL_TIM_IC_MspDeInit
                0x000000000800459a                HAL_TIM_IC_DeInit
                0x00000000080045d4                HAL_TIM_OnePulse_MspInit
                0x00000000080045d6                HAL_TIM_OnePulse_MspDeInit
                0x00000000080045d8                HAL_TIM_OnePulse_DeInit
                0x0000000008004612                HAL_TIM_Encoder_MspInit
                0x0000000008004614                HAL_TIM_Encoder_MspDeInit
                0x0000000008004616                HAL_TIM_Encoder_DeInit
                0x0000000008004650                HAL_TIM_DMABurst_WriteStart
                0x00000000080047bc                HAL_TIM_DMABurst_WriteStop
                0x0000000008004832                HAL_TIM_DMABurst_ReadStart
                0x000000000800499c                HAL_TIM_DMABurst_ReadStop
                0x0000000008004a12                HAL_TIM_GenerateEvent
                0x0000000008004a38                HAL_TIM_ConfigOCrefClear
                0x0000000008004b08                HAL_TIM_ConfigClockSource
                0x0000000008004c10                HAL_TIM_ConfigTI1Input
                0x0000000008004c20                HAL_TIM_SlaveConfigSynchronization
                0x0000000008004c60                HAL_TIM_SlaveConfigSynchronization_IT
                0x0000000008004ca0                HAL_TIM_ReadCapturedValue
                0x0000000008004cec                HAL_TIM_PeriodElapsedCallback
                0x0000000008004cfe                HAL_TIM_OC_DelayElapsedCallback
                0x0000000008004d00                HAL_TIM_IC_CaptureCallback
                0x0000000008004d02                TIM_DMACaptureCplt
                0x0000000008004d48                HAL_TIM_PWM_PulseFinishedCallback
                0x0000000008004d4a                TIM_DMADelayPulseCplt
                0x0000000008004d90                HAL_TIM_TriggerCallback
                0x0000000008004d92                HAL_TIM_IRQHandler
                0x0000000008004f1c                HAL_TIM_ErrorCallback
                0x0000000008004f1e                TIM_DMAError
                0x0000000008004f2e                HAL_TIM_Base_GetState
                0x0000000008004f34                HAL_TIM_OC_GetState
                0x0000000008004f3a                HAL_TIM_PWM_GetState
                0x0000000008004f40                HAL_TIM_IC_GetState
                0x0000000008004f46                HAL_TIM_OnePulse_GetState
                0x0000000008004f4c                HAL_TIM_Encoder_GetState
                0x0000000008004f52                TIM_Base_SetConfig
                0x0000000008004fc8                HAL_TIM_Base_Init
                0x0000000008004ffa                HAL_TIM_OC_Init
                0x000000000800502c                HAL_TIM_PWM_Init
                0x000000000800505e                HAL_TIM_IC_Init
                0x0000000008005090                HAL_TIM_OnePulse_Init
                0x00000000080050d6                HAL_TIM_Encoder_Init
                0x000000000800516e                TIM_OC2_SetConfig
                0x00000000080051d4                HAL_TIM_OC_ConfigChannel
                0x0000000008005232                HAL_TIM_PWM_ConfigChannel
                0x000000000800530e                TIM_TI1_SetConfig
                0x0000000008005378                HAL_TIM_IC_ConfigChannel
                0x0000000008005438                HAL_TIM_OnePulse_ConfigChannel
                0x000000000800552a                TIM_CCxChannelCmd
                0x0000000008005546                HAL_TIM_OC_Start
                0x0000000008005578                HAL_TIM_OC_Stop
                0x00000000080055d0                HAL_TIM_OC_Start_IT
                0x0000000008005644                HAL_TIM_OC_Stop_IT
                0x00000000080056e0                HAL_TIM_OC_Start_DMA
                0x00000000080057ec                HAL_TIM_OC_Stop_DMA
                0x0000000008005890                HAL_TIM_PWM_Start
                0x00000000080058c0                HAL_TIM_PWM_Stop
                0x0000000008005920                HAL_TIM_PWM_Start_IT
                0x0000000008005994                HAL_TIM_PWM_Stop_IT
                0x0000000008005a30                HAL_TIM_PWM_Start_DMA
                0x0000000008005b3c                HAL_TIM_PWM_Stop_DMA
                0x0000000008005be0                HAL_TIM_IC_Start
                0x0000000008005bfa                HAL_TIM_IC_Stop
                0x0000000008005c28                HAL_TIM_IC_Start_IT
                0x0000000008005c86                HAL_TIM_IC_Stop_IT
                0x0000000008005cf8                HAL_TIM_IC_Start_DMA
                0x0000000008005de4                HAL_TIM_IC_Stop_DMA
                0x0000000008005e5c                HAL_TIM_OnePulse_Start
                0x0000000008005e90                HAL_TIM_OnePulse_Stop
                0x0000000008005ef4                HAL_TIM_OnePulse_Start_IT
                0x0000000008005f3c                HAL_TIM_OnePulse_Stop_IT
                0x0000000008005fb4                HAL_TIM_Encoder_Start
                0x0000000008005ff8                HAL_TIM_Encoder_Stop
                0x0000000008006050                HAL_TIM_Encoder_Start_IT
                0x00000000080060bc                HAL_TIM_Encoder_Stop_IT
                0x0000000008006142                HAL_TIM_Encoder_Start_DMA
                0x0000000008006280                HAL_TIM_Encoder_Stop_DMA
 .text          0x0000000008006308      0xac4 Drivers/STM32F1xx_HAL_Driver/Src/stm32f1xx_hal_tim_ex.o
                0x0000000008006324                HAL_TIMEx_HallSensor_MspInit
                0x0000000008006326                HAL_TIMEx_HallSensor_Init
                0x00000000080063e4                HAL_TIMEx_HallSensor_MspDeInit
                0x00000000080063e6                HAL_TIMEx_HallSensor_DeInit
                0x0000000008006420                HAL_TIMEx_HallSensor_Start
                0x000000000800643c                HAL_TIMEx_HallSensor_Stop
                0x000000000800646c                HAL_TIMEx_HallSensor_Start_IT
                0x0000000008006492                HAL_TIMEx_HallSensor_Stop_IT
                0x00000000080064cc                HAL_TIMEx_HallSensor_Start_DMA
                0x0000000008006540                HAL_TIMEx_HallSensor_Stop_DMA
                0x000000000800657a                HAL_TIMEx_OCN_Start
                0x000000000800659e                HAL_TIMEx_OCN_Stop
                0x00000000080065ea                HAL_TIMEx_OCN_Start_IT
                0x0000000008006646                HAL_TIMEx_OCN_Stop_IT
                0x00000000080066d6                HAL_TIMEx_OCN_Start_DMA
                0x00000000080067a8                HAL_TIMEx_OCN_Stop_DMA
                0x0000000008006828                HAL_TIMEx_PWMN_Start
                0x000000000800684c                HAL_TIMEx_PWMN_Stop
                0x0000000008006898                HAL_TIMEx_PWMN_Start_IT
                0x00000000080068f4                HAL_TIMEx_PWMN_Stop_IT
                0x0000000008006984                HAL_TIMEx_PWMN_Start_DMA
                0x0000000008006a58                HAL_TIMEx_PWMN_Stop_DMA
                0x0000000008006ad8                HAL_TIMEx_OnePulseN_Start
                0x0000000008006af2                HAL_TIMEx_OnePulseN_Stop
                0x0000000008006b3e                HAL_TIMEx_OnePulseN_Start_IT
                0x0000000008006b6c                HAL_TIMEx_OnePulseN_Stop_IT
                0x0000000008006bcc                HAL_TIMEx_ConfigCommutationEvent
                0x0000000008006c28                HAL_TIMEx_ConfigCommutationEvent_IT
                0x0000000008006c8e                HAL_TIMEx_ConfigCommutationEvent_DMA
                0x0000000008006d08                HAL_TIMEx_ConfigBreakDeadTime
                0x0000000008006d60                HAL_TIMEx_MasterConfigSynchronization
                0x0000000008006db2                HAL_TIMEx_CommutationCallback
                0x0000000008006db4                TIMEx_DMACommutationCplt
                0x0000000008006dc4                HAL_TIMEx_BreakCallback
                0x0000000008006dc6                HAL_TIMEx_HallSensor_GetState
 .text          0x0000000008006dcc     0x1068 Drivers/STM32F1xx_HAL_Driver/Src/stm32f1xx_hal_uart.o
                0x000000000800707a                HAL_UART_Init
                0x00000000080070d8                HAL_HalfDuplex_Init
                0x0000000008007142                HAL_LIN_Init
                0x00000000080071bc                HAL_MultiProcessor_Init
                0x000000000800723c                HAL_UART_DeInit
                0x0000000008007262                HAL_UART_Transmit
                0x0000000008007344                HAL_UART_Receive
                0x000000000800742a                HAL_UART_Transmit_IT
                0x0000000008007472                HAL_UART_Receive_IT
                0x00000000080074ce                HAL_UART_Transmit_DMA
                0x000000000800755c                HAL_UART_Receive_DMA
                0x0000000008007604                HAL_UART_DMAPause
                0x0000000008007674                HAL_UART_DMAResume
                0x00000000080076ea                HAL_UART_DMAStop
                0x000000000800774e                HAL_UART_Abort
                0x00000000080077ba                HAL_UART_AbortTransmit
                0x00000000080077f4                HAL_UART_AbortReceive
                0x0000000008007884                HAL_UART_TxHalfCpltCallback
                0x0000000008007890                HAL_UART_RxCpltCallback
                0x000000000800796e                HAL_UART_RxHalfCpltCallback
                0x000000000800797a                HAL_UART_ErrorCallback
                0x00000000080079d4                HAL_UART_IRQHandler
                0x0000000008007b04                HAL_UART_AbortCpltCallback
                0x0000000008007b06                HAL_UART_Abort_IT
                0x0000000008007c28                HAL_UART_AbortTransmitCpltCallback
                0x0000000008007c2a                HAL_UART_AbortTransmit_IT
                0x0000000008007ca0                HAL_UART_AbortReceiveCpltCallback
                0x0000000008007ca2                HAL_UART_AbortReceive_IT
                0x0000000008007d20                HAL_LIN_SendBreak
                0x0000000008007d52                HAL_MultiProcessor_EnterMuteMode
                0x0000000008007d84                HAL_MultiProcessor_ExitMuteMode
                0x0000000008007db6                HAL_HalfDuplex_EnableTransmitter
                0x0000000008007dec                HAL_HalfDuplex_EnableReceiver
                0x0000000008007e22                HAL_UART_GetState
                0x0000000008007e2e                HAL_UART_GetError
 .text          0x0000000008007e34       0xbc Drivers/ros_lib/duration.o
                0x0000000008007e34                ros::normalizeSecNSecSigned(long&, long&)
                0x0000000008007e70                ros::Duration::operator+=(ros::Duration const&)
                0x0000000008007e90                ros::Duration::operator-=(ros::Duration const&)
                0x0000000008007eb0                ros::Duration::operator*=(double)
 .text          0x0000000008007ef0       0x9c Drivers/ros_lib/time.o
                0x0000000008007ef0                ros::normalizeSecNSec(unsigned long&, unsigned long&)
                0x0000000008007f1c                ros::Time::fromNSec(long)
                0x0000000008007f4c                ros::Time::operator+=(ros::Duration const&)
                0x0000000008007f6c                ros::Time::operator-=(ros::Duration const&)
 .text          0x0000000008007f8c       0x14 startup/startup_stm32f103xb.o
 .text          0x0000000008007fa0        0x0 /opt/TrueSTUDIO/ARMTools/bin/../lib/gcc/arm-atollic-eabi/6.3.1/../../../../arm-atollic-eabi/lib/armv7-m/libstdc++.a(si_class_type_info.o)
 .text          0x0000000008007fa0        0x0 /opt/TrueSTUDIO/ARMTools/bin/../lib/gcc/arm-atollic-eabi/6.3.1/../../../../arm-atollic-eabi/lib/armv7-m/libstdc++.a(del_ops.o)
 .text          0x0000000008007fa0        0x0 /opt/TrueSTUDIO/ARMTools/bin/../lib/gcc/arm-atollic-eabi/6.3.1/../../../../arm-atollic-eabi/lib/armv7-m/libstdc++.a(class_type_info.o)
 .text          0x0000000008007fa0        0x0 /opt/TrueSTUDIO/ARMTools/bin/../lib/gcc/arm-atollic-eabi/6.3.1/../../../../arm-atollic-eabi/lib/armv7-m/libstdc++.a(tinfo.o)
 .text          0x0000000008007fa0        0x0 /opt/TrueSTUDIO/ARMTools/bin/../lib/gcc/arm-atollic-eabi/6.3.1/../../../../arm-atollic-eabi/lib/armv7-m/libstdc++.a(del_op.o)
 .text          0x0000000008007fa0        0x0 /opt/TrueSTUDIO/ARMTools/bin/../lib/gcc/arm-atollic-eabi/6.3.1/../../../../arm-atollic-eabi/lib/armv7-m/libm.a(lib_a-w_sqrt.o)
 .text          0x0000000008007fa0        0x0 /opt/TrueSTUDIO/ARMTools/bin/../lib/gcc/arm-atollic-eabi/6.3.1/../../../../arm-atollic-eabi/lib/armv7-m/libm.a(lib_a-e_sqrt.o)
 .text          0x0000000008007fa0        0x0 /opt/TrueSTUDIO/ARMTools/bin/../lib/gcc/arm-atollic-eabi/6.3.1/../../../../arm-atollic-eabi/lib/armv7-m/libm.a(lib_a-s_lib_ver.o)
 .text          0x0000000008007fa0        0x0 /opt/TrueSTUDIO/ARMTools/bin/../lib/gcc/arm-atollic-eabi/6.3.1/../../../../arm-atollic-eabi/lib/armv7-m/libm.a(lib_a-s_matherr.o)
 .text          0x0000000008007fa0        0x0 /opt/TrueSTUDIO/ARMTools/bin/../lib/gcc/arm-atollic-eabi/6.3.1/../../../../arm-atollic-eabi/lib/armv7-m/libc.a(lib_a-errno.o)
 .text          0x0000000008007fa0        0x0 /opt/TrueSTUDIO/ARMTools/bin/../lib/gcc/arm-atollic-eabi/6.3.1/../../../../arm-atollic-eabi/lib/armv7-m/libc.a(lib_a-impure.o)
 .text          0x0000000008007fa0        0x0 /opt/TrueSTUDIO/ARMTools/bin/../lib/gcc/arm-atollic-eabi/6.3.1/../../../../arm-atollic-eabi/lib/armv7-m/libc.a(lib_a-init.o)
 .text          0x0000000008007fa0        0x0 /opt/TrueSTUDIO/ARMTools/bin/../lib/gcc/arm-atollic-eabi/6.3.1/../../../../arm-atollic-eabi/lib/armv7-m/libc.a(lib_a-malloc.o)
 .text          0x0000000008007fa0        0x0 /opt/TrueSTUDIO/ARMTools/bin/../lib/gcc/arm-atollic-eabi/6.3.1/../../../../arm-atollic-eabi/lib/armv7-m/libc.a(lib_a-mallocr.o)
 .text          0x0000000008007fa0        0x0 /opt/TrueSTUDIO/ARMTools/bin/../lib/gcc/arm-atollic-eabi/6.3.1/../../../../arm-atollic-eabi/lib/armv7-m/libc.a(lib_a-memcpy-stub.o)
 .text          0x0000000008007fa0        0x0 /opt/TrueSTUDIO/ARMTools/bin/../lib/gcc/arm-atollic-eabi/6.3.1/../../../../arm-atollic-eabi/lib/armv7-m/libc.a(lib_a-memset.o)
 .text          0x0000000008007fa0        0x0 /opt/TrueSTUDIO/ARMTools/bin/../lib/gcc/arm-atollic-eabi/6.3.1/../../../../arm-atollic-eabi/lib/armv7-m/libc.a(lib_a-mlock.o)
 .text          0x0000000008007fa0        0x0 /opt/TrueSTUDIO/ARMTools/bin/../lib/gcc/arm-atollic-eabi/6.3.1/../../../../arm-atollic-eabi/lib/armv7-m/libc.a(lib_a-realloc.o)
 .text          0x0000000008007fa0        0x0 /opt/TrueSTUDIO/ARMTools/bin/../lib/gcc/arm-atollic-eabi/6.3.1/../../../../arm-atollic-eabi/lib/armv7-m/libc.a(lib_a-reallocr.o)
 .text          0x0000000008007fa0        0x0 /opt/TrueSTUDIO/ARMTools/bin/../lib/gcc/arm-atollic-eabi/6.3.1/../../../../arm-atollic-eabi/lib/armv7-m/libc.a(lib_a-sbrkr.o)
 .text          0x0000000008007fa0       0x14 /opt/TrueSTUDIO/ARMTools/bin/../lib/gcc/arm-atollic-eabi/6.3.1/../../../../arm-atollic-eabi/lib/armv7-m/libc.a(lib_a-strcmp.o)
                0x0000000008007fa0                strcmp
 .text          0x0000000008007fb4       0x10 /opt/TrueSTUDIO/ARMTools/bin/../lib/gcc/arm-atollic-eabi/6.3.1/../../../../arm-atollic-eabi/lib/armv7-m/libc.a(lib_a-strlen.o)
                0x0000000008007fb4                strlen
 .text          0x0000000008007fc4        0x0 /opt/TrueSTUDIO/ARMTools/bin/../lib/gcc/arm-atollic-eabi/6.3.1/../../../../arm-atollic-eabi/lib/armv7-m/libc.a(lib_a-freer.o)
 .text          0x0000000008007fc4        0x0 /opt/TrueSTUDIO/ARMTools/bin/../lib/gcc/arm-atollic-eabi/6.3.1/../../../../arm-atollic-eabi/lib/armv7-m/libc.a(lib_a-lock.o)
 .text          0x0000000008007fc4        0x0 /opt/TrueSTUDIO/ARMTools/bin/../lib/gcc/arm-atollic-eabi/6.3.1/../../../../arm-atollic-eabi/lib/armv7-m/libc.a(lib_a-memmove.o)
 .text          0x0000000008007fc4        0x0 /opt/TrueSTUDIO/ARMTools/bin/../lib/gcc/arm-atollic-eabi/6.3.1/../../../../arm-atollic-eabi/lib/armv7-m/libc.a(lib_a-reent.o)
 .text          0x0000000008007fc4      0x370 /opt/TrueSTUDIO/ARMTools/bin/../lib/gcc/arm-atollic-eabi/6.3.1/armv7-m/libgcc.a(_arm_addsubdf3.o)
                0x0000000008007fc4                __aeabi_drsub
                0x0000000008007fcc                __aeabi_dsub
                0x0000000008007fcc                __subdf3
                0x0000000008007fd0                __adddf3
                0x0000000008007fd0                __aeabi_dadd
                0x0000000008008248                __aeabi_ui2d
                0x0000000008008248                __floatunsidf
                0x0000000008008268                __floatsidf
                0x0000000008008268                __aeabi_i2d
                0x000000000800828c                __extendsfdf2
                0x000000000800828c                __aeabi_f2d
                0x00000000080082c8                __aeabi_ul2d
                0x00000000080082c8                __floatundidf
                0x00000000080082d8                __floatdidf
                0x00000000080082d8                __aeabi_l2d
 .text          0x0000000008008334      0x424 /opt/TrueSTUDIO/ARMTools/bin/../lib/gcc/arm-atollic-eabi/6.3.1/armv7-m/libgcc.a(_arm_muldivdf3.o)
                0x0000000008008334                __aeabi_dmul
                0x0000000008008334                __muldf3
                0x0000000008008588                __aeabi_ddiv
                0x0000000008008588                __divdf3
 .text          0x0000000008008758      0x110 /opt/TrueSTUDIO/ARMTools/bin/../lib/gcc/arm-atollic-eabi/6.3.1/armv7-m/libgcc.a(_arm_cmpdf2.o)
                0x0000000008008758                __gtdf2
                0x0000000008008758                __gedf2
                0x0000000008008760                __ltdf2
                0x0000000008008760                __ledf2
                0x0000000008008768                __cmpdf2
                0x0000000008008768                __eqdf2
                0x0000000008008768                __nedf2
                0x00000000080087e4                __aeabi_cdrcmple
                0x00000000080087f4                __aeabi_cdcmple
                0x00000000080087f4                __aeabi_cdcmpeq
                0x0000000008008804                __aeabi_dcmpeq
                0x0000000008008818                __aeabi_dcmplt
                0x000000000800882c                __aeabi_dcmple
                0x0000000008008840                __aeabi_dcmpge
                0x0000000008008854                __aeabi_dcmpgt
 .text          0x0000000008008868       0x2c /opt/TrueSTUDIO/ARMTools/bin/../lib/gcc/arm-atollic-eabi/6.3.1/armv7-m/libgcc.a(_arm_unorddf2.o)
                0x0000000008008868                __aeabi_dcmpun
                0x0000000008008868                __unorddf2
 .text          0x0000000008008894       0x50 /opt/TrueSTUDIO/ARMTools/bin/../lib/gcc/arm-atollic-eabi/6.3.1/armv7-m/libgcc.a(_arm_fixdfsi.o)
                0x0000000008008894                __fixdfsi
                0x0000000008008894                __aeabi_d2iz
 .text          0x00000000080088e4      0x9dc /opt/TrueSTUDIO/ARMTools/bin/../lib/gcc/arm-atollic-eabi/6.3.1/armv7-m/libgcc.a(unwind-arm.o)
                0x0000000008008ba8                _Unwind_GetCFA
                0x0000000008008bac                __gnu_Unwind_RaiseException
                0x0000000008008c0c                __gnu_Unwind_ForcedUnwind
                0x0000000008008c20                __gnu_Unwind_Resume
                0x0000000008008c64                __gnu_Unwind_Resume_or_Rethrow
                0x0000000008008c78                _Unwind_Complete
                0x0000000008008c7c                _Unwind_DeleteException
                0x0000000008008c88                _Unwind_VRS_Get
                0x0000000008008cd4                _Unwind_VRS_Set
                0x0000000008008d24                __gnu_Unwind_Backtrace
                0x0000000008009068                __aeabi_unwind_cpp_pr0
                0x000000000800906c                __aeabi_unwind_cpp_pr1
                0x0000000008009070                __aeabi_unwind_cpp_pr2
                0x0000000008009074                _Unwind_VRS_Pop
 .text          0x00000000080092c0      0x1ac /opt/TrueSTUDIO/ARMTools/bin/../lib/gcc/arm-atollic-eabi/6.3.1/armv7-m/libgcc.a(libunwind.o)
                0x00000000080092c0                __restore_core_regs
                0x00000000080092c0                restore_core_regs
                0x00000000080092d8                __gnu_Unwind_Restore_VFP
                0x00000000080092e0                __gnu_Unwind_Save_VFP
                0x00000000080092e8                __gnu_Unwind_Restore_VFP_D
                0x00000000080092f0                __gnu_Unwind_Save_VFP_D
                0x00000000080092f8                __gnu_Unwind_Restore_VFP_D_16_to_31
                0x0000000008009300                __gnu_Unwind_Save_VFP_D_16_to_31
                0x0000000008009308                __gnu_Unwind_Restore_WMMXD
                0x000000000800934c                __gnu_Unwind_Save_WMMXD
                0x0000000008009390                __gnu_Unwind_Restore_WMMXC
                0x00000000080093a4                __gnu_Unwind_Save_WMMXC
                0x00000000080093b8                ___Unwind_RaiseException
                0x00000000080093b8                _Unwind_RaiseException
                0x00000000080093dc                ___Unwind_Resume
                0x00000000080093dc                _Unwind_Resume
                0x0000000008009400                _Unwind_Resume_or_Rethrow
                0x0000000008009400                ___Unwind_Resume_or_Rethrow
                0x0000000008009424                ___Unwind_ForcedUnwind
                0x0000000008009424                _Unwind_ForcedUnwind
                0x0000000008009448                _Unwind_Backtrace
                0x0000000008009448                ___Unwind_Backtrace
 .text          0x000000000800946c      0x384 /opt/TrueSTUDIO/ARMTools/bin/../lib/gcc/arm-atollic-eabi/6.3.1/armv7-m/libgcc.a(pr-support.o)
                0x00000000080094c4                __gnu_unwind_execute
                0x0000000008009794                __gnu_unwind_frame
                0x00000000080097c0                _Unwind_GetRegionStart
                0x00000000080097cc                _Unwind_GetLanguageSpecificData
                0x00000000080097e0                _Unwind_GetTextRelBase
                0x00000000080097e8                _Unwind_GetDataRelBase
 .text          0x00000000080097f0        0x0 /opt/TrueSTUDIO/ARMTools/bin/../lib/gcc/arm-atollic-eabi/6.3.1/../../../../arm-atollic-eabi/lib/armv7-m/libc.a(lib_a-abort.o)
 .text          0x00000000080097f0        0x0 /opt/TrueSTUDIO/ARMTools/bin/../lib/gcc/arm-atollic-eabi/6.3.1/../../../../arm-atollic-eabi/lib/armv7-m/libc.a(lib_a-signal.o)
 .text          0x00000000080097f0        0x0 /opt/TrueSTUDIO/ARMTools/bin/../lib/gcc/arm-atollic-eabi/6.3.1/../../../../arm-atollic-eabi/lib/armv7-m/libc.a(lib_a-signalr.o)
 .text          0x00000000080097f0        0x0 /opt/TrueSTUDIO/ARMTools/bin/../lib/gcc/arm-atollic-eabi/6.3.1/../../../../arm-atollic-eabi/lib/armv7-m/libnosys.a(getpid.o)
 .text          0x00000000080097f0        0x0 /opt/TrueSTUDIO/ARMTools/bin/../lib/gcc/arm-atollic-eabi/6.3.1/../../../../arm-atollic-eabi/lib/armv7-m/libnosys.a(kill.o)
 .text          0x00000000080097f0        0x0 /opt/TrueSTUDIO/ARMTools/bin/../lib/gcc/arm-atollic-eabi/6.3.1/../../../../arm-atollic-eabi/lib/armv7-m/libnosys.a(sbrk.o)
 .text          0x00000000080097f0        0x0 /opt/TrueSTUDIO/ARMTools/bin/../lib/gcc/arm-atollic-eabi/6.3.1/../../../../arm-atollic-eabi/lib/armv7-m/libnosys.a(_exit.o)
 .text          0x00000000080097f0        0x0 /opt/TrueSTUDIO/ARMTools/bin/../lib/gcc/arm-atollic-eabi/6.3.1/armv7-m/crtend.o
 .text          0x00000000080097f0        0x0 /opt/TrueSTUDIO/ARMTools/bin/../lib/gcc/arm-atollic-eabi/6.3.1/armv7-m/crtn.o
 *(.text*)
 .text._ZNK8std_msgs4Time9serializeEPh
                0x00000000080097f0       0x24 Core/Src/main.o
                0x00000000080097f0                std_msgs::Time::serialize(unsigned char*) const
 .text._ZN8std_msgs4Time11deserializeEPh
                0x0000000008009814       0x3c Core/Src/main.o
                0x0000000008009814                std_msgs::Time::deserialize(unsigned char*)
 .text._ZN8std_msgs4Time7getTypeEv
                0x0000000008009850        0x8 Core/Src/main.o
                0x0000000008009850                std_msgs::Time::getType()
 .text._ZN8std_msgs4Time6getMD5Ev
                0x0000000008009858        0x8 Core/Src/main.o
                0x0000000008009858                std_msgs::Time::getMD5()
 .text._ZN14rosserial_msgs9TopicInfo11deserializeEPh
                0x0000000008009860       0xca Core/Src/main.o
                0x0000000008009860                rosserial_msgs::TopicInfo::deserialize(unsigned char*)
 *fill*         0x000000000800992a        0x2 
 .text._ZN14rosserial_msgs9TopicInfo7getTypeEv
                0x000000000800992c        0x8 Core/Src/main.o
                0x000000000800992c                rosserial_msgs::TopicInfo::getType()
 .text._ZN14rosserial_msgs9TopicInfo6getMD5Ev
                0x0000000008009934        0x8 Core/Src/main.o
                0x0000000008009934                rosserial_msgs::TopicInfo::getMD5()
 .text._ZN14rosserial_msgs3Log11deserializeEPh
                0x000000000800993c       0x40 Core/Src/main.o
                0x000000000800993c                rosserial_msgs::Log::deserialize(unsigned char*)
 .text._ZN14rosserial_msgs3Log7getTypeEv
                0x000000000800997c        0x8 Core/Src/main.o
                0x000000000800997c                rosserial_msgs::Log::getType()
 .text._ZN14rosserial_msgs3Log6getMD5Ev
                0x0000000008009984        0x8 Core/Src/main.o
                0x0000000008009984                rosserial_msgs::Log::getMD5()
 .text._ZN14rosserial_msgs20RequestParamResponse7getTypeEv
                0x000000000800998c        0x8 Core/Src/main.o
                0x000000000800998c                rosserial_msgs::RequestParamResponse::getType()
 .text._ZN14rosserial_msgs20RequestParamResponse6getMD5Ev
                0x0000000008009994        0x8 Core/Src/main.o
                0x0000000008009994                rosserial_msgs::RequestParamResponse::getMD5()
 .text._ZNK8std_msgs5Int329serializeEPh
                0x000000000800999c       0x18 Core/Src/main.o
                0x000000000800999c                std_msgs::Int32::serialize(unsigned char*) const
 .text._ZN8std_msgs5Int3211deserializeEPh
                0x00000000080099b4       0x1a Core/Src/main.o
                0x00000000080099b4                std_msgs::Int32::deserialize(unsigned char*)
 *fill*         0x00000000080099ce        0x2 
 .text._ZN8std_msgs5Int327getTypeEv
                0x00000000080099d0        0x8 Core/Src/main.o
                0x00000000080099d0                std_msgs::Int32::getType()
 .text._ZN8std_msgs5Int326getMD5Ev
                0x00000000080099d8        0x8 Core/Src/main.o
                0x00000000080099d8                std_msgs::Int32::getMD5()
 .text._ZN8std_msgs19MultiArrayDimension11deserializeEPh
                0x00000000080099e0       0x88 Core/Src/main.o
                0x00000000080099e0                std_msgs::MultiArrayDimension::deserialize(unsigned char*)
 .text._ZN8std_msgs19MultiArrayDimension7getTypeEv
                0x0000000008009a68        0x8 Core/Src/main.o
                0x0000000008009a68                std_msgs::MultiArrayDimension::getType()
 .text._ZN8std_msgs19MultiArrayDimension6getMD5Ev
                0x0000000008009a70        0x8 Core/Src/main.o
                0x0000000008009a70                std_msgs::MultiArrayDimension::getMD5()
 .text._ZNK8std_msgs16MultiArrayLayout9serializeEPh
                0x0000000008009a78       0x4e Core/Src/main.o
                0x0000000008009a78                std_msgs::MultiArrayLayout::serialize(unsigned char*) const
 *fill*         0x0000000008009ac6        0x2 
 .text._ZN8std_msgs16MultiArrayLayout7getTypeEv
                0x0000000008009ac8        0x8 Core/Src/main.o
                0x0000000008009ac8                std_msgs::MultiArrayLayout::getType()
 .text._ZN8std_msgs16MultiArrayLayout6getMD5Ev
                0x0000000008009ad0        0x8 Core/Src/main.o
                0x0000000008009ad0                std_msgs::MultiArrayLayout::getMD5()
 .text._ZN8std_msgs17Float32MultiArray7getTypeEv
                0x0000000008009ad8        0x8 Core/Src/main.o
                0x0000000008009ad8                std_msgs::Float32MultiArray::getType()
 .text._ZN8std_msgs17Float32MultiArray6getMD5Ev
                0x0000000008009ae0        0x8 Core/Src/main.o
                0x0000000008009ae0                std_msgs::Float32MultiArray::getMD5()
 .text._ZNK8std_msgs4Bool9serializeEPh
                0x0000000008009ae8        0x8 Core/Src/main.o
                0x0000000008009ae8                std_msgs::Bool::serialize(unsigned char*) const
 .text._ZN8std_msgs4Bool11deserializeEPh
                0x0000000008009af0        0x8 Core/Src/main.o
                0x0000000008009af0                std_msgs::Bool::deserialize(unsigned char*)
 .text._ZN8std_msgs4Bool7getTypeEv
                0x0000000008009af8        0x8 Core/Src/main.o
                0x0000000008009af8                std_msgs::Bool::getType()
 .text._ZN8std_msgs4Bool6getMD5Ev
                0x0000000008009b00        0x8 Core/Src/main.o
                0x0000000008009b00                std_msgs::Bool::getMD5()
 .text._ZNK8std_msgs6UInt169serializeEPh
                0x0000000008009b08        0xe Core/Src/main.o
                0x0000000008009b08                std_msgs::UInt16::serialize(unsigned char*) const
 .text._ZN8std_msgs6UInt1611deserializeEPh
                0x0000000008009b16       0x10 Core/Src/main.o
                0x0000000008009b16                std_msgs::UInt16::deserialize(unsigned char*)
 *fill*         0x0000000008009b26        0x2 
 .text._ZN8std_msgs6UInt167getTypeEv
                0x0000000008009b28        0x8 Core/Src/main.o
                0x0000000008009b28                std_msgs::UInt16::getType()
 .text._ZN8std_msgs6UInt166getMD5Ev
                0x0000000008009b30        0x8 Core/Src/main.o
                0x0000000008009b30                std_msgs::UInt16::getMD5()
 .text._ZN3ros11NodeHandle_I13STM32HardwareLi25ELi25ELi1024ELi1024EE9connectedEv
                0x0000000008009b38        0x6 Core/Src/main.o
                0x0000000008009b38                ros::NodeHandle_<STM32Hardware, 25, 25, 1024, 1024>::connected()
 .text._ZN3ros10SubscriberIN8std_msgs17Float32MultiArrayEvE15getEndpointTypeEv
                0x0000000008009b3e        0x4 Core/Src/main.o
                0x0000000008009b3e                ros::Subscriber<std_msgs::Float32MultiArray, void>::getEndpointType()
 *fill*         0x0000000008009b42        0x2 
 .text._ZN3ros10SubscriberIN8std_msgs17Float32MultiArrayEvE10getMsgTypeEv
                0x0000000008009b44        0x8 Core/Src/main.o
                0x0000000008009b44                ros::Subscriber<std_msgs::Float32MultiArray, void>::getMsgType()
 .text._ZN3ros10SubscriberIN8std_msgs17Float32MultiArrayEvE9getMsgMD5Ev
                0x0000000008009b4c        0x8 Core/Src/main.o
                0x0000000008009b4c                ros::Subscriber<std_msgs::Float32MultiArray, void>::getMsgMD5()
 .text._ZN3ros10SubscriberIN8std_msgs5Int32EvE8callbackEPh
                0x0000000008009b54       0x20 Core/Src/main.o
                0x0000000008009b54                ros::Subscriber<std_msgs::Int32, void>::callback(unsigned char*)
 .text._ZN3ros10SubscriberIN8std_msgs5Int32EvE15getEndpointTypeEv
                0x0000000008009b74        0x4 Core/Src/main.o
                0x0000000008009b74                ros::Subscriber<std_msgs::Int32, void>::getEndpointType()
 .text._ZN3ros10SubscriberIN8std_msgs5Int32EvE10getMsgTypeEv
                0x0000000008009b78        0x8 Core/Src/main.o
                0x0000000008009b78                ros::Subscriber<std_msgs::Int32, void>::getMsgType()
 .text._ZN3ros10SubscriberIN8std_msgs5Int32EvE9getMsgMD5Ev
                0x0000000008009b80        0x8 Core/Src/main.o
                0x0000000008009b80                ros::Subscriber<std_msgs::Int32, void>::getMsgMD5()
 .text._ZN3ros10SubscriberIN8std_msgs4BoolEvE8callbackEPh
                0x0000000008009b88        0xe Core/Src/main.o
                0x0000000008009b88                ros::Subscriber<std_msgs::Bool, void>::callback(unsigned char*)
 .text._ZN3ros10SubscriberIN8std_msgs4BoolEvE15getEndpointTypeEv
                0x0000000008009b96        0x4 Core/Src/main.o
                0x0000000008009b96                ros::Subscriber<std_msgs::Bool, void>::getEndpointType()
 *fill*         0x0000000008009b9a        0x2 
 .text._ZN3ros10SubscriberIN8std_msgs4BoolEvE10getMsgTypeEv
                0x0000000008009b9c        0x8 Core/Src/main.o
                0x0000000008009b9c                ros::Subscriber<std_msgs::Bool, void>::getMsgType()
 .text._ZN3ros10SubscriberIN8std_msgs4BoolEvE9getMsgMD5Ev
                0x0000000008009ba4        0x8 Core/Src/main.o
                0x0000000008009ba4                ros::Subscriber<std_msgs::Bool, void>::getMsgMD5()
 .text._ZNK14rosserial_msgs9TopicInfo9serializeEPh
                0x0000000008009bac       0xaa Core/Src/main.o
                0x0000000008009bac                rosserial_msgs::TopicInfo::serialize(unsigned char*) const
 .text._ZNK14rosserial_msgs3Log9serializeEPh
                0x0000000008009c56       0x34 Core/Src/main.o
                0x0000000008009c56                rosserial_msgs::Log::serialize(unsigned char*) const
 .text._ZNK14rosserial_msgs20RequestParamResponse9serializeEPh
                0x0000000008009c8a       0xf0 Core/Src/main.o
                0x0000000008009c8a                rosserial_msgs::RequestParamResponse::serialize(unsigned char*) const
 .text._ZNK8std_msgs19MultiArrayDimension9serializeEPh
                0x0000000008009d7a       0x68 Core/Src/main.o
                0x0000000008009d7a                std_msgs::MultiArrayDimension::serialize(unsigned char*) const
 .text._ZN14rosserial_msgs20RequestParamResponse11deserializeEPh
                0x0000000008009de2      0x144 Core/Src/main.o
                0x0000000008009de2                rosserial_msgs::RequestParamResponse::deserialize(unsigned char*)
 *fill*         0x0000000008009f26        0x2 
 .text._ZN3ros11NodeHandle_I13STM32HardwareLi25ELi25ELi1024ELi1024EE7publishEiPKNS_3MsgE
                0x0000000008009f28       0xf0 Core/Src/main.o
                0x0000000008009f28                ros::NodeHandle_<STM32Hardware, 25, 25, 1024, 1024>::publish(int, ros::Msg const*)
 .text._ZN8std_msgs16MultiArrayLayout11deserializeEPh
                0x000000000800a018      0x128 Core/Src/main.o
                0x000000000800a018                std_msgs::MultiArrayLayout::deserialize(unsigned char*)
 .text._ZNK8std_msgs17Float32MultiArray9serializeEPh
                0x000000000800a140       0xb6 Core/Src/main.o
                0x000000000800a140                std_msgs::Float32MultiArray::serialize(unsigned char*) const
 .text._ZN3ros10SubscriberIN8std_msgs17Float32MultiArrayEvE8callbackEPh
                0x000000000800a1f6      0x1c4 Core/Src/main.o
                0x000000000800a1f6                ros::Subscriber<std_msgs::Float32MultiArray, void>::callback(unsigned char*)
 .text._ZN8std_msgs17Float32MultiArray11deserializeEPh
                0x000000000800a3ba      0x1a2 Core/Src/main.o
                0x000000000800a3ba                std_msgs::Float32MultiArray::deserialize(unsigned char*)
 .text._ZN3ros11NodeHandle_I13STM32HardwareLi25ELi25ELi1024ELi1024EE8spinOnceEv
                0x000000000800a55c      0x568 Core/Src/main.o
                0x000000000800a55c                ros::NodeHandle_<STM32Hardware, 25, 25, 1024, 1024>::spinOnce()
 .text.Reset_Handler
                0x000000000800aac4       0x48 startup/startup_stm32f103xb.o
                0x000000000800aac4                Reset_Handler
 .text.Default_Handler
                0x000000000800ab0c        0x2 startup/startup_stm32f103xb.o
                0x000000000800ab0c                RTC_Alarm_IRQHandler
                0x000000000800ab0c                EXTI2_IRQHandler
                0x000000000800ab0c                TIM1_CC_IRQHandler
                0x000000000800ab0c                PVD_IRQHandler
                0x000000000800ab0c                EXTI0_IRQHandler
                0x000000000800ab0c                I2C2_EV_IRQHandler
                0x000000000800ab0c                ADC1_2_IRQHandler
                0x000000000800ab0c                SPI1_IRQHandler
                0x000000000800ab0c                TAMPER_IRQHandler
                0x000000000800ab0c                USART3_IRQHandler
                0x000000000800ab0c                RTC_IRQHandler
                0x000000000800ab0c                DMA1_Channel7_IRQHandler
                0x000000000800ab0c                CAN1_RX1_IRQHandler
                0x000000000800ab0c                I2C1_EV_IRQHandler
                0x000000000800ab0c                DMA1_Channel6_IRQHandler
                0x000000000800ab0c                RCC_IRQHandler
                0x000000000800ab0c                TIM1_TRG_COM_IRQHandler
                0x000000000800ab0c                DMA1_Channel1_IRQHandler
                0x000000000800ab0c                Default_Handler
                0x000000000800ab0c                EXTI15_10_IRQHandler
                0x000000000800ab0c                EXTI9_5_IRQHandler
                0x000000000800ab0c                SPI2_IRQHandler
                0x000000000800ab0c                USB_LP_CAN1_RX0_IRQHandler
                0x000000000800ab0c                USB_HP_CAN1_TX_IRQHandler
                0x000000000800ab0c                DMA1_Channel3_IRQHandler
                0x000000000800ab0c                TIM1_UP_IRQHandler
                0x000000000800ab0c                WWDG_IRQHandler
                0x000000000800ab0c                TIM2_IRQHandler
                0x000000000800ab0c                TIM1_BRK_IRQHandler
                0x000000000800ab0c                EXTI1_IRQHandler
                0x000000000800ab0c                USART2_IRQHandler
                0x000000000800ab0c                I2C2_ER_IRQHandler
                0x000000000800ab0c                DMA1_Channel2_IRQHandler
                0x000000000800ab0c                CAN1_SCE_IRQHandler
                0x000000000800ab0c                FLASH_IRQHandler
                0x000000000800ab0c                I2C1_ER_IRQHandler
                0x000000000800ab0c                USBWakeUp_IRQHandler
 *fill*         0x000000000800ab0e        0x2 
 .text._ZN10__cxxabiv120__si_class_type_infoD2Ev
                0x000000000800ab10       0x14 /opt/TrueSTUDIO/ARMTools/bin/../lib/gcc/arm-atollic-eabi/6.3.1/../../../../arm-atollic-eabi/lib/armv7-m/libstdc++.a(si_class_type_info.o)
                0x000000000800ab10                __cxxabiv1::__si_class_type_info::~__si_class_type_info()
                0x000000000800ab10                __cxxabiv1::__si_class_type_info::~__si_class_type_info()
 .text._ZN10__cxxabiv120__si_class_type_infoD0Ev
                0x000000000800ab24       0x1c /opt/TrueSTUDIO/ARMTools/bin/../lib/gcc/arm-atollic-eabi/6.3.1/../../../../arm-atollic-eabi/lib/armv7-m/libstdc++.a(si_class_type_info.o)
                0x000000000800ab24                __cxxabiv1::__si_class_type_info::~__si_class_type_info()
 .text._ZNK10__cxxabiv120__si_class_type_info20__do_find_public_srcEiPKvPKNS_17__class_type_infoES2_
                0x000000000800ab40       0x3c /opt/TrueSTUDIO/ARMTools/bin/../lib/gcc/arm-atollic-eabi/6.3.1/../../../../arm-atollic-eabi/lib/armv7-m/libstdc++.a(si_class_type_info.o)
                0x000000000800ab40                __cxxabiv1::__si_class_type_info::__do_find_public_src(int, void const*, __cxxabiv1::__class_type_info const*, void const*) const
 .text._ZNK10__cxxabiv120__si_class_type_info12__do_dyncastEiNS_17__class_type_info10__sub_kindEPKS1_PKvS4_S6_RNS1_16__dyncast_resultE
                0x000000000800ab7c       0x98 /opt/TrueSTUDIO/ARMTools/bin/../lib/gcc/arm-atollic-eabi/6.3.1/../../../../arm-atollic-eabi/lib/armv7-m/libstdc++.a(si_class_type_info.o)
                0x000000000800ab7c                __cxxabiv1::__si_class_type_info::__do_dyncast(int, __cxxabiv1::__class_type_info::__sub_kind, __cxxabiv1::__class_type_info const*, void const*, __cxxabiv1::__class_type_info const*, void const*, __cxxabiv1::__class_type_info::__dyncast_result&) const
 .text._ZNK10__cxxabiv120__si_class_type_info11__do_upcastEPKNS_17__class_type_infoEPKvRNS1_15__upcast_resultE
                0x000000000800ac14       0x2c /opt/TrueSTUDIO/ARMTools/bin/../lib/gcc/arm-atollic-eabi/6.3.1/../../../../arm-atollic-eabi/lib/armv7-m/libstdc++.a(si_class_type_info.o)
                0x000000000800ac14                __cxxabiv1::__si_class_type_info::__do_upcast(__cxxabiv1::__class_type_info const*, void const*, __cxxabiv1::__class_type_info::__upcast_result&) const
 .text._ZdlPvj  0x000000000800ac40        0x4 /opt/TrueSTUDIO/ARMTools/bin/../lib/gcc/arm-atollic-eabi/6.3.1/../../../../arm-atollic-eabi/lib/armv7-m/libstdc++.a(del_ops.o)
                0x000000000800ac40                operator delete(void*, unsigned int)
 .text._ZNK10__cxxabiv117__class_type_info11__do_upcastEPKS0_PPv
                0x000000000800ac44       0x38 /opt/TrueSTUDIO/ARMTools/bin/../lib/gcc/arm-atollic-eabi/6.3.1/../../../../arm-atollic-eabi/lib/armv7-m/libstdc++.a(class_type_info.o)
                0x000000000800ac44                __cxxabiv1::__class_type_info::__do_upcast(__cxxabiv1::__class_type_info const*, void**) const
 .text._ZNK10__cxxabiv117__class_type_info20__do_find_public_srcEiPKvPKS0_S2_
                0x000000000800ac7c        0xc /opt/TrueSTUDIO/ARMTools/bin/../lib/gcc/arm-atollic-eabi/6.3.1/../../../../arm-atollic-eabi/lib/armv7-m/libstdc++.a(class_type_info.o)
                0x000000000800ac7c                __cxxabiv1::__class_type_info::__do_find_public_src(int, void const*, __cxxabiv1::__class_type_info const*, void const*) const
 .text._ZN10__cxxabiv117__class_type_infoD2Ev
                0x000000000800ac88       0x14 /opt/TrueSTUDIO/ARMTools/bin/../lib/gcc/arm-atollic-eabi/6.3.1/../../../../arm-atollic-eabi/lib/armv7-m/libstdc++.a(class_type_info.o)
                0x000000000800ac88                __cxxabiv1::__class_type_info::~__class_type_info()
                0x000000000800ac88                __cxxabiv1::__class_type_info::~__class_type_info()
 .text._ZN10__cxxabiv117__class_type_infoD0Ev
                0x000000000800ac9c       0x1c /opt/TrueSTUDIO/ARMTools/bin/../lib/gcc/arm-atollic-eabi/6.3.1/../../../../arm-atollic-eabi/lib/armv7-m/libstdc++.a(class_type_info.o)
                0x000000000800ac9c                __cxxabiv1::__class_type_info::~__class_type_info()
 .text._ZNK10__cxxabiv117__class_type_info11__do_upcastEPKS0_PKvRNS0_15__upcast_resultE
                0x000000000800acb8       0x18 /opt/TrueSTUDIO/ARMTools/bin/../lib/gcc/arm-atollic-eabi/6.3.1/../../../../arm-atollic-eabi/lib/armv7-m/libstdc++.a(class_type_info.o)
                0x000000000800acb8                __cxxabiv1::__class_type_info::__do_upcast(__cxxabiv1::__class_type_info const*, void const*, __cxxabiv1::__class_type_info::__upcast_result&) const
 .text._ZNK10__cxxabiv117__class_type_info10__do_catchEPKSt9type_infoPPvj
                0x000000000800acd0       0x2c /opt/TrueSTUDIO/ARMTools/bin/../lib/gcc/arm-atollic-eabi/6.3.1/../../../../arm-atollic-eabi/lib/armv7-m/libstdc++.a(class_type_info.o)
                0x000000000800acd0                __cxxabiv1::__class_type_info::__do_catch(std::type_info const*, void**, unsigned int) const
 .text._ZNK10__cxxabiv117__class_type_info12__do_dyncastEiNS0_10__sub_kindEPKS0_PKvS3_S5_RNS0_16__dyncast_resultE
                0x000000000800acfc       0x40 /opt/TrueSTUDIO/ARMTools/bin/../lib/gcc/arm-atollic-eabi/6.3.1/../../../../arm-atollic-eabi/lib/armv7-m/libstdc++.a(class_type_info.o)
                0x000000000800acfc                __cxxabiv1::__class_type_info::__do_dyncast(int, __cxxabiv1::__class_type_info::__sub_kind, __cxxabiv1::__class_type_info const*, void const*, __cxxabiv1::__class_type_info const*, void const*, __cxxabiv1::__class_type_info::__dyncast_result&) const
 .text._ZNSt9type_infoD2Ev
                0x000000000800ad3c        0x4 /opt/TrueSTUDIO/ARMTools/bin/../lib/gcc/arm-atollic-eabi/6.3.1/../../../../arm-atollic-eabi/lib/armv7-m/libstdc++.a(tinfo.o)
                0x000000000800ad3c                std::type_info::~type_info()
                0x000000000800ad3c                std::type_info::~type_info()
 .text._ZNKSt9type_info15__is_function_pEv
                0x000000000800ad40        0x4 /opt/TrueSTUDIO/ARMTools/bin/../lib/gcc/arm-atollic-eabi/6.3.1/../../../../arm-atollic-eabi/lib/armv7-m/libstdc++.a(tinfo.o)
                0x000000000800ad40                std::type_info::__is_function_p() const
                0x000000000800ad40                std::type_info::__is_pointer_p() const
 .text._ZNKSt9type_info11__do_upcastEPKN10__cxxabiv117__class_type_infoEPPv
                0x000000000800ad44        0x4 /opt/TrueSTUDIO/ARMTools/bin/../lib/gcc/arm-atollic-eabi/6.3.1/../../../../arm-atollic-eabi/lib/armv7-m/libstdc++.a(tinfo.o)
                0x000000000800ad44                std::type_info::__do_upcast(__cxxabiv1::__class_type_info const*, void**) const
 .text._ZNSt9type_infoD0Ev
                0x000000000800ad48       0x10 /opt/TrueSTUDIO/ARMTools/bin/../lib/gcc/arm-atollic-eabi/6.3.1/../../../../arm-atollic-eabi/lib/armv7-m/libstdc++.a(tinfo.o)
                0x000000000800ad48                std::type_info::~type_info()
 .text._ZNKSt9type_infoeqERKS_
                0x000000000800ad58       0x2c /opt/TrueSTUDIO/ARMTools/bin/../lib/gcc/arm-atollic-eabi/6.3.1/../../../../arm-atollic-eabi/lib/armv7-m/libstdc++.a(tinfo.o)
                0x000000000800ad58                std::type_info::operator==(std::type_info const&) const
 .text._ZNKSt9type_info10__do_catchEPKS_PPvj
                0x000000000800ad84        0x4 /opt/TrueSTUDIO/ARMTools/bin/../lib/gcc/arm-atollic-eabi/6.3.1/../../../../arm-atollic-eabi/lib/armv7-m/libstdc++.a(tinfo.o)
                0x000000000800ad84                std::type_info::__do_catch(std::type_info const*, void**, unsigned int) const
 .text._ZdlPv   0x000000000800ad88        0x4 /opt/TrueSTUDIO/ARMTools/bin/../lib/gcc/arm-atollic-eabi/6.3.1/../../../../arm-atollic-eabi/lib/armv7-m/libstdc++.a(del_op.o)
                0x000000000800ad88                operator delete(void*)
 .text.sqrt     0x000000000800ad8c       0xa8 /opt/TrueSTUDIO/ARMTools/bin/../lib/gcc/arm-atollic-eabi/6.3.1/../../../../arm-atollic-eabi/lib/armv7-m/libm.a(lib_a-w_sqrt.o)
                0x000000000800ad8c                sqrt
 .text.__ieee754_sqrt
                0x000000000800ae34      0x158 /opt/TrueSTUDIO/ARMTools/bin/../lib/gcc/arm-atollic-eabi/6.3.1/../../../../arm-atollic-eabi/lib/armv7-m/libm.a(lib_a-e_sqrt.o)
                0x000000000800ae34                __ieee754_sqrt
 .text.matherr  0x000000000800af8c        0x4 /opt/TrueSTUDIO/ARMTools/bin/../lib/gcc/arm-atollic-eabi/6.3.1/../../../../arm-atollic-eabi/lib/armv7-m/libm.a(lib_a-s_matherr.o)
                0x000000000800af8c                matherr
 .text.__errno  0x000000000800af90        0xc /opt/TrueSTUDIO/ARMTools/bin/../lib/gcc/arm-atollic-eabi/6.3.1/../../../../arm-atollic-eabi/lib/armv7-m/libc.a(lib_a-errno.o)
                0x000000000800af90                __errno
 .text.__libc_init_array
                0x000000000800af9c       0x48 /opt/TrueSTUDIO/ARMTools/bin/../lib/gcc/arm-atollic-eabi/6.3.1/../../../../arm-atollic-eabi/lib/armv7-m/libc.a(lib_a-init.o)
                0x000000000800af9c                __libc_init_array
 .text.malloc   0x000000000800afe4       0x10 /opt/TrueSTUDIO/ARMTools/bin/../lib/gcc/arm-atollic-eabi/6.3.1/../../../../arm-atollic-eabi/lib/armv7-m/libc.a(lib_a-malloc.o)
                0x000000000800afe4                malloc
 .text.free     0x000000000800aff4       0x10 /opt/TrueSTUDIO/ARMTools/bin/../lib/gcc/arm-atollic-eabi/6.3.1/../../../../arm-atollic-eabi/lib/armv7-m/libc.a(lib_a-malloc.o)
                0x000000000800aff4                free
 .text._malloc_r
                0x000000000800b004      0x418 /opt/TrueSTUDIO/ARMTools/bin/../lib/gcc/arm-atollic-eabi/6.3.1/../../../../arm-atollic-eabi/lib/armv7-m/libc.a(lib_a-mallocr.o)
                0x000000000800b004                _malloc_r
 .text.memcpy   0x000000000800b41c       0x16 /opt/TrueSTUDIO/ARMTools/bin/../lib/gcc/arm-atollic-eabi/6.3.1/../../../../arm-atollic-eabi/lib/armv7-m/libc.a(lib_a-memcpy-stub.o)
                0x000000000800b41c                memcpy
 .text.memset   0x000000000800b432       0x10 /opt/TrueSTUDIO/ARMTools/bin/../lib/gcc/arm-atollic-eabi/6.3.1/../../../../arm-atollic-eabi/lib/armv7-m/libc.a(lib_a-memset.o)
                0x000000000800b432                memset
 *fill*         0x000000000800b442        0x2 
 .text.__malloc_lock
                0x000000000800b444        0xc /opt/TrueSTUDIO/ARMTools/bin/../lib/gcc/arm-atollic-eabi/6.3.1/../../../../arm-atollic-eabi/lib/armv7-m/libc.a(lib_a-mlock.o)
                0x000000000800b444                __malloc_lock
 .text.__malloc_unlock
                0x000000000800b450        0xc /opt/TrueSTUDIO/ARMTools/bin/../lib/gcc/arm-atollic-eabi/6.3.1/../../../../arm-atollic-eabi/lib/armv7-m/libc.a(lib_a-mlock.o)
                0x000000000800b450                __malloc_unlock
 .text.realloc  0x000000000800b45c       0x10 /opt/TrueSTUDIO/ARMTools/bin/../lib/gcc/arm-atollic-eabi/6.3.1/../../../../arm-atollic-eabi/lib/armv7-m/libc.a(lib_a-realloc.o)
                0x000000000800b45c                realloc
 .text._realloc_r
                0x000000000800b46c      0x304 /opt/TrueSTUDIO/ARMTools/bin/../lib/gcc/arm-atollic-eabi/6.3.1/../../../../arm-atollic-eabi/lib/armv7-m/libc.a(lib_a-reallocr.o)
                0x000000000800b46c                _realloc_r
 .text._sbrk_r  0x000000000800b770       0x20 /opt/TrueSTUDIO/ARMTools/bin/../lib/gcc/arm-atollic-eabi/6.3.1/../../../../arm-atollic-eabi/lib/armv7-m/libc.a(lib_a-sbrkr.o)
                0x000000000800b770                _sbrk_r
 .text._malloc_trim_r
                0x000000000800b790       0xac /opt/TrueSTUDIO/ARMTools/bin/../lib/gcc/arm-atollic-eabi/6.3.1/../../../../arm-atollic-eabi/lib/armv7-m/libc.a(lib_a-freer.o)
                0x000000000800b790                _malloc_trim_r
 .text._free_r  0x000000000800b83c      0x178 /opt/TrueSTUDIO/ARMTools/bin/../lib/gcc/arm-atollic-eabi/6.3.1/../../../../arm-atollic-eabi/lib/armv7-m/libc.a(lib_a-freer.o)
                0x000000000800b83c                _free_r
 .text.__retarget_lock_init
                0x000000000800b9b4        0x2 /opt/TrueSTUDIO/ARMTools/bin/../lib/gcc/arm-atollic-eabi/6.3.1/../../../../arm-atollic-eabi/lib/armv7-m/libc.a(lib_a-lock.o)
                0x000000000800b9b4                __retarget_lock_init
 .text.__retarget_lock_init_recursive
                0x000000000800b9b6        0x2 /opt/TrueSTUDIO/ARMTools/bin/../lib/gcc/arm-atollic-eabi/6.3.1/../../../../arm-atollic-eabi/lib/armv7-m/libc.a(lib_a-lock.o)
                0x000000000800b9b6                __retarget_lock_init_recursive
 .text.__retarget_lock_close
                0x000000000800b9b8        0x2 /opt/TrueSTUDIO/ARMTools/bin/../lib/gcc/arm-atollic-eabi/6.3.1/../../../../arm-atollic-eabi/lib/armv7-m/libc.a(lib_a-lock.o)
                0x000000000800b9b8                __retarget_lock_close
 .text.__retarget_lock_close_recursive
                0x000000000800b9ba        0x2 /opt/TrueSTUDIO/ARMTools/bin/../lib/gcc/arm-atollic-eabi/6.3.1/../../../../arm-atollic-eabi/lib/armv7-m/libc.a(lib_a-lock.o)
                0x000000000800b9ba                __retarget_lock_close_recursive
 .text.__retarget_lock_acquire
                0x000000000800b9bc        0x2 /opt/TrueSTUDIO/ARMTools/bin/../lib/gcc/arm-atollic-eabi/6.3.1/../../../../arm-atollic-eabi/lib/armv7-m/libc.a(lib_a-lock.o)
                0x000000000800b9bc                __retarget_lock_acquire
 .text.__retarget_lock_acquire_recursive
                0x000000000800b9be        0x2 /opt/TrueSTUDIO/ARMTools/bin/../lib/gcc/arm-atollic-eabi/6.3.1/../../../../arm-atollic-eabi/lib/armv7-m/libc.a(lib_a-lock.o)
                0x000000000800b9be                __retarget_lock_acquire_recursive
 .text.__retarget_lock_try_acquire
                0x000000000800b9c0        0x4 /opt/TrueSTUDIO/ARMTools/bin/../lib/gcc/arm-atollic-eabi/6.3.1/../../../../arm-atollic-eabi/lib/armv7-m/libc.a(lib_a-lock.o)
                0x000000000800b9c0                __retarget_lock_try_acquire
 .text.__retarget_lock_try_acquire_recursive
                0x000000000800b9c4        0x4 /opt/TrueSTUDIO/ARMTools/bin/../lib/gcc/arm-atollic-eabi/6.3.1/../../../../arm-atollic-eabi/lib/armv7-m/libc.a(lib_a-lock.o)
                0x000000000800b9c4                __retarget_lock_try_acquire_recursive
 .text.__retarget_lock_release
                0x000000000800b9c8        0x2 /opt/TrueSTUDIO/ARMTools/bin/../lib/gcc/arm-atollic-eabi/6.3.1/../../../../arm-atollic-eabi/lib/armv7-m/libc.a(lib_a-lock.o)
                0x000000000800b9c8                __retarget_lock_release
 .text.__retarget_lock_release_recursive
                0x000000000800b9ca        0x2 /opt/TrueSTUDIO/ARMTools/bin/../lib/gcc/arm-atollic-eabi/6.3.1/../../../../arm-atollic-eabi/lib/armv7-m/libc.a(lib_a-lock.o)
                0x000000000800b9ca                __retarget_lock_release_recursive
 .text.memmove  0x000000000800b9cc       0x34 /opt/TrueSTUDIO/ARMTools/bin/../lib/gcc/arm-atollic-eabi/6.3.1/../../../../arm-atollic-eabi/lib/armv7-m/libc.a(lib_a-memmove.o)
                0x000000000800b9cc                memmove
 .text.cleanup_glue
                0x000000000800ba00       0x1a /opt/TrueSTUDIO/ARMTools/bin/../lib/gcc/arm-atollic-eabi/6.3.1/../../../../arm-atollic-eabi/lib/armv7-m/libc.a(lib_a-reent.o)
                0x000000000800ba00                cleanup_glue
 *fill*         0x000000000800ba1a        0x2 
 .text._reclaim_reent
                0x000000000800ba1c       0xcc /opt/TrueSTUDIO/ARMTools/bin/../lib/gcc/arm-atollic-eabi/6.3.1/../../../../arm-atollic-eabi/lib/armv7-m/libc.a(lib_a-reent.o)
                0x000000000800ba1c                _reclaim_reent
 .text.abort    0x000000000800bae8        0xe /opt/TrueSTUDIO/ARMTools/bin/../lib/gcc/arm-atollic-eabi/6.3.1/../../../../arm-atollic-eabi/lib/armv7-m/libc.a(lib_a-abort.o)
                0x000000000800bae8                abort
 .text._init_signal_r
                0x000000000800baf6       0x2a /opt/TrueSTUDIO/ARMTools/bin/../lib/gcc/arm-atollic-eabi/6.3.1/../../../../arm-atollic-eabi/lib/armv7-m/libc.a(lib_a-signal.o)
                0x000000000800baf6                _init_signal_r
 .text._signal_r
                0x000000000800bb20       0x30 /opt/TrueSTUDIO/ARMTools/bin/../lib/gcc/arm-atollic-eabi/6.3.1/../../../../arm-atollic-eabi/lib/armv7-m/libc.a(lib_a-signal.o)
                0x000000000800bb20                _signal_r
 .text._raise_r
                0x000000000800bb50       0x50 /opt/TrueSTUDIO/ARMTools/bin/../lib/gcc/arm-atollic-eabi/6.3.1/../../../../arm-atollic-eabi/lib/armv7-m/libc.a(lib_a-signal.o)
                0x000000000800bb50                _raise_r
 .text.__sigtramp_r
                0x000000000800bba0       0x48 /opt/TrueSTUDIO/ARMTools/bin/../lib/gcc/arm-atollic-eabi/6.3.1/../../../../arm-atollic-eabi/lib/armv7-m/libc.a(lib_a-signal.o)
                0x000000000800bba0                __sigtramp_r
 .text.raise    0x000000000800bbe8       0x10 /opt/TrueSTUDIO/ARMTools/bin/../lib/gcc/arm-atollic-eabi/6.3.1/../../../../arm-atollic-eabi/lib/armv7-m/libc.a(lib_a-signal.o)
                0x000000000800bbe8                raise
 .text.signal   0x000000000800bbf8       0x10 /opt/TrueSTUDIO/ARMTools/bin/../lib/gcc/arm-atollic-eabi/6.3.1/../../../../arm-atollic-eabi/lib/armv7-m/libc.a(lib_a-signal.o)
                0x000000000800bbf8                signal
 .text._init_signal
                0x000000000800bc08        0xc /opt/TrueSTUDIO/ARMTools/bin/../lib/gcc/arm-atollic-eabi/6.3.1/../../../../arm-atollic-eabi/lib/armv7-m/libc.a(lib_a-signal.o)
                0x000000000800bc08                _init_signal
 .text.__sigtramp
                0x000000000800bc14       0x10 /opt/TrueSTUDIO/ARMTools/bin/../lib/gcc/arm-atollic-eabi/6.3.1/../../../../arm-atollic-eabi/lib/armv7-m/libc.a(lib_a-signal.o)
                0x000000000800bc14                __sigtramp
 .text._kill_r  0x000000000800bc24       0x24 /opt/TrueSTUDIO/ARMTools/bin/../lib/gcc/arm-atollic-eabi/6.3.1/../../../../arm-atollic-eabi/lib/armv7-m/libc.a(lib_a-signalr.o)
                0x000000000800bc24                _kill_r
 .text._getpid_r
                0x000000000800bc48        0x4 /opt/TrueSTUDIO/ARMTools/bin/../lib/gcc/arm-atollic-eabi/6.3.1/../../../../arm-atollic-eabi/lib/armv7-m/libc.a(lib_a-signalr.o)
                0x000000000800bc48                _getpid_r
 .text._getpid  0x000000000800bc4c       0x10 /opt/TrueSTUDIO/ARMTools/bin/../lib/gcc/arm-atollic-eabi/6.3.1/../../../../arm-atollic-eabi/lib/armv7-m/libnosys.a(getpid.o)
                0x000000000800bc4c                _getpid
 .text._kill    0x000000000800bc5c       0x10 /opt/TrueSTUDIO/ARMTools/bin/../lib/gcc/arm-atollic-eabi/6.3.1/../../../../arm-atollic-eabi/lib/armv7-m/libnosys.a(kill.o)
                0x000000000800bc5c                _kill
 .text._sbrk    0x000000000800bc6c       0x1c /opt/TrueSTUDIO/ARMTools/bin/../lib/gcc/arm-atollic-eabi/6.3.1/../../../../arm-atollic-eabi/lib/armv7-m/libnosys.a(sbrk.o)
                0x000000000800bc6c                _sbrk
 .text._exit    0x000000000800bc88        0x2 /opt/TrueSTUDIO/ARMTools/bin/../lib/gcc/arm-atollic-eabi/6.3.1/../../../../arm-atollic-eabi/lib/armv7-m/libnosys.a(_exit.o)
                0x000000000800bc88                _exit
 *(.glue_7)
 .glue_7        0x000000000800bc8a        0x0 linker stubs
 *(.glue_7t)
 .glue_7t       0x000000000800bc8a        0x0 linker stubs
 *(.eh_frame)
 *fill*         0x000000000800bc8a        0x2 
 .eh_frame      0x000000000800bc8c        0x0 /opt/TrueSTUDIO/ARMTools/bin/../lib/gcc/arm-atollic-eabi/6.3.1/armv7-m/crtbegin.o
 .eh_frame      0x000000000800bc8c        0x4 /opt/TrueSTUDIO/ARMTools/bin/../lib/gcc/arm-atollic-eabi/6.3.1/armv7-m/crtend.o
 *(.init)
 .init          0x000000000800bc90        0x4 /opt/TrueSTUDIO/ARMTools/bin/../lib/gcc/arm-atollic-eabi/6.3.1/armv7-m/crti.o
                0x000000000800bc90                _init
 .init          0x000000000800bc94        0x8 /opt/TrueSTUDIO/ARMTools/bin/../lib/gcc/arm-atollic-eabi/6.3.1/armv7-m/crtn.o
 *(.fini)
 .fini          0x000000000800bc9c        0x4 /opt/TrueSTUDIO/ARMTools/bin/../lib/gcc/arm-atollic-eabi/6.3.1/armv7-m/crti.o
                0x000000000800bc9c                _fini
 .fini          0x000000000800bca0        0x8 /opt/TrueSTUDIO/ARMTools/bin/../lib/gcc/arm-atollic-eabi/6.3.1/armv7-m/crtn.o
                0x000000000800bca8                . = ALIGN (0x4)
                0x000000000800bca8                _etext = .

.vfp11_veneer   0x000000000800bca8        0x0
 .vfp11_veneer  0x000000000800bca8        0x0 linker stubs

.v4_bx          0x000000000800bca8        0x0
 .v4_bx         0x000000000800bca8        0x0 linker stubs

.iplt           0x000000000800bca8        0x0
 .iplt          0x000000000800bca8        0x0 /opt/TrueSTUDIO/ARMTools/bin/../lib/gcc/arm-atollic-eabi/6.3.1/armv7-m/crtbegin.o

.rodata         0x000000000800bca8      0x86c
                0x000000000800bca8                . = ALIGN (0x4)
 *(.rodata)
 .rodata        0x000000000800bca8       0x1c Core/Src/main.o
 .rodata        0x000000000800bcc4       0x18 Core/Src/system_stm32f1xx.o
                0x000000000800bcc4                AHBPrescTable
                0x000000000800bcd4                APBPrescTable
 .rodata        0x000000000800bcdc       0x12 Drivers/STM32F1xx_HAL_Driver/Src/stm32f1xx_hal_rcc.o
 *fill*         0x000000000800bcee        0x2 
 .rodata        0x000000000800bcf0       0x12 Drivers/STM32F1xx_HAL_Driver/Src/stm32f1xx_hal_rcc_ex.o
 *(.rodata*)
 *fill*         0x000000000800bd02        0x2 
 .rodata._ZTSN3ros3MsgE
                0x000000000800bd04        0xb Core/Src/main.o
                0x000000000800bd04                typeinfo name for ros::Msg
 *fill*         0x000000000800bd0f        0x1 
 .rodata._ZTIN3ros3MsgE
                0x000000000800bd10        0x8 Core/Src/main.o
                0x000000000800bd10                typeinfo for ros::Msg
 .rodata._ZTSN8std_msgs4TimeE
                0x000000000800bd18       0x11 Core/Src/main.o
                0x000000000800bd18                typeinfo name for std_msgs::Time
 *fill*         0x000000000800bd29        0x3 
 .rodata._ZTIN8std_msgs4TimeE
                0x000000000800bd2c        0xc Core/Src/main.o
                0x000000000800bd2c                typeinfo for std_msgs::Time
 .rodata._ZTSN14rosserial_msgs9TopicInfoE
                0x000000000800bd38       0x1d Core/Src/main.o
                0x000000000800bd38                typeinfo name for rosserial_msgs::TopicInfo
 *fill*         0x000000000800bd55        0x3 
 .rodata._ZTIN14rosserial_msgs9TopicInfoE
                0x000000000800bd58        0xc Core/Src/main.o
                0x000000000800bd58                typeinfo for rosserial_msgs::TopicInfo
 .rodata._ZTSN14rosserial_msgs3LogE
                0x000000000800bd64       0x17 Core/Src/main.o
                0x000000000800bd64                typeinfo name for rosserial_msgs::Log
 *fill*         0x000000000800bd7b        0x1 
 .rodata._ZTIN14rosserial_msgs3LogE
                0x000000000800bd7c        0xc Core/Src/main.o
                0x000000000800bd7c                typeinfo for rosserial_msgs::Log
 .rodata._ZTSN14rosserial_msgs20RequestParamResponseE
                0x000000000800bd88       0x29 Core/Src/main.o
                0x000000000800bd88                typeinfo name for rosserial_msgs::RequestParamResponse
 *fill*         0x000000000800bdb1        0x3 
 .rodata._ZTIN14rosserial_msgs20RequestParamResponseE
                0x000000000800bdb4        0xc Core/Src/main.o
                0x000000000800bdb4                typeinfo for rosserial_msgs::RequestParamResponse
 .rodata._ZTSN3ros15NodeHandleBase_E
                0x000000000800bdc0       0x18 Core/Src/main.o
                0x000000000800bdc0                typeinfo name for ros::NodeHandleBase_
 .rodata._ZTIN3ros15NodeHandleBase_E
                0x000000000800bdd8        0x8 Core/Src/main.o
                0x000000000800bdd8                typeinfo for ros::NodeHandleBase_
 .rodata._ZTSN3ros11Subscriber_E
                0x000000000800bde0       0x14 Core/Src/main.o
                0x000000000800bde0                typeinfo name for ros::Subscriber_
 .rodata._ZTIN3ros11Subscriber_E
                0x000000000800bdf4        0x8 Core/Src/main.o
                0x000000000800bdf4                typeinfo for ros::Subscriber_
 .rodata._ZTSN8std_msgs5Int32E
                0x000000000800bdfc       0x12 Core/Src/main.o
                0x000000000800bdfc                typeinfo name for std_msgs::Int32
 *fill*         0x000000000800be0e        0x2 
 .rodata._ZTIN8std_msgs5Int32E
                0x000000000800be10        0xc Core/Src/main.o
                0x000000000800be10                typeinfo for std_msgs::Int32
 .rodata._ZTSN8std_msgs19MultiArrayDimensionE
                0x000000000800be1c       0x21 Core/Src/main.o
                0x000000000800be1c                typeinfo name for std_msgs::MultiArrayDimension
 *fill*         0x000000000800be3d        0x3 
 .rodata._ZTIN8std_msgs19MultiArrayDimensionE
                0x000000000800be40        0xc Core/Src/main.o
                0x000000000800be40                typeinfo for std_msgs::MultiArrayDimension
 .rodata._ZTSN8std_msgs16MultiArrayLayoutE
                0x000000000800be4c       0x1e Core/Src/main.o
                0x000000000800be4c                typeinfo name for std_msgs::MultiArrayLayout
 *fill*         0x000000000800be6a        0x2 
 .rodata._ZTIN8std_msgs16MultiArrayLayoutE
                0x000000000800be6c        0xc Core/Src/main.o
                0x000000000800be6c                typeinfo for std_msgs::MultiArrayLayout
 .rodata._ZTSN8std_msgs17Float32MultiArrayE
                0x000000000800be78       0x1f Core/Src/main.o
                0x000000000800be78                typeinfo name for std_msgs::Float32MultiArray
 *fill*         0x000000000800be97        0x1 
 .rodata._ZTIN8std_msgs17Float32MultiArrayE
                0x000000000800be98        0xc Core/Src/main.o
                0x000000000800be98                typeinfo for std_msgs::Float32MultiArray
 .rodata._ZTSN8std_msgs4BoolE
                0x000000000800bea4       0x11 Core/Src/main.o
                0x000000000800bea4                typeinfo name for std_msgs::Bool
 *fill*         0x000000000800beb5        0x3 
 .rodata._ZTIN8std_msgs4BoolE
                0x000000000800beb8        0xc Core/Src/main.o
                0x000000000800beb8                typeinfo for std_msgs::Bool
 .rodata._ZTSN8std_msgs6UInt16E
                0x000000000800bec4       0x13 Core/Src/main.o
                0x000000000800bec4                typeinfo name for std_msgs::UInt16
 *fill*         0x000000000800bed7        0x1 
 .rodata._ZTIN8std_msgs6UInt16E
                0x000000000800bed8        0xc Core/Src/main.o
                0x000000000800bed8                typeinfo for std_msgs::UInt16
 .rodata._ZTSN3ros11NodeHandle_I13STM32HardwareLi25ELi25ELi1024ELi1024EEE
                0x000000000800bee4       0x3d Core/Src/main.o
                0x000000000800bee4                typeinfo name for ros::NodeHandle_<STM32Hardware, 25, 25, 1024, 1024>
 *fill*         0x000000000800bf21        0x3 
 .rodata._ZTIN3ros11NodeHandle_I13STM32HardwareLi25ELi25ELi1024ELi1024EEE
                0x000000000800bf24        0xc Core/Src/main.o
                0x000000000800bf24                typeinfo for ros::NodeHandle_<STM32Hardware, 25, 25, 1024, 1024>
 .rodata._ZTSN3ros10SubscriberIN8std_msgs4BoolEvEE
                0x000000000800bf30       0x26 Core/Src/main.o
                0x000000000800bf30                typeinfo name for ros::Subscriber<std_msgs::Bool, void>
 *fill*         0x000000000800bf56        0x2 
 .rodata._ZTIN3ros10SubscriberIN8std_msgs4BoolEvEE
                0x000000000800bf58        0xc Core/Src/main.o
                0x000000000800bf58                typeinfo for ros::Subscriber<std_msgs::Bool, void>
 .rodata._ZTSN3ros10SubscriberIN8std_msgs5Int32EvEE
                0x000000000800bf64       0x27 Core/Src/main.o
                0x000000000800bf64                typeinfo name for ros::Subscriber<std_msgs::Int32, void>
 *fill*         0x000000000800bf8b        0x1 
 .rodata._ZTIN3ros10SubscriberIN8std_msgs5Int32EvEE
                0x000000000800bf8c        0xc Core/Src/main.o
                0x000000000800bf8c                typeinfo for ros::Subscriber<std_msgs::Int32, void>
 .rodata._ZTSN3ros10SubscriberIN8std_msgs17Float32MultiArrayEvEE
                0x000000000800bf98       0x34 Core/Src/main.o
                0x000000000800bf98                typeinfo name for ros::Subscriber<std_msgs::Float32MultiArray, void>
 .rodata._ZTIN3ros10SubscriberIN8std_msgs17Float32MultiArrayEvEE
                0x000000000800bfcc        0xc Core/Src/main.o
                0x000000000800bfcc                typeinfo for ros::Subscriber<std_msgs::Float32MultiArray, void>
 .rodata._ZTVN8std_msgs4TimeE
                0x000000000800bfd8       0x18 Core/Src/main.o
                0x000000000800bfd8                vtable for std_msgs::Time
 .rodata._ZTVN14rosserial_msgs9TopicInfoE
                0x000000000800bff0       0x18 Core/Src/main.o
                0x000000000800bff0                vtable for rosserial_msgs::TopicInfo
 .rodata._ZTVN14rosserial_msgs3LogE
                0x000000000800c008       0x18 Core/Src/main.o
                0x000000000800c008                vtable for rosserial_msgs::Log
 .rodata._ZTVN14rosserial_msgs20RequestParamResponseE
                0x000000000800c020       0x18 Core/Src/main.o
                0x000000000800c020                vtable for rosserial_msgs::RequestParamResponse
 .rodata._ZTVN8std_msgs5Int32E
                0x000000000800c038       0x18 Core/Src/main.o
                0x000000000800c038                vtable for std_msgs::Int32
 .rodata._ZTVN8std_msgs19MultiArrayDimensionE
                0x000000000800c050       0x18 Core/Src/main.o
                0x000000000800c050                vtable for std_msgs::MultiArrayDimension
 .rodata._ZTVN8std_msgs16MultiArrayLayoutE
                0x000000000800c068       0x18 Core/Src/main.o
                0x000000000800c068                vtable for std_msgs::MultiArrayLayout
 .rodata._ZTVN8std_msgs17Float32MultiArrayE
                0x000000000800c080       0x18 Core/Src/main.o
                0x000000000800c080                vtable for std_msgs::Float32MultiArray
 .rodata._ZTVN8std_msgs4BoolE
                0x000000000800c098       0x18 Core/Src/main.o
                0x000000000800c098                vtable for std_msgs::Bool
 .rodata._ZTVN8std_msgs6UInt16E
                0x000000000800c0b0       0x18 Core/Src/main.o
                0x000000000800c0b0                vtable for std_msgs::UInt16
 .rodata._ZTVN3ros11NodeHandle_I13STM32HardwareLi25ELi25ELi1024ELi1024EEE
                0x000000000800c0c8       0x14 Core/Src/main.o
                0x000000000800c0c8                vtable for ros::NodeHandle_<STM32Hardware, 25, 25, 1024, 1024>
 .rodata._ZTVN3ros10SubscriberIN8std_msgs4BoolEvEE
                0x000000000800c0dc       0x18 Core/Src/main.o
                0x000000000800c0dc                vtable for ros::Subscriber<std_msgs::Bool, void>
 .rodata._ZTVN3ros10SubscriberIN8std_msgs5Int32EvEE
                0x000000000800c0f4       0x18 Core/Src/main.o
                0x000000000800c0f4                vtable for ros::Subscriber<std_msgs::Int32, void>
 .rodata._ZTVN3ros10SubscriberIN8std_msgs17Float32MultiArrayEvEE
                0x000000000800c10c       0x18 Core/Src/main.o
                0x000000000800c10c                vtable for ros::Subscriber<std_msgs::Float32MultiArray, void>
 .rodata._ZN14rosserial_msgs20RequestParamResponse6getMD5Ev.str1.4
                0x000000000800c124       0x21 Core/Src/main.o
 *fill*         0x000000000800c145        0x3 
 .rodata._ZN14rosserial_msgs3Log6getMD5Ev.str1.4
                0x000000000800c148       0x21 Core/Src/main.o
 *fill*         0x000000000800c169        0x3 
 .rodata._ZN14rosserial_msgs3Log7getTypeEv.str1.4
                0x000000000800c16c       0x13 Core/Src/main.o
 *fill*         0x000000000800c17f        0x1 
 .rodata._ZN14rosserial_msgs9TopicInfo6getMD5Ev.str1.4
                0x000000000800c180       0x21 Core/Src/main.o
 *fill*         0x000000000800c1a1        0x3 
 .rodata._ZN14rosserial_msgs9TopicInfo7getTypeEv.str1.4
                0x000000000800c1a4       0x19 Core/Src/main.o
 *fill*         0x000000000800c1bd        0x3 
 .rodata._ZN3ros11NodeHandle_I13STM32HardwareLi25ELi25ELi1024ELi1024EE7publishEiPKNS_3MsgE.str1.4
                0x000000000800c1c0       0x39 Core/Src/main.o
 *fill*         0x000000000800c1f9        0x3 
 .rodata._ZN8std_msgs16MultiArrayLayout6getMD5Ev.str1.4
                0x000000000800c1fc       0x21 Core/Src/main.o
 *fill*         0x000000000800c21d        0x3 
 .rodata._ZN8std_msgs16MultiArrayLayout7getTypeEv.str1.4
                0x000000000800c220       0x1a Core/Src/main.o
 *fill*         0x000000000800c23a        0x2 
 .rodata._ZN8std_msgs17Float32MultiArray6getMD5Ev.str1.4
                0x000000000800c23c       0x21 Core/Src/main.o
 *fill*         0x000000000800c25d        0x3 
 .rodata._ZN8std_msgs17Float32MultiArray7getTypeEv.str1.4
                0x000000000800c260       0x1b Core/Src/main.o
 *fill*         0x000000000800c27b        0x1 
 .rodata._ZN8std_msgs19MultiArrayDimension6getMD5Ev.str1.4
                0x000000000800c27c       0x21 Core/Src/main.o
 *fill*         0x000000000800c29d        0x3 
 .rodata._ZN8std_msgs19MultiArrayDimension7getTypeEv.str1.4
                0x000000000800c2a0       0x1d Core/Src/main.o
 *fill*         0x000000000800c2bd        0x3 
 .rodata._ZN8std_msgs4Bool6getMD5Ev.str1.4
                0x000000000800c2c0       0x21 Core/Src/main.o
 *fill*         0x000000000800c2e1        0x3 
 .rodata._ZN8std_msgs4Bool7getTypeEv.str1.4
                0x000000000800c2e4        0xe Core/Src/main.o
 *fill*         0x000000000800c2f2        0x2 
 .rodata._ZN8std_msgs4Time6getMD5Ev.str1.4
                0x000000000800c2f4       0x21 Core/Src/main.o
 *fill*         0x000000000800c315        0x3 
 .rodata._ZN8std_msgs4Time7getTypeEv.str1.4
                0x000000000800c318        0xe Core/Src/main.o
 *fill*         0x000000000800c326        0x2 
 .rodata._ZN8std_msgs5Int326getMD5Ev.str1.4
                0x000000000800c328       0x21 Core/Src/main.o
 *fill*         0x000000000800c349        0x3 
 .rodata._ZN8std_msgs5Int327getTypeEv.str1.4
                0x000000000800c34c        0xf Core/Src/main.o
 *fill*         0x000000000800c35b        0x1 
 .rodata._ZN8std_msgs6UInt166getMD5Ev.str1.4
                0x000000000800c35c       0x21 Core/Src/main.o
 *fill*         0x000000000800c37d        0x3 
 .rodata._ZN8std_msgs6UInt167getTypeEv.str1.4
                0x000000000800c380       0x10 Core/Src/main.o
 .rodata.str1.4
                0x000000000800c390       0x5d Core/Src/main.o
                                         0x61 (size before relaxing)
 *fill*         0x000000000800c3ed        0x3 
 .rodata.str1.4
                0x000000000800c3f0       0x24 Core/Src/stm32f1xx_hal_msp.o
                                         0x22 (size before relaxing)
 .rodata._ZTIN10__cxxabiv120__si_class_type_infoE
                0x000000000800c414        0xc /opt/TrueSTUDIO/ARMTools/bin/../lib/gcc/arm-atollic-eabi/6.3.1/../../../../arm-atollic-eabi/lib/armv7-m/libstdc++.a(si_class_type_info.o)
                0x000000000800c414                typeinfo for __cxxabiv1::__si_class_type_info
 .rodata._ZTSN10__cxxabiv120__si_class_type_infoE
                0x000000000800c420       0x25 /opt/TrueSTUDIO/ARMTools/bin/../lib/gcc/arm-atollic-eabi/6.3.1/../../../../arm-atollic-eabi/lib/armv7-m/libstdc++.a(si_class_type_info.o)
                0x000000000800c420                typeinfo name for __cxxabiv1::__si_class_type_info
 *fill*         0x000000000800c445        0x3 
 .rodata._ZTVN10__cxxabiv120__si_class_type_infoE
                0x000000000800c448       0x2c /opt/TrueSTUDIO/ARMTools/bin/../lib/gcc/arm-atollic-eabi/6.3.1/../../../../arm-atollic-eabi/lib/armv7-m/libstdc++.a(si_class_type_info.o)
                0x000000000800c448                vtable for __cxxabiv1::__si_class_type_info
 .rodata._ZTIN10__cxxabiv117__class_type_infoE
                0x000000000800c474        0xc /opt/TrueSTUDIO/ARMTools/bin/../lib/gcc/arm-atollic-eabi/6.3.1/../../../../arm-atollic-eabi/lib/armv7-m/libstdc++.a(class_type_info.o)
                0x000000000800c474                typeinfo for __cxxabiv1::__class_type_info
 .rodata._ZTSN10__cxxabiv117__class_type_infoE
                0x000000000800c480       0x22 /opt/TrueSTUDIO/ARMTools/bin/../lib/gcc/arm-atollic-eabi/6.3.1/../../../../arm-atollic-eabi/lib/armv7-m/libstdc++.a(class_type_info.o)
                0x000000000800c480                typeinfo name for __cxxabiv1::__class_type_info
 *fill*         0x000000000800c4a2        0x2 
 .rodata._ZTVN10__cxxabiv117__class_type_infoE