Archive member included to satisfy reference by file (symbol)

/opt/TrueSTUDIO/ARMTools/bin/../lib/gcc/arm-atollic-eabi/6.3.1/../../../../arm-atollic-eabi/lib/armv7-m/libc.a(lib_a-init.o)
                              startup/startup_stm32f103xb.o (__libc_init_array)
/opt/TrueSTUDIO/ARMTools/bin/../lib/gcc/arm-atollic-eabi/6.3.1/../../../../arm-atollic-eabi/lib/armv7-m/libc.a(lib_a-memcpy-stub.o)
                              Core/Src/main.o (memcpy)
/opt/TrueSTUDIO/ARMTools/bin/../lib/gcc/arm-atollic-eabi/6.3.1/../../../../arm-atollic-eabi/lib/armv7-m/libc.a(lib_a-memset.o)
                              Drivers/STM32F1xx_HAL_Driver/Src/stm32f1xx_hal_rcc.o (memset)
/opt/TrueSTUDIO/ARMTools/bin/../lib/gcc/arm-atollic-eabi/6.3.1/../../../../arm-atollic-eabi/lib/armv7-m/libc.a(lib_a-realloc.o)
                              Core/Src/main.o (realloc)
/opt/TrueSTUDIO/ARMTools/bin/../lib/gcc/arm-atollic-eabi/6.3.1/../../../../arm-atollic-eabi/lib/armv7-m/libc.a(lib_a-reallocr.o)
                              /opt/TrueSTUDIO/ARMTools/bin/../lib/gcc/arm-atollic-eabi/6.3.1/../../../../arm-atollic-eabi/lib/armv7-m/libc.a(lib_a-realloc.o) (_realloc_r)
/opt/TrueSTUDIO/ARMTools/bin/../lib/gcc/arm-atollic-eabi/6.3.1/../../../../arm-atollic-eabi/lib/armv7-m/libc.a(lib_a-strlen.o)
                              Core/Src/main.o (strlen)
/opt/TrueSTUDIO/ARMTools/bin/../lib/gcc/arm-atollic-eabi/6.3.1/../../../../arm-atollic-eabi/lib/armv7-m/libc.a(lib_a-freer.o)
                              /opt/TrueSTUDIO/ARMTools/bin/../lib/gcc/arm-atollic-eabi/6.3.1/../../../../arm-atollic-eabi/lib/armv7-m/libc.a(lib_a-reallocr.o) (_free_r)
/opt/TrueSTUDIO/ARMTools/bin/../lib/gcc/arm-atollic-eabi/6.3.1/../../../../arm-atollic-eabi/lib/armv7-m/libc.a(lib_a-impure.o)
                              /opt/TrueSTUDIO/ARMTools/bin/../lib/gcc/arm-atollic-eabi/6.3.1/../../../../arm-atollic-eabi/lib/armv7-m/libc.a(lib_a-realloc.o) (_impure_ptr)
/opt/TrueSTUDIO/ARMTools/bin/../lib/gcc/arm-atollic-eabi/6.3.1/../../../../arm-atollic-eabi/lib/armv7-m/libc.a(lib_a-mallocr.o)
                              /opt/TrueSTUDIO/ARMTools/bin/../lib/gcc/arm-atollic-eabi/6.3.1/../../../../arm-atollic-eabi/lib/armv7-m/libc.a(lib_a-reallocr.o) (_malloc_r)
/opt/TrueSTUDIO/ARMTools/bin/../lib/gcc/arm-atollic-eabi/6.3.1/../../../../arm-atollic-eabi/lib/armv7-m/libc.a(lib_a-memmove.o)
                              /opt/TrueSTUDIO/ARMTools/bin/../lib/gcc/arm-atollic-eabi/6.3.1/../../../../arm-atollic-eabi/lib/armv7-m/libc.a(lib_a-reallocr.o) (memmove)
/opt/TrueSTUDIO/ARMTools/bin/../lib/gcc/arm-atollic-eabi/6.3.1/../../../../arm-atollic-eabi/lib/armv7-m/libc.a(lib_a-mlock.o)
                              /opt/TrueSTUDIO/ARMTools/bin/../lib/gcc/arm-atollic-eabi/6.3.1/../../../../arm-atollic-eabi/lib/armv7-m/libc.a(lib_a-reallocr.o) (__malloc_lock)
/opt/TrueSTUDIO/ARMTools/bin/../lib/gcc/arm-atollic-eabi/6.3.1/../../../../arm-atollic-eabi/lib/armv7-m/libc.a(lib_a-sbrkr.o)
                              /opt/TrueSTUDIO/ARMTools/bin/../lib/gcc/arm-atollic-eabi/6.3.1/../../../../arm-atollic-eabi/lib/armv7-m/libc.a(lib_a-freer.o) (_sbrk_r)
/opt/TrueSTUDIO/ARMTools/bin/../lib/gcc/arm-atollic-eabi/6.3.1/../../../../arm-atollic-eabi/lib/armv7-m/libc.a(lib_a-lock.o)
                              /opt/TrueSTUDIO/ARMTools/bin/../lib/gcc/arm-atollic-eabi/6.3.1/../../../../arm-atollic-eabi/lib/armv7-m/libc.a(lib_a-mlock.o) (__retarget_lock_acquire_recursive)
/opt/TrueSTUDIO/ARMTools/bin/../lib/gcc/arm-atollic-eabi/6.3.1/../../../../arm-atollic-eabi/lib/armv7-m/libc.a(lib_a-reent.o)
                              /opt/TrueSTUDIO/ARMTools/bin/../lib/gcc/arm-atollic-eabi/6.3.1/../../../../arm-atollic-eabi/lib/armv7-m/libc.a(lib_a-sbrkr.o) (errno)
/opt/TrueSTUDIO/ARMTools/bin/../lib/gcc/arm-atollic-eabi/6.3.1/armv7-m/libgcc.a(_lshrdi3.o)
                              Drivers/STM32F1xx_HAL_Driver/Src/stm32f1xx_hal_flash.o (__aeabi_llsr)
/opt/TrueSTUDIO/ARMTools/bin/../lib/gcc/arm-atollic-eabi/6.3.1/armv7-m/libgcc.a(_arm_addsubdf3.o)
                              Drivers/ros_lib/duration.o (__aeabi_i2d)
/opt/TrueSTUDIO/ARMTools/bin/../lib/gcc/arm-atollic-eabi/6.3.1/armv7-m/libgcc.a(_arm_muldivdf3.o)
                              Drivers/ros_lib/duration.o (__aeabi_dmul)
/opt/TrueSTUDIO/ARMTools/bin/../lib/gcc/arm-atollic-eabi/6.3.1/armv7-m/libgcc.a(_arm_fixdfsi.o)
                              Drivers/ros_lib/duration.o (__aeabi_d2iz)
/opt/TrueSTUDIO/ARMTools/bin/../lib/gcc/arm-atollic-eabi/6.3.1/../../../../arm-atollic-eabi/lib/armv7-m/libnosys.a(sbrk.o)
                              /opt/TrueSTUDIO/ARMTools/bin/../lib/gcc/arm-atollic-eabi/6.3.1/../../../../arm-atollic-eabi/lib/armv7-m/libc.a(lib_a-sbrkr.o) (_sbrk)

Allocating common symbols
Common symbol       size              file

__lock___atexit_recursive_mutex
                    0x1               /opt/TrueSTUDIO/ARMTools/bin/../lib/gcc/arm-atollic-eabi/6.3.1/../../../../arm-atollic-eabi/lib/armv7-m/libc.a(lib_a-lock.o)
[...]
Memory Configuration

Name             Origin             Length             Attributes
RAM              0x0000000020000000 0x0000000000005000 xrw
FLASH            0x0000000008000000 0x0000000000010000 xr
*default*        0x0000000000000000 0xffffffffffffffff

Linker script and memory map

LOAD /opt/TrueSTUDIO/ARMTools/bin/../lib/gcc/arm-atollic-eabi/6.3.1/armv7-m/crti.o
LOAD /opt/TrueSTUDIO/ARMTools/bin/../lib/gcc/arm-atollic-eabi/6.3.1/armv7-m/crtbegin.o
LOAD Core/Src/main.o
LOAD Core/Src/stm32f1xx_hal_msp.o
LOAD Core/Src/stm32f1xx_it.o
LOAD Core/Src/system_stm32f1xx.o
LOAD Drivers/STM32F1xx_HAL_Driver/Src/stm32f1xx_hal.o
LOAD Drivers/STM32F1xx_HAL_Driver/Src/stm32f1xx_hal_cortex.o
LOAD Drivers/STM32F1xx_HAL_Driver/Src/stm32f1xx_hal_dma.o
LOAD Drivers/STM32F1xx_HAL_Driver/Src/stm32f1xx_hal_flash.o
LOAD Drivers/STM32F1xx_HAL_Driver/Src/stm32f1xx_hal_flash_ex.o
LOAD Drivers/STM32F1xx_HAL_Driver/Src/stm32f1xx_hal_gpio.o
LOAD Drivers/STM32F1xx_HAL_Driver/Src/stm32f1xx_hal_gpio_ex.o
LOAD Drivers/STM32F1xx_HAL_Driver/Src/stm32f1xx_hal_pwr.o
LOAD Drivers/STM32F1xx_HAL_Driver/Src/stm32f1xx_hal_rcc.o
LOAD Drivers/STM32F1xx_HAL_Driver/Src/stm32f1xx_hal_rcc_ex.o
LOAD Drivers/STM32F1xx_HAL_Driver/Src/stm32f1xx_hal_tim.o
LOAD Drivers/STM32F1xx_HAL_Driver/Src/stm32f1xx_hal_tim_ex.o
LOAD Drivers/STM32F1xx_HAL_Driver/Src/stm32f1xx_hal_uart.o
LOAD Drivers/ros_lib/duration.o
LOAD Drivers/ros_lib/time.o
LOAD startup/startup_stm32f103xb.o
                0x0000000000001000                malloc_getpagesize_P = 0x1000
START GROUP
LOAD /opt/TrueSTUDIO/ARMTools/bin/../lib/gcc/arm-atollic-eabi/6.3.1/../../../../arm-atollic-eabi/lib/armv7-m/libstdc++.a
LOAD /opt/TrueSTUDIO/ARMTools/bin/../lib/gcc/arm-atollic-eabi/6.3.1/../../../../arm-atollic-eabi/lib/armv7-m/libsupc++.a
END GROUP
LOAD /opt/TrueSTUDIO/ARMTools/bin/../lib/gcc/arm-atollic-eabi/6.3.1/../../../../arm-atollic-eabi/lib/armv7-m/libstdc++.a
LOAD /opt/TrueSTUDIO/ARMTools/bin/../lib/gcc/arm-atollic-eabi/6.3.1/../../../../arm-atollic-eabi/lib/armv7-m/libm.a
LOAD /opt/TrueSTUDIO/ARMTools/bin/../lib/gcc/arm-atollic-eabi/6.3.1/../../../../arm-atollic-eabi/lib/armv7-m/libc.a
START GROUP
LOAD /opt/TrueSTUDIO/ARMTools/bin/../lib/gcc/arm-atollic-eabi/6.3.1/armv7-m/libgcc.a
LOAD /opt/TrueSTUDIO/ARMTools/bin/../lib/gcc/arm-atollic-eabi/6.3.1/../../../../arm-atollic-eabi/lib/armv7-m/libc.a
END GROUP
START GROUP
LOAD /opt/TrueSTUDIO/ARMTools/bin/../lib/gcc/arm-atollic-eabi/6.3.1/armv7-m/libgcc.a
LOAD /opt/TrueSTUDIO/ARMTools/bin/../lib/gcc/arm-atollic-eabi/6.3.1/../../../../arm-atollic-eabi/lib/armv7-m/libc.a
LOAD /opt/TrueSTUDIO/ARMTools/bin/../lib/gcc/arm-atollic-eabi/6.3.1/../../../../arm-atollic-eabi/lib/armv7-m/libnosys.a
END GROUP
LOAD /opt/TrueSTUDIO/ARMTools/bin/../lib/gcc/arm-atollic-eabi/6.3.1/armv7-m/crtend.o
LOAD /opt/TrueSTUDIO/ARMTools/bin/../lib/gcc/arm-atollic-eabi/6.3.1/armv7-m/crtn.o
                0x0000000020005000                _estack = 0x20005000
                0x0000000000000200                _Min_Heap_Size = 0x200
                0x0000000000000400                _Min_Stack_Size = 0x400

.isr_vector     0x0000000008000000      0x10c
                0x0000000008000000                . = ALIGN (0x4)
 *(.isr_vector)
 .isr_vector    0x0000000008000000      0x10c startup/startup_stm32f103xb.o
                0x0000000008000000                g_pfnVectors
                0x000000000800010c                . = ALIGN (0x4)

.text           0x000000000800010c     0x3690
                0x000000000800010c                . = ALIGN (0x4)
 *(.text)
 .text          0x000000000800010c       0x40 /opt/TrueSTUDIO/ARMTools/bin/../lib/gcc/arm-atollic-eabi/6.3.1/armv7-m/crtbegin.o
 .text          0x000000000800014c       0x10 /opt/TrueSTUDIO/ARMTools/bin/../lib/gcc/arm-atollic-eabi/6.3.1/../../../../arm-atollic-eabi/lib/armv7-m/libc.a(lib_a-strlen.o)
                0x000000000800014c                strlen
 *(.text*)
 .text._ZNK8std_msgs4Time9serializeEPh
                0x000000000800015c       0x24 Core/Src/main.o
                0x000000000800015c                std_msgs::Time::serialize(unsigned char*) const
 .text._ZN8std_msgs4Time11deserializeEPh
                0x0000000008000180       0x3c Core/Src/main.o
                0x0000000008000180                std_msgs::Time::deserialize(unsigned char*)
 .text._ZN8std_msgs4Time7getTypeEv
                0x00000000080001bc        0x8 Core/Src/main.o
                0x00000000080001bc                std_msgs::Time::getType()
 .text._ZN8std_msgs4Time6getMD5Ev
                0x00000000080001c4        0x8 Core/Src/main.o
                0x00000000080001c4                std_msgs::Time::getMD5()
 .text._ZN14rosserial_msgs9TopicInfo11deserializeEPh
                0x00000000080001cc       0xca Core/Src/main.o
                0x00000000080001cc                rosserial_msgs::TopicInfo::deserialize(unsigned char*)
 *fill*         0x0000000008000296        0x2 
 .text._ZN14rosserial_msgs9TopicInfo7getTypeEv
                0x0000000008000298        0x8 Core/Src/main.o
                0x0000000008000298                rosserial_msgs::TopicInfo::getType()
 .text._ZN14rosserial_msgs9TopicInfo6getMD5Ev
                0x00000000080002a0        0x8 Core/Src/main.o
                0x00000000080002a0                rosserial_msgs::TopicInfo::getMD5()
 .text._ZN14rosserial_msgs3Log11deserializeEPh
                0x00000000080002a8       0x40 Core/Src/main.o
                0x00000000080002a8                rosserial_msgs::Log::deserialize(unsigned char*)
 .text._ZN14rosserial_msgs3Log7getTypeEv
                0x00000000080002e8        0x8 Core/Src/main.o
                0x00000000080002e8                rosserial_msgs::Log::getType()
 .text._ZN14rosserial_msgs3Log6getMD5Ev
                0x00000000080002f0        0x8 Core/Src/main.o
                0x00000000080002f0                rosserial_msgs::Log::getMD5()
 .text._ZN14rosserial_msgs20RequestParamResponse7getTypeEv
                0x00000000080002f8        0x8 Core/Src/main.o
                0x00000000080002f8                rosserial_msgs::RequestParamResponse::getType()
 .text._ZN14rosserial_msgs20RequestParamResponse6getMD5Ev
                0x0000000008000300        0x8 Core/Src/main.o
                0x0000000008000300                rosserial_msgs::RequestParamResponse::getMD5()
 .text._ZN8std_msgs6String11deserializeEPh
                0x0000000008000308       0x38 Core/Src/main.o
                0x0000000008000308                std_msgs::String::deserialize(unsigned char*)
 .text._ZN8std_msgs6String7getTypeEv
                0x0000000008000340        0x8 Core/Src/main.o
                0x0000000008000340                std_msgs::String::getType()
 .text._ZN8std_msgs6String6getMD5Ev
                0x0000000008000348        0x8 Core/Src/main.o
                0x0000000008000348                std_msgs::String::getMD5()
 .text._ZL12MX_GPIO_Initv
                0x0000000008000350       0x44 Core/Src/main.o
 .text._ZN3ros11NodeHandle_I13STM32HardwareLi25ELi25ELi1024ELi1024EE9connectedEv
                0x0000000008000394        0x6 Core/Src/main.o
                0x0000000008000394                ros::NodeHandle_<STM32Hardware, 25, 25, 1024, 1024>::connected()
 *fill*         0x000000000800039a        0x2 
 .text._Z41__static_initialization_and_destruction_0ii
                0x000000000800039c       0xf0 Core/Src/main.o
 .text._ZL11MX_DMA_Initv
                0x000000000800048c       0x44 Core/Src/main.o
 .text._ZNK14rosserial_msgs9TopicInfo9serializeEPh
                0x00000000080004d0       0xaa Core/Src/main.o
                0x00000000080004d0                rosserial_msgs::TopicInfo::serialize(unsigned char*) const
 .text._ZNK14rosserial_msgs3Log9serializeEPh
                0x000000000800057a       0x34 Core/Src/main.o
                0x000000000800057a                rosserial_msgs::Log::serialize(unsigned char*) const
 .text._ZNK14rosserial_msgs20RequestParamResponse9serializeEPh
                0x00000000080005ae       0xf0 Core/Src/main.o
                0x00000000080005ae                rosserial_msgs::RequestParamResponse::serialize(unsigned char*) const
 .text._ZNK8std_msgs6String9serializeEPh
                0x000000000800069e       0x2e Core/Src/main.o
                0x000000000800069e                std_msgs::String::serialize(unsigned char*) const
 .text._ZN14rosserial_msgs20RequestParamResponse11deserializeEPh
                0x00000000080006cc      0x144 Core/Src/main.o
                0x00000000080006cc                rosserial_msgs::RequestParamResponse::deserialize(unsigned char*)
 .text._ZN3ros11NodeHandle_I13STM32HardwareLi25ELi25ELi1024ELi1024EE7publishEiPKNS_3MsgE
                0x0000000008000810       0xec Core/Src/main.o
                0x0000000008000810                ros::NodeHandle_<STM32Hardware, 25, 25, 1024, 1024>::publish(int, ros::Msg const*)
 .text._ZN3ros11NodeHandle_I13STM32HardwareLi25ELi25ELi1024ELi1024EE8spinOnceEv
                0x00000000080008fc      0x568 Core/Src/main.o
                0x00000000080008fc                ros::NodeHandle_<STM32Hardware, 25, 25, 1024, 1024>::spinOnce()
 .text.HAL_UART_TxCpltCallback
                0x0000000008000e64       0x20 Core/Src/main.o
                0x0000000008000e64                HAL_UART_TxCpltCallback
 .text._Error_Handler
                0x0000000008000e84        0x2 Core/Src/main.o
                0x0000000008000e84                _Error_Handler
 *fill*         0x0000000008000e86        0x2 
 .text._ZL19MX_USART1_UART_Initv
                0x0000000008000e88       0x3c Core/Src/main.o
 .text._ZL12MX_TIM3_Initv
                0x0000000008000ec4       0x70 Core/Src/main.o
 .text._Z18SystemClock_Configv
                0x0000000008000f34       0x84 Core/Src/main.o
                0x0000000008000f34                SystemClock_Config()
 .text.main     0x0000000008000fb8      0x690 Core/Src/main.o
                0x0000000008000fb8                main
 .text._GLOBAL__sub_I_serial
                0x0000000008001648        0xe Core/Src/main.o
 *fill*         0x0000000008001656        0x2 
 .text.HAL_MspInit
                0x0000000008001658       0xa0 Core/Src/stm32f1xx_hal_msp.o
                0x0000000008001658                HAL_MspInit
 .text.HAL_TIM_Base_MspInit
                0x00000000080016f8       0x40 Core/Src/stm32f1xx_hal_msp.o
                0x00000000080016f8                HAL_TIM_Base_MspInit
 .text.HAL_UART_MspInit
                0x0000000008001738       0xec Core/Src/stm32f1xx_hal_msp.o
                0x0000000008001738                HAL_UART_MspInit
 .text.NMI_Handler
                0x0000000008001824        0x2 Core/Src/stm32f1xx_it.o
                0x0000000008001824                NMI_Handler
 .text.HardFault_Handler
                0x0000000008001826        0x2 Core/Src/stm32f1xx_it.o
                0x0000000008001826                HardFault_Handler
 .text.MemManage_Handler
                0x0000000008001828        0x2 Core/Src/stm32f1xx_it.o
                0x0000000008001828                MemManage_Handler
 .text.BusFault_Handler
                0x000000000800182a        0x2 Core/Src/stm32f1xx_it.o
                0x000000000800182a                BusFault_Handler
 .text.UsageFault_Handler
                0x000000000800182c        0x2 Core/Src/stm32f1xx_it.o
                0x000000000800182c                UsageFault_Handler
 .text.SVC_Handler
                0x000000000800182e        0x2 Core/Src/stm32f1xx_it.o
                0x000000000800182e                SVC_Handler
 .text.DebugMon_Handler
                0x0000000008001830        0x2 Core/Src/stm32f1xx_it.o
                0x0000000008001830                DebugMon_Handler
 .text.PendSV_Handler
                0x0000000008001832        0x2 Core/Src/stm32f1xx_it.o
                0x0000000008001832                PendSV_Handler
 .text.SysTick_Handler
                0x0000000008001834        0xc Core/Src/stm32f1xx_it.o
                0x0000000008001834                SysTick_Handler
 .text.DMA1_Channel4_IRQHandler
                0x0000000008001840       0x10 Core/Src/stm32f1xx_it.o
                0x0000000008001840                DMA1_Channel4_IRQHandler
 .text.DMA1_Channel5_IRQHandler
                0x0000000008001850       0x10 Core/Src/stm32f1xx_it.o
                0x0000000008001850                DMA1_Channel5_IRQHandler
 .text.TIM3_IRQHandler
                0x0000000008001860       0x10 Core/Src/stm32f1xx_it.o
                0x0000000008001860                TIM3_IRQHandler
 .text.USART1_IRQHandler
                0x0000000008001870       0x10 Core/Src/stm32f1xx_it.o
                0x0000000008001870                USART1_IRQHandler
 .text.SystemInit
                0x0000000008001880       0x4c Core/Src/system_stm32f1xx.o
                0x0000000008001880                SystemInit
 .text.HAL_InitTick
                0x00000000080018cc       0x48 Drivers/STM32F1xx_HAL_Driver/Src/stm32f1xx_hal.o
                0x00000000080018cc                HAL_InitTick
 .text.HAL_Init
                0x0000000008001914       0x24 Drivers/STM32F1xx_HAL_Driver/Src/stm32f1xx_hal.o
                0x0000000008001914                HAL_Init
 .text.HAL_IncTick
                0x0000000008001938       0x18 Drivers/STM32F1xx_HAL_Driver/Src/stm32f1xx_hal.o
                0x0000000008001938                HAL_IncTick
 .text.HAL_GetTick
                0x0000000008001950        0xc Drivers/STM32F1xx_HAL_Driver/Src/stm32f1xx_hal.o
                0x0000000008001950                HAL_GetTick
 .text.HAL_NVIC_SetPriorityGrouping
                0x000000000800195c       0x24 Drivers/STM32F1xx_HAL_Driver/Src/stm32f1xx_hal_cortex.o
                0x000000000800195c                HAL_NVIC_SetPriorityGrouping
 .text.HAL_NVIC_SetPriority
                0x0000000008001980       0x68 Drivers/STM32F1xx_HAL_Driver/Src/stm32f1xx_hal_cortex.o
                0x0000000008001980                HAL_NVIC_SetPriority
 .text.HAL_NVIC_EnableIRQ
                0x00000000080019e8       0x18 Drivers/STM32F1xx_HAL_Driver/Src/stm32f1xx_hal_cortex.o
                0x00000000080019e8                HAL_NVIC_EnableIRQ
 .text.HAL_SYSTICK_Config
                0x0000000008001a00       0x2c Drivers/STM32F1xx_HAL_Driver/Src/stm32f1xx_hal_cortex.o
                0x0000000008001a00                HAL_SYSTICK_Config
 .text.HAL_SYSTICK_CLKSourceConfig
                0x0000000008001a2c       0x18 Drivers/STM32F1xx_HAL_Driver/Src/stm32f1xx_hal_cortex.o
                0x0000000008001a2c                HAL_SYSTICK_CLKSourceConfig
 .text.HAL_SYSTICK_Callback
                0x0000000008001a44        0x2 Drivers/STM32F1xx_HAL_Driver/Src/stm32f1xx_hal_cortex.o
                0x0000000008001a44                HAL_SYSTICK_Callback
 .text.HAL_SYSTICK_IRQHandler
                0x0000000008001a46        0x8 Drivers/STM32F1xx_HAL_Driver/Src/stm32f1xx_hal_cortex.o
                0x0000000008001a46                HAL_SYSTICK_IRQHandler
 *fill*         0x0000000008001a4e        0x2 
 .text.HAL_DMA_Init
                0x0000000008001a50       0x68 Drivers/STM32F1xx_HAL_Driver/Src/stm32f1xx_hal_dma.o
                0x0000000008001a50                HAL_DMA_Init
 .text.HAL_DMA_Start_IT
                0x0000000008001ab8       0x7a Drivers/STM32F1xx_HAL_Driver/Src/stm32f1xx_hal_dma.o
                0x0000000008001ab8                HAL_DMA_Start_IT
 *fill*         0x0000000008001b32        0x2 
 .text.HAL_DMA_Abort_IT
                0x0000000008001b34       0x90 Drivers/STM32F1xx_HAL_Driver/Src/stm32f1xx_hal_dma.o
                0x0000000008001b34                HAL_DMA_Abort_IT
 .text.HAL_DMA_IRQHandler
                0x0000000008001bc4      0x128 Drivers/STM32F1xx_HAL_Driver/Src/stm32f1xx_hal_dma.o
                0x0000000008001bc4                HAL_DMA_IRQHandler
 .text.HAL_GPIO_Init
                0x0000000008001cec      0x1c0 Drivers/STM32F1xx_HAL_Driver/Src/stm32f1xx_hal_gpio.o
                0x0000000008001cec                HAL_GPIO_Init
 .text.HAL_RCC_OscConfig
                0x0000000008001eac      0x318 Drivers/STM32F1xx_HAL_Driver/Src/stm32f1xx_hal_rcc.o
                0x0000000008001eac                HAL_RCC_OscConfig
 .text.HAL_RCC_GetSysClockFreq
                0x00000000080021c4       0x78 Drivers/STM32F1xx_HAL_Driver/Src/stm32f1xx_hal_rcc.o
                0x00000000080021c4                HAL_RCC_GetSysClockFreq
 .text.HAL_RCC_ClockConfig
                0x000000000800223c      0x148 Drivers/STM32F1xx_HAL_Driver/Src/stm32f1xx_hal_rcc.o
                0x000000000800223c                HAL_RCC_ClockConfig
 .text.HAL_RCC_GetHCLKFreq
                0x0000000008002384        0xc Drivers/STM32F1xx_HAL_Driver/Src/stm32f1xx_hal_rcc.o
                0x0000000008002384                HAL_RCC_GetHCLKFreq
 .text.HAL_RCC_GetPCLK1Freq
                0x0000000008002390       0x20 Drivers/STM32F1xx_HAL_Driver/Src/stm32f1xx_hal_rcc.o
                0x0000000008002390                HAL_RCC_GetPCLK1Freq
 .text.HAL_RCC_GetPCLK2Freq
                0x00000000080023b0       0x20 Drivers/STM32F1xx_HAL_Driver/Src/stm32f1xx_hal_rcc.o
                0x00000000080023b0                HAL_RCC_GetPCLK2Freq
 .text.HAL_TIM_ConfigClockSource
                0x00000000080023d0      0x172 Drivers/STM32F1xx_HAL_Driver/Src/stm32f1xx_hal_tim.o
                0x00000000080023d0                HAL_TIM_ConfigClockSource
 .text.HAL_TIM_PeriodElapsedCallback
                0x0000000008002542        0x2 Drivers/STM32F1xx_HAL_Driver/Src/stm32f1xx_hal_tim.o
                0x0000000008002542                HAL_TIM_PeriodElapsedCallback
 .text.HAL_TIM_OC_DelayElapsedCallback
                0x0000000008002544        0x2 Drivers/STM32F1xx_HAL_Driver/Src/stm32f1xx_hal_tim.o
                0x0000000008002544                HAL_TIM_OC_DelayElapsedCallback
 .text.HAL_TIM_IC_CaptureCallback
                0x0000000008002546        0x2 Drivers/STM32F1xx_HAL_Driver/Src/stm32f1xx_hal_tim.o
                0x0000000008002546                HAL_TIM_IC_CaptureCallback
 .text.HAL_TIM_PWM_PulseFinishedCallback
                0x0000000008002548        0x2 Drivers/STM32F1xx_HAL_Driver/Src/stm32f1xx_hal_tim.o
                0x0000000008002548                HAL_TIM_PWM_PulseFinishedCallback
 .text.HAL_TIM_TriggerCallback
                0x000000000800254a        0x2 Drivers/STM32F1xx_HAL_Driver/Src/stm32f1xx_hal_tim.o
                0x000000000800254a                HAL_TIM_TriggerCallback
 .text.HAL_TIM_IRQHandler
                0x000000000800254c      0x144 Drivers/STM32F1xx_HAL_Driver/Src/stm32f1xx_hal_tim.o
                0x000000000800254c                HAL_TIM_IRQHandler
 .text.TIM_Base_SetConfig
                0x0000000008002690       0x70 Drivers/STM32F1xx_HAL_Driver/Src/stm32f1xx_hal_tim.o
                0x0000000008002690                TIM_Base_SetConfig
 .text.HAL_TIM_Base_Init
                0x0000000008002700       0x34 Drivers/STM32F1xx_HAL_Driver/Src/stm32f1xx_hal_tim.o
                0x0000000008002700                HAL_TIM_Base_Init
 .text.HAL_TIMEx_MasterConfigSynchronization
                0x0000000008002734       0x44 Drivers/STM32F1xx_HAL_Driver/Src/stm32f1xx_hal_tim_ex.o
                0x0000000008002734                HAL_TIMEx_MasterConfigSynchronization
 .text.HAL_TIMEx_CommutationCallback
                0x0000000008002778        0x2 Drivers/STM32F1xx_HAL_Driver/Src/stm32f1xx_hal_tim_ex.o
                0x0000000008002778                HAL_TIMEx_CommutationCallback
 .text.HAL_TIMEx_BreakCallback
                0x000000000800277a        0x2 Drivers/STM32F1xx_HAL_Driver/Src/stm32f1xx_hal_tim_ex.o
                0x000000000800277a                HAL_TIMEx_BreakCallback
 .text.UART_EndRxTransfer
                0x000000000800277c       0x1a Drivers/STM32F1xx_HAL_Driver/Src/stm32f1xx_hal_uart.o
 *fill*         0x0000000008002796        0x2 
 .text.UART_SetConfig
                0x0000000008002798      0x13c Drivers/STM32F1xx_HAL_Driver/Src/stm32f1xx_hal_uart.o
 .text.HAL_UART_Init
                0x00000000080028d4       0x5c Drivers/STM32F1xx_HAL_Driver/Src/stm32f1xx_hal_uart.o
                0x00000000080028d4                HAL_UART_Init
 .text.HAL_UART_Transmit_DMA
                0x0000000008002930       0x74 Drivers/STM32F1xx_HAL_Driver/Src/stm32f1xx_hal_uart.o
                0x0000000008002930                HAL_UART_Transmit_DMA
 .text.HAL_UART_Receive_DMA
                0x00000000080029a4       0x90 Drivers/STM32F1xx_HAL_Driver/Src/stm32f1xx_hal_uart.o
                0x00000000080029a4                HAL_UART_Receive_DMA
 .text.UART_DMATransmitCplt
                0x0000000008002a34       0x2c Drivers/STM32F1xx_HAL_Driver/Src/stm32f1xx_hal_uart.o
 .text.HAL_UART_TxHalfCpltCallback
                0x0000000008002a60        0x2 Drivers/STM32F1xx_HAL_Driver/Src/stm32f1xx_hal_uart.o
                0x0000000008002a60                HAL_UART_TxHalfCpltCallback
 .text.UART_DMATxHalfCplt
                0x0000000008002a62        0xa Drivers/STM32F1xx_HAL_Driver/Src/stm32f1xx_hal_uart.o
 .text.HAL_UART_RxCpltCallback
                0x0000000008002a6c        0x2 Drivers/STM32F1xx_HAL_Driver/Src/stm32f1xx_hal_uart.o
                0x0000000008002a6c                HAL_UART_RxCpltCallback
 .text.UART_DMAReceiveCplt
                0x0000000008002a6e       0x38 Drivers/STM32F1xx_HAL_Driver/Src/stm32f1xx_hal_uart.o
 .text.UART_Receive_IT
                0x0000000008002aa6       0x7c Drivers/STM32F1xx_HAL_Driver/Src/stm32f1xx_hal_uart.o
 .text.HAL_UART_RxHalfCpltCallback
                0x0000000008002b22        0x2 Drivers/STM32F1xx_HAL_Driver/Src/stm32f1xx_hal_uart.o
                0x0000000008002b22                HAL_UART_RxHalfCpltCallback
 .text.UART_DMARxHalfCplt
                0x0000000008002b24        0xa Drivers/STM32F1xx_HAL_Driver/Src/stm32f1xx_hal_uart.o
 .text.HAL_UART_ErrorCallback
                0x0000000008002b2e        0x2 Drivers/STM32F1xx_HAL_Driver/Src/stm32f1xx_hal_uart.o
                0x0000000008002b2e                HAL_UART_ErrorCallback
 .text.UART_DMAError
                0x0000000008002b30       0x4e Drivers/STM32F1xx_HAL_Driver/Src/stm32f1xx_hal_uart.o
 *fill*         0x0000000008002b7e        0x2 
 .text.HAL_UART_IRQHandler
                0x0000000008002b80      0x140 Drivers/STM32F1xx_HAL_Driver/Src/stm32f1xx_hal_uart.o
                0x0000000008002b80                HAL_UART_IRQHandler
 .text.UART_DMAAbortOnError
                0x0000000008002cc0       0x10 Drivers/STM32F1xx_HAL_Driver/Src/stm32f1xx_hal_uart.o
 .text._ZN3ros16normalizeSecNSecERmS0_
                0x0000000008002cd0       0x2c Drivers/ros_lib/time.o
                0x0000000008002cd0                ros::normalizeSecNSec(unsigned long&, unsigned long&)
 .text.Reset_Handler
                0x0000000008002cfc       0x48 startup/startup_stm32f103xb.o
                0x0000000008002cfc                Reset_Handler
 .text.Default_Handler
                0x0000000008002d44        0x2 startup/startup_stm32f103xb.o
                0x0000000008002d44                RTC_Alarm_IRQHandler
                0x0000000008002d44                EXTI2_IRQHandler
                0x0000000008002d44                TIM1_CC_IRQHandler
                0x0000000008002d44                PVD_IRQHandler
                0x0000000008002d44                EXTI3_IRQHandler
                0x0000000008002d44                EXTI0_IRQHandler
                0x0000000008002d44                I2C2_EV_IRQHandler
                0x0000000008002d44                ADC1_2_IRQHandler
                0x0000000008002d44                SPI1_IRQHandler
                0x0000000008002d44                TAMPER_IRQHandler
                0x0000000008002d44                USART3_IRQHandler
                0x0000000008002d44                RTC_IRQHandler
                0x0000000008002d44                DMA1_Channel7_IRQHandler
                0x0000000008002d44                CAN1_RX1_IRQHandler
                0x0000000008002d44                TIM4_IRQHandler
                0x0000000008002d44                I2C1_EV_IRQHandler
                0x0000000008002d44                DMA1_Channel6_IRQHandler
                0x0000000008002d44                RCC_IRQHandler
                0x0000000008002d44                TIM1_TRG_COM_IRQHandler
                0x0000000008002d44                DMA1_Channel1_IRQHandler
                0x0000000008002d44                Default_Handler
                0x0000000008002d44                EXTI15_10_IRQHandler
                0x0000000008002d44                EXTI9_5_IRQHandler
                0x0000000008002d44                SPI2_IRQHandler
                0x0000000008002d44                EXTI4_IRQHandler
                0x0000000008002d44                USB_LP_CAN1_RX0_IRQHandler
                0x0000000008002d44                USB_HP_CAN1_TX_IRQHandler
                0x0000000008002d44                DMA1_Channel3_IRQHandler
                0x0000000008002d44                TIM1_UP_IRQHandler
                0x0000000008002d44                WWDG_IRQHandler
                0x0000000008002d44                TIM2_IRQHandler
                0x0000000008002d44                TIM1_BRK_IRQHandler
                0x0000000008002d44                EXTI1_IRQHandler
                0x0000000008002d44                USART2_IRQHandler
                0x0000000008002d44                I2C2_ER_IRQHandler
                0x0000000008002d44                DMA1_Channel2_IRQHandler
                0x0000000008002d44                CAN1_SCE_IRQHandler
                0x0000000008002d44                FLASH_IRQHandler
                0x0000000008002d44                I2C1_ER_IRQHandler
                0x0000000008002d44                USBWakeUp_IRQHandler
 *fill*         0x0000000008002d46        0x2 
 .text.__libc_init_array
                0x0000000008002d48       0x48 /opt/TrueSTUDIO/ARMTools/bin/../lib/gcc/arm-atollic-eabi/6.3.1/../../../../arm-atollic-eabi/lib/armv7-m/libc.a(lib_a-init.o)
                0x0000000008002d48                __libc_init_array
 .text.memcpy   0x0000000008002d90       0x16 /opt/TrueSTUDIO/ARMTools/bin/../lib/gcc/arm-atollic-eabi/6.3.1/../../../../arm-atollic-eabi/lib/armv7-m/libc.a(lib_a-memcpy-stub.o)
                0x0000000008002d90                memcpy
 *fill*         0x0000000008002da6        0x2 
 .text.realloc  0x0000000008002da8       0x10 /opt/TrueSTUDIO/ARMTools/bin/../lib/gcc/arm-atollic-eabi/6.3.1/../../../../arm-atollic-eabi/lib/armv7-m/libc.a(lib_a-realloc.o)
                0x0000000008002da8                realloc
 .text._realloc_r
                0x0000000008002db8      0x304 /opt/TrueSTUDIO/ARMTools/bin/../lib/gcc/arm-atollic-eabi/6.3.1/../../../../arm-atollic-eabi/lib/armv7-m/libc.a(lib_a-reallocr.o)
                0x0000000008002db8                _realloc_r
 .text._malloc_trim_r
                0x00000000080030bc       0xac /opt/TrueSTUDIO/ARMTools/bin/../lib/gcc/arm-atollic-eabi/6.3.1/../../../../arm-atollic-eabi/lib/armv7-m/libc.a(lib_a-freer.o)
                0x00000000080030bc                _malloc_trim_r
 .text._free_r  0x0000000008003168      0x178 /opt/TrueSTUDIO/ARMTools/bin/../lib/gcc/arm-atollic-eabi/6.3.1/../../../../arm-atollic-eabi/lib/armv7-m/libc.a(lib_a-freer.o)
                0x0000000008003168                _free_r
 .text._malloc_r
                0x00000000080032e0      0x418 /opt/TrueSTUDIO/ARMTools/bin/../lib/gcc/arm-atollic-eabi/6.3.1/../../../../arm-atollic-eabi/lib/armv7-m/libc.a(lib_a-mallocr.o)
                0x00000000080032e0                _malloc_r
 .text.memmove  0x00000000080036f8       0x34 /opt/TrueSTUDIO/ARMTools/bin/../lib/gcc/arm-atollic-eabi/6.3.1/../../../../arm-atollic-eabi/lib/armv7-m/libc.a(lib_a-memmove.o)
                0x00000000080036f8                memmove
 .text.__malloc_lock
                0x000000000800372c        0xc /opt/TrueSTUDIO/ARMTools/bin/../lib/gcc/arm-atollic-eabi/6.3.1/../../../../arm-atollic-eabi/lib/armv7-m/libc.a(lib_a-mlock.o)
                0x000000000800372c                __malloc_lock
 .text.__malloc_unlock
                0x0000000008003738        0xc /opt/TrueSTUDIO/ARMTools/bin/../lib/gcc/arm-atollic-eabi/6.3.1/../../../../arm-atollic-eabi/lib/armv7-m/libc.a(lib_a-mlock.o)
                0x0000000008003738                __malloc_unlock
 .text._sbrk_r  0x0000000008003744       0x20 /opt/TrueSTUDIO/ARMTools/bin/../lib/gcc/arm-atollic-eabi/6.3.1/../../../../arm-atollic-eabi/lib/armv7-m/libc.a(lib_a-sbrkr.o)
                0x0000000008003744                _sbrk_r
 .text.__retarget_lock_acquire_recursive
                0x0000000008003764        0x2 /opt/TrueSTUDIO/ARMTools/bin/../lib/gcc/arm-atollic-eabi/6.3.1/../../../../arm-atollic-eabi/lib/armv7-m/libc.a(lib_a-lock.o)
                0x0000000008003764                __retarget_lock_acquire_recursive
 .text.__retarget_lock_release_recursive
                0x0000000008003766        0x2 /opt/TrueSTUDIO/ARMTools/bin/../lib/gcc/arm-atollic-eabi/6.3.1/../../../../arm-atollic-eabi/lib/armv7-m/libc.a(lib_a-lock.o)
                0x0000000008003766                __retarget_lock_release_recursive
 .text._sbrk    0x0000000008003768       0x1c /opt/TrueSTUDIO/ARMTools/bin/../lib/gcc/arm-atollic-eabi/6.3.1/../../../../arm-atollic-eabi/lib/armv7-m/libnosys.a(sbrk.o)
                0x0000000008003768                _sbrk
 *(.glue_7)
 .glue_7        0x0000000008003784        0x0 linker stubs
 *(.glue_7t)
 .glue_7t       0x0000000008003784        0x0 linker stubs
 *(.eh_frame)
 .eh_frame      0x0000000008003784        0x0 /opt/TrueSTUDIO/ARMTools/bin/../lib/gcc/arm-atollic-eabi/6.3.1/armv7-m/crtbegin.o
 *(.init)
 .init          0x0000000008003784        0x4 /opt/TrueSTUDIO/ARMTools/bin/../lib/gcc/arm-atollic-eabi/6.3.1/armv7-m/crti.o
                0x0000000008003784                _init
 .init          0x0000000008003788        0x8 /opt/TrueSTUDIO/ARMTools/bin/../lib/gcc/arm-atollic-eabi/6.3.1/armv7-m/crtn.o
 *(.fini)
 .fini          0x0000000008003790        0x4 /opt/TrueSTUDIO/ARMTools/bin/../lib/gcc/arm-atollic-eabi/6.3.1/armv7-m/crti.o
                0x0000000008003790                _fini
 .fini          0x0000000008003794        0x8 /opt/TrueSTUDIO/ARMTools/bin/../lib/gcc/arm-atollic-eabi/6.3.1/armv7-m/crtn.o
                0x000000000800379c                . = ALIGN (0x4)
                0x000000000800379c                _etext = .

.vfp11_veneer   0x000000000800379c        0x0
 .vfp11_veneer  0x000000000800379c        0x0 linker stubs

.v4_bx          0x000000000800379c        0x0
 .v4_bx         0x000000000800379c        0x0 linker stubs

.iplt           0x000000000800379c        0x0
 .iplt          0x000000000800379c        0x0 /opt/TrueSTUDIO/ARMTools/bin/../lib/gcc/arm-atollic-eabi/6.3.1/armv7-m/crtbegin.o

.rodata         0x000000000800379c      0x264
                0x000000000800379c                . = ALIGN (0x4)
 *(.rodata)
 .rodata        0x000000000800379c       0x10 Drivers/STM32F1xx_HAL_Driver/Src/stm32f1xx_hal_rcc.o
 *(.rodata*)
 .rodata._ZTVN8std_msgs4TimeE
                0x00000000080037ac       0x18 Core/Src/main.o
                0x00000000080037ac                vtable for std_msgs::Time
 .rodata._ZTVN14rosserial_msgs9TopicInfoE
                0x00000000080037c4       0x18 Core/Src/main.o
                0x00000000080037c4                vtable for rosserial_msgs::TopicInfo
 .rodata._ZTVN14rosserial_msgs3LogE
                0x00000000080037dc       0x18 Core/Src/main.o
                0x00000000080037dc                vtable for rosserial_msgs::Log
 .rodata._ZTVN14rosserial_msgs20RequestParamResponseE
                0x00000000080037f4       0x18 Core/Src/main.o
                0x00000000080037f4                vtable for rosserial_msgs::RequestParamResponse
 .rodata._ZTVN8std_msgs6StringE
                0x000000000800380c       0x18 Core/Src/main.o
                0x000000000800380c                vtable for std_msgs::String
 .rodata._ZTVN3ros11NodeHandle_I13STM32HardwareLi25ELi25ELi1024ELi1024EEE
                0x0000000008003824       0x14 Core/Src/main.o
                0x0000000008003824                vtable for ros::NodeHandle_<STM32Hardware, 25, 25, 1024, 1024>
 .rodata._Z41__static_initialization_and_destruction_0ii.str1.4
                0x0000000008003838        0x8 Core/Src/main.o
                                          0xc (size before relaxing)
 .rodata._ZL19MX_USART1_UART_Initv.str1.4
                0x0000000008003840       0x15 Core/Src/main.o
 *fill*         0x0000000008003855        0x3 
 .rodata._ZN14rosserial_msgs20RequestParamResponse6getMD5Ev.str1.4
                0x0000000008003858       0x21 Core/Src/main.o
 *fill*         0x0000000008003879        0x3 
 .rodata._ZN14rosserial_msgs3Log6getMD5Ev.str1.4
                0x000000000800387c       0x21 Core/Src/main.o
 *fill*         0x000000000800389d        0x3 
 .rodata._ZN14rosserial_msgs3Log7getTypeEv.str1.4
                0x00000000080038a0       0x13 Core/Src/main.o
 *fill*         0x00000000080038b3        0x1 
 .rodata._ZN14rosserial_msgs9TopicInfo6getMD5Ev.str1.4
                0x00000000080038b4       0x21 Core/Src/main.o
 *fill*         0x00000000080038d5        0x3 
 .rodata._ZN14rosserial_msgs9TopicInfo7getTypeEv.str1.4
                0x00000000080038d8       0x19 Core/Src/main.o
 *fill*         0x00000000080038f1        0x3 
 .rodata._ZN14rosserial_msgsL12REQUESTPARAME
                0x00000000080038f4       0x1c Core/Src/main.o
 .rodata._ZN3ros11NodeHandle_I13STM32HardwareLi25ELi25ELi1024ELi1024EE7publishEiPKNS_3MsgE.str1.4
                0x0000000008003910       0x39 Core/Src/main.o
 *fill*         0x0000000008003949        0x3 
 .rodata._ZN8std_msgs4Time6getMD5Ev.str1.4
                0x000000000800394c       0x21 Core/Src/main.o
 *fill*         0x000000000800396d        0x3 
 .rodata._ZN8std_msgs4Time7getTypeEv.str1.4
                0x0000000008003970        0xe Core/Src/main.o
 *fill*         0x000000000800397e        0x2 
 .rodata._ZN8std_msgs6String6getMD5Ev.str1.4
                0x0000000008003980       0x21 Core/Src/main.o
 *fill*         0x00000000080039a1        0x3 
 .rodata._ZN8std_msgs6String7getTypeEv.str1.4
                0x00000000080039a4       0x10 Core/Src/main.o
 .rodata.main.str1.4
                0x00000000080039b4        0xe Core/Src/main.o
 *fill*         0x00000000080039c2        0x2 
 .rodata.HAL_UART_MspInit.str1.4
                0x00000000080039c4       0x24 Core/Src/stm32f1xx_hal_msp.o
                                         0x22 (size before relaxing)
 .rodata.AHBPrescTable
                0x00000000080039e8       0x10 Core/Src/system_stm32f1xx.o
                0x00000000080039e8                AHBPrescTable
 .rodata.APBPrescTable
                0x00000000080039f8        0x8 Core/Src/system_stm32f1xx.o
                0x00000000080039f8                APBPrescTable
                0x0000000008003a00                . = ALIGN (0x4)

.rel.dyn        0x0000000008003a00        0x0
 .rel.iplt      0x0000000008003a00        0x0 /opt/TrueSTUDIO/ARMTools/bin/../lib/gcc/arm-atollic-eabi/6.3.1/armv7-m/crtbegin.o

.ARM.extab
 *(.ARM.extab* .gnu.linkonce.armextab.*)

.ARM            0x0000000008003a00        0x0
                0x0000000008003a00                __exidx_start = .
 *(.ARM.exidx*)
                0x0000000008003a00                __exidx_end = .

.preinit_array  0x0000000008003a00        0x0
                0x0000000008003a00                PROVIDE (__preinit_array_start, .)
 *(.preinit_array*)
                0x0000000008003a00                PROVIDE (__preinit_array_end, .)

.init_array     0x0000000008003a00        0x8
                0x0000000008003a00                PROVIDE (__init_array_start, .)
 *(SORT(.init_array.*))
 *(.init_array*)
 .init_array    0x0000000008003a00        0x4 /opt/TrueSTUDIO/ARMTools/bin/../lib/gcc/arm-atollic-eabi/6.3.1/armv7-m/crtbegin.o
 .init_array    0x0000000008003a04        0x4 Core/Src/main.o
                0x0000000008003a08                PROVIDE (__init_array_end, .)

.fini_array     0x0000000008003a08        0x4
                [!provide]                        PROVIDE (__fini_array_start, .)
 *(SORT(.fini_array.*))
 *(.fini_array*)
 .fini_array    0x0000000008003a08        0x4 /opt/TrueSTUDIO/ARMTools/bin/../lib/gcc/arm-atollic-eabi/6.3.1/armv7-m/crtbegin.o
                [!provide]                        PROVIDE (__fini_array_end, .)
                0x0000000008003a0c                _sidata = LOADADDR (.data)

.data           0x0000000020000000      0x510 load address 0x0000000008003a0c
                0x0000000020000000                . = ALIGN (0x4)
                0x0000000020000000                _sdata = .
 *(.data)
 *(.data*)
 .data.SystemCoreClock
                0x0000000020000000        0x4 Core/Src/system_stm32f1xx.o
                0x0000000020000000                SystemCoreClock
 .data.uwTickFreq
                0x0000000020000004        0x1 Drivers/STM32F1xx_HAL_Driver/Src/stm32f1xx_hal.o
                0x0000000020000004                uwTickFreq
 *fill*         0x0000000020000005        0x3 
 .data.uwTickPrio
                0x0000000020000008        0x4 Drivers/STM32F1xx_HAL_Driver/Src/stm32f1xx_hal.o
                0x0000000020000008                uwTickPrio
 .data._impure_ptr
                0x000000002000000c        0x4 /opt/TrueSTUDIO/ARMTools/bin/../lib/gcc/arm-atollic-eabi/6.3.1/../../../../arm-atollic-eabi/lib/armv7-m/libc.a(lib_a-impure.o)
                0x000000002000000c                _impure_ptr
 .data.impure_data
                0x0000000020000010       0xf0 /opt/TrueSTUDIO/ARMTools/bin/../lib/gcc/arm-atollic-eabi/6.3.1/../../../../arm-atollic-eabi/lib/armv7-m/libc.a(lib_a-impure.o)
 .data.__malloc_av_
                0x0000000020000100      0x408 /opt/TrueSTUDIO/ARMTools/bin/../lib/gcc/arm-atollic-eabi/6.3.1/../../../../arm-atollic-eabi/lib/armv7-m/libc.a(lib_a-mallocr.o)
                0x0000000020000100                __malloc_av_
 .data.__malloc_sbrk_base
                0x0000000020000508        0x4 /opt/TrueSTUDIO/ARMTools/bin/../lib/gcc/arm-atollic-eabi/6.3.1/../../../../arm-atollic-eabi/lib/armv7-m/libc.a(lib_a-mallocr.o)
                0x0000000020000508                __malloc_sbrk_base
 .data.__malloc_trim_threshold
                0x000000002000050c        0x4 /opt/TrueSTUDIO/ARMTools/bin/../lib/gcc/arm-atollic-eabi/6.3.1/../../../../arm-atollic-eabi/lib/armv7-m/libc.a(lib_a-mallocr.o)
                0x000000002000050c                __malloc_trim_threshold
                0x0000000020000510                . = ALIGN (0x4)
                0x0000000020000510                _edata = .

.igot.plt       0x0000000020000510        0x0 load address 0x0000000008003f1c
 .igot.plt      0x0000000020000510        0x0 /opt/TrueSTUDIO/ARMTools/bin/../lib/gcc/arm-atollic-eabi/6.3.1/armv7-m/crtbegin.o
                0x0000000020000510                . = ALIGN (0x4)

.bss            0x0000000020000510     0x12c8 load address 0x0000000008003f1c
                0x0000000020000510                _sbss = .
                0x0000000020000510                __bss_start__ = _sbss
 *(.bss)
 .bss           0x0000000020000510       0x1c /opt/TrueSTUDIO/ARMTools/bin/../lib/gcc/arm-atollic-eabi/6.3.1/armv7-m/crtbegin.o
 *(.bss*)
 .bss.chatter   0x000000002000052c       0x14 Core/Src/main.o
                0x000000002000052c                chatter
 .bss.hdma_usart1_rx
                0x0000000020000540       0x44 Core/Src/main.o
                0x0000000020000540                hdma_usart1_rx
 .bss.hdma_usart1_tx
                0x0000000020000584       0x44 Core/Src/main.o
                0x0000000020000584                hdma_usart1_tx
 .bss.htim3     0x00000000200005c8       0x40 Core/Src/main.o
                0x00000000200005c8                htim3
 .bss.huart1    0x0000000020000608       0x40 Core/Src/main.o
                0x0000000020000608                huart1
 .bss.nh        0x0000000020000648      0x930 Core/Src/main.o
                0x0000000020000648                nh
 .bss.serial    0x0000000020000f78      0x80c Core/Src/main.o
                0x0000000020000f78                serial
 .bss.str_msg   0x0000000020001784        0x8 Core/Src/main.o
                0x0000000020001784                str_msg
 .bss.__malloc_current_mallinfo
                0x000000002000178c       0x28 /opt/TrueSTUDIO/ARMTools/bin/../lib/gcc/arm-atollic-eabi/6.3.1/../../../../arm-atollic-eabi/lib/armv7-m/libc.a(lib_a-mallocr.o)
                0x000000002000178c                __malloc_current_mallinfo
 .bss.__malloc_max_sbrked_mem
                0x00000000200017b4        0x4 /opt/TrueSTUDIO/ARMTools/bin/../lib/gcc/arm-atollic-eabi/6.3.1/../../../../arm-atollic-eabi/lib/armv7-m/libc.a(lib_a-mallocr.o)
                0x00000000200017b4                __malloc_max_sbrked_mem
 .bss.__malloc_max_total_mem
                0x00000000200017b8        0x4 /opt/TrueSTUDIO/ARMTools/bin/../lib/gcc/arm-atollic-eabi/6.3.1/../../../../arm-atollic-eabi/lib/armv7-m/libc.a(lib_a-mallocr.o)
                0x00000000200017b8                __malloc_max_total_mem
 .bss.__malloc_top_pad
                0x00000000200017bc        0x4 /opt/TrueSTUDIO/ARMTools/bin/../lib/gcc/arm-atollic-eabi/6.3.1/../../../../arm-atollic-eabi/lib/armv7-m/libc.a(lib_a-mallocr.o)
                0x00000000200017bc                __malloc_top_pad
 .bss.heap_end.4116
                0x00000000200017c0        0x4 /opt/TrueSTUDIO/ARMTools/bin/../lib/gcc/arm-atollic-eabi/6.3.1/../../../../arm-atollic-eabi/lib/armv7-m/libnosys.a(sbrk.o)
 *(COMMON)
 COMMON         0x00000000200017c4        0x4 Drivers/STM32F1xx_HAL_Driver/Src/stm32f1xx_hal.o
                0x00000000200017c4                uwTick
 COMMON         0x00000000200017c8        0x9 /opt/TrueSTUDIO/ARMTools/bin/../lib/gcc/arm-atollic-eabi/6.3.1/../../../../arm-atollic-eabi/lib/armv7-m/libc.a(lib_a-lock.o)
                0x00000000200017c8                __lock___atexit_recursive_mutex
                0x00000000200017c9                __lock___arc4random_mutex
                0x00000000200017ca                __lock___env_recursive_mutex
                0x00000000200017cb                __lock___sinit_recursive_mutex
                0x00000000200017cc                __lock___malloc_recursive_mutex
                0x00000000200017cd                __lock___at_quick_exit_mutex
                0x00000000200017ce                __lock___dd_hash_mutex
                0x00000000200017cf                __lock___tz_mutex
                0x00000000200017d0                __lock___sfp_recursive_mutex
 *fill*         0x00000000200017d1        0x3 
 COMMON         0x00000000200017d4        0x4 /opt/TrueSTUDIO/ARMTools/bin/../lib/gcc/arm-atollic-eabi/6.3.1/../../../../arm-atollic-eabi/lib/armv7-m/libc.a(lib_a-reent.o)
                0x00000000200017d4                errno
                0x00000000200017d8                . = ALIGN (0x4)
                0x00000000200017d8                _ebss = .
                0x00000000200017d8                __bss_end__ = _ebss

._user_heap_stack
                0x00000000200017d8      0x600 load address 0x0000000008003f1c
                0x00000000200017d8                . = ALIGN (0x4)
                0x00000000200017d8                PROVIDE (end, .)
                [!provide]                        PROVIDE (_end, .)
                0x00000000200019d8                . = (. + _Min_Heap_Size)
 *fill*         0x00000000200017d8      0x200 
                0x0000000020001dd8                . = (. + _Min_Stack_Size)
 *fill*         0x00000000200019d8      0x400 
                0x0000000020001dd8                . = ALIGN (0x4)

/DISCARD/
 libc.a(*)
 libm.a(*)
 libgcc.a(*)

.ARM.attributes
                0x0000000000000000       0x29
 *(.ARM.attributes)
 .ARM.attributes
                0x0000000000000000       0x1d /opt/TrueSTUDIO/ARMTools/bin/../lib/gcc/arm-atollic-eabi/6.3.1/armv7-m/crti.o
 .ARM.attributes
                0x000000000000001d       0x2d /opt/TrueSTUDIO/ARMTools/bin/../lib/gcc/arm-atollic-eabi/6.3.1/armv7-m/crtbegin.o
 .ARM.attributes
                0x000000000000004a       0x33 Core/Src/main.o
 .ARM.attributes
                0x000000000000007d       0x33 Core/Src/stm32f1xx_hal_msp.o
 .ARM.attributes
                0x00000000000000b0       0x33 Core/Src/stm32f1xx_it.o
 .ARM.attributes
                0x00000000000000e3       0x33 Core/Src/system_stm32f1xx.o
 .ARM.attributes
                0x0000000000000116       0x33 Drivers/STM32F1xx_HAL_Driver/Src/stm32f1xx_hal.o
 .ARM.attributes
                0x0000000000000149       0x33 Drivers/STM32F1xx_HAL_Driver/Src/stm32f1xx_hal_cortex.o
 .ARM.attributes
                0x000000000000017c       0x33 Drivers/STM32F1xx_HAL_Driver/Src/stm32f1xx_hal_dma.o
 .ARM.attributes
                0x00000000000001af       0x33 Drivers/STM32F1xx_HAL_Driver/Src/stm32f1xx_hal_gpio.o
 .ARM.attributes
                0x00000000000001e2       0x33 Drivers/STM32F1xx_HAL_Driver/Src/stm32f1xx_hal_rcc.o
 .ARM.attributes
                0x0000000000000215       0x33 Drivers/STM32F1xx_HAL_Driver/Src/stm32f1xx_hal_tim.o
 .ARM.attributes
                0x0000000000000248       0x33 Drivers/STM32F1xx_HAL_Driver/Src/stm32f1xx_hal_tim_ex.o
 .ARM.attributes
                0x000000000000027b       0x33 Drivers/STM32F1xx_HAL_Driver/Src/stm32f1xx_hal_uart.o
 .ARM.attributes
                0x00000000000002ae       0x33 Drivers/ros_lib/time.o
 .ARM.attributes
                0x00000000000002e1       0x21 startup/startup_stm32f103xb.o
 .ARM.attributes
                0x0000000000000302       0x2d /opt/TrueSTUDIO/ARMTools/bin/../lib/gcc/arm-atollic-eabi/6.3.1/../../../../arm-atollic-eabi/lib/armv7-m/libc.a(lib_a-init.o)
 .ARM.attributes
                0x000000000000032f       0x2d /opt/TrueSTUDIO/ARMTools/bin/../lib/gcc/arm-atollic-eabi/6.3.1/../../../../arm-atollic-eabi/lib/armv7-m/libc.a(lib_a-memcpy-stub.o)
 .ARM.attributes
                0x000000000000035c       0x2d /opt/TrueSTUDIO/ARMTools/bin/../lib/gcc/arm-atollic-eabi/6.3.1/../../../../arm-atollic-eabi/lib/armv7-m/libc.a(lib_a-realloc.o)
 .ARM.attributes
                0x0000000000000389       0x2d /opt/TrueSTUDIO/ARMTools/bin/../lib/gcc/arm-atollic-eabi/6.3.1/../../../../arm-atollic-eabi/lib/armv7-m/libc.a(lib_a-reallocr.o)
 .ARM.attributes
                0x00000000000003b6       0x17 /opt/TrueSTUDIO/ARMTools/bin/../lib/gcc/arm-atollic-eabi/6.3.1/../../../../arm-atollic-eabi/lib/armv7-m/libc.a(lib_a-strlen.o)
 .ARM.attributes
                0x00000000000003cd       0x2d /opt/TrueSTUDIO/ARMTools/bin/../lib/gcc/arm-atollic-eabi/6.3.1/../../../../arm-atollic-eabi/lib/armv7-m/libc.a(lib_a-freer.o)
 .ARM.attributes
                0x00000000000003fa       0x2d /opt/TrueSTUDIO/ARMTools/bin/../lib/gcc/arm-atollic-eabi/6.3.1/../../../../arm-atollic-eabi/lib/armv7-m/libc.a(lib_a-impure.o)
 .ARM.attributes
                0x0000000000000427       0x2d /opt/TrueSTUDIO/ARMTools/bin/../lib/gcc/arm-atollic-eabi/6.3.1/../../../../arm-atollic-eabi/lib/armv7-m/libc.a(lib_a-mallocr.o)
 .ARM.attributes
                0x0000000000000454       0x2d /opt/TrueSTUDIO/ARMTools/bin/../lib/gcc/arm-atollic-eabi/6.3.1/../../../../arm-atollic-eabi/lib/armv7-m/libc.a(lib_a-memmove.o)
 .ARM.attributes
                0x0000000000000481       0x2d /opt/TrueSTUDIO/ARMTools/bin/../lib/gcc/arm-atollic-eabi/6.3.1/../../../../arm-atollic-eabi/lib/armv7-m/libc.a(lib_a-mlock.o)
 .ARM.attributes
                0x00000000000004ae       0x2d /opt/TrueSTUDIO/ARMTools/bin/../lib/gcc/arm-atollic-eabi/6.3.1/../../../../arm-atollic-eabi/lib/armv7-m/libc.a(lib_a-sbrkr.o)
 .ARM.attributes
                0x00000000000004db       0x2d /opt/TrueSTUDIO/ARMTools/bin/../lib/gcc/arm-atollic-eabi/6.3.1/../../../../arm-atollic-eabi/lib/armv7-m/libc.a(lib_a-lock.o)
 .ARM.attributes
                0x0000000000000508       0x2d /opt/TrueSTUDIO/ARMTools/bin/../lib/gcc/arm-atollic-eabi/6.3.1/../../../../arm-atollic-eabi/lib/armv7-m/libc.a(lib_a-reent.o)
 .ARM.attributes
                0x0000000000000535       0x2d /opt/TrueSTUDIO/ARMTools/bin/../lib/gcc/arm-atollic-eabi/6.3.1/../../../../arm-atollic-eabi/lib/armv7-m/libnosys.a(sbrk.o)
 .ARM.attributes
                0x0000000000000562       0x1d /opt/TrueSTUDIO/ARMTools/bin/../lib/gcc/arm-atollic-eabi/6.3.1/armv7-m/crtn.o
OUTPUT(rosserial_client_stm32_hal.elf elf32-littlearm)

.debug_info     0x0000000000000000    0x16732
 .debug_info    0x0000000000000000     0x5bd8 Core/Src/main.o
 .debug_info    0x0000000000005bd8     0x1736 Core/Src/stm32f1xx_hal_msp.o
 .debug_info    0x000000000000730e     0x11a0 Core/Src/stm32f1xx_it.o
 .debug_info    0x00000000000084ae      0xc20 Core/Src/system_stm32f1xx.o
 .debug_info    0x00000000000090ce      0xfd3 Drivers/STM32F1xx_HAL_Driver/Src/stm32f1xx_hal.o
 .debug_info    0x000000000000a0a1     0x147c Drivers/STM32F1xx_HAL_Driver/Src/stm32f1xx_hal_cortex.o
 .debug_info    0x000000000000b51d     0x101a Drivers/STM32F1xx_HAL_Driver/Src/stm32f1xx_hal_dma.o
 .debug_info    0x000000000000c537      0xe95 Drivers/STM32F1xx_HAL_Driver/Src/stm32f1xx_hal_gpio.o
 .debug_info    0x000000000000d3cc     0x1210 Drivers/STM32F1xx_HAL_Driver/Src/stm32f1xx_hal_rcc.o
 .debug_info    0x000000000000e5dc     0x3b8c Drivers/STM32F1xx_HAL_Driver/Src/stm32f1xx_hal_tim.o
 .debug_info    0x0000000000012168     0x195c Drivers/STM32F1xx_HAL_Driver/Src/stm32f1xx_hal_tim_ex.o
 .debug_info    0x0000000000013ac4     0x1e19 Drivers/STM32F1xx_HAL_Driver/Src/stm32f1xx_hal_uart.o
 .debug_info    0x00000000000158dd      0xdcc Drivers/ros_lib/time.o
 .debug_info    0x00000000000166a9       0x89 startup/startup_stm32f103xb.o

.debug_abbrev   0x0000000000000000     0x2c5c
 .debug_abbrev  0x0000000000000000      0x9d4 Core/Src/main.o
 .debug_abbrev  0x00000000000009d4      0x238 Core/Src/stm32f1xx_hal_msp.o
 .debug_abbrev  0x0000000000000c0c      0x1e7 Core/Src/stm32f1xx_it.o
 .debug_abbrev  0x0000000000000df3      0x1eb Core/Src/system_stm32f1xx.o
 .debug_abbrev  0x0000000000000fde      0x308 Drivers/STM32F1xx_HAL_Driver/Src/stm32f1xx_hal.o
 .debug_abbrev  0x00000000000012e6      0x399 Drivers/STM32F1xx_HAL_Driver/Src/stm32f1xx_hal_cortex.o
 .debug_abbrev  0x000000000000167f      0x29e Drivers/STM32F1xx_HAL_Driver/Src/stm32f1xx_hal_dma.o
 .debug_abbrev  0x000000000000191d      0x268 Drivers/STM32F1xx_HAL_Driver/Src/stm32f1xx_hal_gpio.o
 .debug_abbrev  0x0000000000001b85      0x367 Drivers/STM32F1xx_HAL_Driver/Src/stm32f1xx_hal_rcc.o
 .debug_abbrev  0x0000000000001eec      0x3bb Drivers/STM32F1xx_HAL_Driver/Src/stm32f1xx_hal_tim.o
 .debug_abbrev  0x00000000000022a7      0x30d Drivers/STM32F1xx_HAL_Driver/Src/stm32f1xx_hal_tim_ex.o
 .debug_abbrev  0x00000000000025b4      0x364 Drivers/STM32F1xx_HAL_Driver/Src/stm32f1xx_hal_uart.o
 .debug_abbrev  0x0000000000002918      0x332 Drivers/ros_lib/time.o
 .debug_abbrev  0x0000000000002c4a       0x12 startup/startup_stm32f103xb.o

.debug_loc      0x0000000000000000     0x7a44
 .debug_loc     0x0000000000000000     0x1909 Core/Src/main.o
 .debug_loc     0x0000000000001909       0xa5 Core/Src/stm32f1xx_hal_msp.o
 .debug_loc     0x00000000000019ae       0xcd Core/Src/system_stm32f1xx.o
 .debug_loc     0x0000000000001a7b      0x11b Drivers/STM32F1xx_HAL_Driver/Src/stm32f1xx_hal.o
 .debug_loc     0x0000000000001b96      0x46b Drivers/STM32F1xx_HAL_Driver/Src/stm32f1xx_hal_cortex.o
 .debug_loc     0x0000000000002001      0x5d1 Drivers/STM32F1xx_HAL_Driver/Src/stm32f1xx_hal_dma.o
 .debug_loc     0x00000000000025d2      0x36a Drivers/STM32F1xx_HAL_Driver/Src/stm32f1xx_hal_gpio.o
 .debug_loc     0x000000000000293c      0x4c3 Drivers/STM32F1xx_HAL_Driver/Src/stm32f1xx_hal_rcc.o
 .debug_loc     0x0000000000002dff     0x300c Drivers/STM32F1xx_HAL_Driver/Src/stm32f1xx_hal_tim.o
 .debug_loc     0x0000000000005e0b      0x822 Drivers/STM32F1xx_HAL_Driver/Src/stm32f1xx_hal_tim_ex.o
 .debug_loc     0x000000000000662d     0x1311 Drivers/STM32F1xx_HAL_Driver/Src/stm32f1xx_hal_uart.o
 .debug_loc     0x000000000000793e      0x106 Drivers/ros_lib/time.o

.debug_aranges  0x0000000000000000      0x9c0
 .debug_aranges
                0x0000000000000000      0x120 Core/Src/main.o
 .debug_aranges
                0x0000000000000120       0x40 Core/Src/stm32f1xx_hal_msp.o
 .debug_aranges
                0x0000000000000160       0x80 Core/Src/stm32f1xx_it.o
 .debug_aranges
                0x00000000000001e0       0x28 Core/Src/system_stm32f1xx.o
 .debug_aranges
                0x0000000000000208       0xc8 Drivers/STM32F1xx_HAL_Driver/Src/stm32f1xx_hal.o
 .debug_aranges
                0x00000000000002d0       0x90 Drivers/STM32F1xx_HAL_Driver/Src/stm32f1xx_hal_cortex.o
 .debug_aranges
                0x0000000000000360       0x78 Drivers/STM32F1xx_HAL_Driver/Src/stm32f1xx_hal_dma.o
 .debug_aranges
                0x00000000000003d8       0x58 Drivers/STM32F1xx_HAL_Driver/Src/stm32f1xx_hal_gpio.o
 .debug_aranges
                0x0000000000000430       0x88 Drivers/STM32F1xx_HAL_Driver/Src/stm32f1xx_hal_rcc.o
 .debug_aranges
                0x00000000000004b8      0x250 Drivers/STM32F1xx_HAL_Driver/Src/stm32f1xx_hal_tim.o
 .debug_aranges
                0x0000000000000708       0xe8 Drivers/STM32F1xx_HAL_Driver/Src/stm32f1xx_hal_tim_ex.o
 .debug_aranges
                0x00000000000007f0      0x170 Drivers/STM32F1xx_HAL_Driver/Src/stm32f1xx_hal_uart.o
 .debug_aranges
                0x0000000000000960       0x38 Drivers/ros_lib/time.o
 .debug_aranges
                0x0000000000000998       0x28 startup/startup_stm32f103xb.o

.debug_ranges   0x0000000000000000      0xd50
 .debug_ranges  0x0000000000000000      0x320 Core/Src/main.o
 .debug_ranges  0x0000000000000320       0x30 Core/Src/stm32f1xx_hal_msp.o
 .debug_ranges  0x0000000000000350       0x70 Core/Src/stm32f1xx_it.o
 .debug_ranges  0x00000000000003c0       0x18 Core/Src/system_stm32f1xx.o
 .debug_ranges  0x00000000000003d8       0xb8 Drivers/STM32F1xx_HAL_Driver/Src/stm32f1xx_hal.o
 .debug_ranges  0x0000000000000490      0x128 Drivers/STM32F1xx_HAL_Driver/Src/stm32f1xx_hal_cortex.o
 .debug_ranges  0x00000000000005b8       0xa8 Drivers/STM32F1xx_HAL_Driver/Src/stm32f1xx_hal_dma.o
 .debug_ranges  0x0000000000000660       0x60 Drivers/STM32F1xx_HAL_Driver/Src/stm32f1xx_hal_gpio.o
 .debug_ranges  0x00000000000006c0       0xa0 Drivers/STM32F1xx_HAL_Driver/Src/stm32f1xx_hal_rcc.o
 .debug_ranges  0x0000000000000760      0x340 Drivers/STM32F1xx_HAL_Driver/Src/stm32f1xx_hal_tim.o
 .debug_ranges  0x0000000000000aa0       0xd8 Drivers/STM32F1xx_HAL_Driver/Src/stm32f1xx_hal_tim_ex.o
 .debug_ranges  0x0000000000000b78      0x190 Drivers/STM32F1xx_HAL_Driver/Src/stm32f1xx_hal_uart.o
 .debug_ranges  0x0000000000000d08       0x28 Drivers/ros_lib/time.o
 .debug_ranges  0x0000000000000d30       0x20 startup/startup_stm32f103xb.o

.debug_line     0x0000000000000000     0x543c
 .debug_line    0x0000000000000000      0xe86 Core/Src/main.o
 .debug_line    0x0000000000000e86      0x302 Core/Src/stm32f1xx_hal_msp.o
 .debug_line    0x0000000000001188      0x33a Core/Src/stm32f1xx_it.o
 .debug_line    0x00000000000014c2      0x20f Core/Src/system_stm32f1xx.o
 .debug_line    0x00000000000016d1      0x3e1 Drivers/STM32F1xx_HAL_Driver/Src/stm32f1xx_hal.o
 .debug_line    0x0000000000001ab2      0x3b4 Drivers/STM32F1xx_HAL_Driver/Src/stm32f1xx_hal_cortex.o
 .debug_line    0x0000000000001e66      0x61b Drivers/STM32F1xx_HAL_Driver/Src/stm32f1xx_hal_dma.o
 .debug_line    0x0000000000002481      0x3cd Drivers/STM32F1xx_HAL_Driver/Src/stm32f1xx_hal_gpio.o
 .debug_line    0x000000000000284e      0x5b5 Drivers/STM32F1xx_HAL_Driver/Src/stm32f1xx_hal_rcc.o
 .debug_line    0x0000000000002e03     0x10ce Drivers/STM32F1xx_HAL_Driver/Src/stm32f1xx_hal_tim.o
 .debug_line    0x0000000000003ed1      0x670 Drivers/STM32F1xx_HAL_Driver/Src/stm32f1xx_hal_tim_ex.o
 .debug_line    0x0000000000004541      0xbc7 Drivers/STM32F1xx_HAL_Driver/Src/stm32f1xx_hal_uart.o
 .debug_line    0x0000000000005108      0x2b7 Drivers/ros_lib/time.o
 .debug_line    0x00000000000053bf       0x7d startup/startup_stm32f103xb.o

.debug_str      0x0000000000000000     0x5448
 .debug_str     0x0000000000000000     0x30ec Core/Src/main.o
                                       0x351c (size before relaxing)
 .debug_str     0x00000000000030ec      0x16a Core/Src/stm32f1xx_hal_msp.o
                                       0x1251 (size before relaxing)
 .debug_str     0x0000000000003256      0x15e Core/Src/stm32f1xx_it.o
                                        0xe60 (size before relaxing)
 .debug_str     0x00000000000033b4      0x14b Core/Src/system_stm32f1xx.o
                                        0x6ff (size before relaxing)
 .debug_str     0x00000000000034ff      0x233 Drivers/STM32F1xx_HAL_Driver/Src/stm32f1xx_hal.o
                                        0xc76 (size before relaxing)
 .debug_str     0x0000000000003732      0x216 Drivers/STM32F1xx_HAL_Driver/Src/stm32f1xx_hal_cortex.o
                                        0xd24 (size before relaxing)
 .debug_str     0x0000000000003948      0x210 Drivers/STM32F1xx_HAL_Driver/Src/stm32f1xx_hal_dma.o
                                        0xa88 (size before relaxing)
 .debug_str     0x0000000000003b58      0x14a Drivers/STM32F1xx_HAL_Driver/Src/stm32f1xx_hal_gpio.o
                                        0x891 (size before relaxing)
 .debug_str     0x0000000000003ca2      0x1c2 Drivers/STM32F1xx_HAL_Driver/Src/stm32f1xx_hal_rcc.o
                                        0xa6f (size before relaxing)
 .debug_str     0x0000000000003e64      0xc91 Drivers/STM32F1xx_HAL_Driver/Src/stm32f1xx_hal_tim.o
                                       0x17c0 (size before relaxing)
 .debug_str     0x0000000000004af5      0x481 Drivers/STM32F1xx_HAL_Driver/Src/stm32f1xx_hal_tim_ex.o
                                       0x1062 (size before relaxing)
 .debug_str     0x0000000000004f76      0x4ac Drivers/STM32F1xx_HAL_Driver/Src/stm32f1xx_hal_uart.o
                                        0xfd9 (size before relaxing)
 .debug_str     0x0000000000005422       0x26 Drivers/ros_lib/time.o
                                        0x8fe (size before relaxing)

.comment        0x0000000000000000       0x7c
 .comment       0x0000000000000000       0x7c Core/Src/main.o
                                         0x7d (size before relaxing)
 .comment       0x000000000000007c       0x7d Core/Src/stm32f1xx_hal_msp.o
 .comment       0x000000000000007c       0x7d Core/Src/stm32f1xx_it.o
 .comment       0x000000000000007c       0x7d Core/Src/system_stm32f1xx.o
 .comment       0x000000000000007c       0x7d Drivers/STM32F1xx_HAL_Driver/Src/stm32f1xx_hal.o
 .comment       0x000000000000007c       0x7d Drivers/STM32F1xx_HAL_Driver/Src/stm32f1xx_hal_cortex.o
 .comment       0x000000000000007c       0x7d Drivers/STM32F1xx_HAL_Driver/Src/stm32f1xx_hal_dma.o
 .comment       0x000000000000007c       0x7d Drivers/STM32F1xx_HAL_Driver/Src/stm32f1xx_hal_gpio.o
 .comment       0x000000000000007c       0x7d Drivers/STM32F1xx_HAL_Driver/Src/stm32f1xx_hal_rcc.o
 .comment       0x000000000000007c       0x7d Drivers/STM32F1xx_HAL_Driver/Src/stm32f1xx_hal_tim.o
 .comment       0x000000000000007c       0x7d Drivers/STM32F1xx_HAL_Driver/Src/stm32f1xx_hal_tim_ex.o
 .comment       0x000000000000007c       0x7d Drivers/STM32F1xx_HAL_Driver/Src/stm32f1xx_hal_uart.o
 .comment       0x000000000000007c       0x7d Drivers/ros_lib/time.o

.debug_frame    0x0000000000000000     0x1ed0
 .debug_frame   0x0000000000000000      0x324 Core/Src/main.o
 .debug_frame   0x0000000000000324       0xa0 Core/Src/stm32f1xx_hal_msp.o
 .debug_frame   0x00000000000003c4      0x108 Core/Src/stm32f1xx_it.o
 .debug_frame   0x00000000000004cc       0x30 Core/Src/system_stm32f1xx.o
 .debug_frame   0x00000000000004fc      0x1b0 Drivers/STM32F1xx_HAL_Driver/Src/stm32f1xx_hal.o
 .debug_frame   0x00000000000006ac      0x120 Drivers/STM32F1xx_HAL_Driver/Src/stm32f1xx_hal_cortex.o
 .debug_frame   0x00000000000007cc      0x144 Drivers/STM32F1xx_HAL_Driver/Src/stm32f1xx_hal_dma.o
 .debug_frame   0x0000000000000910       0xd4 Drivers/STM32F1xx_HAL_Driver/Src/stm32f1xx_hal_gpio.o
 .debug_frame   0x00000000000009e4      0x150 Drivers/STM32F1xx_HAL_Driver/Src/stm32f1xx_hal_rcc.o
 .debug_frame   0x0000000000000b34      0x854 Drivers/STM32F1xx_HAL_Driver/Src/stm32f1xx_hal_tim.o
 .debug_frame   0x0000000000001388      0x320 Drivers/STM32F1xx_HAL_Driver/Src/stm32f1xx_hal_tim_ex.o
 .debug_frame   0x00000000000016a8      0x4a0 Drivers/STM32F1xx_HAL_Driver/Src/stm32f1xx_hal_uart.o
 .debug_frame   0x0000000000001b48       0x74 Drivers/ros_lib/time.o
 .debug_frame   0x0000000000001bbc       0x2c /opt/TrueSTUDIO/ARMTools/bin/../lib/gcc/arm-atollic-eabi/6.3.1/../../../../arm-atollic-eabi/lib/armv7-m/libc.a(lib_a-init.o)
 .debug_frame   0x0000000000001be8       0x28 /opt/TrueSTUDIO/ARMTools/bin/../lib/gcc/arm-atollic-eabi/6.3.1/../../../../arm-atollic-eabi/lib/armv7-m/libc.a(lib_a-memcpy-stub.o)
 .debug_frame   0x0000000000001c10       0x20 /opt/TrueSTUDIO/ARMTools/bin/../lib/gcc/arm-atollic-eabi/6.3.1/../../../../arm-atollic-eabi/lib/armv7-m/libc.a(lib_a-realloc.o)
 .debug_frame   0x0000000000001c30       0x50 /opt/TrueSTUDIO/ARMTools/bin/../lib/gcc/arm-atollic-eabi/6.3.1/../../../../arm-atollic-eabi/lib/armv7-m/libc.a(lib_a-reallocr.o)
 .debug_frame   0x0000000000001c80       0x60 /opt/TrueSTUDIO/ARMTools/bin/../lib/gcc/arm-atollic-eabi/6.3.1/../../../../arm-atollic-eabi/lib/armv7-m/libc.a(lib_a-freer.o)
 .debug_frame   0x0000000000001ce0       0x40 /opt/TrueSTUDIO/ARMTools/bin/../lib/gcc/arm-atollic-eabi/6.3.1/../../../../arm-atollic-eabi/lib/armv7-m/libc.a(lib_a-mallocr.o)
 .debug_frame   0x0000000000001d20       0x28 /opt/TrueSTUDIO/ARMTools/bin/../lib/gcc/arm-atollic-eabi/6.3.1/../../../../arm-atollic-eabi/lib/armv7-m/libc.a(lib_a-memmove.o)
 .debug_frame   0x0000000000001d48       0x30 /opt/TrueSTUDIO/ARMTools/bin/../lib/gcc/arm-atollic-eabi/6.3.1/../../../../arm-atollic-eabi/lib/armv7-m/libc.a(lib_a-mlock.o)
 .debug_frame   0x0000000000001d78       0x2c /opt/TrueSTUDIO/ARMTools/bin/../lib/gcc/arm-atollic-eabi/6.3.1/../../../../arm-atollic-eabi/lib/armv7-m/libc.a(lib_a-sbrkr.o)
 .debug_frame   0x0000000000001da4       0xb0 /opt/TrueSTUDIO/ARMTools/bin/../lib/gcc/arm-atollic-eabi/6.3.1/../../../../arm-atollic-eabi/lib/armv7-m/libc.a(lib_a-lock.o)
 .debug_frame   0x0000000000001e54       0x5c /opt/TrueSTUDIO/ARMTools/bin/../lib/gcc/arm-atollic-eabi/6.3.1/../../../../arm-atollic-eabi/lib/armv7-m/libc.a(lib_a-reent.o)
 .debug_frame   0x0000000000001eb0       0x20 /opt/TrueSTUDIO/ARMTools/bin/../lib/gcc/arm-atollic-eabi/6.3.1/../../../../arm-atollic-eabi/lib/armv7-m/libnosys.a(sbrk.o)

Cross Reference Table

Symbol                                            File
ADC1_2_IRQHandler                                 startup/startup_stm32f103xb.o
AHBPrescTable                                     Core/Src/system_stm32f1xx.o
                                                  Drivers/STM32F1xx_HAL_Driver/Src/stm32f1xx_hal_rcc.o
APBPrescTable                                     Core/Src/system_stm32f1xx.o
                                                  Drivers/STM32F1xx_HAL_Driver/Src/stm32f1xx_hal_rcc.o
BusFault_Handler                                  Core/Src/stm32f1xx_it.o
CAN1_RX1_IRQHandler                               startup/startup_stm32f103xb.o
CAN1_SCE_IRQHandler                               startup/startup_stm32f103xb.o
DMA1_Channel1_IRQHandler                          startup/startup_stm32f103xb.o
DMA1_Channel2_IRQHandler                          startup/startup_stm32f103xb.o
DMA1_Channel3_IRQHandler                          startup/startup_stm32f103xb.o
DMA1_Channel4_IRQHandler                          Core/Src/stm32f1xx_it.o
DMA1_Channel5_IRQHandler                          Core/Src/stm32f1xx_it.o
DMA1_Channel6_IRQHandler                          startup/startup_stm32f103xb.o
DMA1_Channel7_IRQHandler                          startup/startup_stm32f103xb.o
DebugMon_Handler                                  Core/Src/stm32f1xx_it.o
Default_Handler                                   startup/startup_stm32f103xb.o
EXTI0_IRQHandler                                  startup/startup_stm32f103xb.o
EXTI15_10_IRQHandler                              startup/startup_stm32f103xb.o
EXTI1_IRQHandler                                  startup/startup_stm32f103xb.o
EXTI2_IRQHandler                                  startup/startup_stm32f103xb.o
EXTI3_IRQHandler                                  startup/startup_stm32f103xb.o
EXTI4_IRQHandler                                  startup/startup_stm32f103xb.o
EXTI9_5_IRQHandler                                startup/startup_stm32f103xb.o
FLASH_IRQHandler                                  startup/startup_stm32f103xb.o
FLASH_PageErase                                   Drivers/STM32F1xx_HAL_Driver/Src/stm32f1xx_hal_flash_ex.o
                                                  Drivers/STM32F1xx_HAL_Driver/Src/stm32f1xx_hal_flash.o
FLASH_WaitForLastOperation                        Drivers/STM32F1xx_HAL_Driver/Src/stm32f1xx_hal_flash.o
                                                  Drivers/STM32F1xx_HAL_Driver/Src/stm32f1xx_hal_flash_ex.o
HAL_DBGMCU_DisableDBGSleepMode                    Drivers/STM32F1xx_HAL_Driver/Src/stm32f1xx_hal.o
HAL_DBGMCU_DisableDBGStandbyMode                  Drivers/STM32F1xx_HAL_Driver/Src/stm32f1xx_hal.o
HAL_DBGMCU_DisableDBGStopMode                     Drivers/STM32F1xx_HAL_Driver/Src/stm32f1xx_hal.o
HAL_DBGMCU_EnableDBGSleepMode                     Drivers/STM32F1xx_HAL_Driver/Src/stm32f1xx_hal.o
HAL_DBGMCU_EnableDBGStandbyMode                   Drivers/STM32F1xx_HAL_Driver/Src/stm32f1xx_hal.o
HAL_DBGMCU_EnableDBGStopMode                      Drivers/STM32F1xx_HAL_Driver/Src/stm32f1xx_hal.o
HAL_DMA_Abort                                     Drivers/STM32F1xx_HAL_Driver/Src/stm32f1xx_hal_dma.o
                                                  Drivers/STM32F1xx_HAL_Driver/Src/stm32f1xx_hal_uart.o
                                                  Drivers/STM32F1xx_HAL_Driver/Src/stm32f1xx_hal_tim.o
HAL_DMA_Abort_IT                                  Drivers/STM32F1xx_HAL_Driver/Src/stm32f1xx_hal_dma.o
                                                  Drivers/STM32F1xx_HAL_Driver/Src/stm32f1xx_hal_uart.o
HAL_DMA_DeInit                                    Drivers/STM32F1xx_HAL_Driver/Src/stm32f1xx_hal_dma.o
                                                  Core/Src/stm32f1xx_hal_msp.o
HAL_DMA_GetError                                  Drivers/STM32F1xx_HAL_Driver/Src/stm32f1xx_hal_dma.o
HAL_DMA_GetState                                  Drivers/STM32F1xx_HAL_Driver/Src/stm32f1xx_hal_dma.o
HAL_DMA_IRQHandler                                Drivers/STM32F1xx_HAL_Driver/Src/stm32f1xx_hal_dma.o
                                                  Core/Src/stm32f1xx_it.o
HAL_DMA_Init                                      Drivers/STM32F1xx_HAL_Driver/Src/stm32f1xx_hal_dma.o
                                                  Core/Src/stm32f1xx_hal_msp.o
HAL_DMA_PollForTransfer                           Drivers/STM32F1xx_HAL_Driver/Src/stm32f1xx_hal_dma.o
HAL_DMA_RegisterCallback                          Drivers/STM32F1xx_HAL_Driver/Src/stm32f1xx_hal_dma.o
HAL_DMA_Start                                     Drivers/STM32F1xx_HAL_Driver/Src/stm32f1xx_hal_dma.o
HAL_DMA_Start_IT                                  Drivers/STM32F1xx_HAL_Driver/Src/stm32f1xx_hal_dma.o
                                                  Drivers/STM32F1xx_HAL_Driver/Src/stm32f1xx_hal_uart.o
                                                  Drivers/STM32F1xx_HAL_Driver/Src/stm32f1xx_hal_tim_ex.o
                                                  Drivers/STM32F1xx_HAL_Driver/Src/stm32f1xx_hal_tim.o
HAL_DMA_UnRegisterCallback                        Drivers/STM32F1xx_HAL_Driver/Src/stm32f1xx_hal_dma.o
HAL_DeInit                                        Drivers/STM32F1xx_HAL_Driver/Src/stm32f1xx_hal.o
HAL_Delay                                         Drivers/STM32F1xx_HAL_Driver/Src/stm32f1xx_hal.o
HAL_FLASHEx_Erase                                 Drivers/STM32F1xx_HAL_Driver/Src/stm32f1xx_hal_flash_ex.o
HAL_FLASHEx_Erase_IT                              Drivers/STM32F1xx_HAL_Driver/Src/stm32f1xx_hal_flash_ex.o
HAL_FLASHEx_OBErase                               Drivers/STM32F1xx_HAL_Driver/Src/stm32f1xx_hal_flash_ex.o
HAL_FLASHEx_OBGetConfig                           Drivers/STM32F1xx_HAL_Driver/Src/stm32f1xx_hal_flash_ex.o
HAL_FLASHEx_OBGetUserData                         Drivers/STM32F1xx_HAL_Driver/Src/stm32f1xx_hal_flash_ex.o
HAL_FLASHEx_OBProgram                             Drivers/STM32F1xx_HAL_Driver/Src/stm32f1xx_hal_flash_ex.o
HAL_FLASH_EndOfOperationCallback                  Drivers/STM32F1xx_HAL_Driver/Src/stm32f1xx_hal_flash.o
HAL_FLASH_GetError                                Drivers/STM32F1xx_HAL_Driver/Src/stm32f1xx_hal_flash.o
HAL_FLASH_IRQHandler                              Drivers/STM32F1xx_HAL_Driver/Src/stm32f1xx_hal_flash.o
HAL_FLASH_Lock                                    Drivers/STM32F1xx_HAL_Driver/Src/stm32f1xx_hal_flash.o
HAL_FLASH_OB_Launch                               Drivers/STM32F1xx_HAL_Driver/Src/stm32f1xx_hal_flash.o
HAL_FLASH_OB_Lock                                 Drivers/STM32F1xx_HAL_Driver/Src/stm32f1xx_hal_flash.o
HAL_FLASH_OB_Unlock                               Drivers/STM32F1xx_HAL_Driver/Src/stm32f1xx_hal_flash.o
HAL_FLASH_OperationErrorCallback                  Drivers/STM32F1xx_HAL_Driver/Src/stm32f1xx_hal_flash.o
HAL_FLASH_Program                                 Drivers/STM32F1xx_HAL_Driver/Src/stm32f1xx_hal_flash.o
HAL_FLASH_Program_IT                              Drivers/STM32F1xx_HAL_Driver/Src/stm32f1xx_hal_flash.o
HAL_FLASH_Unlock                                  Drivers/STM32F1xx_HAL_Driver/Src/stm32f1xx_hal_flash.o
HAL_GPIOEx_ConfigEventout                         Drivers/STM32F1xx_HAL_Driver/Src/stm32f1xx_hal_gpio_ex.o
HAL_GPIOEx_DisableEventout                        Drivers/STM32F1xx_HAL_Driver/Src/stm32f1xx_hal_gpio_ex.o
HAL_GPIOEx_EnableEventout                         Drivers/STM32F1xx_HAL_Driver/Src/stm32f1xx_hal_gpio_ex.o
HAL_GPIO_DeInit                                   Drivers/STM32F1xx_HAL_Driver/Src/stm32f1xx_hal_gpio.o
                                                  Core/Src/stm32f1xx_hal_msp.o
HAL_GPIO_EXTI_Callback                            Drivers/STM32F1xx_HAL_Driver/Src/stm32f1xx_hal_gpio.o
HAL_GPIO_EXTI_IRQHandler                          Drivers/STM32F1xx_HAL_Driver/Src/stm32f1xx_hal_gpio.o
HAL_GPIO_Init                                     Drivers/STM32F1xx_HAL_Driver/Src/stm32f1xx_hal_gpio.o
                                                  Drivers/STM32F1xx_HAL_Driver/Src/stm32f1xx_hal_rcc.o
                                                  Core/Src/stm32f1xx_hal_msp.o
HAL_GPIO_LockPin                                  Drivers/STM32F1xx_HAL_Driver/Src/stm32f1xx_hal_gpio.o
HAL_GPIO_ReadPin                                  Drivers/STM32F1xx_HAL_Driver/Src/stm32f1xx_hal_gpio.o
HAL_GPIO_TogglePin                                Drivers/STM32F1xx_HAL_Driver/Src/stm32f1xx_hal_gpio.o
HAL_GPIO_WritePin                                 Drivers/STM32F1xx_HAL_Driver/Src/stm32f1xx_hal_gpio.o
HAL_GetDEVID                                      Drivers/STM32F1xx_HAL_Driver/Src/stm32f1xx_hal.o
HAL_GetHalVersion                                 Drivers/STM32F1xx_HAL_Driver/Src/stm32f1xx_hal.o
HAL_GetREVID                                      Drivers/STM32F1xx_HAL_Driver/Src/stm32f1xx_hal.o
HAL_GetTick                                       Drivers/STM32F1xx_HAL_Driver/Src/stm32f1xx_hal.o
                                                  Drivers/STM32F1xx_HAL_Driver/Src/stm32f1xx_hal_uart.o
                                                  Drivers/STM32F1xx_HAL_Driver/Src/stm32f1xx_hal_rcc_ex.o
                                                  Drivers/STM32F1xx_HAL_Driver/Src/stm32f1xx_hal_rcc.o
                                                  Drivers/STM32F1xx_HAL_Driver/Src/stm32f1xx_hal_flash.o
                                                  Drivers/STM32F1xx_HAL_Driver/Src/stm32f1xx_hal_dma.o
                                                  Core/Src/main.o
HAL_GetTickFreq                                   Drivers/STM32F1xx_HAL_Driver/Src/stm32f1xx_hal.o
HAL_GetTickPrio                                   Drivers/STM32F1xx_HAL_Driver/Src/stm32f1xx_hal.o
HAL_GetUID                                        Drivers/STM32F1xx_HAL_Driver/Src/stm32f1xx_hal.o
HAL_HalfDuplex_EnableReceiver                     Drivers/STM32F1xx_HAL_Driver/Src/stm32f1xx_hal_uart.o
HAL_HalfDuplex_EnableTransmitter                  Drivers/STM32F1xx_HAL_Driver/Src/stm32f1xx_hal_uart.o
HAL_HalfDuplex_Init                               Drivers/STM32F1xx_HAL_Driver/Src/stm32f1xx_hal_uart.o
HAL_IncTick                                       Drivers/STM32F1xx_HAL_Driver/Src/stm32f1xx_hal.o
                                                  Core/Src/stm32f1xx_it.o
HAL_Init                                          Drivers/STM32F1xx_HAL_Driver/Src/stm32f1xx_hal.o
                                                  Core/Src/main.o
HAL_InitTick                                      Drivers/STM32F1xx_HAL_Driver/Src/stm32f1xx_hal.o
                                                  Drivers/STM32F1xx_HAL_Driver/Src/stm32f1xx_hal_rcc.o
HAL_LIN_Init                                      Drivers/STM32F1xx_HAL_Driver/Src/stm32f1xx_hal_uart.o
HAL_LIN_SendBreak                                 Drivers/STM32F1xx_HAL_Driver/Src/stm32f1xx_hal_uart.o
HAL_MspDeInit                                     Drivers/STM32F1xx_HAL_Driver/Src/stm32f1xx_hal.o
HAL_MspInit                                       Core/Src/stm32f1xx_hal_msp.o
HAL_MultiProcessor_EnterMuteMode                  Drivers/STM32F1xx_HAL_Driver/Src/stm32f1xx_hal_uart.o
HAL_MultiProcessor_ExitMuteMode                   Drivers/STM32F1xx_HAL_Driver/Src/stm32f1xx_hal_uart.o
HAL_MultiProcessor_Init                           Drivers/STM32F1xx_HAL_Driver/Src/stm32f1xx_hal_uart.o
HAL_NVIC_ClearPendingIRQ                          Drivers/STM32F1xx_HAL_Driver/Src/stm32f1xx_hal_cortex.o
HAL_NVIC_DisableIRQ                               Drivers/STM32F1xx_HAL_Driver/Src/stm32f1xx_hal_cortex.o
                                                  Core/Src/stm32f1xx_hal_msp.o
HAL_NVIC_EnableIRQ                                Drivers/STM32F1xx_HAL_Driver/Src/stm32f1xx_hal_cortex.o
                                                  Core/Src/stm32f1xx_hal_msp.o
                                                  Core/Src/main.o
HAL_NVIC_GetActive                                Drivers/STM32F1xx_HAL_Driver/Src/stm32f1xx_hal_cortex.o
HAL_NVIC_GetPendingIRQ                            Drivers/STM32F1xx_HAL_Driver/Src/stm32f1xx_hal_cortex.o
HAL_NVIC_GetPriority                              Drivers/STM32F1xx_HAL_Driver/Src/stm32f1xx_hal_cortex.o
HAL_NVIC_GetPriorityGrouping                      Drivers/STM32F1xx_HAL_Driver/Src/stm32f1xx_hal_cortex.o
HAL_NVIC_SetPendingIRQ                            Drivers/STM32F1xx_HAL_Driver/Src/stm32f1xx_hal_cortex.o
HAL_NVIC_SetPriority                              Drivers/STM32F1xx_HAL_Driver/Src/stm32f1xx_hal_cortex.o
                                                  Drivers/STM32F1xx_HAL_Driver/Src/stm32f1xx_hal.o
                                                  Core/Src/stm32f1xx_hal_msp.o
                                                  Core/Src/main.o
HAL_NVIC_SetPriorityGrouping                      Drivers/STM32F1xx_HAL_Driver/Src/stm32f1xx_hal_cortex.o
                                                  Drivers/STM32F1xx_HAL_Driver/Src/stm32f1xx_hal.o
                                                  Core/Src/stm32f1xx_hal_msp.o
HAL_NVIC_SystemReset                              Drivers/STM32F1xx_HAL_Driver/Src/stm32f1xx_hal_cortex.o
                                                  Drivers/STM32F1xx_HAL_Driver/Src/stm32f1xx_hal_flash.o
HAL_PWR_ConfigPVD                                 Drivers/STM32F1xx_HAL_Driver/Src/stm32f1xx_hal_pwr.o
HAL_PWR_DeInit                                    Drivers/STM32F1xx_HAL_Driver/Src/stm32f1xx_hal_pwr.o
HAL_PWR_DisableBkUpAccess                         Drivers/STM32F1xx_HAL_Driver/Src/stm32f1xx_hal_pwr.o
HAL_PWR_DisablePVD                                Drivers/STM32F1xx_HAL_Driver/Src/stm32f1xx_hal_pwr.o
HAL_PWR_DisableSEVOnPend                          Drivers/STM32F1xx_HAL_Driver/Src/stm32f1xx_hal_pwr.o
HAL_PWR_DisableSleepOnExit                        Drivers/STM32F1xx_HAL_Driver/Src/stm32f1xx_hal_pwr.o
HAL_PWR_DisableWakeUpPin                          Drivers/STM32F1xx_HAL_Driver/Src/stm32f1xx_hal_pwr.o
HAL_PWR_EnableBkUpAccess                          Drivers/STM32F1xx_HAL_Driver/Src/stm32f1xx_hal_pwr.o
HAL_PWR_EnablePVD                                 Drivers/STM32F1xx_HAL_Driver/Src/stm32f1xx_hal_pwr.o
HAL_PWR_EnableSEVOnPend                           Drivers/STM32F1xx_HAL_Driver/Src/stm32f1xx_hal_pwr.o
HAL_PWR_EnableSleepOnExit                         Drivers/STM32F1xx_HAL_Driver/Src/stm32f1xx_hal_pwr.o
HAL_PWR_EnableWakeUpPin                           Drivers/STM32F1xx_HAL_Driver/Src/stm32f1xx_hal_pwr.o
HAL_PWR_EnterSLEEPMode                            Drivers/STM32F1xx_HAL_Driver/Src/stm32f1xx_hal_pwr.o
HAL_PWR_EnterSTANDBYMode                          Drivers/STM32F1xx_HAL_Driver/Src/stm32f1xx_hal_pwr.o
HAL_PWR_EnterSTOPMode                             Drivers/STM32F1xx_HAL_Driver/Src/stm32f1xx_hal_pwr.o
HAL_PWR_PVDCallback                               Drivers/STM32F1xx_HAL_Driver/Src/stm32f1xx_hal_pwr.o
HAL_PWR_PVD_IRQHandler                            Drivers/STM32F1xx_HAL_Driver/Src/stm32f1xx_hal_pwr.o
HAL_RCCEx_GetPeriphCLKConfig                      Drivers/STM32F1xx_HAL_Driver/Src/stm32f1xx_hal_rcc_ex.o
HAL_RCCEx_GetPeriphCLKFreq                        Drivers/STM32F1xx_HAL_Driver/Src/stm32f1xx_hal_rcc_ex.o
HAL_RCCEx_PeriphCLKConfig                         Drivers/STM32F1xx_HAL_Driver/Src/stm32f1xx_hal_rcc_ex.o
HAL_RCC_CSSCallback                               Drivers/STM32F1xx_HAL_Driver/Src/stm32f1xx_hal_rcc.o
HAL_RCC_ClockConfig                               Drivers/STM32F1xx_HAL_Driver/Src/stm32f1xx_hal_rcc.o
                                                  Core/Src/main.o
HAL_RCC_DeInit                                    Drivers/STM32F1xx_HAL_Driver/Src/stm32f1xx_hal_rcc.o
HAL_RCC_DisableCSS                                Drivers/STM32F1xx_HAL_Driver/Src/stm32f1xx_hal_rcc.o
HAL_RCC_EnableCSS                                 Drivers/STM32F1xx_HAL_Driver/Src/stm32f1xx_hal_rcc.o
HAL_RCC_GetClockConfig                            Drivers/STM32F1xx_HAL_Driver/Src/stm32f1xx_hal_rcc.o
HAL_RCC_GetHCLKFreq                               Drivers/STM32F1xx_HAL_Driver/Src/stm32f1xx_hal_rcc.o
                                                  Core/Src/main.o
HAL_RCC_GetOscConfig                              Drivers/STM32F1xx_HAL_Driver/Src/stm32f1xx_hal_rcc.o
HAL_RCC_GetPCLK1Freq                              Drivers/STM32F1xx_HAL_Driver/Src/stm32f1xx_hal_rcc.o
                                                  Drivers/STM32F1xx_HAL_Driver/Src/stm32f1xx_hal_uart.o
HAL_RCC_GetPCLK2Freq                              Drivers/STM32F1xx_HAL_Driver/Src/stm32f1xx_hal_rcc.o
                                                  Drivers/STM32F1xx_HAL_Driver/Src/stm32f1xx_hal_uart.o
                                                  Drivers/STM32F1xx_HAL_Driver/Src/stm32f1xx_hal_rcc_ex.o
HAL_RCC_GetSysClockFreq                           Drivers/STM32F1xx_HAL_Driver/Src/stm32f1xx_hal_rcc.o
HAL_RCC_MCOConfig                                 Drivers/STM32F1xx_HAL_Driver/Src/stm32f1xx_hal_rcc.o
HAL_RCC_NMI_IRQHandler                            Drivers/STM32F1xx_HAL_Driver/Src/stm32f1xx_hal_rcc.o
HAL_RCC_OscConfig                                 Drivers/STM32F1xx_HAL_Driver/Src/stm32f1xx_hal_rcc.o
                                                  Core/Src/main.o
HAL_ResumeTick                                    Drivers/STM32F1xx_HAL_Driver/Src/stm32f1xx_hal.o
HAL_SYSTICK_CLKSourceConfig                       Drivers/STM32F1xx_HAL_Driver/Src/stm32f1xx_hal_cortex.o
                                                  Core/Src/main.o
HAL_SYSTICK_Callback                              Drivers/STM32F1xx_HAL_Driver/Src/stm32f1xx_hal_cortex.o
HAL_SYSTICK_Config                                Drivers/STM32F1xx_HAL_Driver/Src/stm32f1xx_hal_cortex.o
                                                  Drivers/STM32F1xx_HAL_Driver/Src/stm32f1xx_hal.o
                                                  Core/Src/main.o
HAL_SYSTICK_IRQHandler                            Drivers/STM32F1xx_HAL_Driver/Src/stm32f1xx_hal_cortex.o
                                                  Core/Src/stm32f1xx_it.o
HAL_SetTickFreq                                   Drivers/STM32F1xx_HAL_Driver/Src/stm32f1xx_hal.o
HAL_SuspendTick                                   Drivers/STM32F1xx_HAL_Driver/Src/stm32f1xx_hal.o
HAL_TIMEx_BreakCallback                           Drivers/STM32F1xx_HAL_Driver/Src/stm32f1xx_hal_tim_ex.o
                                                  Drivers/STM32F1xx_HAL_Driver/Src/stm32f1xx_hal_tim.o
HAL_TIMEx_CommutationCallback                     Drivers/STM32F1xx_HAL_Driver/Src/stm32f1xx_hal_tim_ex.o
                                                  Drivers/STM32F1xx_HAL_Driver/Src/stm32f1xx_hal_tim.o
HAL_TIMEx_ConfigBreakDeadTime                     Drivers/STM32F1xx_HAL_Driver/Src/stm32f1xx_hal_tim_ex.o
HAL_TIMEx_ConfigCommutationEvent                  Drivers/STM32F1xx_HAL_Driver/Src/stm32f1xx_hal_tim_ex.o
HAL_TIMEx_ConfigCommutationEvent_DMA              Drivers/STM32F1xx_HAL_Driver/Src/stm32f1xx_hal_tim_ex.o
HAL_TIMEx_ConfigCommutationEvent_IT               Drivers/STM32F1xx_HAL_Driver/Src/stm32f1xx_hal_tim_ex.o
HAL_TIMEx_HallSensor_DeInit                       Drivers/STM32F1xx_HAL_Driver/Src/stm32f1xx_hal_tim_ex.o
HAL_TIMEx_HallSensor_GetState                     Drivers/STM32F1xx_HAL_Driver/Src/stm32f1xx_hal_tim_ex.o
HAL_TIMEx_HallSensor_Init                         Drivers/STM32F1xx_HAL_Driver/Src/stm32f1xx_hal_tim_ex.o
HAL_TIMEx_HallSensor_MspDeInit                    Drivers/STM32F1xx_HAL_Driver/Src/stm32f1xx_hal_tim_ex.o
HAL_TIMEx_HallSensor_MspInit                      Drivers/STM32F1xx_HAL_Driver/Src/stm32f1xx_hal_tim_ex.o
HAL_TIMEx_HallSensor_Start                        Drivers/STM32F1xx_HAL_Driver/Src/stm32f1xx_hal_tim_ex.o
HAL_TIMEx_HallSensor_Start_DMA                    Drivers/STM32F1xx_HAL_Driver/Src/stm32f1xx_hal_tim_ex.o
HAL_TIMEx_HallSensor_Start_IT                     Drivers/STM32F1xx_HAL_Driver/Src/stm32f1xx_hal_tim_ex.o
HAL_TIMEx_HallSensor_Stop                         Drivers/STM32F1xx_HAL_Driver/Src/stm32f1xx_hal_tim_ex.o
HAL_TIMEx_HallSensor_Stop_DMA                     Drivers/STM32F1xx_HAL_Driver/Src/stm32f1xx_hal_tim_ex.o
HAL_TIMEx_HallSensor_Stop_IT                      Drivers/STM32F1xx_HAL_Driver/Src/stm32f1xx_hal_tim_ex.o
HAL_TIMEx_MasterConfigSynchronization             Drivers/STM32F1xx_HAL_Driver/Src/stm32f1xx_hal_tim_ex.o
                                                  Core/Src/main.o
HAL_TIMEx_OCN_Start                               Drivers/STM32F1xx_HAL_Driver/Src/stm32f1xx_hal_tim_ex.o
HAL_TIMEx_OCN_Start_DMA                           Drivers/STM32F1xx_HAL_Driver/Src/stm32f1xx_hal_tim_ex.o
HAL_TIMEx_OCN_Start_IT                            Drivers/STM32F1xx_HAL_Driver/Src/stm32f1xx_hal_tim_ex.o
HAL_TIMEx_OCN_Stop                                Drivers/STM32F1xx_HAL_Driver/Src/stm32f1xx_hal_tim_ex.o
HAL_TIMEx_OCN_Stop_DMA                            Drivers/STM32F1xx_HAL_Driver/Src/stm32f1xx_hal_tim_ex.o
HAL_TIMEx_OCN_Stop_IT                             Drivers/STM32F1xx_HAL_Driver/Src/stm32f1xx_hal_tim_ex.o
HAL_TIMEx_OnePulseN_Start                         Drivers/STM32F1xx_HAL_Driver/Src/stm32f1xx_hal_tim_ex.o
HAL_TIMEx_OnePulseN_Start_IT                      Drivers/STM32F1xx_HAL_Driver/Src/stm32f1xx_hal_tim_ex.o
HAL_TIMEx_OnePulseN_Stop                          Drivers/STM32F1xx_HAL_Driver/Src/stm32f1xx_hal_tim_ex.o
HAL_TIMEx_OnePulseN_Stop_IT                       Drivers/STM32F1xx_HAL_Driver/Src/stm32f1xx_hal_tim_ex.o
HAL_TIMEx_PWMN_Start                              Drivers/STM32F1xx_HAL_Driver/Src/stm32f1xx_hal_tim_ex.o
HAL_TIMEx_PWMN_Start_DMA                          Drivers/STM32F1xx_HAL_Driver/Src/stm32f1xx_hal_tim_ex.o
HAL_TIMEx_PWMN_Start_IT                           Drivers/STM32F1xx_HAL_Driver/Src/stm32f1xx_hal_tim_ex.o
HAL_TIMEx_PWMN_Stop                               Drivers/STM32F1xx_HAL_Driver/Src/stm32f1xx_hal_tim_ex.o
HAL_TIMEx_PWMN_Stop_DMA                           Drivers/STM32F1xx_HAL_Driver/Src/stm32f1xx_hal_tim_ex.o
HAL_TIMEx_PWMN_Stop_IT                            Drivers/STM32F1xx_HAL_Driver/Src/stm32f1xx_hal_tim_ex.o
HAL_TIM_Base_DeInit                               Drivers/STM32F1xx_HAL_Driver/Src/stm32f1xx_hal_tim.o
HAL_TIM_Base_GetState                             Drivers/STM32F1xx_HAL_Driver/Src/stm32f1xx_hal_tim.o
HAL_TIM_Base_Init                                 Drivers/STM32F1xx_HAL_Driver/Src/stm32f1xx_hal_tim.o
                                                  Core/Src/main.o
HAL_TIM_Base_MspDeInit                            Core/Src/stm32f1xx_hal_msp.o
HAL_TIM_Base_MspInit                              Core/Src/stm32f1xx_hal_msp.o
HAL_TIM_Base_Start                                Drivers/STM32F1xx_HAL_Driver/Src/stm32f1xx_hal_tim.o
HAL_TIM_Base_Start_DMA                            Drivers/STM32F1xx_HAL_Driver/Src/stm32f1xx_hal_tim.o
HAL_TIM_Base_Start_IT                             Drivers/STM32F1xx_HAL_Driver/Src/stm32f1xx_hal_tim.o
HAL_TIM_Base_Stop                                 Drivers/STM32F1xx_HAL_Driver/Src/stm32f1xx_hal_tim.o
HAL_TIM_Base_Stop_DMA                             Drivers/STM32F1xx_HAL_Driver/Src/stm32f1xx_hal_tim.o
HAL_TIM_Base_Stop_IT                              Drivers/STM32F1xx_HAL_Driver/Src/stm32f1xx_hal_tim.o
HAL_TIM_ConfigClockSource                         Drivers/STM32F1xx_HAL_Driver/Src/stm32f1xx_hal_tim.o
                                                  Core/Src/main.o
HAL_TIM_ConfigOCrefClear                          Drivers/STM32F1xx_HAL_Driver/Src/stm32f1xx_hal_tim.o
HAL_TIM_ConfigTI1Input                            Drivers/STM32F1xx_HAL_Driver/Src/stm32f1xx_hal_tim.o
HAL_TIM_DMABurst_ReadStart                        Drivers/STM32F1xx_HAL_Driver/Src/stm32f1xx_hal_tim.o
HAL_TIM_DMABurst_ReadStop                         Drivers/STM32F1xx_HAL_Driver/Src/stm32f1xx_hal_tim.o
HAL_TIM_DMABurst_WriteStart                       Drivers/STM32F1xx_HAL_Driver/Src/stm32f1xx_hal_tim.o
HAL_TIM_DMABurst_WriteStop                        Drivers/STM32F1xx_HAL_Driver/Src/stm32f1xx_hal_tim.o
HAL_TIM_Encoder_DeInit                            Drivers/STM32F1xx_HAL_Driver/Src/stm32f1xx_hal_tim.o
HAL_TIM_Encoder_GetState                          Drivers/STM32F1xx_HAL_Driver/Src/stm32f1xx_hal_tim.o
HAL_TIM_Encoder_Init                              Drivers/STM32F1xx_HAL_Driver/Src/stm32f1xx_hal_tim.o
HAL_TIM_Encoder_MspDeInit                         Drivers/STM32F1xx_HAL_Driver/Src/stm32f1xx_hal_tim.o
HAL_TIM_Encoder_MspInit                           Drivers/STM32F1xx_HAL_Driver/Src/stm32f1xx_hal_tim.o
HAL_TIM_Encoder_Start                             Drivers/STM32F1xx_HAL_Driver/Src/stm32f1xx_hal_tim.o
HAL_TIM_Encoder_Start_DMA                         Drivers/STM32F1xx_HAL_Driver/Src/stm32f1xx_hal_tim.o
HAL_TIM_Encoder_Start_IT                          Drivers/STM32F1xx_HAL_Driver/Src/stm32f1xx_hal_tim.o
HAL_TIM_Encoder_Stop                              Drivers/STM32F1xx_HAL_Driver/Src/stm32f1xx_hal_tim.o
HAL_TIM_Encoder_Stop_DMA                          Drivers/STM32F1xx_HAL_Driver/Src/stm32f1xx_hal_tim.o
HAL_TIM_Encoder_Stop_IT                           Drivers/STM32F1xx_HAL_Driver/Src/stm32f1xx_hal_tim.o
HAL_TIM_ErrorCallback                             Drivers/STM32F1xx_HAL_Driver/Src/stm32f1xx_hal_tim.o
HAL_TIM_GenerateEvent                             Drivers/STM32F1xx_HAL_Driver/Src/stm32f1xx_hal_tim.o
HAL_TIM_IC_CaptureCallback                        Drivers/STM32F1xx_HAL_Driver/Src/stm32f1xx_hal_tim.o
HAL_TIM_IC_ConfigChannel                          Drivers/STM32F1xx_HAL_Driver/Src/stm32f1xx_hal_tim.o
HAL_TIM_IC_DeInit                                 Drivers/STM32F1xx_HAL_Driver/Src/stm32f1xx_hal_tim.o
HAL_TIM_IC_GetState                               Drivers/STM32F1xx_HAL_Driver/Src/stm32f1xx_hal_tim.o
HAL_TIM_IC_Init                                   Drivers/STM32F1xx_HAL_Driver/Src/stm32f1xx_hal_tim.o
HAL_TIM_IC_MspDeInit                              Drivers/STM32F1xx_HAL_Driver/Src/stm32f1xx_hal_tim.o
HAL_TIM_IC_MspInit                                Drivers/STM32F1xx_HAL_Driver/Src/stm32f1xx_hal_tim.o
HAL_TIM_IC_Start                                  Drivers/STM32F1xx_HAL_Driver/Src/stm32f1xx_hal_tim.o
HAL_TIM_IC_Start_DMA                              Drivers/STM32F1xx_HAL_Driver/Src/stm32f1xx_hal_tim.o
HAL_TIM_IC_Start_IT                               Drivers/STM32F1xx_HAL_Driver/Src/stm32f1xx_hal_tim.o
HAL_TIM_IC_Stop                                   Drivers/STM32F1xx_HAL_Driver/Src/stm32f1xx_hal_tim.o
HAL_TIM_IC_Stop_DMA                               Drivers/STM32F1xx_HAL_Driver/Src/stm32f1xx_hal_tim.o
HAL_TIM_IC_Stop_IT                                Drivers/STM32F1xx_HAL_Driver/Src/stm32f1xx_hal_tim.o
HAL_TIM_IRQHandler                                Drivers/STM32F1xx_HAL_Driver/Src/stm32f1xx_hal_tim.o
                                                  Core/Src/stm32f1xx_it.o
HAL_TIM_OC_ConfigChannel                          Drivers/STM32F1xx_HAL_Driver/Src/stm32f1xx_hal_tim.o
HAL_TIM_OC_DeInit                                 Drivers/STM32F1xx_HAL_Driver/Src/stm32f1xx_hal_tim.o
HAL_TIM_OC_DelayElapsedCallback                   Drivers/STM32F1xx_HAL_Driver/Src/stm32f1xx_hal_tim.o
HAL_TIM_OC_GetState                               Drivers/STM32F1xx_HAL_Driver/Src/stm32f1xx_hal_tim.o
HAL_TIM_OC_Init                                   Drivers/STM32F1xx_HAL_Driver/Src/stm32f1xx_hal_tim.o
HAL_TIM_OC_MspDeInit                              Drivers/STM32F1xx_HAL_Driver/Src/stm32f1xx_hal_tim.o
HAL_TIM_OC_MspInit                                Drivers/STM32F1xx_HAL_Driver/Src/stm32f1xx_hal_tim.o
HAL_TIM_OC_Start                                  Drivers/STM32F1xx_HAL_Driver/Src/stm32f1xx_hal_tim.o
HAL_TIM_OC_Start_DMA                              Drivers/STM32F1xx_HAL_Driver/Src/stm32f1xx_hal_tim.o
HAL_TIM_OC_Start_IT                               Drivers/STM32F1xx_HAL_Driver/Src/stm32f1xx_hal_tim.o
HAL_TIM_OC_Stop                                   Drivers/STM32F1xx_HAL_Driver/Src/stm32f1xx_hal_tim.o
HAL_TIM_OC_Stop_DMA                               Drivers/STM32F1xx_HAL_Driver/Src/stm32f1xx_hal_tim.o
HAL_TIM_OC_Stop_IT                                Drivers/STM32F1xx_HAL_Driver/Src/stm32f1xx_hal_tim.o
HAL_TIM_OnePulse_ConfigChannel                    Drivers/STM32F1xx_HAL_Driver/Src/stm32f1xx_hal_tim.o
HAL_TIM_OnePulse_DeInit                           Drivers/STM32F1xx_HAL_Driver/Src/stm32f1xx_hal_tim.o
HAL_TIM_OnePulse_GetState                         Drivers/STM32F1xx_HAL_Driver/Src/stm32f1xx_hal_tim.o
HAL_TIM_OnePulse_Init                             Drivers/STM32F1xx_HAL_Driver/Src/stm32f1xx_hal_tim.o
HAL_TIM_OnePulse_MspDeInit                        Drivers/STM32F1xx_HAL_Driver/Src/stm32f1xx_hal_tim.o
HAL_TIM_OnePulse_MspInit                          Drivers/STM32F1xx_HAL_Driver/Src/stm32f1xx_hal_tim.o
HAL_TIM_OnePulse_Start                            Drivers/STM32F1xx_HAL_Driver/Src/stm32f1xx_hal_tim.o
HAL_TIM_OnePulse_Start_IT                         Drivers/STM32F1xx_HAL_Driver/Src/stm32f1xx_hal_tim.o
HAL_TIM_OnePulse_Stop                             Drivers/STM32F1xx_HAL_Driver/Src/stm32f1xx_hal_tim.o
HAL_TIM_OnePulse_Stop_IT                          Drivers/STM32F1xx_HAL_Driver/Src/stm32f1xx_hal_tim.o
HAL_TIM_PWM_ConfigChannel                         Drivers/STM32F1xx_HAL_Driver/Src/stm32f1xx_hal_tim.o
HAL_TIM_PWM_DeInit                                Drivers/STM32F1xx_HAL_Driver/Src/stm32f1xx_hal_tim.o
HAL_TIM_PWM_GetState                              Drivers/STM32F1xx_HAL_Driver/Src/stm32f1xx_hal_tim.o
HAL_TIM_PWM_Init                                  Drivers/STM32F1xx_HAL_Driver/Src/stm32f1xx_hal_tim.o
HAL_TIM_PWM_MspDeInit                             Drivers/STM32F1xx_HAL_Driver/Src/stm32f1xx_hal_tim.o
HAL_TIM_PWM_MspInit                               Drivers/STM32F1xx_HAL_Driver/Src/stm32f1xx_hal_tim.o
HAL_TIM_PWM_PulseFinishedCallback                 Drivers/STM32F1xx_HAL_Driver/Src/stm32f1xx_hal_tim.o
HAL_TIM_PWM_Start                                 Drivers/STM32F1xx_HAL_Driver/Src/stm32f1xx_hal_tim.o
HAL_TIM_PWM_Start_DMA                             Drivers/STM32F1xx_HAL_Driver/Src/stm32f1xx_hal_tim.o
HAL_TIM_PWM_Start_IT                              Drivers/STM32F1xx_HAL_Driver/Src/stm32f1xx_hal_tim.o
HAL_TIM_PWM_Stop                                  Drivers/STM32F1xx_HAL_Driver/Src/stm32f1xx_hal_tim.o
HAL_TIM_PWM_Stop_DMA                              Drivers/STM32F1xx_HAL_Driver/Src/stm32f1xx_hal_tim.o
HAL_TIM_PWM_Stop_IT                               Drivers/STM32F1xx_HAL_Driver/Src/stm32f1xx_hal_tim.o
HAL_TIM_PeriodElapsedCallback                     Drivers/STM32F1xx_HAL_Driver/Src/stm32f1xx_hal_tim.o
HAL_TIM_ReadCapturedValue                         Drivers/STM32F1xx_HAL_Driver/Src/stm32f1xx_hal_tim.o
HAL_TIM_SlaveConfigSynchronization                Drivers/STM32F1xx_HAL_Driver/Src/stm32f1xx_hal_tim.o
HAL_TIM_SlaveConfigSynchronization_IT             Drivers/STM32F1xx_HAL_Driver/Src/stm32f1xx_hal_tim.o
HAL_TIM_TriggerCallback                           Drivers/STM32F1xx_HAL_Driver/Src/stm32f1xx_hal_tim.o
HAL_UART_Abort                                    Drivers/STM32F1xx_HAL_Driver/Src/stm32f1xx_hal_uart.o
HAL_UART_AbortCpltCallback                        Drivers/STM32F1xx_HAL_Driver/Src/stm32f1xx_hal_uart.o
HAL_UART_AbortReceive                             Drivers/STM32F1xx_HAL_Driver/Src/stm32f1xx_hal_uart.o
HAL_UART_AbortReceiveCpltCallback                 Drivers/STM32F1xx_HAL_Driver/Src/stm32f1xx_hal_uart.o
HAL_UART_AbortReceive_IT                          Drivers/STM32F1xx_HAL_Driver/Src/stm32f1xx_hal_uart.o
HAL_UART_AbortTransmit                            Drivers/STM32F1xx_HAL_Driver/Src/stm32f1xx_hal_uart.o
HAL_UART_AbortTransmitCpltCallback                Drivers/STM32F1xx_HAL_Driver/Src/stm32f1xx_hal_uart.o
HAL_UART_AbortTransmit_IT                         Drivers/STM32F1xx_HAL_Driver/Src/stm32f1xx_hal_uart.o