Archive member included to satisfy reference by file (symbol)

/opt/TrueSTUDIO/ARMTools/bin/../lib/gcc/arm-atollic-eabi/6.3.1/../../../../arm-atollic-eabi/lib/armv7-m/libc.a(lib_a-init.o)
                              startup/startup_stm32f103xb.o (__libc_init_array)
/opt/TrueSTUDIO/ARMTools/bin/../lib/gcc/arm-atollic-eabi/6.3.1/../../../../arm-atollic-eabi/lib/armv7-m/libc.a(lib_a-memset.o)
                              Drivers/STM32F1xx_HAL_Driver/Src/stm32f1xx_hal_rcc.o (memset)
/opt/TrueSTUDIO/ARMTools/bin/../lib/gcc/arm-atollic-eabi/6.3.1/armv7-m/libgcc.a(_lshrdi3.o)
                              Drivers/STM32F1xx_HAL_Driver/Src/stm32f1xx_hal_flash.o (__aeabi_llsr)
/opt/TrueSTUDIO/ARMTools/bin/../lib/gcc/arm-atollic-eabi/6.3.1/armv7-m/libgcc.a(unwind-arm.o)
                              Core/Src/main.o (__aeabi_unwind_cpp_pr0)
/opt/TrueSTUDIO/ARMTools/bin/../lib/gcc/arm-atollic-eabi/6.3.1/armv7-m/libgcc.a(libunwind.o)
                              /opt/TrueSTUDIO/ARMTools/bin/../lib/gcc/arm-atollic-eabi/6.3.1/armv7-m/libgcc.a(unwind-arm.o) (restore_core_regs)
/opt/TrueSTUDIO/ARMTools/bin/../lib/gcc/arm-atollic-eabi/6.3.1/armv7-m/libgcc.a(pr-support.o)
                              /opt/TrueSTUDIO/ARMTools/bin/../lib/gcc/arm-atollic-eabi/6.3.1/armv7-m/libgcc.a(unwind-arm.o) (__gnu_unwind_execute)
/opt/TrueSTUDIO/ARMTools/bin/../lib/gcc/arm-atollic-eabi/6.3.1/../../../../arm-atollic-eabi/lib/armv7-m/libc.a(lib_a-abort.o)
                              /opt/TrueSTUDIO/ARMTools/bin/../lib/gcc/arm-atollic-eabi/6.3.1/armv7-m/libgcc.a(unwind-arm.o) (abort)
/opt/TrueSTUDIO/ARMTools/bin/../lib/gcc/arm-atollic-eabi/6.3.1/../../../../arm-atollic-eabi/lib/armv7-m/libc.a(lib_a-memcpy-stub.o)
                              /opt/TrueSTUDIO/ARMTools/bin/../lib/gcc/arm-atollic-eabi/6.3.1/armv7-m/libgcc.a(unwind-arm.o) (memcpy)
/opt/TrueSTUDIO/ARMTools/bin/../lib/gcc/arm-atollic-eabi/6.3.1/../../../../arm-atollic-eabi/lib/armv7-m/libc.a(lib_a-signal.o)
                              /opt/TrueSTUDIO/ARMTools/bin/../lib/gcc/arm-atollic-eabi/6.3.1/../../../../arm-atollic-eabi/lib/armv7-m/libc.a(lib_a-abort.o) (raise)
/opt/TrueSTUDIO/ARMTools/bin/../lib/gcc/arm-atollic-eabi/6.3.1/../../../../arm-atollic-eabi/lib/armv7-m/libc.a(lib_a-signalr.o)
                              /opt/TrueSTUDIO/ARMTools/bin/../lib/gcc/arm-atollic-eabi/6.3.1/../../../../arm-atollic-eabi/lib/armv7-m/libc.a(lib_a-signal.o) (_kill_r)
/opt/TrueSTUDIO/ARMTools/bin/../lib/gcc/arm-atollic-eabi/6.3.1/../../../../arm-atollic-eabi/lib/armv7-m/libc.a(lib_a-impure.o)
                              /opt/TrueSTUDIO/ARMTools/bin/../lib/gcc/arm-atollic-eabi/6.3.1/../../../../arm-atollic-eabi/lib/armv7-m/libc.a(lib_a-signal.o) (_impure_ptr)
/opt/TrueSTUDIO/ARMTools/bin/../lib/gcc/arm-atollic-eabi/6.3.1/../../../../arm-atollic-eabi/lib/armv7-m/libc.a(lib_a-mallocr.o)
                              /opt/TrueSTUDIO/ARMTools/bin/../lib/gcc/arm-atollic-eabi/6.3.1/../../../../arm-atollic-eabi/lib/armv7-m/libc.a(lib_a-signal.o) (_malloc_r)
/opt/TrueSTUDIO/ARMTools/bin/../lib/gcc/arm-atollic-eabi/6.3.1/../../../../arm-atollic-eabi/lib/armv7-m/libc.a(lib_a-mlock.o)
                              /opt/TrueSTUDIO/ARMTools/bin/../lib/gcc/arm-atollic-eabi/6.3.1/../../../../arm-atollic-eabi/lib/armv7-m/libc.a(lib_a-mallocr.o) (__malloc_lock)
/opt/TrueSTUDIO/ARMTools/bin/../lib/gcc/arm-atollic-eabi/6.3.1/../../../../arm-atollic-eabi/lib/armv7-m/libc.a(lib_a-reent.o)
                              /opt/TrueSTUDIO/ARMTools/bin/../lib/gcc/arm-atollic-eabi/6.3.1/../../../../arm-atollic-eabi/lib/armv7-m/libc.a(lib_a-signalr.o) (errno)
/opt/TrueSTUDIO/ARMTools/bin/../lib/gcc/arm-atollic-eabi/6.3.1/../../../../arm-atollic-eabi/lib/armv7-m/libc.a(lib_a-sbrkr.o)
                              /opt/TrueSTUDIO/ARMTools/bin/../lib/gcc/arm-atollic-eabi/6.3.1/../../../../arm-atollic-eabi/lib/armv7-m/libc.a(lib_a-mallocr.o) (_sbrk_r)
/opt/TrueSTUDIO/ARMTools/bin/../lib/gcc/arm-atollic-eabi/6.3.1/../../../../arm-atollic-eabi/lib/armv7-m/libc.a(lib_a-freer.o)
                              /opt/TrueSTUDIO/ARMTools/bin/../lib/gcc/arm-atollic-eabi/6.3.1/../../../../arm-atollic-eabi/lib/armv7-m/libc.a(lib_a-mallocr.o) (_free_r)
/opt/TrueSTUDIO/ARMTools/bin/../lib/gcc/arm-atollic-eabi/6.3.1/../../../../arm-atollic-eabi/lib/armv7-m/libc.a(lib_a-lock.o)
                              /opt/TrueSTUDIO/ARMTools/bin/../lib/gcc/arm-atollic-eabi/6.3.1/../../../../arm-atollic-eabi/lib/armv7-m/libc.a(lib_a-mlock.o) (__retarget_lock_acquire_recursive)
/opt/TrueSTUDIO/ARMTools/bin/../lib/gcc/arm-atollic-eabi/6.3.1/../../../../arm-atollic-eabi/lib/armv7-m/libnosys.a(getpid.o)
                              /opt/TrueSTUDIO/ARMTools/bin/../lib/gcc/arm-atollic-eabi/6.3.1/../../../../arm-atollic-eabi/lib/armv7-m/libc.a(lib_a-signalr.o) (_getpid)
/opt/TrueSTUDIO/ARMTools/bin/../lib/gcc/arm-atollic-eabi/6.3.1/../../../../arm-atollic-eabi/lib/armv7-m/libnosys.a(kill.o)
[...]
Memory Configuration

Name             Origin             Length             Attributes
RAM              0x0000000020000000 0x0000000000005000 xrw
FLASH            0x0000000008000000 0x0000000000010000 xr
*default*        0x0000000000000000 0xffffffffffffffff

Linker script and memory map

LOAD /opt/TrueSTUDIO/ARMTools/bin/../lib/gcc/arm-atollic-eabi/6.3.1/armv7-m/crti.o
LOAD /opt/TrueSTUDIO/ARMTools/bin/../lib/gcc/arm-atollic-eabi/6.3.1/armv7-m/crtbegin.o
LOAD Core/Src/main.o
LOAD Core/Src/stm32f1xx_hal_msp.o
LOAD Core/Src/stm32f1xx_it.o
LOAD Core/Src/system_stm32f1xx.o
LOAD Drivers/STM32F1xx_HAL_Driver/Src/stm32f1xx_hal.o
LOAD Drivers/STM32F1xx_HAL_Driver/Src/stm32f1xx_hal_cortex.o
LOAD Drivers/STM32F1xx_HAL_Driver/Src/stm32f1xx_hal_dma.o
LOAD Drivers/STM32F1xx_HAL_Driver/Src/stm32f1xx_hal_flash.o
LOAD Drivers/STM32F1xx_HAL_Driver/Src/stm32f1xx_hal_flash_ex.o
LOAD Drivers/STM32F1xx_HAL_Driver/Src/stm32f1xx_hal_gpio.o
LOAD Drivers/STM32F1xx_HAL_Driver/Src/stm32f1xx_hal_gpio_ex.o
LOAD Drivers/STM32F1xx_HAL_Driver/Src/stm32f1xx_hal_pwr.o
LOAD Drivers/STM32F1xx_HAL_Driver/Src/stm32f1xx_hal_rcc.o
LOAD Drivers/STM32F1xx_HAL_Driver/Src/stm32f1xx_hal_rcc_ex.o
LOAD Drivers/STM32F1xx_HAL_Driver/Src/stm32f1xx_hal_tim.o
LOAD Drivers/STM32F1xx_HAL_Driver/Src/stm32f1xx_hal_tim_ex.o
LOAD Drivers/STM32F1xx_HAL_Driver/Src/stm32f1xx_hal_uart.o
LOAD startup/startup_stm32f103xb.o
                0x0000000000001000                malloc_getpagesize_P = 0x1000
START GROUP
LOAD /opt/TrueSTUDIO/ARMTools/bin/../lib/gcc/arm-atollic-eabi/6.3.1/../../../../arm-atollic-eabi/lib/armv7-m/libstdc++.a
LOAD /opt/TrueSTUDIO/ARMTools/bin/../lib/gcc/arm-atollic-eabi/6.3.1/../../../../arm-atollic-eabi/lib/armv7-m/libsupc++.a
END GROUP
LOAD /opt/TrueSTUDIO/ARMTools/bin/../lib/gcc/arm-atollic-eabi/6.3.1/../../../../arm-atollic-eabi/lib/armv7-m/libstdc++.a
LOAD /opt/TrueSTUDIO/ARMTools/bin/../lib/gcc/arm-atollic-eabi/6.3.1/../../../../arm-atollic-eabi/lib/armv7-m/libm.a
LOAD /opt/TrueSTUDIO/ARMTools/bin/../lib/gcc/arm-atollic-eabi/6.3.1/../../../../arm-atollic-eabi/lib/armv7-m/libc.a
START GROUP
LOAD /opt/TrueSTUDIO/ARMTools/bin/../lib/gcc/arm-atollic-eabi/6.3.1/armv7-m/libgcc.a
LOAD /opt/TrueSTUDIO/ARMTools/bin/../lib/gcc/arm-atollic-eabi/6.3.1/../../../../arm-atollic-eabi/lib/armv7-m/libc.a
END GROUP
START GROUP
LOAD /opt/TrueSTUDIO/ARMTools/bin/../lib/gcc/arm-atollic-eabi/6.3.1/armv7-m/libgcc.a
LOAD /opt/TrueSTUDIO/ARMTools/bin/../lib/gcc/arm-atollic-eabi/6.3.1/../../../../arm-atollic-eabi/lib/armv7-m/libc.a
LOAD /opt/TrueSTUDIO/ARMTools/bin/../lib/gcc/arm-atollic-eabi/6.3.1/../../../../arm-atollic-eabi/lib/armv7-m/libnosys.a
END GROUP
LOAD /opt/TrueSTUDIO/ARMTools/bin/../lib/gcc/arm-atollic-eabi/6.3.1/armv7-m/crtend.o
LOAD /opt/TrueSTUDIO/ARMTools/bin/../lib/gcc/arm-atollic-eabi/6.3.1/armv7-m/crtn.o
                0x0000000020005000                _estack = 0x20005000
                0x0000000000000200                _Min_Heap_Size = 0x200
                0x0000000000000400                _Min_Stack_Size = 0x400

.isr_vector     0x0000000008000000      0x10c
                0x0000000008000000                . = ALIGN (0x4)
 *(.isr_vector)
 .isr_vector    0x0000000008000000      0x10c startup/startup_stm32f103xb.o
                0x0000000008000000                g_pfnVectors
                0x000000000800010c                . = ALIGN (0x4)

.text           0x000000000800010c     0x2c6c
                0x000000000800010c                . = ALIGN (0x4)
 *(.text)
 .text          0x000000000800010c       0x40 /opt/TrueSTUDIO/ARMTools/bin/../lib/gcc/arm-atollic-eabi/6.3.1/armv7-m/crtbegin.o
 .text          0x000000000800014c      0x9dc /opt/TrueSTUDIO/ARMTools/bin/../lib/gcc/arm-atollic-eabi/6.3.1/armv7-m/libgcc.a(unwind-arm.o)
                0x0000000008000410                _Unwind_GetCFA
                0x0000000008000414                __gnu_Unwind_RaiseException
                0x0000000008000474                __gnu_Unwind_ForcedUnwind
                0x0000000008000488                __gnu_Unwind_Resume
                0x00000000080004cc                __gnu_Unwind_Resume_or_Rethrow
                0x00000000080004e0                _Unwind_Complete
                0x00000000080004e4                _Unwind_DeleteException
                0x00000000080004f0                _Unwind_VRS_Get
                0x000000000800053c                _Unwind_VRS_Set
                0x000000000800058c                __gnu_Unwind_Backtrace
                0x00000000080008d0                __aeabi_unwind_cpp_pr0
                0x00000000080008d4                __aeabi_unwind_cpp_pr1
                0x00000000080008d8                __aeabi_unwind_cpp_pr2
                0x00000000080008dc                _Unwind_VRS_Pop
 .text          0x0000000008000b28      0x1ac /opt/TrueSTUDIO/ARMTools/bin/../lib/gcc/arm-atollic-eabi/6.3.1/armv7-m/libgcc.a(libunwind.o)
                0x0000000008000b28                __restore_core_regs
                0x0000000008000b28                restore_core_regs
                0x0000000008000b40                __gnu_Unwind_Restore_VFP
                0x0000000008000b48                __gnu_Unwind_Save_VFP
                0x0000000008000b50                __gnu_Unwind_Restore_VFP_D
                0x0000000008000b58                __gnu_Unwind_Save_VFP_D
                0x0000000008000b60                __gnu_Unwind_Restore_VFP_D_16_to_31
                0x0000000008000b68                __gnu_Unwind_Save_VFP_D_16_to_31
                0x0000000008000b70                __gnu_Unwind_Restore_WMMXD
                0x0000000008000bb4                __gnu_Unwind_Save_WMMXD
                0x0000000008000bf8                __gnu_Unwind_Restore_WMMXC
                0x0000000008000c0c                __gnu_Unwind_Save_WMMXC
                0x0000000008000c20                ___Unwind_RaiseException
                0x0000000008000c20                _Unwind_RaiseException
                0x0000000008000c44                ___Unwind_Resume
                0x0000000008000c44                _Unwind_Resume
                0x0000000008000c68                _Unwind_Resume_or_Rethrow
                0x0000000008000c68                ___Unwind_Resume_or_Rethrow
                0x0000000008000c8c                ___Unwind_ForcedUnwind
                0x0000000008000c8c                _Unwind_ForcedUnwind
                0x0000000008000cb0                _Unwind_Backtrace
                0x0000000008000cb0                ___Unwind_Backtrace
 .text          0x0000000008000cd4      0x384 /opt/TrueSTUDIO/ARMTools/bin/../lib/gcc/arm-atollic-eabi/6.3.1/armv7-m/libgcc.a(pr-support.o)
                0x0000000008000d2c                __gnu_unwind_execute
                0x0000000008000ffc                __gnu_unwind_frame
                0x0000000008001028                _Unwind_GetRegionStart
                0x0000000008001034                _Unwind_GetLanguageSpecificData
                0x0000000008001048                _Unwind_GetTextRelBase
                0x0000000008001050                _Unwind_GetDataRelBase
 *(.text*)
 .text._ZN11SerialClassC2ER18UART_HandleTypeDef
                0x0000000008001058       0x2e Core/Src/main.o
                0x0000000008001058                SerialClass::SerialClass(UART_HandleTypeDef&)
                0x0000000008001058                SerialClass::SerialClass(UART_HandleTypeDef&)
 .text._ZN11SerialClass10get_handleEv
                0x0000000008001086       0x18 Core/Src/main.o
                0x0000000008001086                SerialClass::get_handle()
 .text._ZN11SerialClass9start_dmaEv
                0x000000000800109e       0x36 Core/Src/main.o
                0x000000000800109e                SerialClass::start_dma()
 .text._ZN11SerialClass5writeEPKhi
                0x00000000080010d4       0x74 Core/Src/main.o
                0x00000000080010d4                SerialClass::write(unsigned char const*, int)
 .text._ZN11SerialClass16tx_cplt_callbackEv
                0x0000000008001148       0x1a Core/Src/main.o
                0x0000000008001148                SerialClass::tx_cplt_callback()
 *fill*         0x0000000008001162        0x2 
 .text.HAL_UART_TxCpltCallback
                0x0000000008001164       0x38 Core/Src/main.o
                0x0000000008001164                HAL_UART_TxCpltCallback
 .text.main     0x000000000800119c       0x3c Core/Src/main.o
                0x000000000800119c                main
 .text._Z18SystemClock_Configv
                0x00000000080011d8       0xb8 Core/Src/main.o
                0x00000000080011d8                SystemClock_Config()
 .text._ZL12MX_TIM3_Initv
                0x0000000008001290       0xb8 Core/Src/main.o
 .text._ZL19MX_USART1_UART_Initv
                0x0000000008001348       0x68 Core/Src/main.o
 .text._ZL11MX_DMA_Initv
                0x00000000080013b0       0x4c Core/Src/main.o
 .text._ZL12MX_GPIO_Initv
                0x00000000080013fc       0x5c Core/Src/main.o
 .text._Error_Handler
                0x0000000008001458        0xc Core/Src/main.o
                0x0000000008001458                _Error_Handler
 .text._Z41__static_initialization_and_destruction_0ii
                0x0000000008001464       0x34 Core/Src/main.o
 .text._GLOBAL__sub_I_htim3
                0x0000000008001498       0x10 Core/Src/main.o
 .text.HAL_MspInit
                0x00000000080014a8       0xbc Core/Src/stm32f1xx_hal_msp.o
                0x00000000080014a8                HAL_MspInit
 .text.HAL_TIM_Base_MspInit
                0x0000000008001564       0x4c Core/Src/stm32f1xx_hal_msp.o
                0x0000000008001564                HAL_TIM_Base_MspInit
 .text.HAL_UART_MspInit
                0x00000000080015b0      0x154 Core/Src/stm32f1xx_hal_msp.o
                0x00000000080015b0                HAL_UART_MspInit
 .text.NMI_Handler
                0x0000000008001704        0xc Core/Src/stm32f1xx_it.o
                0x0000000008001704                NMI_Handler
 .text.HardFault_Handler
                0x0000000008001710        0x6 Core/Src/stm32f1xx_it.o
                0x0000000008001710                HardFault_Handler
 .text.MemManage_Handler
                0x0000000008001716        0x6 Core/Src/stm32f1xx_it.o
                0x0000000008001716                MemManage_Handler
 .text.BusFault_Handler
                0x000000000800171c        0x6 Core/Src/stm32f1xx_it.o
                0x000000000800171c                BusFault_Handler
 .text.UsageFault_Handler
                0x0000000008001722        0x6 Core/Src/stm32f1xx_it.o
                0x0000000008001722                UsageFault_Handler
 .text.SVC_Handler
                0x0000000008001728        0xc Core/Src/stm32f1xx_it.o
                0x0000000008001728                SVC_Handler
 .text.DebugMon_Handler
                0x0000000008001734        0xc Core/Src/stm32f1xx_it.o
                0x0000000008001734                DebugMon_Handler
 .text.PendSV_Handler
                0x0000000008001740        0xc Core/Src/stm32f1xx_it.o
                0x0000000008001740                PendSV_Handler
 .text.SysTick_Handler
                0x000000000800174c       0x10 Core/Src/stm32f1xx_it.o
                0x000000000800174c                SysTick_Handler
 .text.DMA1_Channel4_IRQHandler
                0x000000000800175c       0x14 Core/Src/stm32f1xx_it.o
                0x000000000800175c                DMA1_Channel4_IRQHandler
 .text.DMA1_Channel5_IRQHandler
                0x0000000008001770       0x14 Core/Src/stm32f1xx_it.o
                0x0000000008001770                DMA1_Channel5_IRQHandler
 .text.TIM3_IRQHandler
                0x0000000008001784       0x14 Core/Src/stm32f1xx_it.o
                0x0000000008001784                TIM3_IRQHandler
 .text.USART1_IRQHandler
                0x0000000008001798       0x14 Core/Src/stm32f1xx_it.o
                0x0000000008001798                USART1_IRQHandler
 .text.SystemInit
                0x00000000080017ac       0x4c Core/Src/system_stm32f1xx.o
                0x00000000080017ac                SystemInit
 .text.HAL_InitTick
                0x00000000080017f8       0x48 Drivers/STM32F1xx_HAL_Driver/Src/stm32f1xx_hal.o
                0x00000000080017f8                HAL_InitTick
 .text.HAL_Init
                0x0000000008001840       0x24 Drivers/STM32F1xx_HAL_Driver/Src/stm32f1xx_hal.o
                0x0000000008001840                HAL_Init
 .text.HAL_IncTick
                0x0000000008001864       0x18 Drivers/STM32F1xx_HAL_Driver/Src/stm32f1xx_hal.o
                0x0000000008001864                HAL_IncTick
 .text.HAL_GetTick
                0x000000000800187c        0xc Drivers/STM32F1xx_HAL_Driver/Src/stm32f1xx_hal.o
                0x000000000800187c                HAL_GetTick
 .text.HAL_NVIC_SetPriorityGrouping
                0x0000000008001888       0x24 Drivers/STM32F1xx_HAL_Driver/Src/stm32f1xx_hal_cortex.o
                0x0000000008001888                HAL_NVIC_SetPriorityGrouping
 .text.HAL_NVIC_SetPriority
                0x00000000080018ac       0x68 Drivers/STM32F1xx_HAL_Driver/Src/stm32f1xx_hal_cortex.o
                0x00000000080018ac                HAL_NVIC_SetPriority
 .text.HAL_NVIC_EnableIRQ
                0x0000000008001914       0x18 Drivers/STM32F1xx_HAL_Driver/Src/stm32f1xx_hal_cortex.o
                0x0000000008001914                HAL_NVIC_EnableIRQ
 .text.HAL_SYSTICK_Config
                0x000000000800192c       0x2c Drivers/STM32F1xx_HAL_Driver/Src/stm32f1xx_hal_cortex.o
                0x000000000800192c                HAL_SYSTICK_Config
 .text.HAL_SYSTICK_CLKSourceConfig
                0x0000000008001958       0x18 Drivers/STM32F1xx_HAL_Driver/Src/stm32f1xx_hal_cortex.o
                0x0000000008001958                HAL_SYSTICK_CLKSourceConfig
 .text.HAL_SYSTICK_Callback
                0x0000000008001970        0x2 Drivers/STM32F1xx_HAL_Driver/Src/stm32f1xx_hal_cortex.o
                0x0000000008001970                HAL_SYSTICK_Callback
 .text.HAL_SYSTICK_IRQHandler
                0x0000000008001972        0x8 Drivers/STM32F1xx_HAL_Driver/Src/stm32f1xx_hal_cortex.o
                0x0000000008001972                HAL_SYSTICK_IRQHandler
 *fill*         0x000000000800197a        0x2 
 .text.HAL_DMA_Init
                0x000000000800197c       0x68 Drivers/STM32F1xx_HAL_Driver/Src/stm32f1xx_hal_dma.o
                0x000000000800197c                HAL_DMA_Init
 .text.HAL_DMA_Start_IT
                0x00000000080019e4       0x7a Drivers/STM32F1xx_HAL_Driver/Src/stm32f1xx_hal_dma.o
                0x00000000080019e4                HAL_DMA_Start_IT
 *fill*         0x0000000008001a5e        0x2 
 .text.HAL_DMA_Abort_IT
                0x0000000008001a60       0x90 Drivers/STM32F1xx_HAL_Driver/Src/stm32f1xx_hal_dma.o
                0x0000000008001a60                HAL_DMA_Abort_IT
 .text.HAL_DMA_IRQHandler
                0x0000000008001af0      0x128 Drivers/STM32F1xx_HAL_Driver/Src/stm32f1xx_hal_dma.o
                0x0000000008001af0                HAL_DMA_IRQHandler
 .text.HAL_GPIO_Init
                0x0000000008001c18      0x1c0 Drivers/STM32F1xx_HAL_Driver/Src/stm32f1xx_hal_gpio.o
                0x0000000008001c18                HAL_GPIO_Init
 .text.HAL_RCC_OscConfig
                0x0000000008001dd8      0x318 Drivers/STM32F1xx_HAL_Driver/Src/stm32f1xx_hal_rcc.o
                0x0000000008001dd8                HAL_RCC_OscConfig
 .text.HAL_RCC_GetSysClockFreq
                0x00000000080020f0       0x78 Drivers/STM32F1xx_HAL_Driver/Src/stm32f1xx_hal_rcc.o
                0x00000000080020f0                HAL_RCC_GetSysClockFreq
 .text.HAL_RCC_ClockConfig
                0x0000000008002168      0x148 Drivers/STM32F1xx_HAL_Driver/Src/stm32f1xx_hal_rcc.o
                0x0000000008002168                HAL_RCC_ClockConfig
 .text.HAL_RCC_GetHCLKFreq
                0x00000000080022b0        0xc Drivers/STM32F1xx_HAL_Driver/Src/stm32f1xx_hal_rcc.o
                0x00000000080022b0                HAL_RCC_GetHCLKFreq
 .text.HAL_RCC_GetPCLK1Freq
                0x00000000080022bc       0x20 Drivers/STM32F1xx_HAL_Driver/Src/stm32f1xx_hal_rcc.o
                0x00000000080022bc                HAL_RCC_GetPCLK1Freq
 .text.HAL_RCC_GetPCLK2Freq
                0x00000000080022dc       0x20 Drivers/STM32F1xx_HAL_Driver/Src/stm32f1xx_hal_rcc.o
                0x00000000080022dc                HAL_RCC_GetPCLK2Freq
 .text.HAL_TIM_ConfigClockSource
                0x00000000080022fc      0x172 Drivers/STM32F1xx_HAL_Driver/Src/stm32f1xx_hal_tim.o
                0x00000000080022fc                HAL_TIM_ConfigClockSource
 .text.HAL_TIM_PeriodElapsedCallback
                0x000000000800246e        0x2 Drivers/STM32F1xx_HAL_Driver/Src/stm32f1xx_hal_tim.o
                0x000000000800246e                HAL_TIM_PeriodElapsedCallback
 .text.HAL_TIM_OC_DelayElapsedCallback
                0x0000000008002470        0x2 Drivers/STM32F1xx_HAL_Driver/Src/stm32f1xx_hal_tim.o
                0x0000000008002470                HAL_TIM_OC_DelayElapsedCallback
 .text.HAL_TIM_IC_CaptureCallback
                0x0000000008002472        0x2 Drivers/STM32F1xx_HAL_Driver/Src/stm32f1xx_hal_tim.o
                0x0000000008002472                HAL_TIM_IC_CaptureCallback
 .text.HAL_TIM_PWM_PulseFinishedCallback
                0x0000000008002474        0x2 Drivers/STM32F1xx_HAL_Driver/Src/stm32f1xx_hal_tim.o
                0x0000000008002474                HAL_TIM_PWM_PulseFinishedCallback
 .text.HAL_TIM_TriggerCallback
                0x0000000008002476        0x2 Drivers/STM32F1xx_HAL_Driver/Src/stm32f1xx_hal_tim.o
                0x0000000008002476                HAL_TIM_TriggerCallback
 .text.HAL_TIM_IRQHandler
                0x0000000008002478      0x144 Drivers/STM32F1xx_HAL_Driver/Src/stm32f1xx_hal_tim.o
                0x0000000008002478                HAL_TIM_IRQHandler
 .text.TIM_Base_SetConfig
                0x00000000080025bc       0x70 Drivers/STM32F1xx_HAL_Driver/Src/stm32f1xx_hal_tim.o
                0x00000000080025bc                TIM_Base_SetConfig
 .text.HAL_TIM_Base_Init
                0x000000000800262c       0x34 Drivers/STM32F1xx_HAL_Driver/Src/stm32f1xx_hal_tim.o
                0x000000000800262c                HAL_TIM_Base_Init
 .text.HAL_TIMEx_MasterConfigSynchronization
                0x0000000008002660       0x44 Drivers/STM32F1xx_HAL_Driver/Src/stm32f1xx_hal_tim_ex.o
                0x0000000008002660                HAL_TIMEx_MasterConfigSynchronization
 .text.HAL_TIMEx_CommutationCallback
                0x00000000080026a4        0x2 Drivers/STM32F1xx_HAL_Driver/Src/stm32f1xx_hal_tim_ex.o
                0x00000000080026a4                HAL_TIMEx_CommutationCallback
 .text.HAL_TIMEx_BreakCallback
                0x00000000080026a6        0x2 Drivers/STM32F1xx_HAL_Driver/Src/stm32f1xx_hal_tim_ex.o
                0x00000000080026a6                HAL_TIMEx_BreakCallback
 .text.UART_EndRxTransfer
                0x00000000080026a8       0x1a Drivers/STM32F1xx_HAL_Driver/Src/stm32f1xx_hal_uart.o
 *fill*         0x00000000080026c2        0x2 
 .text.UART_SetConfig
                0x00000000080026c4      0x13c Drivers/STM32F1xx_HAL_Driver/Src/stm32f1xx_hal_uart.o
 .text.HAL_UART_Init
                0x0000000008002800       0x5c Drivers/STM32F1xx_HAL_Driver/Src/stm32f1xx_hal_uart.o
                0x0000000008002800                HAL_UART_Init
 .text.HAL_UART_Transmit_DMA
                0x000000000800285c       0x74 Drivers/STM32F1xx_HAL_Driver/Src/stm32f1xx_hal_uart.o
                0x000000000800285c                HAL_UART_Transmit_DMA
 .text.HAL_UART_Receive_DMA
                0x00000000080028d0       0x90 Drivers/STM32F1xx_HAL_Driver/Src/stm32f1xx_hal_uart.o
                0x00000000080028d0                HAL_UART_Receive_DMA
 .text.UART_DMATransmitCplt
                0x0000000008002960       0x2c Drivers/STM32F1xx_HAL_Driver/Src/stm32f1xx_hal_uart.o
 .text.HAL_UART_TxHalfCpltCallback
                0x000000000800298c        0x2 Drivers/STM32F1xx_HAL_Driver/Src/stm32f1xx_hal_uart.o
                0x000000000800298c                HAL_UART_TxHalfCpltCallback
 .text.UART_DMATxHalfCplt
                0x000000000800298e        0xa Drivers/STM32F1xx_HAL_Driver/Src/stm32f1xx_hal_uart.o
 .text.HAL_UART_RxCpltCallback
                0x0000000008002998        0x2 Drivers/STM32F1xx_HAL_Driver/Src/stm32f1xx_hal_uart.o
                0x0000000008002998                HAL_UART_RxCpltCallback
 .text.UART_DMAReceiveCplt
                0x000000000800299a       0x38 Drivers/STM32F1xx_HAL_Driver/Src/stm32f1xx_hal_uart.o
 .text.UART_Receive_IT
                0x00000000080029d2       0x7c Drivers/STM32F1xx_HAL_Driver/Src/stm32f1xx_hal_uart.o
 .text.HAL_UART_RxHalfCpltCallback
                0x0000000008002a4e        0x2 Drivers/STM32F1xx_HAL_Driver/Src/stm32f1xx_hal_uart.o
                0x0000000008002a4e                HAL_UART_RxHalfCpltCallback
 .text.UART_DMARxHalfCplt
                0x0000000008002a50        0xa Drivers/STM32F1xx_HAL_Driver/Src/stm32f1xx_hal_uart.o
 .text.HAL_UART_ErrorCallback
                0x0000000008002a5a        0x2 Drivers/STM32F1xx_HAL_Driver/Src/stm32f1xx_hal_uart.o
                0x0000000008002a5a                HAL_UART_ErrorCallback
 .text.UART_DMAError
                0x0000000008002a5c       0x4e Drivers/STM32F1xx_HAL_Driver/Src/stm32f1xx_hal_uart.o
 *fill*         0x0000000008002aaa        0x2 
 .text.HAL_UART_IRQHandler
                0x0000000008002aac      0x140 Drivers/STM32F1xx_HAL_Driver/Src/stm32f1xx_hal_uart.o
                0x0000000008002aac                HAL_UART_IRQHandler
 .text.UART_DMAAbortOnError
                0x0000000008002bec       0x10 Drivers/STM32F1xx_HAL_Driver/Src/stm32f1xx_hal_uart.o
 .text.Reset_Handler
                0x0000000008002bfc       0x48 startup/startup_stm32f103xb.o
                0x0000000008002bfc                Reset_Handler
 .text.Default_Handler
                0x0000000008002c44        0x2 startup/startup_stm32f103xb.o
                0x0000000008002c44                RTC_Alarm_IRQHandler
                0x0000000008002c44                EXTI2_IRQHandler
                0x0000000008002c44                TIM1_CC_IRQHandler
                0x0000000008002c44                PVD_IRQHandler
                0x0000000008002c44                EXTI3_IRQHandler
                0x0000000008002c44                EXTI0_IRQHandler
                0x0000000008002c44                I2C2_EV_IRQHandler
                0x0000000008002c44                ADC1_2_IRQHandler
                0x0000000008002c44                SPI1_IRQHandler
                0x0000000008002c44                TAMPER_IRQHandler
                0x0000000008002c44                USART3_IRQHandler
                0x0000000008002c44                RTC_IRQHandler
                0x0000000008002c44                DMA1_Channel7_IRQHandler
                0x0000000008002c44                CAN1_RX1_IRQHandler
                0x0000000008002c44                TIM4_IRQHandler
                0x0000000008002c44                I2C1_EV_IRQHandler
                0x0000000008002c44                DMA1_Channel6_IRQHandler
                0x0000000008002c44                RCC_IRQHandler
                0x0000000008002c44                TIM1_TRG_COM_IRQHandler
                0x0000000008002c44                DMA1_Channel1_IRQHandler
                0x0000000008002c44                Default_Handler
                0x0000000008002c44                EXTI15_10_IRQHandler
                0x0000000008002c44                EXTI9_5_IRQHandler
                0x0000000008002c44                SPI2_IRQHandler
                0x0000000008002c44                EXTI4_IRQHandler
                0x0000000008002c44                USB_LP_CAN1_RX0_IRQHandler
                0x0000000008002c44                USB_HP_CAN1_TX_IRQHandler
                0x0000000008002c44                DMA1_Channel3_IRQHandler
                0x0000000008002c44                TIM1_UP_IRQHandler
                0x0000000008002c44                WWDG_IRQHandler
                0x0000000008002c44                TIM2_IRQHandler
                0x0000000008002c44                TIM1_BRK_IRQHandler
                0x0000000008002c44                EXTI1_IRQHandler
                0x0000000008002c44                USART2_IRQHandler
                0x0000000008002c44                I2C2_ER_IRQHandler
                0x0000000008002c44                DMA1_Channel2_IRQHandler
                0x0000000008002c44                CAN1_SCE_IRQHandler
                0x0000000008002c44                FLASH_IRQHandler
                0x0000000008002c44                I2C1_ER_IRQHandler
                0x0000000008002c44                USBWakeUp_IRQHandler
 *fill*         0x0000000008002c46        0x2 
 .text.__libc_init_array
                0x0000000008002c48       0x48 /opt/TrueSTUDIO/ARMTools/bin/../lib/gcc/arm-atollic-eabi/6.3.1/../../../../arm-atollic-eabi/lib/armv7-m/libc.a(lib_a-init.o)
                0x0000000008002c48                __libc_init_array
 .text.abort    0x0000000008002c90        0xe /opt/TrueSTUDIO/ARMTools/bin/../lib/gcc/arm-atollic-eabi/6.3.1/../../../../arm-atollic-eabi/lib/armv7-m/libc.a(lib_a-abort.o)
                0x0000000008002c90                abort
 .text.memcpy   0x0000000008002c9e       0x16 /opt/TrueSTUDIO/ARMTools/bin/../lib/gcc/arm-atollic-eabi/6.3.1/../../../../arm-atollic-eabi/lib/armv7-m/libc.a(lib_a-memcpy-stub.o)
                0x0000000008002c9e                memcpy
 .text._raise_r
                0x0000000008002cb4       0x50 /opt/TrueSTUDIO/ARMTools/bin/../lib/gcc/arm-atollic-eabi/6.3.1/../../../../arm-atollic-eabi/lib/armv7-m/libc.a(lib_a-signal.o)
                0x0000000008002cb4                _raise_r
 .text.raise    0x0000000008002d04       0x10 /opt/TrueSTUDIO/ARMTools/bin/../lib/gcc/arm-atollic-eabi/6.3.1/../../../../arm-atollic-eabi/lib/armv7-m/libc.a(lib_a-signal.o)
                0x0000000008002d04                raise
 .text._kill_r  0x0000000008002d14       0x24 /opt/TrueSTUDIO/ARMTools/bin/../lib/gcc/arm-atollic-eabi/6.3.1/../../../../arm-atollic-eabi/lib/armv7-m/libc.a(lib_a-signalr.o)
                0x0000000008002d14                _kill_r
 .text._getpid_r
                0x0000000008002d38        0x4 /opt/TrueSTUDIO/ARMTools/bin/../lib/gcc/arm-atollic-eabi/6.3.1/../../../../arm-atollic-eabi/lib/armv7-m/libc.a(lib_a-signalr.o)
                0x0000000008002d38                _getpid_r
 .text._getpid  0x0000000008002d3c       0x10 /opt/TrueSTUDIO/ARMTools/bin/../lib/gcc/arm-atollic-eabi/6.3.1/../../../../arm-atollic-eabi/lib/armv7-m/libnosys.a(getpid.o)
                0x0000000008002d3c                _getpid
 .text._kill    0x0000000008002d4c       0x10 /opt/TrueSTUDIO/ARMTools/bin/../lib/gcc/arm-atollic-eabi/6.3.1/../../../../arm-atollic-eabi/lib/armv7-m/libnosys.a(kill.o)
                0x0000000008002d4c                _kill
 .text._exit    0x0000000008002d5c        0x2 /opt/TrueSTUDIO/ARMTools/bin/../lib/gcc/arm-atollic-eabi/6.3.1/../../../../arm-atollic-eabi/lib/armv7-m/libnosys.a(_exit.o)
                0x0000000008002d5c                _exit
 *(.glue_7)
 .glue_7        0x0000000008002d5e        0x0 linker stubs
 *(.glue_7t)
 .glue_7t       0x0000000008002d5e        0x0 linker stubs
 *(.eh_frame)
 *fill*         0x0000000008002d5e        0x2 
 .eh_frame      0x0000000008002d60        0x0 /opt/TrueSTUDIO/ARMTools/bin/../lib/gcc/arm-atollic-eabi/6.3.1/armv7-m/crtbegin.o
 *(.init)
 .init          0x0000000008002d60        0x4 /opt/TrueSTUDIO/ARMTools/bin/../lib/gcc/arm-atollic-eabi/6.3.1/armv7-m/crti.o
                0x0000000008002d60                _init
 .init          0x0000000008002d64        0x8 /opt/TrueSTUDIO/ARMTools/bin/../lib/gcc/arm-atollic-eabi/6.3.1/armv7-m/crtn.o
 *(.fini)
 .fini          0x0000000008002d6c        0x4 /opt/TrueSTUDIO/ARMTools/bin/../lib/gcc/arm-atollic-eabi/6.3.1/armv7-m/crti.o
                0x0000000008002d6c                _fini
 .fini          0x0000000008002d70        0x8 /opt/TrueSTUDIO/ARMTools/bin/../lib/gcc/arm-atollic-eabi/6.3.1/armv7-m/crtn.o
                0x0000000008002d78                . = ALIGN (0x4)
                0x0000000008002d78                _etext = .

.vfp11_veneer   0x0000000008002d78        0x0
 .vfp11_veneer  0x0000000008002d78        0x0 linker stubs

.v4_bx          0x0000000008002d78        0x0
 .v4_bx         0x0000000008002d78        0x0 linker stubs

.iplt           0x0000000008002d78        0x0
 .iplt          0x0000000008002d78        0x0 /opt/TrueSTUDIO/ARMTools/bin/../lib/gcc/arm-atollic-eabi/6.3.1/armv7-m/crtbegin.o

.rodata         0x0000000008002d78       0x78
                0x0000000008002d78                . = ALIGN (0x4)
 *(.rodata)
 .rodata        0x0000000008002d78       0x29 Core/Src/main.o
 *fill*         0x0000000008002da1        0x3 
 .rodata        0x0000000008002da4       0x22 Core/Src/stm32f1xx_hal_msp.o
 .rodata        0x0000000008002dc6       0x10 Drivers/STM32F1xx_HAL_Driver/Src/stm32f1xx_hal_rcc.o
 *(.rodata*)
 .rodata.AHBPrescTable
                0x0000000008002dd6       0x10 Core/Src/system_stm32f1xx.o
                0x0000000008002dd6                AHBPrescTable
 .rodata.APBPrescTable
                0x0000000008002de6        0x8 Core/Src/system_stm32f1xx.o
                0x0000000008002de6                APBPrescTable
                0x0000000008002df0                . = ALIGN (0x4)
 *fill*         0x0000000008002dee        0x2 

.ARM.extab      0x0000000008002df0       0x84
 *(.ARM.extab* .gnu.linkonce.armextab.*)
 .ARM.extab.text._ZN11SerialClassC2ER18UART_HandleTypeDef
                0x0000000008002df0        0x0 Core/Src/main.o
 .ARM.extab.text._ZN11SerialClass10get_handleEv
                0x0000000008002df0        0x0 Core/Src/main.o
 .ARM.extab.text._ZN11SerialClass9start_dmaEv
                0x0000000008002df0        0xc Core/Src/main.o
 .ARM.extab.text._ZN11SerialClass5writeEPKhi
                0x0000000008002dfc        0xc Core/Src/main.o
 .ARM.extab.text._ZN11SerialClass16tx_cplt_callbackEv
                0x0000000008002e08        0x0 Core/Src/main.o
 .ARM.extab.text.main
                0x0000000008002e08        0xc Core/Src/main.o
 .ARM.extab.text._Z18SystemClock_Configv
                0x0000000008002e14        0xc Core/Src/main.o
 .ARM.extab.text._ZL12MX_TIM3_Initv
                0x0000000008002e20        0xc Core/Src/main.o
 .ARM.extab.text._ZL11MX_DMA_Initv
                0x0000000008002e2c        0xc Core/Src/main.o
 .ARM.extab.text.HAL_MspInit
                0x0000000008002e38        0xc Core/Src/stm32f1xx_hal_msp.o
 .ARM.extab.text.HAL_TIM_Base_MspInit
                0x0000000008002e44        0xc Core/Src/stm32f1xx_hal_msp.o
 .ARM.extab.text.HAL_UART_MspInit
                0x0000000008002e50        0xc Core/Src/stm32f1xx_hal_msp.o
 .ARM.extab     0x0000000008002e5c       0x18 /opt/TrueSTUDIO/ARMTools/bin/../lib/gcc/arm-atollic-eabi/6.3.1/armv7-m/libgcc.a(pr-support.o)

.ARM            0x0000000008002e74      0x130
                0x0000000008002e74                __exidx_start = .
 *(.ARM.exidx*)
 .ARM.exidx.text._ZN11SerialClassC2ER18UART_HandleTypeDef
                0x0000000008002f2c        0x0 Core/Src/main.o
                                          0x8 (size before relaxing)
 .ARM.exidx.text._ZN11SerialClass10get_handleEv
                0x0000000008002f2c        0x0 Core/Src/main.o
                                          0x8 (size before relaxing)
 .ARM.exidx.text._ZN11SerialClass9start_dmaEv
                0x0000000008002f2c        0x8 Core/Src/main.o
 .ARM.exidx.text._ZN11SerialClass5writeEPKhi
                0x0000000008002f34        0x8 Core/Src/main.o
 .ARM.exidx.text._ZN11SerialClass16tx_cplt_callbackEv
                0x0000000008002f3c        0x8 Core/Src/main.o
 .ARM.exidx.text.HAL_UART_TxCpltCallback
                0x0000000008002f44        0x0 Core/Src/main.o
                                          0x8 (size before relaxing)
 .ARM.exidx.text.main
                0x0000000008002f44        0x8 Core/Src/main.o
 .ARM.exidx.text._Z18SystemClock_Configv
                0x0000000008002f4c        0x8 Core/Src/main.o
 .ARM.exidx.text._ZL12MX_TIM3_Initv
                0x0000000008002f54        0x8 Core/Src/main.o
 .ARM.exidx.text._ZL19MX_USART1_UART_Initv
                0x0000000008002f5c        0x8 Core/Src/main.o
 .ARM.exidx.text._ZL11MX_DMA_Initv
                0x0000000008002f64        0x8 Core/Src/main.o
 .ARM.exidx.text._ZL12MX_GPIO_Initv
                0x0000000008002f6c        0x8 Core/Src/main.o
 .ARM.exidx.text._Error_Handler
                0x0000000008002f74        0x0 Core/Src/main.o
                                          0x8 (size before relaxing)
 .ARM.exidx.text._Z41__static_initialization_and_destruction_0ii
                0x0000000008002f74        0x0 Core/Src/main.o
                                          0x8 (size before relaxing)
 .ARM.exidx.text._GLOBAL__sub_I_htim3
                0x0000000008002f74        0x0 Core/Src/main.o
                                          0x8 (size before relaxing)
 .ARM.exidx.text.HAL_MspInit
                0x0000000008002f74        0x8 Core/Src/stm32f1xx_hal_msp.o
 .ARM.exidx.text.HAL_TIM_Base_MspInit
                0x0000000008002f7c        0x8 Core/Src/stm32f1xx_hal_msp.o
 .ARM.exidx.text.HAL_UART_MspInit
                0x0000000008002f84        0x8 Core/Src/stm32f1xx_hal_msp.o
 .ARM.exidx.text.NMI_Handler
                0x0000000008002f8c        0x8 Core/Src/stm32f1xx_it.o
 .ARM.exidx.text.HardFault_Handler
                0x0000000008002f94        0x0 Core/Src/stm32f1xx_it.o
                                          0x8 (size before relaxing)
 .ARM.exidx.text.MemManage_Handler
                0x0000000008002f94        0x0 Core/Src/stm32f1xx_it.o
                                          0x8 (size before relaxing)
 .ARM.exidx.text.BusFault_Handler
                0x0000000008002f94        0x0 Core/Src/stm32f1xx_it.o
                                          0x8 (size before relaxing)
 .ARM.exidx.text.UsageFault_Handler
                0x0000000008002f94        0x0 Core/Src/stm32f1xx_it.o
                                          0x8 (size before relaxing)
 .ARM.exidx.text.SVC_Handler
                0x0000000008002f94        0x0 Core/Src/stm32f1xx_it.o
                                          0x8 (size before relaxing)
 .ARM.exidx.text.DebugMon_Handler
                0x0000000008002f94        0x0 Core/Src/stm32f1xx_it.o
                                          0x8 (size before relaxing)
 .ARM.exidx.text.PendSV_Handler
                0x0000000008002f94        0x0 Core/Src/stm32f1xx_it.o
                                          0x8 (size before relaxing)
 .ARM.exidx.text.SysTick_Handler
                0x0000000008002f94        0x8 Core/Src/stm32f1xx_it.o
 .ARM.exidx.text.DMA1_Channel4_IRQHandler
                0x0000000008002f9c        0x0 Core/Src/stm32f1xx_it.o
                                          0x8 (size before relaxing)
 .ARM.exidx.text.DMA1_Channel5_IRQHandler
                0x0000000008002f9c        0x0 Core/Src/stm32f1xx_it.o
                                          0x8 (size before relaxing)
 .ARM.exidx.text.TIM3_IRQHandler
                0x0000000008002f9c        0x0 Core/Src/stm32f1xx_it.o
                                          0x8 (size before relaxing)
 .ARM.exidx.text.USART1_IRQHandler
                0x0000000008002f9c        0x8 Core/Src/stm32f1xx_it.o
 .ARM.exidx     0x0000000008002e74       0x80 /opt/TrueSTUDIO/ARMTools/bin/../lib/gcc/arm-atollic-eabi/6.3.1/armv7-m/libgcc.a(unwind-arm.o)
                                         0xd8 (size before relaxing)
 .ARM.exidx     0x0000000008002ef4       0x38 /opt/TrueSTUDIO/ARMTools/bin/../lib/gcc/arm-atollic-eabi/6.3.1/armv7-m/libgcc.a(pr-support.o)
                                         0x48 (size before relaxing)
                0x0000000008002fa4                __exidx_end = .

.rel.dyn        0x0000000008002fa4        0x0
 .rel.iplt      0x0000000008002fa4        0x0 /opt/TrueSTUDIO/ARMTools/bin/../lib/gcc/arm-atollic-eabi/6.3.1/armv7-m/crtbegin.o

.preinit_array  0x0000000008002fa4        0x0
                0x0000000008002fa4                PROVIDE (__preinit_array_start, .)
 *(.preinit_array*)
                0x0000000008002fa4                PROVIDE (__preinit_array_end, .)

.init_array     0x0000000008002fa4        0x8
                0x0000000008002fa4                PROVIDE (__init_array_start, .)
 *(SORT(.init_array.*))
 *(.init_array*)
 .init_array    0x0000000008002fa4        0x4 /opt/TrueSTUDIO/ARMTools/bin/../lib/gcc/arm-atollic-eabi/6.3.1/armv7-m/crtbegin.o
 .init_array    0x0000000008002fa8        0x4 Core/Src/main.o
                0x0000000008002fac                PROVIDE (__init_array_end, .)

.fini_array     0x0000000008002fac        0x4
                [!provide]                        PROVIDE (__fini_array_start, .)
 *(SORT(.fini_array.*))
 *(.fini_array*)
 .fini_array    0x0000000008002fac        0x4 /opt/TrueSTUDIO/ARMTools/bin/../lib/gcc/arm-atollic-eabi/6.3.1/armv7-m/crtbegin.o
                [!provide]                        PROVIDE (__fini_array_end, .)
                0x0000000008002fb0                _sidata = LOADADDR (.data)

.data           0x0000000020000000      0x100 load address 0x0000000008002fb0
                0x0000000020000000                . = ALIGN (0x4)
                0x0000000020000000                _sdata = .
 *(.data)
 *(.data*)
 .data.SystemCoreClock
                0x0000000020000000        0x4 Core/Src/system_stm32f1xx.o
                0x0000000020000000                SystemCoreClock
 .data.uwTickFreq
                0x0000000020000004        0x1 Drivers/STM32F1xx_HAL_Driver/Src/stm32f1xx_hal.o
                0x0000000020000004                uwTickFreq
 *fill*         0x0000000020000005        0x3 
 .data.uwTickPrio
                0x0000000020000008        0x4 Drivers/STM32F1xx_HAL_Driver/Src/stm32f1xx_hal.o
                0x0000000020000008                uwTickPrio
 .data._impure_ptr
                0x000000002000000c        0x4 /opt/TrueSTUDIO/ARMTools/bin/../lib/gcc/arm-atollic-eabi/6.3.1/../../../../arm-atollic-eabi/lib/armv7-m/libc.a(lib_a-impure.o)
                0x000000002000000c                _impure_ptr
 .data.impure_data
                0x0000000020000010       0xf0 /opt/TrueSTUDIO/ARMTools/bin/../lib/gcc/arm-atollic-eabi/6.3.1/../../../../arm-atollic-eabi/lib/armv7-m/libc.a(lib_a-impure.o)
                0x0000000020000100                . = ALIGN (0x4)
                0x0000000020000100                _edata = .

.igot.plt       0x0000000020000100        0x0 load address 0x00000000080030b0
 .igot.plt      0x0000000020000100        0x0 /opt/TrueSTUDIO/ARMTools/bin/../lib/gcc/arm-atollic-eabi/6.3.1/armv7-m/crtbegin.o
                0x0000000020000100                . = ALIGN (0x4)

.bss            0x0000000020000100      0x534 load address 0x00000000080030b0
                0x0000000020000100                _sbss = .
                0x0000000020000100                __bss_start__ = _sbss
 *(.bss)
 .bss           0x0000000020000100       0x1c /opt/TrueSTUDIO/ARMTools/bin/../lib/gcc/arm-atollic-eabi/6.3.1/armv7-m/crtbegin.o
 .bss           0x000000002000011c      0x510 Core/Src/main.o
                0x000000002000011c                htim3
                0x000000002000015c                huart1
                0x000000002000019c                hdma_usart1_rx
                0x00000000200001e0                hdma_usart1_tx
                0x0000000020000224                serial
 *(.bss*)
 *(COMMON)
 COMMON         0x000000002000062c        0x4 Drivers/STM32F1xx_HAL_Driver/Src/stm32f1xx_hal.o
                0x000000002000062c                uwTick
 COMMON         0x0000000020000630        0x4 /opt/TrueSTUDIO/ARMTools/bin/../lib/gcc/arm-atollic-eabi/6.3.1/../../../../arm-atollic-eabi/lib/armv7-m/libc.a(lib_a-reent.o)
                0x0000000020000630                errno
                0x0000000020000634                . = ALIGN (0x4)
                0x0000000020000634                _ebss = .
                0x0000000020000634                __bss_end__ = _ebss

._user_heap_stack
                0x0000000020000634      0x600 load address 0x00000000080030b0
                0x0000000020000634                . = ALIGN (0x4)
                0x0000000020000634                PROVIDE (end, .)
                [!provide]                        PROVIDE (_end, .)
                0x0000000020000834                . = (. + _Min_Heap_Size)
 *fill*         0x0000000020000634      0x200 
                0x0000000020000c34                . = (. + _Min_Stack_Size)
 *fill*         0x0000000020000834      0x400 
                0x0000000020000c34                . = ALIGN (0x4)

/DISCARD/
 libc.a(*)
 libm.a(*)
 libgcc.a(*)

.ARM.attributes
                0x0000000000000000       0x29
 *(.ARM.attributes)
 .ARM.attributes
                0x0000000000000000       0x1d /opt/TrueSTUDIO/ARMTools/bin/../lib/gcc/arm-atollic-eabi/6.3.1/armv7-m/crti.o
 .ARM.attributes
                0x000000000000001d       0x2d /opt/TrueSTUDIO/ARMTools/bin/../lib/gcc/arm-atollic-eabi/6.3.1/armv7-m/crtbegin.o
 .ARM.attributes
                0x000000000000004a       0x33 Core/Src/main.o
 .ARM.attributes
                0x000000000000007d       0x33 Core/Src/stm32f1xx_hal_msp.o
 .ARM.attributes
                0x00000000000000b0       0x33 Core/Src/stm32f1xx_it.o
 .ARM.attributes
                0x00000000000000e3       0x33 Core/Src/system_stm32f1xx.o
 .ARM.attributes
                0x0000000000000116       0x33 Drivers/STM32F1xx_HAL_Driver/Src/stm32f1xx_hal.o
 .ARM.attributes
                0x0000000000000149       0x33 Drivers/STM32F1xx_HAL_Driver/Src/stm32f1xx_hal_cortex.o
 .ARM.attributes
                0x000000000000017c       0x33 Drivers/STM32F1xx_HAL_Driver/Src/stm32f1xx_hal_dma.o
 .ARM.attributes
                0x00000000000001af       0x33 Drivers/STM32F1xx_HAL_Driver/Src/stm32f1xx_hal_gpio.o
 .ARM.attributes
                0x00000000000001e2       0x33 Drivers/STM32F1xx_HAL_Driver/Src/stm32f1xx_hal_rcc.o
 .ARM.attributes
                0x0000000000000215       0x33 Drivers/STM32F1xx_HAL_Driver/Src/stm32f1xx_hal_tim.o
 .ARM.attributes
                0x0000000000000248       0x33 Drivers/STM32F1xx_HAL_Driver/Src/stm32f1xx_hal_tim_ex.o
 .ARM.attributes
                0x000000000000027b       0x33 Drivers/STM32F1xx_HAL_Driver/Src/stm32f1xx_hal_uart.o
 .ARM.attributes
                0x00000000000002ae       0x21 startup/startup_stm32f103xb.o
 .ARM.attributes
                0x00000000000002cf       0x2d /opt/TrueSTUDIO/ARMTools/bin/../lib/gcc/arm-atollic-eabi/6.3.1/../../../../arm-atollic-eabi/lib/armv7-m/libc.a(lib_a-init.o)
 .ARM.attributes
                0x00000000000002fc       0x2d /opt/TrueSTUDIO/ARMTools/bin/../lib/gcc/arm-atollic-eabi/6.3.1/armv7-m/libgcc.a(unwind-arm.o)
 .ARM.attributes
                0x0000000000000329       0x1d /opt/TrueSTUDIO/ARMTools/bin/../lib/gcc/arm-atollic-eabi/6.3.1/armv7-m/libgcc.a(libunwind.o)
 .ARM.attributes
                0x0000000000000346       0x2d /opt/TrueSTUDIO/ARMTools/bin/../lib/gcc/arm-atollic-eabi/6.3.1/armv7-m/libgcc.a(pr-support.o)
 .ARM.attributes
                0x0000000000000373       0x2d /opt/TrueSTUDIO/ARMTools/bin/../lib/gcc/arm-atollic-eabi/6.3.1/../../../../arm-atollic-eabi/lib/armv7-m/libc.a(lib_a-abort.o)
 .ARM.attributes
                0x00000000000003a0       0x2d /opt/TrueSTUDIO/ARMTools/bin/../lib/gcc/arm-atollic-eabi/6.3.1/../../../../arm-atollic-eabi/lib/armv7-m/libc.a(lib_a-memcpy-stub.o)
 .ARM.attributes
                0x00000000000003cd       0x2d /opt/TrueSTUDIO/ARMTools/bin/../lib/gcc/arm-atollic-eabi/6.3.1/../../../../arm-atollic-eabi/lib/armv7-m/libc.a(lib_a-signal.o)
 .ARM.attributes
                0x00000000000003fa       0x2d /opt/TrueSTUDIO/ARMTools/bin/../lib/gcc/arm-atollic-eabi/6.3.1/../../../../arm-atollic-eabi/lib/armv7-m/libc.a(lib_a-signalr.o)
 .ARM.attributes
                0x0000000000000427       0x2d /opt/TrueSTUDIO/ARMTools/bin/../lib/gcc/arm-atollic-eabi/6.3.1/../../../../arm-atollic-eabi/lib/armv7-m/libc.a(lib_a-impure.o)
 .ARM.attributes
                0x0000000000000454       0x2d /opt/TrueSTUDIO/ARMTools/bin/../lib/gcc/arm-atollic-eabi/6.3.1/../../../../arm-atollic-eabi/lib/armv7-m/libc.a(lib_a-reent.o)
 .ARM.attributes
                0x0000000000000481       0x2d /opt/TrueSTUDIO/ARMTools/bin/../lib/gcc/arm-atollic-eabi/6.3.1/../../../../arm-atollic-eabi/lib/armv7-m/libnosys.a(getpid.o)
 .ARM.attributes
                0x00000000000004ae       0x2d /opt/TrueSTUDIO/ARMTools/bin/../lib/gcc/arm-atollic-eabi/6.3.1/../../../../arm-atollic-eabi/lib/armv7-m/libnosys.a(kill.o)
 .ARM.attributes
                0x00000000000004db       0x2d /opt/TrueSTUDIO/ARMTools/bin/../lib/gcc/arm-atollic-eabi/6.3.1/../../../../arm-atollic-eabi/lib/armv7-m/libnosys.a(_exit.o)
 .ARM.attributes
                0x0000000000000508       0x1d /opt/TrueSTUDIO/ARMTools/bin/../lib/gcc/arm-atollic-eabi/6.3.1/armv7-m/crtn.o
OUTPUT(uart_dma_test.elf elf32-littlearm)

.debug_info     0x0000000000000000    0x1138b
 .debug_info    0x0000000000000000     0x191d Core/Src/main.o
 .debug_info    0x000000000000191d     0x14ae Core/Src/stm32f1xx_hal_msp.o
 .debug_info    0x0000000000002dcb     0x1115 Core/Src/stm32f1xx_it.o
 .debug_info    0x0000000000003ee0      0xc20 Core/Src/system_stm32f1xx.o
 .debug_info    0x0000000000004b00      0xfd3 Drivers/STM32F1xx_HAL_Driver/Src/stm32f1xx_hal.o
 .debug_info    0x0000000000005ad3     0x147c Drivers/STM32F1xx_HAL_Driver/Src/stm32f1xx_hal_cortex.o
 .debug_info    0x0000000000006f4f     0x101a Drivers/STM32F1xx_HAL_Driver/Src/stm32f1xx_hal_dma.o
 .debug_info    0x0000000000007f69      0xe95 Drivers/STM32F1xx_HAL_Driver/Src/stm32f1xx_hal_gpio.o
 .debug_info    0x0000000000008dfe     0x1210 Drivers/STM32F1xx_HAL_Driver/Src/stm32f1xx_hal_rcc.o
 .debug_info    0x000000000000a00e     0x3b8c Drivers/STM32F1xx_HAL_Driver/Src/stm32f1xx_hal_tim.o
 .debug_info    0x000000000000db9a     0x195c Drivers/STM32F1xx_HAL_Driver/Src/stm32f1xx_hal_tim_ex.o
 .debug_info    0x000000000000f4f6     0x1e19 Drivers/STM32F1xx_HAL_Driver/Src/stm32f1xx_hal_uart.o
 .debug_info    0x000000000001130f       0x7c startup/startup_stm32f103xb.o

.debug_abbrev   0x0000000000000000     0x22fd
 .debug_abbrev  0x0000000000000000      0x3f7 Core/Src/main.o
 .debug_abbrev  0x00000000000003f7      0x206 Core/Src/stm32f1xx_hal_msp.o
 .debug_abbrev  0x00000000000005fd      0x1c9 Core/Src/stm32f1xx_it.o
 .debug_abbrev  0x00000000000007c6      0x1eb Core/Src/system_stm32f1xx.o
 .debug_abbrev  0x00000000000009b1      0x308 Drivers/STM32F1xx_HAL_Driver/Src/stm32f1xx_hal.o
 .debug_abbrev  0x0000000000000cb9      0x399 Drivers/STM32F1xx_HAL_Driver/Src/stm32f1xx_hal_cortex.o
 .debug_abbrev  0x0000000000001052      0x29e Drivers/STM32F1xx_HAL_Driver/Src/stm32f1xx_hal_dma.o
 .debug_abbrev  0x00000000000012f0      0x268 Drivers/STM32F1xx_HAL_Driver/Src/stm32f1xx_hal_gpio.o
 .debug_abbrev  0x0000000000001558      0x367 Drivers/STM32F1xx_HAL_Driver/Src/stm32f1xx_hal_rcc.o
 .debug_abbrev  0x00000000000018bf      0x3bb Drivers/STM32F1xx_HAL_Driver/Src/stm32f1xx_hal_tim.o
 .debug_abbrev  0x0000000000001c7a      0x30d Drivers/STM32F1xx_HAL_Driver/Src/stm32f1xx_hal_tim_ex.o
 .debug_abbrev  0x0000000000001f87      0x364 Drivers/STM32F1xx_HAL_Driver/Src/stm32f1xx_hal_uart.o
 .debug_abbrev  0x00000000000022eb       0x12 startup/startup_stm32f103xb.o

.debug_aranges  0x0000000000000000      0x8f8
 .debug_aranges
                0x0000000000000000       0x90 Core/Src/main.o
 .debug_aranges
                0x0000000000000090       0x40 Core/Src/stm32f1xx_hal_msp.o
 .debug_aranges
                0x00000000000000d0       0x80 Core/Src/stm32f1xx_it.o
 .debug_aranges
                0x0000000000000150       0x28 Core/Src/system_stm32f1xx.o
 .debug_aranges
                0x0000000000000178       0xc8 Drivers/STM32F1xx_HAL_Driver/Src/stm32f1xx_hal.o
 .debug_aranges
                0x0000000000000240       0x90 Drivers/STM32F1xx_HAL_Driver/Src/stm32f1xx_hal_cortex.o
 .debug_aranges
                0x00000000000002d0       0x78 Drivers/STM32F1xx_HAL_Driver/Src/stm32f1xx_hal_dma.o
 .debug_aranges
                0x0000000000000348       0x58 Drivers/STM32F1xx_HAL_Driver/Src/stm32f1xx_hal_gpio.o
 .debug_aranges
                0x00000000000003a0       0x88 Drivers/STM32F1xx_HAL_Driver/Src/stm32f1xx_hal_rcc.o
 .debug_aranges
                0x0000000000000428      0x250 Drivers/STM32F1xx_HAL_Driver/Src/stm32f1xx_hal_tim.o
 .debug_aranges
                0x0000000000000678       0xe8 Drivers/STM32F1xx_HAL_Driver/Src/stm32f1xx_hal_tim_ex.o
 .debug_aranges
                0x0000000000000760      0x170 Drivers/STM32F1xx_HAL_Driver/Src/stm32f1xx_hal_uart.o
 .debug_aranges
                0x00000000000008d0       0x28 startup/startup_stm32f103xb.o

.debug_ranges   0x0000000000000000      0xa88
 .debug_ranges  0x0000000000000000       0x80 Core/Src/main.o
 .debug_ranges  0x0000000000000080       0x30 Core/Src/stm32f1xx_hal_msp.o
 .debug_ranges  0x00000000000000b0       0x70 Core/Src/stm32f1xx_it.o
 .debug_ranges  0x0000000000000120       0x18 Core/Src/system_stm32f1xx.o
 .debug_ranges  0x0000000000000138       0xb8 Drivers/STM32F1xx_HAL_Driver/Src/stm32f1xx_hal.o
 .debug_ranges  0x00000000000001f0      0x128 Drivers/STM32F1xx_HAL_Driver/Src/stm32f1xx_hal_cortex.o
 .debug_ranges  0x0000000000000318       0xa8 Drivers/STM32F1xx_HAL_Driver/Src/stm32f1xx_hal_dma.o
 .debug_ranges  0x00000000000003c0       0x60 Drivers/STM32F1xx_HAL_Driver/Src/stm32f1xx_hal_gpio.o
 .debug_ranges  0x0000000000000420       0xa0 Drivers/STM32F1xx_HAL_Driver/Src/stm32f1xx_hal_rcc.o
 .debug_ranges  0x00000000000004c0      0x340 Drivers/STM32F1xx_HAL_Driver/Src/stm32f1xx_hal_tim.o
 .debug_ranges  0x0000000000000800       0xd8 Drivers/STM32F1xx_HAL_Driver/Src/stm32f1xx_hal_tim_ex.o
 .debug_ranges  0x00000000000008d8      0x190 Drivers/STM32F1xx_HAL_Driver/Src/stm32f1xx_hal_uart.o
 .debug_ranges  0x0000000000000a68       0x20 startup/startup_stm32f103xb.o

.debug_line     0x0000000000000000     0x46ec
 .debug_line    0x0000000000000000      0x41e Core/Src/main.o
 .debug_line    0x000000000000041e      0x2e2 Core/Src/stm32f1xx_hal_msp.o
 .debug_line    0x0000000000000700      0x329 Core/Src/stm32f1xx_it.o
 .debug_line    0x0000000000000a29      0x20f Core/Src/system_stm32f1xx.o
 .debug_line    0x0000000000000c38      0x3e1 Drivers/STM32F1xx_HAL_Driver/Src/stm32f1xx_hal.o
 .debug_line    0x0000000000001019      0x3b4 Drivers/STM32F1xx_HAL_Driver/Src/stm32f1xx_hal_cortex.o
 .debug_line    0x00000000000013cd      0x61b Drivers/STM32F1xx_HAL_Driver/Src/stm32f1xx_hal_dma.o
 .debug_line    0x00000000000019e8      0x3cd Drivers/STM32F1xx_HAL_Driver/Src/stm32f1xx_hal_gpio.o
 .debug_line    0x0000000000001db5      0x5b5 Drivers/STM32F1xx_HAL_Driver/Src/stm32f1xx_hal_rcc.o
 .debug_line    0x000000000000236a     0x10ce Drivers/STM32F1xx_HAL_Driver/Src/stm32f1xx_hal_tim.o
 .debug_line    0x0000000000003438      0x670 Drivers/STM32F1xx_HAL_Driver/Src/stm32f1xx_hal_tim_ex.o
 .debug_line    0x0000000000003aa8      0xbc7 Drivers/STM32F1xx_HAL_Driver/Src/stm32f1xx_hal_uart.o
 .debug_line    0x000000000000466f       0x7d startup/startup_stm32f103xb.o

.debug_str      0x0000000000000000     0x376b
 .debug_str     0x0000000000000000     0x1304 Core/Src/main.o
                                       0x15ec (size before relaxing)
 .debug_str     0x0000000000001304       0xff Core/Src/stm32f1xx_hal_msp.o
                                       0x1178 (size before relaxing)
 .debug_str     0x0000000000001403      0x101 Core/Src/stm32f1xx_it.o
                                        0xdcc (size before relaxing)
 .debug_str     0x0000000000001504      0x14b Core/Src/system_stm32f1xx.o
                                        0x6f2 (size before relaxing)
 .debug_str     0x000000000000164f      0x299 Drivers/STM32F1xx_HAL_Driver/Src/stm32f1xx_hal.o
                                        0xc69 (size before relaxing)
 .debug_str     0x00000000000018e8      0x270 Drivers/STM32F1xx_HAL_Driver/Src/stm32f1xx_hal_cortex.o
                                        0xd17 (size before relaxing)
 .debug_str     0x0000000000001b58      0x23f Drivers/STM32F1xx_HAL_Driver/Src/stm32f1xx_hal_dma.o
                                        0xa7b (size before relaxing)
 .debug_str     0x0000000000001d97      0x168 Drivers/STM32F1xx_HAL_Driver/Src/stm32f1xx_hal_gpio.o
                                        0x884 (size before relaxing)
 .debug_str     0x0000000000001eff      0x1fc Drivers/STM32F1xx_HAL_Driver/Src/stm32f1xx_hal_rcc.o
                                        0xa62 (size before relaxing)
 .debug_str     0x00000000000020fb      0xcd0 Drivers/STM32F1xx_HAL_Driver/Src/stm32f1xx_hal_tim.o
                                       0x17b3 (size before relaxing)
 .debug_str     0x0000000000002dcb      0x4a7 Drivers/STM32F1xx_HAL_Driver/Src/stm32f1xx_hal_tim_ex.o
                                       0x1055 (size before relaxing)
 .debug_str     0x0000000000003272      0x4f9 Drivers/STM32F1xx_HAL_Driver/Src/stm32f1xx_hal_uart.o
                                        0xfcc (size before relaxing)

.comment        0x0000000000000000       0x7c
 .comment       0x0000000000000000       0x7c Core/Src/main.o
                                         0x7d (size before relaxing)
 .comment       0x000000000000007c       0x7d Core/Src/stm32f1xx_hal_msp.o
 .comment       0x000000000000007c       0x7d Core/Src/stm32f1xx_it.o
 .comment       0x000000000000007c       0x7d Core/Src/system_stm32f1xx.o
 .comment       0x000000000000007c       0x7d Drivers/STM32F1xx_HAL_Driver/Src/stm32f1xx_hal.o
 .comment       0x000000000000007c       0x7d Drivers/STM32F1xx_HAL_Driver/Src/stm32f1xx_hal_cortex.o
 .comment       0x000000000000007c       0x7d Drivers/STM32F1xx_HAL_Driver/Src/stm32f1xx_hal_dma.o
 .comment       0x000000000000007c       0x7d Drivers/STM32F1xx_HAL_Driver/Src/stm32f1xx_hal_gpio.o
 .comment       0x000000000000007c       0x7d Drivers/STM32F1xx_HAL_Driver/Src/stm32f1xx_hal_rcc.o
 .comment       0x000000000000007c       0x7d Drivers/STM32F1xx_HAL_Driver/Src/stm32f1xx_hal_tim.o
 .comment       0x000000000000007c       0x7d Drivers/STM32F1xx_HAL_Driver/Src/stm32f1xx_hal_tim_ex.o
 .comment       0x000000000000007c       0x7d Drivers/STM32F1xx_HAL_Driver/Src/stm32f1xx_hal_uart.o

.debug_frame    0x0000000000000000     0x2124
 .debug_frame   0x0000000000000000      0x224 Core/Src/main.o
 .debug_frame   0x0000000000000224       0xc4 Core/Src/stm32f1xx_hal_msp.o
 .debug_frame   0x00000000000002e8      0x17c Core/Src/stm32f1xx_it.o
 .debug_frame   0x0000000000000464       0x30 Core/Src/system_stm32f1xx.o
 .debug_frame   0x0000000000000494      0x1b0 Drivers/STM32F1xx_HAL_Driver/Src/stm32f1xx_hal.o
 .debug_frame   0x0000000000000644      0x120 Drivers/STM32F1xx_HAL_Driver/Src/stm32f1xx_hal_cortex.o
 .debug_frame   0x0000000000000764      0x144 Drivers/STM32F1xx_HAL_Driver/Src/stm32f1xx_hal_dma.o
 .debug_frame   0x00000000000008a8       0xd4 Drivers/STM32F1xx_HAL_Driver/Src/stm32f1xx_hal_gpio.o
 .debug_frame   0x000000000000097c      0x150 Drivers/STM32F1xx_HAL_Driver/Src/stm32f1xx_hal_rcc.o
 .debug_frame   0x0000000000000acc      0x854 Drivers/STM32F1xx_HAL_Driver/Src/stm32f1xx_hal_tim.o
 .debug_frame   0x0000000000001320      0x320 Drivers/STM32F1xx_HAL_Driver/Src/stm32f1xx_hal_tim_ex.o
 .debug_frame   0x0000000000001640      0x4a0 Drivers/STM32F1xx_HAL_Driver/Src/stm32f1xx_hal_uart.o
 .debug_frame   0x0000000000001ae0       0x2c /opt/TrueSTUDIO/ARMTools/bin/../lib/gcc/arm-atollic-eabi/6.3.1/../../../../arm-atollic-eabi/lib/armv7-m/libc.a(lib_a-init.o)
 .debug_frame   0x0000000000001b0c      0x300 /opt/TrueSTUDIO/ARMTools/bin/../lib/gcc/arm-atollic-eabi/6.3.1/armv7-m/libgcc.a(unwind-arm.o)
 .debug_frame   0x0000000000001e0c      0x104 /opt/TrueSTUDIO/ARMTools/bin/../lib/gcc/arm-atollic-eabi/6.3.1/armv7-m/libgcc.a(pr-support.o)
 .debug_frame   0x0000000000001f10       0x28 /opt/TrueSTUDIO/ARMTools/bin/../lib/gcc/arm-atollic-eabi/6.3.1/../../../../arm-atollic-eabi/lib/armv7-m/libc.a(lib_a-abort.o)
 .debug_frame   0x0000000000001f38       0x28 /opt/TrueSTUDIO/ARMTools/bin/../lib/gcc/arm-atollic-eabi/6.3.1/../../../../arm-atollic-eabi/lib/armv7-m/libc.a(lib_a-memcpy-stub.o)
 .debug_frame   0x0000000000001f60       0xcc /opt/TrueSTUDIO/ARMTools/bin/../lib/gcc/arm-atollic-eabi/6.3.1/../../../../arm-atollic-eabi/lib/armv7-m/libc.a(lib_a-signal.o)
 .debug_frame   0x000000000000202c       0x3c /opt/TrueSTUDIO/ARMTools/bin/../lib/gcc/arm-atollic-eabi/6.3.1/../../../../arm-atollic-eabi/lib/armv7-m/libc.a(lib_a-signalr.o)
 .debug_frame   0x0000000000002068       0x5c /opt/TrueSTUDIO/ARMTools/bin/../lib/gcc/arm-atollic-eabi/6.3.1/../../../../arm-atollic-eabi/lib/armv7-m/libc.a(lib_a-reent.o)
 .debug_frame   0x00000000000020c4       0x20 /opt/TrueSTUDIO/ARMTools/bin/../lib/gcc/arm-atollic-eabi/6.3.1/../../../../arm-atollic-eabi/lib/armv7-m/libnosys.a(getpid.o)
 .debug_frame   0x00000000000020e4       0x20 /opt/TrueSTUDIO/ARMTools/bin/../lib/gcc/arm-atollic-eabi/6.3.1/../../../../arm-atollic-eabi/lib/armv7-m/libnosys.a(kill.o)
 .debug_frame   0x0000000000002104       0x20 /opt/TrueSTUDIO/ARMTools/bin/../lib/gcc/arm-atollic-eabi/6.3.1/../../../../arm-atollic-eabi/lib/armv7-m/libnosys.a(_exit.o)

.debug_loc      0x0000000000000000     0x5f90
 .debug_loc     0x0000000000000000       0xcd Core/Src/system_stm32f1xx.o
 .debug_loc     0x00000000000000cd      0x11b Drivers/STM32F1xx_HAL_Driver/Src/stm32f1xx_hal.o
 .debug_loc     0x00000000000001e8      0x46b Drivers/STM32F1xx_HAL_Driver/Src/stm32f1xx_hal_cortex.o
 .debug_loc     0x0000000000000653      0x5d1 Drivers/STM32F1xx_HAL_Driver/Src/stm32f1xx_hal_dma.o
 .debug_loc     0x0000000000000c24      0x36a Drivers/STM32F1xx_HAL_Driver/Src/stm32f1xx_hal_gpio.o
 .debug_loc     0x0000000000000f8e      0x4c3 Drivers/STM32F1xx_HAL_Driver/Src/stm32f1xx_hal_rcc.o
 .debug_loc     0x0000000000001451     0x300c Drivers/STM32F1xx_HAL_Driver/Src/stm32f1xx_hal_tim.o
 .debug_loc     0x000000000000445d      0x822 Drivers/STM32F1xx_HAL_Driver/Src/stm32f1xx_hal_tim_ex.o
 .debug_loc     0x0000000000004c7f     0x1311 Drivers/STM32F1xx_HAL_Driver/Src/stm32f1xx_hal_uart.o

.stab           0x0000000000000000       0x3c
 .stab          0x0000000000000000       0x24 /opt/TrueSTUDIO/ARMTools/bin/../lib/gcc/arm-atollic-eabi/6.3.1/../../../../arm-atollic-eabi/lib/armv7-m/libnosys.a(getpid.o)
 .stab          0x0000000000000024       0x18 /opt/TrueSTUDIO/ARMTools/bin/../lib/gcc/arm-atollic-eabi/6.3.1/../../../../arm-atollic-eabi/lib/armv7-m/libnosys.a(kill.o)
                                         0x24 (size before relaxing)

.stabstr        0x0000000000000000       0x76
 .stabstr       0x0000000000000000       0x76 /opt/TrueSTUDIO/ARMTools/bin/../lib/gcc/arm-atollic-eabi/6.3.1/../../../../arm-atollic-eabi/lib/armv7-m/libnosys.a(getpid.o)

Cross Reference Table

Symbol                                            File
ADC1_2_IRQHandler                                 startup/startup_stm32f103xb.o
AHBPrescTable                                     Core/Src/system_stm32f1xx.o
                                                  Drivers/STM32F1xx_HAL_Driver/Src/stm32f1xx_hal_rcc.o
APBPrescTable                                     Core/Src/system_stm32f1xx.o
                                                  Drivers/STM32F1xx_HAL_Driver/Src/stm32f1xx_hal_rcc.o
BusFault_Handler                                  Core/Src/stm32f1xx_it.o
CAN1_RX1_IRQHandler                               startup/startup_stm32f103xb.o
CAN1_SCE_IRQHandler                               startup/startup_stm32f103xb.o
DMA1_Channel1_IRQHandler                          startup/startup_stm32f103xb.o
DMA1_Channel2_IRQHandler                          startup/startup_stm32f103xb.o
DMA1_Channel3_IRQHandler                          startup/startup_stm32f103xb.o
DMA1_Channel4_IRQHandler                          Core/Src/stm32f1xx_it.o
DMA1_Channel5_IRQHandler                          Core/Src/stm32f1xx_it.o
DMA1_Channel6_IRQHandler                          startup/startup_stm32f103xb.o
DMA1_Channel7_IRQHandler                          startup/startup_stm32f103xb.o
DebugMon_Handler                                  Core/Src/stm32f1xx_it.o
Default_Handler                                   startup/startup_stm32f103xb.o
EXTI0_IRQHandler                                  startup/startup_stm32f103xb.o
EXTI15_10_IRQHandler                              startup/startup_stm32f103xb.o
EXTI1_IRQHandler                                  startup/startup_stm32f103xb.o
EXTI2_IRQHandler                                  startup/startup_stm32f103xb.o
EXTI3_IRQHandler                                  startup/startup_stm32f103xb.o
EXTI4_IRQHandler                                  startup/startup_stm32f103xb.o
EXTI9_5_IRQHandler                                startup/startup_stm32f103xb.o
FLASH_IRQHandler                                  startup/startup_stm32f103xb.o
FLASH_PageErase                                   Drivers/STM32F1xx_HAL_Driver/Src/stm32f1xx_hal_flash_ex.o
                                                  Drivers/STM32F1xx_HAL_Driver/Src/stm32f1xx_hal_flash.o
FLASH_WaitForLastOperation                        Drivers/STM32F1xx_HAL_Driver/Src/stm32f1xx_hal_flash.o
                                                  Drivers/STM32F1xx_HAL_Driver/Src/stm32f1xx_hal_flash_ex.o
HAL_DBGMCU_DisableDBGSleepMode                    Drivers/STM32F1xx_HAL_Driver/Src/stm32f1xx_hal.o
HAL_DBGMCU_DisableDBGStandbyMode                  Drivers/STM32F1xx_HAL_Driver/Src/stm32f1xx_hal.o
HAL_DBGMCU_DisableDBGStopMode                     Drivers/STM32F1xx_HAL_Driver/Src/stm32f1xx_hal.o
HAL_DBGMCU_EnableDBGSleepMode                     Drivers/STM32F1xx_HAL_Driver/Src/stm32f1xx_hal.o
HAL_DBGMCU_EnableDBGStandbyMode                   Drivers/STM32F1xx_HAL_Driver/Src/stm32f1xx_hal.o
HAL_DBGMCU_EnableDBGStopMode                      Drivers/STM32F1xx_HAL_Driver/Src/stm32f1xx_hal.o
HAL_DMA_Abort                                     Drivers/STM32F1xx_HAL_Driver/Src/stm32f1xx_hal_dma.o
                                                  Drivers/STM32F1xx_HAL_Driver/Src/stm32f1xx_hal_uart.o
                                                  Drivers/STM32F1xx_HAL_Driver/Src/stm32f1xx_hal_tim.o
HAL_DMA_Abort_IT                                  Drivers/STM32F1xx_HAL_Driver/Src/stm32f1xx_hal_dma.o
                                                  Drivers/STM32F1xx_HAL_Driver/Src/stm32f1xx_hal_uart.o
HAL_DMA_DeInit                                    Drivers/STM32F1xx_HAL_Driver/Src/stm32f1xx_hal_dma.o
                                                  Core/Src/stm32f1xx_hal_msp.o
HAL_DMA_GetError                                  Drivers/STM32F1xx_HAL_Driver/Src/stm32f1xx_hal_dma.o
HAL_DMA_GetState                                  Drivers/STM32F1xx_HAL_Driver/Src/stm32f1xx_hal_dma.o
HAL_DMA_IRQHandler                                Drivers/STM32F1xx_HAL_Driver/Src/stm32f1xx_hal_dma.o
                                                  Core/Src/stm32f1xx_it.o
HAL_DMA_Init                                      Drivers/STM32F1xx_HAL_Driver/Src/stm32f1xx_hal_dma.o
                                                  Core/Src/stm32f1xx_hal_msp.o
HAL_DMA_PollForTransfer                           Drivers/STM32F1xx_HAL_Driver/Src/stm32f1xx_hal_dma.o
HAL_DMA_RegisterCallback                          Drivers/STM32F1xx_HAL_Driver/Src/stm32f1xx_hal_dma.o
HAL_DMA_Start                                     Drivers/STM32F1xx_HAL_Driver/Src/stm32f1xx_hal_dma.o
HAL_DMA_Start_IT                                  Drivers/STM32F1xx_HAL_Driver/Src/stm32f1xx_hal_dma.o
                                                  Drivers/STM32F1xx_HAL_Driver/Src/stm32f1xx_hal_uart.o
                                                  Drivers/STM32F1xx_HAL_Driver/Src/stm32f1xx_hal_tim_ex.o
                                                  Drivers/STM32F1xx_HAL_Driver/Src/stm32f1xx_hal_tim.o
HAL_DMA_UnRegisterCallback                        Drivers/STM32F1xx_HAL_Driver/Src/stm32f1xx_hal_dma.o
HAL_DeInit                                        Drivers/STM32F1xx_HAL_Driver/Src/stm32f1xx_hal.o
HAL_Delay                                         Drivers/STM32F1xx_HAL_Driver/Src/stm32f1xx_hal.o
HAL_FLASHEx_Erase                                 Drivers/STM32F1xx_HAL_Driver/Src/stm32f1xx_hal_flash_ex.o
HAL_FLASHEx_Erase_IT                              Drivers/STM32F1xx_HAL_Driver/Src/stm32f1xx_hal_flash_ex.o
HAL_FLASHEx_OBErase                               Drivers/STM32F1xx_HAL_Driver/Src/stm32f1xx_hal_flash_ex.o
HAL_FLASHEx_OBGetConfig                           Drivers/STM32F1xx_HAL_Driver/Src/stm32f1xx_hal_flash_ex.o
HAL_FLASHEx_OBGetUserData                         Drivers/STM32F1xx_HAL_Driver/Src/stm32f1xx_hal_flash_ex.o
HAL_FLASHEx_OBProgram                             Drivers/STM32F1xx_HAL_Driver/Src/stm32f1xx_hal_flash_ex.o
HAL_FLASH_EndOfOperationCallback                  Drivers/STM32F1xx_HAL_Driver/Src/stm32f1xx_hal_flash.o
HAL_FLASH_GetError                                Drivers/STM32F1xx_HAL_Driver/Src/stm32f1xx_hal_flash.o
HAL_FLASH_IRQHandler                              Drivers/STM32F1xx_HAL_Driver/Src/stm32f1xx_hal_flash.o
HAL_FLASH_Lock                                    Drivers/STM32F1xx_HAL_Driver/Src/stm32f1xx_hal_flash.o
HAL_FLASH_OB_Launch                               Drivers/STM32F1xx_HAL_Driver/Src/stm32f1xx_hal_flash.o
HAL_FLASH_OB_Lock                                 Drivers/STM32F1xx_HAL_Driver/Src/stm32f1xx_hal_flash.o
HAL_FLASH_OB_Unlock                               Drivers/STM32F1xx_HAL_Driver/Src/stm32f1xx_hal_flash.o
HAL_FLASH_OperationErrorCallback                  Drivers/STM32F1xx_HAL_Driver/Src/stm32f1xx_hal_flash.o
HAL_FLASH_Program                                 Drivers/STM32F1xx_HAL_Driver/Src/stm32f1xx_hal_flash.o
HAL_FLASH_Program_IT                              Drivers/STM32F1xx_HAL_Driver/Src/stm32f1xx_hal_flash.o
HAL_FLASH_Unlock                                  Drivers/STM32F1xx_HAL_Driver/Src/stm32f1xx_hal_flash.o
HAL_GPIOEx_ConfigEventout                         Drivers/STM32F1xx_HAL_Driver/Src/stm32f1xx_hal_gpio_ex.o
HAL_GPIOEx_DisableEventout                        Drivers/STM32F1xx_HAL_Driver/Src/stm32f1xx_hal_gpio_ex.o
HAL_GPIOEx_EnableEventout                         Drivers/STM32F1xx_HAL_Driver/Src/stm32f1xx_hal_gpio_ex.o
HAL_GPIO_DeInit                                   Drivers/STM32F1xx_HAL_Driver/Src/stm32f1xx_hal_gpio.o
                                                  Core/Src/stm32f1xx_hal_msp.o
HAL_GPIO_EXTI_Callback                            Drivers/STM32F1xx_HAL_Driver/Src/stm32f1xx_hal_gpio.o
HAL_GPIO_EXTI_IRQHandler                          Drivers/STM32F1xx_HAL_Driver/Src/stm32f1xx_hal_gpio.o
HAL_GPIO_Init                                     Drivers/STM32F1xx_HAL_Driver/Src/stm32f1xx_hal_gpio.o
                                                  Drivers/STM32F1xx_HAL_Driver/Src/stm32f1xx_hal_rcc.o
                                                  Core/Src/stm32f1xx_hal_msp.o
HAL_GPIO_LockPin                                  Drivers/STM32F1xx_HAL_Driver/Src/stm32f1xx_hal_gpio.o
HAL_GPIO_ReadPin                                  Drivers/STM32F1xx_HAL_Driver/Src/stm32f1xx_hal_gpio.o
HAL_GPIO_TogglePin                                Drivers/STM32F1xx_HAL_Driver/Src/stm32f1xx_hal_gpio.o
HAL_GPIO_WritePin                                 Drivers/STM32F1xx_HAL_Driver/Src/stm32f1xx_hal_gpio.o
HAL_GetDEVID                                      Drivers/STM32F1xx_HAL_Driver/Src/stm32f1xx_hal.o
HAL_GetHalVersion                                 Drivers/STM32F1xx_HAL_Driver/Src/stm32f1xx_hal.o
HAL_GetREVID                                      Drivers/STM32F1xx_HAL_Driver/Src/stm32f1xx_hal.o
HAL_GetTick                                       Drivers/STM32F1xx_HAL_Driver/Src/stm32f1xx_hal.o
                                                  Drivers/STM32F1xx_HAL_Driver/Src/stm32f1xx_hal_uart.o
                                                  Drivers/STM32F1xx_HAL_Driver/Src/stm32f1xx_hal_rcc_ex.o
                                                  Drivers/STM32F1xx_HAL_Driver/Src/stm32f1xx_hal_rcc.o
                                                  Drivers/STM32F1xx_HAL_Driver/Src/stm32f1xx_hal_flash.o
                                                  Drivers/STM32F1xx_HAL_Driver/Src/stm32f1xx_hal_dma.o
HAL_GetTickFreq                                   Drivers/STM32F1xx_HAL_Driver/Src/stm32f1xx_hal.o
HAL_GetTickPrio                                   Drivers/STM32F1xx_HAL_Driver/Src/stm32f1xx_hal.o
HAL_GetUID                                        Drivers/STM32F1xx_HAL_Driver/Src/stm32f1xx_hal.o
HAL_HalfDuplex_EnableReceiver                     Drivers/STM32F1xx_HAL_Driver/Src/stm32f1xx_hal_uart.o
HAL_HalfDuplex_EnableTransmitter                  Drivers/STM32F1xx_HAL_Driver/Src/stm32f1xx_hal_uart.o
HAL_HalfDuplex_Init                               Drivers/STM32F1xx_HAL_Driver/Src/stm32f1xx_hal_uart.o
HAL_IncTick                                       Drivers/STM32F1xx_HAL_Driver/Src/stm32f1xx_hal.o
                                                  Core/Src/stm32f1xx_it.o
HAL_Init                                          Drivers/STM32F1xx_HAL_Driver/Src/stm32f1xx_hal.o
                                                  Core/Src/main.o
HAL_InitTick                                      Drivers/STM32F1xx_HAL_Driver/Src/stm32f1xx_hal.o
                                                  Drivers/STM32F1xx_HAL_Driver/Src/stm32f1xx_hal_rcc.o
HAL_LIN_Init                                      Drivers/STM32F1xx_HAL_Driver/Src/stm32f1xx_hal_uart.o
HAL_LIN_SendBreak                                 Drivers/STM32F1xx_HAL_Driver/Src/stm32f1xx_hal_uart.o
HAL_MspDeInit                                     Drivers/STM32F1xx_HAL_Driver/Src/stm32f1xx_hal.o
HAL_MspInit                                       Core/Src/stm32f1xx_hal_msp.o
HAL_MultiProcessor_EnterMuteMode                  Drivers/STM32F1xx_HAL_Driver/Src/stm32f1xx_hal_uart.o
HAL_MultiProcessor_ExitMuteMode                   Drivers/STM32F1xx_HAL_Driver/Src/stm32f1xx_hal_uart.o
HAL_MultiProcessor_Init                           Drivers/STM32F1xx_HAL_Driver/Src/stm32f1xx_hal_uart.o
HAL_NVIC_ClearPendingIRQ                          Drivers/STM32F1xx_HAL_Driver/Src/stm32f1xx_hal_cortex.o
HAL_NVIC_DisableIRQ                               Drivers/STM32F1xx_HAL_Driver/Src/stm32f1xx_hal_cortex.o
                                                  Core/Src/stm32f1xx_hal_msp.o
HAL_NVIC_EnableIRQ                                Drivers/STM32F1xx_HAL_Driver/Src/stm32f1xx_hal_cortex.o
                                                  Core/Src/stm32f1xx_hal_msp.o
                                                  Core/Src/main.o
HAL_NVIC_GetActive                                Drivers/STM32F1xx_HAL_Driver/Src/stm32f1xx_hal_cortex.o
HAL_NVIC_GetPendingIRQ                            Drivers/STM32F1xx_HAL_Driver/Src/stm32f1xx_hal_cortex.o
HAL_NVIC_GetPriority                              Drivers/STM32F1xx_HAL_Driver/Src/stm32f1xx_hal_cortex.o
HAL_NVIC_GetPriorityGrouping                      Drivers/STM32F1xx_HAL_Driver/Src/stm32f1xx_hal_cortex.o
HAL_NVIC_SetPendingIRQ                            Drivers/STM32F1xx_HAL_Driver/Src/stm32f1xx_hal_cortex.o
HAL_NVIC_SetPriority                              Drivers/STM32F1xx_HAL_Driver/Src/stm32f1xx_hal_cortex.o
                                                  Drivers/STM32F1xx_HAL_Driver/Src/stm32f1xx_hal.o
                                                  Core/Src/stm32f1xx_hal_msp.o
                                                  Core/Src/main.o
HAL_NVIC_SetPriorityGrouping                      Drivers/STM32F1xx_HAL_Driver/Src/stm32f1xx_hal_cortex.o
                                                  Drivers/STM32F1xx_HAL_Driver/Src/stm32f1xx_hal.o
                                                  Core/Src/stm32f1xx_hal_msp.o
HAL_NVIC_SystemReset                              Drivers/STM32F1xx_HAL_Driver/Src/stm32f1xx_hal_cortex.o
                                                  Drivers/STM32F1xx_HAL_Driver/Src/stm32f1xx_hal_flash.o
HAL_PWR_ConfigPVD                                 Drivers/STM32F1xx_HAL_Driver/Src/stm32f1xx_hal_pwr.o
HAL_PWR_DeInit                                    Drivers/STM32F1xx_HAL_Driver/Src/stm32f1xx_hal_pwr.o
HAL_PWR_DisableBkUpAccess                         Drivers/STM32F1xx_HAL_Driver/Src/stm32f1xx_hal_pwr.o
HAL_PWR_DisablePVD                                Drivers/STM32F1xx_HAL_Driver/Src/stm32f1xx_hal_pwr.o
HAL_PWR_DisableSEVOnPend                          Drivers/STM32F1xx_HAL_Driver/Src/stm32f1xx_hal_pwr.o
HAL_PWR_DisableSleepOnExit                        Drivers/STM32F1xx_HAL_Driver/Src/stm32f1xx_hal_pwr.o
HAL_PWR_DisableWakeUpPin                          Drivers/STM32F1xx_HAL_Driver/Src/stm32f1xx_hal_pwr.o
HAL_PWR_EnableBkUpAccess                          Drivers/STM32F1xx_HAL_Driver/Src/stm32f1xx_hal_pwr.o
HAL_PWR_EnablePVD                                 Drivers/STM32F1xx_HAL_Driver/Src/stm32f1xx_hal_pwr.o
HAL_PWR_EnableSEVOnPend                           Drivers/STM32F1xx_HAL_Driver/Src/stm32f1xx_hal_pwr.o
HAL_PWR_EnableSleepOnExit                         Drivers/STM32F1xx_HAL_Driver/Src/stm32f1xx_hal_pwr.o
HAL_PWR_EnableWakeUpPin                           Drivers/STM32F1xx_HAL_Driver/Src/stm32f1xx_hal_pwr.o
HAL_PWR_EnterSLEEPMode                            Drivers/STM32F1xx_HAL_Driver/Src/stm32f1xx_hal_pwr.o
HAL_PWR_EnterSTANDBYMode                          Drivers/STM32F1xx_HAL_Driver/Src/stm32f1xx_hal_pwr.o
HAL_PWR_EnterSTOPMode                             Drivers/STM32F1xx_HAL_Driver/Src/stm32f1xx_hal_pwr.o
HAL_PWR_PVDCallback                               Drivers/STM32F1xx_HAL_Driver/Src/stm32f1xx_hal_pwr.o
HAL_PWR_PVD_IRQHandler                            Drivers/STM32F1xx_HAL_Driver/Src/stm32f1xx_hal_pwr.o
HAL_RCCEx_GetPeriphCLKConfig                      Drivers/STM32F1xx_HAL_Driver/Src/stm32f1xx_hal_rcc_ex.o
HAL_RCCEx_GetPeriphCLKFreq                        Drivers/STM32F1xx_HAL_Driver/Src/stm32f1xx_hal_rcc_ex.o
HAL_RCCEx_PeriphCLKConfig                         Drivers/STM32F1xx_HAL_Driver/Src/stm32f1xx_hal_rcc_ex.o
HAL_RCC_CSSCallback                               Drivers/STM32F1xx_HAL_Driver/Src/stm32f1xx_hal_rcc.o
HAL_RCC_ClockConfig                               Drivers/STM32F1xx_HAL_Driver/Src/stm32f1xx_hal_rcc.o
                                                  Core/Src/main.o
HAL_RCC_DeInit                                    Drivers/STM32F1xx_HAL_Driver/Src/stm32f1xx_hal_rcc.o
HAL_RCC_DisableCSS                                Drivers/STM32F1xx_HAL_Driver/Src/stm32f1xx_hal_rcc.o
HAL_RCC_EnableCSS                                 Drivers/STM32F1xx_HAL_Driver/Src/stm32f1xx_hal_rcc.o
HAL_RCC_GetClockConfig                            Drivers/STM32F1xx_HAL_Driver/Src/stm32f1xx_hal_rcc.o
HAL_RCC_GetHCLKFreq                               Drivers/STM32F1xx_HAL_Driver/Src/stm32f1xx_hal_rcc.o
                                                  Core/Src/main.o
HAL_RCC_GetOscConfig                              Drivers/STM32F1xx_HAL_Driver/Src/stm32f1xx_hal_rcc.o
HAL_RCC_GetPCLK1Freq                              Drivers/STM32F1xx_HAL_Driver/Src/stm32f1xx_hal_rcc.o
                                                  Drivers/STM32F1xx_HAL_Driver/Src/stm32f1xx_hal_uart.o
HAL_RCC_GetPCLK2Freq                              Drivers/STM32F1xx_HAL_Driver/Src/stm32f1xx_hal_rcc.o
                                                  Drivers/STM32F1xx_HAL_Driver/Src/stm32f1xx_hal_uart.o
                                                  Drivers/STM32F1xx_HAL_Driver/Src/stm32f1xx_hal_rcc_ex.o
HAL_RCC_GetSysClockFreq                           Drivers/STM32F1xx_HAL_Driver/Src/stm32f1xx_hal_rcc.o
HAL_RCC_MCOConfig                                 Drivers/STM32F1xx_HAL_Driver/Src/stm32f1xx_hal_rcc.o
HAL_RCC_NMI_IRQHandler                            Drivers/STM32F1xx_HAL_Driver/Src/stm32f1xx_hal_rcc.o
HAL_RCC_OscConfig                                 Drivers/STM32F1xx_HAL_Driver/Src/stm32f1xx_hal_rcc.o
                                                  Core/Src/main.o
HAL_ResumeTick                                    Drivers/STM32F1xx_HAL_Driver/Src/stm32f1xx_hal.o
HAL_SYSTICK_CLKSourceConfig                       Drivers/STM32F1xx_HAL_Driver/Src/stm32f1xx_hal_cortex.o
                                                  Core/Src/main.o
HAL_SYSTICK_Callback                              Drivers/STM32F1xx_HAL_Driver/Src/stm32f1xx_hal_cortex.o
HAL_SYSTICK_Config                                Drivers/STM32F1xx_HAL_Driver/Src/stm32f1xx_hal_cortex.o
                                                  Drivers/STM32F1xx_HAL_Driver/Src/stm32f1xx_hal.o
                                                  Core/Src/main.o
HAL_SYSTICK_IRQHandler                            Drivers/STM32F1xx_HAL_Driver/Src/stm32f1xx_hal_cortex.o
                                                  Core/Src/stm32f1xx_it.o
HAL_SetTickFreq                                   Drivers/STM32F1xx_HAL_Driver/Src/stm32f1xx_hal.o
HAL_SuspendTick                                   Drivers/STM32F1xx_HAL_Driver/Src/stm32f1xx_hal.o
HAL_TIMEx_BreakCallback                           Drivers/STM32F1xx_HAL_Driver/Src/stm32f1xx_hal_tim_ex.o
                                                  Drivers/STM32F1xx_HAL_Driver/Src/stm32f1xx_hal_tim.o
HAL_TIMEx_CommutationCallback                     Drivers/STM32F1xx_HAL_Driver/Src/stm32f1xx_hal_tim_ex.o
                                                  Drivers/STM32F1xx_HAL_Driver/Src/stm32f1xx_hal_tim.o
HAL_TIMEx_ConfigBreakDeadTime                     Drivers/STM32F1xx_HAL_Driver/Src/stm32f1xx_hal_tim_ex.o
HAL_TIMEx_ConfigCommutationEvent                  Drivers/STM32F1xx_HAL_Driver/Src/stm32f1xx_hal_tim_ex.o
HAL_TIMEx_ConfigCommutationEvent_DMA              Drivers/STM32F1xx_HAL_Driver/Src/stm32f1xx_hal_tim_ex.o
HAL_TIMEx_ConfigCommutationEvent_IT               Drivers/STM32F1xx_HAL_Driver/Src/stm32f1xx_hal_tim_ex.o
HAL_TIMEx_HallSensor_DeInit                       Drivers/STM32F1xx_HAL_Driver/Src/stm32f1xx_hal_tim_ex.o
HAL_TIMEx_HallSensor_GetState                     Drivers/STM32F1xx_HAL_Driver/Src/stm32f1xx_hal_tim_ex.o
HAL_TIMEx_HallSensor_Init                         Drivers/STM32F1xx_HAL_Driver/Src/stm32f1xx_hal_tim_ex.o
HAL_TIMEx_HallSensor_MspDeInit                    Drivers/STM32F1xx_HAL_Driver/Src/stm32f1xx_hal_tim_ex.o
HAL_TIMEx_HallSensor_MspInit                      Drivers/STM32F1xx_HAL_Driver/Src/stm32f1xx_hal_tim_ex.o
HAL_TIMEx_HallSensor_Start                        Drivers/STM32F1xx_HAL_Driver/Src/stm32f1xx_hal_tim_ex.o
HAL_TIMEx_HallSensor_Start_DMA                    Drivers/STM32F1xx_HAL_Driver/Src/stm32f1xx_hal_tim_ex.o
HAL_TIMEx_HallSensor_Start_IT                     Drivers/STM32F1xx_HAL_Driver/Src/stm32f1xx_hal_tim_ex.o
HAL_TIMEx_HallSensor_Stop                         Drivers/STM32F1xx_HAL_Driver/Src/stm32f1xx_hal_tim_ex.o
HAL_TIMEx_HallSensor_Stop_DMA                     Drivers/STM32F1xx_HAL_Driver/Src/stm32f1xx_hal_tim_ex.o
HAL_TIMEx_HallSensor_Stop_IT                      Drivers/STM32F1xx_HAL_Driver/Src/stm32f1xx_hal_tim_ex.o
HAL_TIMEx_MasterConfigSynchronization             Drivers/STM32F1xx_HAL_Driver/Src/stm32f1xx_hal_tim_ex.o
                                                  Core/Src/main.o
HAL_TIMEx_OCN_Start                               Drivers/STM32F1xx_HAL_Driver/Src/stm32f1xx_hal_tim_ex.o
HAL_TIMEx_OCN_Start_DMA                           Drivers/STM32F1xx_HAL_Driver/Src/stm32f1xx_hal_tim_ex.o
HAL_TIMEx_OCN_Start_IT                            Drivers/STM32F1xx_HAL_Driver/Src/stm32f1xx_hal_tim_ex.o
HAL_TIMEx_OCN_Stop                                Drivers/STM32F1xx_HAL_Driver/Src/stm32f1xx_hal_tim_ex.o
HAL_TIMEx_OCN_Stop_DMA                            Drivers/STM32F1xx_HAL_Driver/Src/stm32f1xx_hal_tim_ex.o
HAL_TIMEx_OCN_Stop_IT                             Drivers/STM32F1xx_HAL_Driver/Src/stm32f1xx_hal_tim_ex.o
HAL_TIMEx_OnePulseN_Start                         Drivers/STM32F1xx_HAL_Driver/Src/stm32f1xx_hal_tim_ex.o
HAL_TIMEx_OnePulseN_Start_IT                      Drivers/STM32F1xx_HAL_Driver/Src/stm32f1xx_hal_tim_ex.o
HAL_TIMEx_OnePulseN_Stop                          Drivers/STM32F1xx_HAL_Driver/Src/stm32f1xx_hal_tim_ex.o
HAL_TIMEx_OnePulseN_Stop_IT                       Drivers/STM32F1xx_HAL_Driver/Src/stm32f1xx_hal_tim_ex.o
HAL_TIMEx_PWMN_Start                              Drivers/STM32F1xx_HAL_Driver/Src/stm32f1xx_hal_tim_ex.o
HAL_TIMEx_PWMN_Start_DMA                          Drivers/STM32F1xx_HAL_Driver/Src/stm32f1xx_hal_tim_ex.o
HAL_TIMEx_PWMN_Start_IT                           Drivers/STM32F1xx_HAL_Driver/Src/stm32f1xx_hal_tim_ex.o
HAL_TIMEx_PWMN_Stop                               Drivers/STM32F1xx_HAL_Driver/Src/stm32f1xx_hal_tim_ex.o
HAL_TIMEx_PWMN_Stop_DMA                           Drivers/STM32F1xx_HAL_Driver/Src/stm32f1xx_hal_tim_ex.o
HAL_TIMEx_PWMN_Stop_IT                            Drivers/STM32F1xx_HAL_Driver/Src/stm32f1xx_hal_tim_ex.o
HAL_TIM_Base_DeInit                               Drivers/STM32F1xx_HAL_Driver/Src/stm32f1xx_hal_tim.o
HAL_TIM_Base_GetState                             Drivers/STM32F1xx_HAL_Driver/Src/stm32f1xx_hal_tim.o
HAL_TIM_Base_Init                                 Drivers/STM32F1xx_HAL_Driver/Src/stm32f1xx_hal_tim.o
                                                  Core/Src/main.o
HAL_TIM_Base_MspDeInit                            Core/Src/stm32f1xx_hal_msp.o
HAL_TIM_Base_MspInit                              Core/Src/stm32f1xx_hal_msp.o
HAL_TIM_Base_Start                                Drivers/STM32F1xx_HAL_Driver/Src/stm32f1xx_hal_tim.o
HAL_TIM_Base_Start_DMA                            Drivers/STM32F1xx_HAL_Driver/Src/stm32f1xx_hal_tim.o
HAL_TIM_Base_Start_IT                             Drivers/STM32F1xx_HAL_Driver/Src/stm32f1xx_hal_tim.o
HAL_TIM_Base_Stop                                 Drivers/STM32F1xx_HAL_Driver/Src/stm32f1xx_hal_tim.o
HAL_TIM_Base_Stop_DMA                             Drivers/STM32F1xx_HAL_Driver/Src/stm32f1xx_hal_tim.o
HAL_TIM_Base_Stop_IT                              Drivers/STM32F1xx_HAL_Driver/Src/stm32f1xx_hal_tim.o
HAL_TIM_ConfigClockSource                         Drivers/STM32F1xx_HAL_Driver/Src/stm32f1xx_hal_tim.o
                                                  Core/Src/main.o
HAL_TIM_ConfigOCrefClear                          Drivers/STM32F1xx_HAL_Driver/Src/stm32f1xx_hal_tim.o
HAL_TIM_ConfigTI1Input                            Drivers/STM32F1xx_HAL_Driver/Src/stm32f1xx_hal_tim.o
HAL_TIM_DMABurst_ReadStart                        Drivers/STM32F1xx_HAL_Driver/Src/stm32f1xx_hal_tim.o
HAL_TIM_DMABurst_ReadStop                         Drivers/STM32F1xx_HAL_Driver/Src/stm32f1xx_hal_tim.o
HAL_TIM_DMABurst_WriteStart                       Drivers/STM32F1xx_HAL_Driver/Src/stm32f1xx_hal_tim.o
HAL_TIM_DMABurst_WriteStop                        Drivers/STM32F1xx_HAL_Driver/Src/stm32f1xx_hal_tim.o
HAL_TIM_Encoder_DeInit                            Drivers/STM32F1xx_HAL_Driver/Src/stm32f1xx_hal_tim.o
HAL_TIM_Encoder_GetState                          Drivers/STM32F1xx_HAL_Driver/Src/stm32f1xx_hal_tim.o
HAL_TIM_Encoder_Init                              Drivers/STM32F1xx_HAL_Driver/Src/stm32f1xx_hal_tim.o
HAL_TIM_Encoder_MspDeInit                         Drivers/STM32F1xx_HAL_Driver/Src/stm32f1xx_hal_tim.o
HAL_TIM_Encoder_MspInit                           Drivers/STM32F1xx_HAL_Driver/Src/stm32f1xx_hal_tim.o
HAL_TIM_Encoder_Start                             Drivers/STM32F1xx_HAL_Driver/Src/stm32f1xx_hal_tim.o
HAL_TIM_Encoder_Start_DMA                         Drivers/STM32F1xx_HAL_Driver/Src/stm32f1xx_hal_tim.o
HAL_TIM_Encoder_Start_IT                          Drivers/STM32F1xx_HAL_Driver/Src/stm32f1xx_hal_tim.o
HAL_TIM_Encoder_Stop                              Drivers/STM32F1xx_HAL_Driver/Src/stm32f1xx_hal_tim.o
HAL_TIM_Encoder_Stop_DMA                          Drivers/STM32F1xx_HAL_Driver/Src/stm32f1xx_hal_tim.o
HAL_TIM_Encoder_Stop_IT                           Drivers/STM32F1xx_HAL_Driver/Src/stm32f1xx_hal_tim.o
HAL_TIM_ErrorCallback                             Drivers/STM32F1xx_HAL_Driver/Src/stm32f1xx_hal_tim.o
HAL_TIM_GenerateEvent                             Drivers/STM32F1xx_HAL_Driver/Src/stm32f1xx_hal_tim.o
HAL_TIM_IC_CaptureCallback                        Drivers/STM32F1xx_HAL_Driver/Src/stm32f1xx_hal_tim.o
HAL_TIM_IC_ConfigChannel                          Drivers/STM32F1xx_HAL_Driver/Src/stm32f1xx_hal_tim.o
HAL_TIM_IC_DeInit                                 Drivers/STM32F1xx_HAL_Driver/Src/stm32f1xx_hal_tim.o
HAL_TIM_IC_GetState                               Drivers/STM32F1xx_HAL_Driver/Src/stm32f1xx_hal_tim.o
HAL_TIM_IC_Init                                   Drivers/STM32F1xx_HAL_Driver/Src/stm32f1xx_hal_tim.o
HAL_TIM_IC_MspDeInit                              Drivers/STM32F1xx_HAL_Driver/Src/stm32f1xx_hal_tim.o
HAL_TIM_IC_MspInit                                Drivers/STM32F1xx_HAL_Driver/Src/stm32f1xx_hal_tim.o
HAL_TIM_IC_Start                                  Drivers/STM32F1xx_HAL_Driver/Src/stm32f1xx_hal_tim.o
HAL_TIM_IC_Start_DMA                              Drivers/STM32F1xx_HAL_Driver/Src/stm32f1xx_hal_tim.o
HAL_TIM_IC_Start_IT                               Drivers/STM32F1xx_HAL_Driver/Src/stm32f1xx_hal_tim.o
HAL_TIM_IC_Stop                                   Drivers/STM32F1xx_HAL_Driver/Src/stm32f1xx_hal_tim.o
HAL_TIM_IC_Stop_DMA                               Drivers/STM32F1xx_HAL_Driver/Src/stm32f1xx_hal_tim.o
HAL_TIM_IC_Stop_IT                                Drivers/STM32F1xx_HAL_Driver/Src/stm32f1xx_hal_tim.o
HAL_TIM_IRQHandler                                Drivers/STM32F1xx_HAL_Driver/Src/stm32f1xx_hal_tim.o
                                                  Core/Src/stm32f1xx_it.o
HAL_TIM_OC_ConfigChannel                          Drivers/STM32F1xx_HAL_Driver/Src/stm32f1xx_hal_tim.o
HAL_TIM_OC_DeInit                                 Drivers/STM32F1xx_HAL_Driver/Src/stm32f1xx_hal_tim.o
HAL_TIM_OC_DelayElapsedCallback                   Drivers/STM32F1xx_HAL_Driver/Src/stm32f1xx_hal_tim.o
HAL_TIM_OC_GetState                               Drivers/STM32F1xx_HAL_Driver/Src/stm32f1xx_hal_tim.o
HAL_TIM_OC_Init                                   Drivers/STM32F1xx_HAL_Driver/Src/stm32f1xx_hal_tim.o
HAL_TIM_OC_MspDeInit                              Drivers/STM32F1xx_HAL_Driver/Src/stm32f1xx_hal_tim.o
HAL_TIM_OC_MspInit                                Drivers/STM32F1xx_HAL_Driver/Src/stm32f1xx_hal_tim.o
HAL_TIM_OC_Start                                  Drivers/STM32F1xx_HAL_Driver/Src/stm32f1xx_hal_tim.o
HAL_TIM_OC_Start_DMA                              Drivers/STM32F1xx_HAL_Driver/Src/stm32f1xx_hal_tim.o
HAL_TIM_OC_Start_IT                               Drivers/STM32F1xx_HAL_Driver/Src/stm32f1xx_hal_tim.o
HAL_TIM_OC_Stop                                   Drivers/STM32F1xx_HAL_Driver/Src/stm32f1xx_hal_tim.o
HAL_TIM_OC_Stop_DMA                               Drivers/STM32F1xx_HAL_Driver/Src/stm32f1xx_hal_tim.o
HAL_TIM_OC_Stop_IT                                Drivers/STM32F1xx_HAL_Driver/Src/stm32f1xx_hal_tim.o
HAL_TIM_OnePulse_ConfigChannel                    Drivers/STM32F1xx_HAL_Driver/Src/stm32f1xx_hal_tim.o
HAL_TIM_OnePulse_DeInit                           Drivers/STM32F1xx_HAL_Driver/Src/stm32f1xx_hal_tim.o
HAL_TIM_OnePulse_GetState                         Drivers/STM32F1xx_HAL_Driver/Src/stm32f1xx_hal_tim.o
HAL_TIM_OnePulse_Init                             Drivers/STM32F1xx_HAL_Driver/Src/stm32f1xx_hal_tim.o
HAL_TIM_OnePulse_MspDeInit                        Drivers/STM32F1xx_HAL_Driver/Src/stm32f1xx_hal_tim.o
HAL_TIM_OnePulse_MspInit                          Drivers/STM32F1xx_HAL_Driver/Src/stm32f1xx_hal_tim.o
HAL_TIM_OnePulse_Start                            Drivers/STM32F1xx_HAL_Driver/Src/stm32f1xx_hal_tim.o
HAL_TIM_OnePulse_Start_IT                         Drivers/STM32F1xx_HAL_Driver/Src/stm32f1xx_hal_tim.o
HAL_TIM_OnePulse_Stop                             Drivers/STM32F1xx_HAL_Driver/Src/stm32f1xx_hal_tim.o
HAL_TIM_OnePulse_Stop_IT                          Drivers/STM32F1xx_HAL_Driver/Src/stm32f1xx_hal_tim.o
HAL_TIM_PWM_ConfigChannel                         Drivers/STM32F1xx_HAL_Driver/Src/stm32f1xx_hal_tim.o
HAL_TIM_PWM_DeInit                                Drivers/STM32F1xx_HAL_Driver/Src/stm32f1xx_hal_tim.o
HAL_TIM_PWM_GetState                              Drivers/STM32F1xx_HAL_Driver/Src/stm32f1xx_hal_tim.o
HAL_TIM_PWM_Init                                  Drivers/STM32F1xx_HAL_Driver/Src/stm32f1xx_hal_tim.o
HAL_TIM_PWM_MspDeInit                             Drivers/STM32F1xx_HAL_Driver/Src/stm32f1xx_hal_tim.o
HAL_TIM_PWM_MspInit                               Drivers/STM32F1xx_HAL_Driver/Src/stm32f1xx_hal_tim.o
HAL_TIM_PWM_PulseFinishedCallback                 Drivers/STM32F1xx_HAL_Driver/Src/stm32f1xx_hal_tim.o
HAL_TIM_PWM_Start                                 Drivers/STM32F1xx_HAL_Driver/Src/stm32f1xx_hal_tim.o
HAL_TIM_PWM_Start_DMA                             Drivers/STM32F1xx_HAL_Driver/Src/stm32f1xx_hal_tim.o
HAL_TIM_PWM_Start_IT                              Drivers/STM32F1xx_HAL_Driver/Src/stm32f1xx_hal_tim.o
HAL_TIM_PWM_Stop                                  Drivers/STM32F1xx_HAL_Driver/Src/stm32f1xx_hal_tim.o
HAL_TIM_PWM_Stop_DMA                              Drivers/STM32F1xx_HAL_Driver/Src/stm32f1xx_hal_tim.o
HAL_TIM_PWM_Stop_IT                               Drivers/STM32F1xx_HAL_Driver/Src/stm32f1xx_hal_tim.o
HAL_TIM_PeriodElapsedCallback                     Drivers/STM32F1xx_HAL_Driver/Src/stm32f1xx_hal_tim.o
HAL_TIM_ReadCapturedValue                         Drivers/STM32F1xx_HAL_Driver/Src/stm32f1xx_hal_tim.o
HAL_TIM_SlaveConfigSynchronization                Drivers/STM32F1xx_HAL_Driver/Src/stm32f1xx_hal_tim.o
HAL_TIM_SlaveConfigSynchronization_IT             Drivers/STM32F1xx_HAL_Driver/Src/stm32f1xx_hal_tim.o
HAL_TIM_TriggerCallback                           Drivers/STM32F1xx_HAL_Driver/Src/stm32f1xx_hal_tim.o
HAL_UART_Abort                                    Drivers/STM32F1xx_HAL_Driver/Src/stm32f1xx_hal_uart.o
HAL_UART_AbortCpltCallback                        Drivers/STM32F1xx_HAL_Driver/Src/stm32f1xx_hal_uart.o
HAL_UART_AbortReceive                             Drivers/STM32F1xx_HAL_Driver/Src/stm32f1xx_hal_uart.o
HAL_UART_AbortReceiveCpltCallback                 Drivers/STM32F1xx_HAL_Driver/Src/stm32f1xx_hal_uart.o
HAL_UART_AbortReceive_IT                          Drivers/STM32F1xx_HAL_Driver/Src/stm32f1xx_hal_uart.o
HAL_UART_AbortTransmit                            Drivers/STM32F1xx_HAL_Driver/Src/stm32f1xx_hal_uart.o
HAL_UART_AbortTransmitCpltCallback                Drivers/STM32F1xx_HAL_Driver/Src/stm32f1xx_hal_uart.o
HAL_UART_AbortTransmit_IT                         Drivers/STM32F1xx_HAL_Driver/Src/stm32f1xx_hal_uart.o
HAL_UART_Abort_IT                                 Drivers/STM32F1xx_HAL_Driver/Src/stm32f1xx_hal_uart.o
HAL_UART_DMAPause                                 Drivers/STM32F1xx_HAL_Driver/Src/stm32f1xx_hal_uart.o
HAL_UART_DMAResume                                Drivers/STM32F1xx_HAL_Driver/Src/stm32f1xx_hal_uart.o
HAL_UART_DMAStop                                  Drivers/STM32F1xx_HAL_Driver/Src/stm32f1xx_hal_uart.o
HAL_UART_DeInit                                   Drivers/STM32F1xx_HAL_Driver/Src/stm32f1xx_hal_uart.o
HAL_UART_ErrorCallback                            Drivers/STM32F1xx_HAL_Driver/Src/stm32f1xx_hal_uart.o
HAL_UART_GetError                                 Drivers/STM32F1xx_HAL_Driver/Src/stm32f1xx_hal_uart.o
HAL_UART_GetState                                 Drivers/STM32F1xx_HAL_Driver/Src/stm32f1xx_hal_uart.o
HAL_UART_IRQHandler                               Drivers/STM32F1xx_HAL_Driver/Src/stm32f1xx_hal_uart.o
                                                  Core/Src/stm32f1xx_it.o
HAL_UART_Init                                     Drivers/STM32F1xx_HAL_Driver/Src/stm32f1xx_hal_uart.o
                                                  Core/Src/main.o
HAL_UART_MspDeInit                                Core/Src/stm32f1xx_hal_msp.o
HAL_UART_MspInit                                  Core/Src/stm32f1xx_hal_msp.o
HAL_UART_Receive                                  Drivers/STM32F1xx_HAL_Driver/Src/stm32f1xx_hal_uart.o
HAL_UART_Receive_DMA                              Drivers/STM32F1xx_HAL_Driver/Src/stm32f1xx_hal_uart.o
                                                  Core/Src/main.o
HAL_UART_Receive_IT                               Drivers/STM32F1xx_HAL_Driver/Src/stm32f1xx_hal_uart.o
HAL_UART_RxCpltCallback                           Drivers/STM32F1xx_HAL_Driver/Src/stm32f1xx_hal_uart.o
HAL_UART_RxHalfCpltCallback                       Drivers/STM32F1xx_HAL_Driver/Src/stm32f1xx_hal_uart.o
HAL_UART_Transmit                                 Drivers/STM32F1xx_HAL_Driver/Src/stm32f1xx_hal_uart.o
HAL_UART_Transmit_DMA                             Drivers/STM32F1xx_HAL_Driver/Src/stm32f1xx_hal_uart.o
                                                  Core/Src/main.o
HAL_UART_Transmit_IT                              Drivers/STM32F1xx_HAL_Driver/Src/stm32f1xx_hal_uart.o
HAL_UART_TxCpltCallback                           Core/Src/main.o
HAL_UART_TxHalfCpltCallback                       Drivers/STM32F1xx_HAL_Driver/Src/stm32f1xx_hal_uart.o
HardFault_Handler                                 Core/Src/stm32f1xx_it.o
I2C1_ER_IRQHandler                                startup/startup_stm32f103xb.o
I2C1_EV_IRQHandler                                startup/startup_stm32f103xb.o
I2C2_ER_IRQHandler                                startup/startup_stm32f103xb.o
I2C2_EV_IRQHandler                                startup/startup_stm32f103xb.o
MemManage_Handler                                 Core/Src/stm32f1xx_it.o
NMI_Handler                                       Core/Src/stm32f1xx_it.o
PVD_IRQHandler                                    startup/startup_stm32f103xb.o
PendSV_Handler                                    Core/Src/stm32f1xx_it.o
RCC_IRQHandler                                    startup/startup_stm32f103xb.o
RTC_Alarm_IRQHandler                              startup/startup_stm32f103xb.o
RTC_IRQHandler                                    startup/startup_stm32f103xb.o
Reset_Handler                                     startup/startup_stm32f103xb.o
SPI1_IRQHandler                                   startup/startup_stm32f103xb.o
SPI2_IRQHandler                                   startup/startup_stm32f103xb.o
SVC_Handler                                       Core/Src/stm32f1xx_it.o