stm32f1xx_it.cpp:62:6:void NMI_Handler()	0	static
stm32f1xx_it.cpp:75:6:void HardFault_Handler()	0	static
stm32f1xx_it.cpp:93:6:void MemManage_Handler()	0	static
stm32f1xx_it.cpp:111:6:void BusFault_Handler()	0	static
stm32f1xx_it.cpp:129:6:void UsageFault_Handler()	0	static
stm32f1xx_it.cpp:147:6:void SVC_Handler()	0	static
stm32f1xx_it.cpp:160:6:void DebugMon_Handler()	0	static
stm32f1xx_it.cpp:173:6:void PendSV_Handler()	0	static
stm32f1xx_it.cpp:186:6:void SysTick_Handler()	8	static
stm32f1xx_it.cpp:208:6:void DMA1_Channel4_IRQHandler()	8	static
stm32f1xx_it.cpp:222:6:void DMA1_Channel5_IRQHandler()	8	static
stm32f1xx_it.cpp:236:6:void TIM3_IRQHandler()	8	static
stm32f1xx_it.cpp:251:6:void TIM4_IRQHandler()	0	static
stm32f1xx_it.cpp:272:6:void USART1_IRQHandler()	8	static
