stm32f1xx_it.cpp:68:6:void NMI_Handler()	0	static
stm32f1xx_it.cpp:81:6:void HardFault_Handler()	8	static
stm32f1xx_it.cpp:101:6:void MemManage_Handler()	0	static
stm32f1xx_it.cpp:119:6:void BusFault_Handler()	0	static
stm32f1xx_it.cpp:137:6:void UsageFault_Handler()	0	static
stm32f1xx_it.cpp:155:6:void SVC_Handler()	0	static
stm32f1xx_it.cpp:168:6:void DebugMon_Handler()	0	static
stm32f1xx_it.cpp:181:6:void PendSV_Handler()	0	static
stm32f1xx_it.cpp:194:6:void SysTick_Handler()	8	static
stm32f1xx_it.cpp:216:6:void DMA1_Channel4_IRQHandler()	8	static
stm32f1xx_it.cpp:230:6:void DMA1_Channel5_IRQHandler()	8	static
stm32f1xx_it.cpp:244:6:void TIM3_IRQHandler()	8	static
stm32f1xx_it.cpp:261:6:void TIM4_IRQHandler()	0	static
stm32f1xx_it.cpp:282:6:void USART1_IRQHandler()	8	static
stm32f1xx_it.cpp:288:6:void EXTI3_IRQHandler()	8	static
stm32f1xx_it.cpp:306:6:void EXTI4_IRQHandler()	8	static
